src/NanuqActualAnchorPatterns.lean:35:6: error: Tactic `rewrite` failed: motive is not type correct:
  fun _a => (Finset.image f Finset.univ).card = _a ↔ Function.Injective f
Error: Application type mismatch: The argument
  f
has type
  Fin 4 → P
but is expected to have type
  Fin _a → P
in the application
  Finset.image f

Explanation: The rewrite tactic rewrites an expression 'e' using an equality 'a = b' by the following process. First, it looks for all 'a' in 'e'. Second, it tries to abstract these occurrences of 'a' to create a function 'm := fun _a => ...', called the *motive*, with the property that 'm a' is definitionally equal to 'e'. Third, we observe that 'congrArg' implies that 'm a = m b', which can be used with lemmas such as 'Eq.mpr' to change the goal. However, if 'e' depends on specific properties of 'a', then the motive 'm' might not typecheck.

Possible solutions: use rewrite's 'occs' configuration option to limit which occurrences are rewritten, or use 'simp' or 'conv' mode, which have strategies for certain kinds of dependencies (these tactics can handle proofs and 'Decidable' instances whose types depend on the rewritten term, and 'simp' can apply user-defined '@[congr]' theorems as well).

P : Type u_1
inst✝ : DecidableEq P
f : Fin 4 → P
hc : Finset.univ.card = 4
⊢ (Finset.image f Finset.univ).card = 4 ↔ Function.Injective f
src/NanuqActualAnchorPatterns.lean:71:6: error: omega could not prove the goal:
No usable constraints found. You may need to unfold definitions so `omega` can see linear arithmetic facts about `Nat` and `Int`, which may also involve multiplication, division, and modular remainder by constants.
src/NanuqActualAnchorPatterns.lean:71:6: error: omega could not prove the goal:
No usable constraints found. You may need to unfold definitions so `omega` can see linear arithmetic facts about `Nat` and `Int`, which may also involve multiplication, division, and modular remainder by constants.
src/NanuqActualAnchorPatterns.lean:71:6: error: omega could not prove the goal:
No usable constraints found. You may need to unfold definitions so `omega` can see linear arithmetic facts about `Nat` and `Int`, which may also involve multiplication, division, and modular remainder by constants.
src/NanuqActualAnchorPatterns.lean:71:6: error: omega could not prove the goal:
No usable constraints found. You may need to unfold definitions so `omega` can see linear arithmetic facts about `Nat` and `Int`, which may also involve multiplication, division, and modular remainder by constants.
src/NanuqActualAnchorPatterns.lean:71:6: error: omega could not prove the goal:
No usable constraints found. You may need to unfold definitions so `omega` can see linear arithmetic facts about `Nat` and `Int`, which may also involve multiplication, division, and modular remainder by constants.
src/NanuqActualAnchorPatterns.lean:71:6: error: omega could not prove the goal:
No usable constraints found. You may need to unfold definitions so `omega` can see linear arithmetic facts about `Nat` and `Int`, which may also involve multiplication, division, and modular remainder by constants.
src/NanuqActualAnchorPatterns.lean:59:4: warning: This simp argument is unused:
  Finset.insert_idem

Hint: Omit it from the simp argument list.
  [apply] simp_all only [Finset.card_insert_of_notMem, Finset.mem_insert, Finset.mem_singleton, Finset.card_singleton,
    Finset.insert_eq_of_mem, or_self, not_false_eq_true, not_true_eq_false, tupleAnchor, or_false, or_true, true_or,
    false_or, true_and, false_and, and_true, and_false, ite_true, ite_false]

Note: This linter can be disabled with `set_option linter.unusedSimpArgs false`
src/NanuqActualAnchorPatterns.lean:59:52: warning: This simp argument is unused:
  true_or

Hint: Omit it from the simp argument list.
  [apply] simp_all only [Finset.card_insert_of_notMem, Finset.mem_insert, Finset.mem_singleton, Finset.card_singleton,
    Finset.insert_eq_of_mem, or_self, not_false_eq_true, not_true_eq_false, Finset.insert_idem, tupleAnchor, or_false,
    or_true, false_or, true_and, false_and, and_true, and_false, ite_true, ite_false]

Note: This linter can be disabled with `set_option linter.unusedSimpArgs false`
src/NanuqActualAnchorPatterns.lean:59:60: warning: This simp argument is unused:
  false_or

Hint: Omit it from the simp argument list.
  [apply] simp_all only [Finset.card_insert_of_notMem, Finset.mem_insert, Finset.mem_singleton, Finset.card_singleton,
    Finset.insert_eq_of_mem, or_self, not_false_eq_true, not_true_eq_false, Finset.insert_idem, tupleAnchor, or_false,
    or_true, true_or, true_and, false_and, and_true, and_false, ite_true, ite_false]

Note: This linter can be disabled with `set_option linter.unusedSimpArgs false`
src/NanuqActualAnchorPatterns.lean:59:69: warning: This simp argument is unused:
  true_and

Hint: Omit it from the simp argument list.
  [apply] simp_all only [Finset.card_insert_of_notMem, Finset.mem_insert, Finset.mem_singleton, Finset.card_singleton,
    Finset.insert_eq_of_mem, or_self, not_false_eq_true, not_true_eq_false, Finset.insert_idem, tupleAnchor, or_false,
    or_true, true_or, false_or, false_and, and_true, and_false, ite_true, ite_false]

Note: This linter can be disabled with `set_option linter.unusedSimpArgs false`
src/NanuqActualAnchorPatterns.lean:59:78: warning: This simp argument is unused:
  false_and

Hint: Omit it from the simp argument list.
  [apply] simp_all only [Finset.card_insert_of_notMem, Finset.mem_insert, Finset.mem_singleton, Finset.card_singleton,
    Finset.insert_eq_of_mem, or_self, not_false_eq_true, not_true_eq_false, Finset.insert_idem, tupleAnchor, or_false,
    or_true, true_or, false_or, true_and, and_true, and_false, ite_true, ite_false]

Note: This linter can be disabled with `set_option linter.unusedSimpArgs false`
