UnifiedLean/Source/FiniteSourceSnapshot.lean:52:11: warning: Variable name `s` is not explicitly referenced.

Hint: The binding can be removed (if unused) or named `_` (if used implicitly). Alternatively, prefix the name with `_` to silence this warning:
  [apply] _s

Note: This linter can be disabled with `set_option linter.unusedVariables false`
UnifiedLean/Source/FiniteSourceSnapshot.lean:53:12: warning: Variable name `s` is not explicitly referenced.

Hint: The binding can be removed (if unused) or named `_` (if used implicitly). Alternatively, prefix the name with `_` to silence this warning:
  [apply] _s

Note: This linter can be disabled with `set_option linter.unusedVariables false`
UnifiedLean/Source/FiniteSourceSnapshot.lean:79:0: warning: automatically included section variable(s) unused in theorem `UnifiedLean.Source.FiniteSourceSnapshot.decode_encode_live_genealogy`:
  [DecidableEq V]
  [DecidableEq E]
  [Fintype V]
  [Fintype E]
  [Fintype Copy]
consider restructuring your `variable` declarations so that the variables are not in scope or explicitly omit them:
  omit [DecidableEq V] [DecidableEq E] [Fintype V] [Fintype E] [Fintype Copy] in theorem ...

Note: This linter can be disabled with `set_option linter.unusedSectionVars false`
UnifiedLean/Source/FiniteSourceSnapshot.lean:84:0: warning: automatically included section variable(s) unused in theorem `UnifiedLean.Source.FiniteSourceSnapshot.decode_encode_live_population`:
  [DecidableEq V]
  [DecidableEq E]
  [Fintype V]
  [Fintype E]
  [Fintype Copy]
consider restructuring your `variable` declarations so that the variables are not in scope or explicitly omit them:
  omit [DecidableEq V] [DecidableEq E] [Fintype V] [Fintype E] [Fintype Copy] in theorem ...

Note: This linter can be disabled with `set_option linter.unusedSectionVars false`
'UnifiedLean.Source.FiniteSourceSnapshot.decode_encode_valid' depends on axioms: [propext, Classical.choice, Quot.sound]
'UnifiedLean.Source.FiniteSourceSnapshot.decode_encode_sourceValid' depends on axioms: [propext,
 Classical.choice,
 Quot.sound]
'UnifiedLean.Source.FiniteSourceSnapshot.decode_encode_selectedView' depends on axioms: [propext,
 Classical.choice,
 Quot.sound]
'UnifiedLean.Source.FiniteSourceSnapshot.admittedSnapshotFintype' depends on axioms: [propext,
 Classical.choice,
 Quot.sound]
