E8ScheduledHypergraphCorrectness.lean:25:8: warning: automatically included section variable(s) unused in theorem `_private.E8ScheduledHypergraphCorrectness.0.E8ScheduledHypergraphCorrectness.ordered_fold_congr`:
  [Zero Value]
  [Add Value]
  [DecidableEq Value]
consider restructuring your `variable` declarations so that the variables are not in scope or explicitly omit them:
  omit [Zero Value] [Add Value] [DecidableEq Value] in theorem ...

Note: This linter can be disabled with `set_option linter.unusedSectionVars false`
E8ScheduledHypergraphCorrectness.lean:137:8: warning: automatically included section variable(s) unused in theorem `_private.E8ScheduledHypergraphCorrectness.0.E8ScheduledHypergraphCorrectness.topological_of_coverage`:
  [Zero Value]
  [Add Value]
  [Mul Value]
  [DecidableEq Value]
consider restructuring your `variable` declarations so that the variables are not in scope or explicitly omit them:
  omit [Zero Value] [Add Value] [Mul Value] [DecidableEq Value] in theorem ...

Note: This linter can be disabled with `set_option linter.unusedSectionVars false`
'E8ScheduledHypergraphCorrectness.expansion_stabilizes' depends on axioms: [propext, Quot.sound]
'E8ScheduledHypergraphCorrectness.fullExpansion_equation' depends on axioms: [propext, Quot.sound]
'E8ScheduledHypergraphCorrectness.indexed_schedule_topological' depends on axioms: [propext,
 Classical.choice,
 Quot.sound]
'E8ScheduledHypergraphCorrectness.scheduled_chart_eq_complete_expansion' depends on axioms: [propext,
 Classical.choice,
 Quot.sound]
'E8ScheduledHypergraphCorrectness.complete_expansion_unique' depends on axioms: [propext, Quot.sound]
'E8ScheduledHypergraphCorrectness.observed_scheduled_chart_correct' depends on axioms: [propext,
 Classical.choice,
 Quot.sound]
