{
  "status": "PASS exact explicit graph/routing/monophyly/exposing checks",
  "vertices": [
    "R",
    "u",
    "v",
    "hA",
    "hB",
    "sA",
    "sB",
    "A",
    "B",
    "C",
    "D"
  ],
  "edges": [
    [
      "R",
      "u"
    ],
    [
      "R",
      "v"
    ],
    [
      "u",
      "hA"
    ],
    [
      "u",
      "hB"
    ],
    [
      "v",
      "hA"
    ],
    [
      "v",
      "hB"
    ],
    [
      "hA",
      "sA"
    ],
    [
      "hB",
      "sB"
    ],
    [
      "sA",
      "A"
    ],
    [
      "sA",
      "C"
    ],
    [
      "sB",
      "B"
    ],
    [
      "sB",
      "D"
    ]
  ],
  "topological_order": [
    "R",
    "u",
    "v",
    "hA",
    "hB",
    "sA",
    "sB",
    "A",
    "B",
    "C",
    "D"
  ],
  "rotation_system": {
    "R": [
      "u",
      "v"
    ],
    "u": [
      "R",
      "hA",
      "hB"
    ],
    "v": [
      "R",
      "hB",
      "hA"
    ],
    "hA": [
      "u",
      "v",
      "sA"
    ],
    "hB": [
      "u",
      "sB",
      "v"
    ],
    "sA": [
      "hA",
      "C",
      "A"
    ],
    "sB": [
      "hB",
      "B",
      "D"
    ],
    "A": [
      "sA"
    ],
    "C": [
      "sA"
    ],
    "B": [
      "sB"
    ],
    "D": [
      "sB"
    ]
  },
  "faces": [
    [
      "A",
      "sA",
      "C",
      "sA",
      "hA",
      "v",
      "hB",
      "sB",
      "D",
      "sB",
      "B",
      "sB",
      "hB",
      "u",
      "hA",
      "sA"
    ],
    [
      "R",
      "u",
      "hB",
      "v"
    ],
    [
      "R",
      "v",
      "hA",
      "u"
    ]
  ],
  "all_taxa_common_face": true,
  "root_unique_common_stable_ancestor": true,
  "hybrid_child_bridges": true,
  "survivals": [
    {
      "edge": [
        "R",
        "u"
      ],
      "x": "1/3"
    },
    {
      "edge": [
        "R",
        "v"
      ],
      "x": "1/2"
    },
    {
      "edge": [
        "u",
        "hA"
      ],
      "x": "3/4"
    },
    {
      "edge": [
        "u",
        "hB"
      ],
      "x": "1/2"
    },
    {
      "edge": [
        "v",
        "hA"
      ],
      "x": "1/4"
    },
    {
      "edge": [
        "v",
        "hB"
      ],
      "x": "1/2"
    },
    {
      "edge": [
        "hA",
        "sA"
      ],
      "x": "1/2"
    },
    {
      "edge": [
        "hB",
        "sB"
      ],
      "x": "1/2"
    },
    {
      "edge": [
        "sA",
        "A"
      ],
      "x": "1/2"
    },
    {
      "edge": [
        "sA",
        "C"
      ],
      "x": "1/2"
    },
    {
      "edge": [
        "sB",
        "B"
      ],
      "x": "1/2"
    },
    {
      "edge": [
        "sB",
        "D"
      ],
      "x": "1/2"
    }
  ],
  "routing_cases": [
    {
      "A_parent": "u",
      "B_parent": "u",
      "X": "3/16",
      "probability": "1/3"
    },
    {
      "A_parent": "v",
      "B_parent": "v",
      "X": "1/16",
      "probability": "1/6"
    },
    {
      "A_parent": "u",
      "B_parent": "v",
      "X": "1/16",
      "probability": "1/6"
    },
    {
      "A_parent": "v",
      "B_parent": "u",
      "X": "1/32",
      "probability": "1/3"
    }
  ],
  "law": [
    {
      "X": "1/32",
      "probability": "1/3"
    },
    {
      "X": "1/16",
      "probability": "1/3"
    },
    {
      "X": "3/16",
      "probability": "1/3"
    }
  ],
  "lambda": [
    0,
    1,
    3,
    6,
    10,
    15,
    21
  ],
  "moments": [
    "1",
    "3/32",
    "75/32768",
    "46721/3221225472",
    "60467201/3377699720527872",
    "156728339115/37778931862957161709568",
    "7312316880825003/40564819207303340847894502572032"
  ],
  "monophyly_coefficients": [
    [
      "1"
    ],
    [
      "1",
      "-2/3"
    ],
    [
      "1",
      "-1",
      "1/6"
    ],
    [
      "1",
      "-6/5",
      "1/3",
      "-1/30"
    ],
    [
      "1",
      "-4/3",
      "10/21",
      "-1/12",
      "1/140"
    ],
    [
      "1",
      "-10/7",
      "25/42",
      "-5/36",
      "3/140",
      "-1/630"
    ],
    [
      "1",
      "-3/2",
      "25/36",
      "-7/36",
      "9/220",
      "-1/180",
      "1/2772"
    ]
  ],
  "diagonal_nonconstant": [
    "-2/3",
    "1/6",
    "-1/30",
    "1/140",
    "-1/630",
    "1/2772"
  ],
  "observed_monophyly_probabilities": [
    "15/16",
    "59417/65536",
    "85838809471/96636764160",
    "177549874433397029/202661983231672320",
    "61936523035727729785438207/71402181220989035631083520",
    "1452171237101514587656256788969291781/1686685182639672912455453416945090560"
  ],
  "row_total_copies": [
    5,
    6,
    7,
    8,
    9,
    10
  ],
  "exposing_coefficients": [
    "1",
    "-2646581014709357851840/51451385196872754707",
    "217049722823238878473830400/9724311802208950639623",
    "-4158102214112489548682362880/51451385196872754707",
    "90178336285937602548934939508736/51451385196872754707",
    "-42765667653707153393192129193589080064/3241437267402983546541",
    "1320700385085364714561838237669742105067520/9724311802208950639623"
  ],
  "exposing_sign_variations": 6,
  "python": "3.12.14 (main, Aug 25 2026, 14:00:49) [Clang 22.1.3 ]",
  "elapsed_seconds": 0.001422507000825135,
  "not_checked": [
    "arbitrary graph catalogue",
    "general G2 source compiler",
    "independent implementation",
    "original G3 recognition"
  ]
}
