'UnifiedLean.Source.E8PaperObservableBridge.law_apply' depends on axioms: [propext, Classical.choice, Quot.sound]
'UnifiedLean.Source.E8PaperObservableBridge.finite_class_table' depends on axioms: [propext,
 Classical.choice,
 Quot.sound]
'UnifiedLean.Source.E8PaperObservableBridge.selected_class_probability' depends on axioms: [propext,
 Classical.choice,
 Quot.sound]
'UnifiedLean.Source.E8PaperObservableBridge.normalizer_preserved' depends on axioms: [propext,
 Classical.choice,
 Quot.sound]
'UnifiedLean.Source.E8PaperObservableBridge.classMass_preserved' depends on axioms: [propext,
 Classical.choice,
 Quot.sound]
'UnifiedLean.Source.E8PaperObservableBridge.source_selected_class_is_paper_mass' depends on axioms: [propext,
 Classical.choice,
 Quot.sound]
'UnifiedLean.Source.E8PaperObservableBridge.trace_weight_zero_outside_positive' depends on axioms: [propext,
 Classical.choice,
 Quot.sound]
'UnifiedLean.Source.E8PaperObservableBridge.sum_restrict_positive_traces' depends on axioms: [propext,
 Classical.choice,
 Quot.sound]
'UnifiedLean.Source.E8PaperObservableBridge.supported_paper_normalizer' depends on axioms: [propext,
 Classical.choice,
 Quot.sound]
'UnifiedLean.Source.E8PaperObservableBridge.supported_paper_class_mass' depends on axioms: [propext,
 Classical.choice,
 Quot.sound]
'UnifiedLean.Source.E8PaperObservableBridge.supported_trace_paper_class_probability' depends on axioms: [propext,
 Classical.choice,
 Quot.sound]
