/home/runner/work/_temp/g6-cloud-build/ActualTailBinRow.lean:39:0: warning: automatically included section variable(s) unused in theorem `CloudG3.ActualTailBinRow.fold_tags_joint_measurable`:
  [DecidableEq E]
consider restructuring your `variable` declarations so that the variables are not in scope or explicitly omit them:
  omit [DecidableEq E] in theorem ...

Note: This linter can be disabled with `set_option linter.unusedSectionVars false`
/home/runner/work/_temp/g6-cloud-build/ActualTailBinRow.lean:79:0: warning: automatically included section variable(s) unused in theorem `CloudG3.ActualTailBinRow.actual_tail_bin_fold_all_horizons`:
  [Fintype Tag]
  [MeasurableSpace Tag]
  [MeasurableSingletonClass Tag]
consider restructuring your `variable` declarations so that the variables are not in scope or explicitly omit them:
  omit [Fintype Tag] [MeasurableSpace Tag] [MeasurableSingletonClass Tag] in theorem ...

Note: This linter can be disabled with `set_option linter.unusedSectionVars false`
/home/runner/work/_temp/g6-cloud-build/ActualTailBinRow.lean:115:16: error: typeclass instance problem is stuck
  Fintype ?m.157

Note: Lean will not try to resolve this typeclass instance problem because the type argument to `Fintype` is a metavariable. This argument must be fully determined before Lean will try to resolve the typeclass.

Hint: Adding type annotations and supplying implicit arguments to functions can give Lean more information for typeclass resolution. For example, if you have a variable `x` that you intend to be a `Nat`, but Lean reports it as having an unresolved type like `?m`, replacing `x` with `(x : Nat)` can get typeclass resolution un-stuck.
'CloudG3.ActualTailBinRow.fold_tags_joint_measurable' depends on axioms: [propext, Classical.choice, Quot.sound]
'CloudG3.ActualTailBinRow.raw_tail_endpoint_measurable' depends on axioms: [propext, Classical.choice, Quot.sound]
'CloudG3.ActualTailBinRow.actual_tail_bin_fold_all_horizons' depends on axioms: [propext, Classical.choice, Quot.sound]
'CloudG3.ActualTailBinRow.actual_complete_tail_bin_fold' depends on axioms: [propext,
 sorryAx,
 Classical.choice,
 Quot.sound]
'CloudG3.ActualTailBinRow.actual_tail_joint_source_law' depends on axioms: [propext,
 sorryAx,
 Classical.choice,
 Quot.sound]
