/home/runner/work/_temp/g6-cloud-build/UnifiedLean/G6/MeanEnclosure.lean:39:10: warning: Used `tac1 <;> tac2` where `(tac1; tac2)` would suffice

Note: This linter can be disabled with `set_option linter.unnecessarySeqFocus false`
'UnifiedLean.G6.MeanEnclosure.tv_triangle' depends on axioms: [propext, Classical.choice, Quot.sound]
'UnifiedLean.G6.MeanEnclosure.count_mean_domination_real' depends on axioms: [propext, Classical.choice, Quot.sound]
'UnifiedLean.G6.MeanEnclosure.count_mean_domination' depends on axioms: [propext, Classical.choice, Quot.sound]
'UnifiedLean.G6.MeanEnclosure.count_bind_mean_domination' depends on axioms: [propext, Classical.choice, Quot.sound]
'UnifiedLean.G6.MeanEnclosure.count_bind_mean_tv' depends on axioms: [propext, Classical.choice, Quot.sound]
'UnifiedLean.G6.MeanEnclosure.count_bind_prefix_enclosure_tv' depends on axioms: [propext, Classical.choice, Quot.sound]
'UnifiedLean.G6.MeanEnclosure.count_bind_residual_enclosure_tv' depends on axioms: [propext,
 Classical.choice,
 Quot.sound]
'UnifiedLean.G6.MeanEnclosure.actual_source_enclosed_prefix_tv' depends on axioms: [propext,
 Classical.choice,
 Quot.sound]
'UnifiedLean.G6.MeanEnclosure.actual_source_joint_enclosed_prefix_tv' depends on axioms: [propext,
 Classical.choice,
 Quot.sound]
'UnifiedLean.G6.MeanEnclosure.actual_source_joint_enclosed_residual_tv' depends on axioms: [propext,
 Classical.choice,
 Quot.sound]
