'GProgram.G5.FrozenTripleAnalyticSupport.exp_parameter_bounds' depends on axioms: [propext,
 Classical.choice,
 Quot.sound]
'GProgram.G5.FrozenTripleAnalyticSupport.exp_parameter_decay' depends on axioms: [propext, Classical.choice, Quot.sound]
'GProgram.G5.FrozenTripleAnalyticSupport.row_polynomial' depends on axioms: [propext, Classical.choice, Quot.sound]
'GProgram.G5.FrozenTripleAnalyticSupport.row_coefficients_evaluation' depends on axioms: [propext,
 Classical.choice,
 Quot.sound]
'GProgram.G5.FrozenTripleAnalyticSupport.frozen_coefficients_evaluation' depends on axioms: [propext,
 Classical.choice,
 Quot.sound]
'GProgram.G5.FrozenTripleAnalyticSupport.frozen_mixture_limit' depends on axioms: [propext,
 Classical.choice,
 Quot.sound]
'GProgram.G5.FrozenTripleAnalyticSupport.frozen_mixtures_eq_of_right_germ' depends on axioms: [propext,
 Classical.choice,
 Quot.sound]
'GProgram.G5.FrozenTripleAnalyticSupport.occupancy_masses_eq_of_right_germ' depends on axioms: [propext,
 Classical.choice,
 Quot.sound]
'GProgram.G5.FrozenTripleAnalyticSupport.occupancy_support_eq_of_right_germ' depends on axioms: [propext,
 Classical.choice,
 Quot.sound]
