{
  "augmented_states": [
    {
      "birth_order": 26,
      "id": "r10001",
      "root_prefix": false,
      "stage_index": 1,
      "state": {
        "aux": {
          "A": [
            "2771077026204408858036476591111254895971735916212639062702754120614927110957694053706250538407021332505823769935980889815740140938097/22713710134237715329666368996500141698551292521478689383796568724394977753543685103943470334805111423773828800195818060422956300894208",
            "651780048404038438097548670836409563085480385808888971734526922456529964774973358394571742485981591009823438291866518855407/5288447750321988791615322464262168318627237463714249754277190362195246329890490766601513683517722278780729696200186866434048"
          ],
          "L": [
            "73786976294838193085/590295810358705651712",
            "18446744073709555727/147573952589676412928"
          ],
          "T": [
            "1729382256910270461/9223372036854775808",
            "27670116110564327439/147573952589676412928"
          ]
        },
        "moments": {
          "AA1": [
            "36998497306592627875/73786976294838206464",
            "9249624326648156969/18446744073709551616"
          ],
          "AB1": [
            "32089746172657618701/73786976294838206464",
            "16044873086328809351/36893488147419103232"
          ],
          "AB2": [
            "15981402251060137357/73786976294838206464",
            "7990701125530068679/36893488147419103232"
          ],
          "AC1": [
            "7296858164724238239/18446744073709551616",
            "29187432658896952957/73786976294838206464"
          ],
          "AC2": [
            "6567268936711824459/36893488147419103232",
            "13134537873423648919/73786976294838206464"
          ],
          "BB1": [
            "9331581184910221681/18446744073709551616",
            "37326324739640886725/73786976294838206464"
          ],
          "BC1": [
            "15869601212286398117/36893488147419103232",
            "31739202424572796235/73786976294838206464"
          ],
          "BC2": [
            "1983895427200199705/9223372036854775808",
            "15871163417601597641/73786976294838206464"
          ],
          "CC1": [
            "10548534995588816771/18446744073709551616",
            "42194139982355267085/73786976294838206464"
          ]
        },
        "physical": {
          "g": [
            "201487636602438135861503/604462909807314587353088",
            "402975273204876489356799/1208925819614629174706176"
          ],
          "h": [
            "2251799813685247/36028797018963968",
            "36893488147419116419/590295810358705651712"
          ],
          "rA": [
            "311758935221002553308002218527095757741925191854468126119/392318858461667547739736838950479151006397215279002157056",
            "1051533202549816436166467110898576915452283104466419654410570878857/842498333348457493583344221469363458551160763204392890034487820288"
          ],
          "rAB": [
            "98655695504487122604437456648019403059204436568179293003537256527371/26959946667150639794667015087019630673637144422540572481103610249216",
            "24253337463293254402323131054923157319408233614466075699381/6277101735386680763835789423207666416102355444464034512896"
          ],
          "rB": [
            "54562979900738582102143562806209732100336364801635643568774235281971563608495/28948022309329048855892746252171976963317496166410141009864396001978282409984",
            "66884333656736486269688776985243525023052883137838280412315785525476782692366638490185/31082702275611665134711390509176302506278509424834232340028998555822468563283335970816"
          ],
          "rC": [
            "432345564227567615/144115188075855872",
            "27670116110564327459/9223372036854775808"
          ],
          "rR": [
            "2882303761517117435/576460752303423488",
            "184467440737095516291/36893488147419103232"
          ],
          "u": [
            "1351470142814551142516063185222576730902415093977803742244255919453673413241931389213364696452682012348153705111845234362544328991601/22713710134237715329666368996500141698551292521478689383796568724394977753543685103943470334805111423773828800195818060422956300894208",
            "321252064008914285405502440184600786263815343660312573072361831589318988362503406245041206929151665067215231327398779199215/5288447750321988791615322464262168318627237463714249754277190362195246329890490766601513683517722278780729696200186866434048"
          ],
          "v": [
            "339803904781334458610200329220193362949010967160967651595022528578867879276302030803019916107227730209049464913074253685009/5288447750321988791615322464262168318627237463714249754277190362195246329890490766601513683517722278780729696200186866434048",
            "1487743623965162768584678896302510688851106437432405068150493488087965983531842219938172909417601743714323793472898022342077524286607/22713710134237715329666368996500141698551292521478689383796568724394977753543685103943470334805111423773828800195818060422956300894208"
          ]
        }
      },
      "status": "inflight"
    },
    {
      "birth_order": 27,
      "id": "r10010",
      "root_prefix": false,
      "stage_index": 0,
      "state": {
        "aux": {
          "A": [
            "5604517755614495358739350549753956027558926112349955406604365810722481029803209477412450205799273279529719395363232794290439624494319/45427420268475430659332737993000283397102585042957378767593137448789955507087370207886940669610222847547657600391636120845912601788416",
            "6081729685181746811936172795406687305991190707140598639604074244939117355755458803626913450756737337252279497333978950458061949571146480913481/48777321098687378615337456715518223527321845979140174232174327494146433419058837814379782860367062049372295798771978482741374619988879457910784"
          ],
          "L": [
            "73786976294838193085/590295810358705651712",
            "18446744073709555727/147573952589676412928"
          ],
          "T": [
            "1729382256910270461/9223372036854775808",
            "27670116110564327439/147573952589676412928"
          ]
        },
        "moments": {
          "AA1": [
            "36998497306592627875/73786976294838206464",
            "9249624326648156969/18446744073709551616"
          ],
          "AB1": [
            "32089746172657618701/73786976294838206464",
            "16044873086328809351/36893488147419103232"
          ],
          "AB2": [
            "15981402251060137357/73786976294838206464",
            "7990701125530068679/36893488147419103232"
          ],
          "AC1": [
            "7296858164724238239/18446744073709551616",
            "29187432658896952957/73786976294838206464"
          ],
          "AC2": [
            "6567268936711824459/36893488147419103232",
            "13134537873423648919/73786976294838206464"
          ],
          "BB1": [
            "9331581184910221681/18446744073709551616",
            "37326324739640886725/73786976294838206464"
          ],
          "BC1": [
            "15869601212286398117/36893488147419103232",
            "31739202424572796235/73786976294838206464"
          ],
          "BC2": [
            "1983895427200199705/9223372036854775808",
            "15871163417601597641/73786976294838206464"
          ],
          "CC1": [
            "10548534995588816771/18446744073709551616",
            "42194139982355267085/73786976294838206464"
          ]
        },
        "physical": {
          "g": [
            "201487636602438135861503/604462909807314587353088",
            "402975273204876489356799/1208925819614629174706176"
          ],
          "h": [
            "2251799813685247/36028797018963968",
            "36893488147419116419/590295810358705651712"
          ],
          "rA": [
            "300774415161303074774283260654784582792196977518897885381/392318858461667547739736838950479151006397215279002157056",
            "2091700303786211539651065893243337979220316190107110453350237877879/1684996666696914987166688442938726917102321526408785780068975640576"
          ],
          "rAB": [
            "24253337463293254402323131054923157319408233614466075699381/6277101735386680763835789423207666416102355444464034512896",
            "27546339032948095879590116086451048853659241121803222720296845057679/6739986666787659948666753771754907668409286105635143120275902562304"
          ],
          "rB": [
            "53889572730559852751687313605749847588176800379036621983364288402169090324035/28948022309329048855892746252171976963317496166410141009864396001978282409984",
            "133151583834276164273855953453336625406157489621963237748042015974534987169780257493605/62165404551223330269422781018352605012557018849668464680057997111644937126566671941632"
          ],
          "rC": [
            "432345564227567615/144115188075855872",
            "27670116110564327459/9223372036854775808"
          ],
          "rR": [
            "2882303761517117435/576460752303423488",
            "184467440737095516291/36893488147419103232"
          ],
          "u": [
            "2765303988834779927698523737976599697420284467880284765687369408399973634371684148426678521890594639214379265714961483384048000601327/45427420268475430659332737993000283397102585042957378767593137448789955507087370207886940669610222847547657600391636120845912601788416",
            "1548535842070819663462027014327200399400200650172077956832005170186812089517088230253609920211041238684795360998058945266778392237210321062985/24388660549343689307668728357759111763660922989570087116087163747073216709529418907189891430183531024686147899385989241370687309994439728955392"
          ],
          "v": [
            "1500046726597142168985204446124270710395706452688475239024429458049933915238669950843787239708982114492454091417057975666864090835733248963511/24388660549343689307668728357759111763660922989570087116087163747073216709529418907189891430183531024686147899385989241370687309994439728955392",
            "2913123544724647894502960425073575142086758594940132855102129406683305159175863069876396689849972872910575731454525030025195705955089/45427420268475430659332737993000283397102585042957378767593137448789955507087370207886940669610222847547657600391636120845912601788416"
          ]
        }
      },
      "status": "pending"
    },
    {
      "birth_order": 28,
      "id": "r10011",
      "root_prefix": false,
      "stage_index": 0,
      "state": {
        "aux": {
          "A": [
            "6081729685181746811936172795406687305991190707140598639604074244939117355755458803626913450756737337252279497333978950458061949571146480913481/48777321098687378615337456715518223527321845979140174232174327494146433419058837814379782860367062049372295798771978482741374619988879457910784",
            "3072827126404799568270010495472579557867732911462663617301057548954919586382310550961447908614693802733928114441231588919045235487943900564553/24388660549343689307668728357759111763660922989570087116087163747073216709529418907189891430183531024686147899385989241370687309994439728955392"
          ],
          "L": [
            "73786976294838193085/590295810358705651712",
            "18446744073709555727/147573952589676412928"
          ],
          "T": [
            "1729382256910270461/9223372036854775808",
            "27670116110564327439/147573952589676412928"
          ]
        },
        "moments": {
          "AA1": [
            "36998497306592627875/73786976294838206464",
            "9249624326648156969/18446744073709551616"
          ],
          "AB1": [
            "32089746172657618701/73786976294838206464",
            "16044873086328809351/36893488147419103232"
          ],
          "AB2": [
            "15981402251060137357/73786976294838206464",
            "7990701125530068679/36893488147419103232"
          ],
          "AC1": [
            "7296858164724238239/18446744073709551616",
            "29187432658896952957/73786976294838206464"
          ],
          "AC2": [
            "6567268936711824459/36893488147419103232",
            "13134537873423648919/73786976294838206464"
          ],
          "BB1": [
            "9331581184910221681/18446744073709551616",
            "37326324739640886725/73786976294838206464"
          ],
          "BC1": [
            "15869601212286398117/36893488147419103232",
            "31739202424572796235/73786976294838206464"
          ],
          "BC2": [
            "1983895427200199705/9223372036854775808",
            "15871163417601597641/73786976294838206464"
          ],
          "CC1": [
            "10548534995588816771/18446744073709551616",
            "42194139982355267085/73786976294838206464"
          ]
        },
        "physical": {
          "g": [
            "201487636602438135861503/604462909807314587353088",
            "402975273204876489356799/1208925819614629174706176"
          ],
          "h": [
            "2251799813685247/36028797018963968",
            "36893488147419116419/590295810358705651712"
          ],
          "rA": [
            "300774415161303074774283260654784582792196977518897885381/392318858461667547739736838950479151006397215279002157056",
            "2091700303786211539651065893243337979220316190107110453350237877879/1684996666696914987166688442938726917102321526408785780068975640576"
          ],
          "rAB": [
            "24253337463293254402323131054923157319408233614466075699381/6277101735386680763835789423207666416102355444464034512896",
            "27546339032948095879590116086451048853659241121803222720296845057679/6739986666787659948666753771754907668409286105635143120275902562304"
          ],
          "rB": [
            "53889572730559852751687313605749847588176800379036621983364288402169090324035/28948022309329048855892746252171976963317496166410141009864396001978282409984",
            "133151583834276164273855953453336625406157489621963237748042015974534987169780257493605/62165404551223330269422781018352605012557018849668464680057997111644937126566671941632"
          ],
          "rC": [
            "432345564227567615/144115188075855872",
            "27670116110564327459/9223372036854775808"
          ],
          "rR": [
            "2882303761517117435/576460752303423488",
            "184467440737095516291/36893488147419103232"
          ],
          "u": [
            "2765303988834779927698523737976599697420284467880284765687369408399973634371684148426678521890594639214379265714961483384048000601327/45427420268475430659332737993000283397102585042957378767593137448789955507087370207886940669610222847547657600391636120845912601788416",
            "1548535842070819663462027014327200399400200650172077956832005170186812089517088230253609920211041238684795360998058945266778392237210321062985/24388660549343689307668728357759111763660922989570087116087163747073216709529418907189891430183531024686147899385989241370687309994439728955392"
          ],
          "v": [
            "1500046726597142168985204446124270710395706452688475239024429458049933915238669950843787239708982114492454091417057975666864090835733248963511/24388660549343689307668728357759111763660922989570087116087163747073216709529418907189891430183531024686147899385989241370687309994439728955392",
            "2913123544724647894502960425073575142086758594940132855102129406683305159175863069876396689849972872910575731454525030025195705955089/45427420268475430659332737993000283397102585042957378767593137448789955507087370207886940669610222847547657600391636120845912601788416"
          ]
        }
      },
      "status": "pending"
    },
    {
      "birth_order": 29,
      "id": "r10100",
      "root_prefix": false,
      "stage_index": 0,
      "state": {
        "aux": {
          "A": [
            "167021401544978179234863622006688107863692235303306568908816690278472765853393834783531828553755808217406967806207091986883/1322111937580497197903830616065542079656809365928562438569297590548811582472622691650378420879430569695182424050046716608512",
            "6229858308298228471027739424443412429176581765761221652806226312211823864746310643243748238824722135758678811340247798129716689905386505834431/48777321098687378615337456715518223527321845979140174232174327494146433419058837814379782860367062049372295798771978482741374619988879457910784"
          ],
          "L": [
            "73786976294838193085/590295810358705651712",
            "18446744073709555727/147573952589676412928"
          ],
          "T": [
            "1729382256910270461/9223372036854775808",
            "27670116110564327439/147573952589676412928"
          ]
        },
        "moments": {
          "AA1": [
            "36998497306592627875/73786976294838206464",
            "9249624326648156969/18446744073709551616"
          ],
          "AB1": [
            "32089746172657618701/73786976294838206464",
            "16044873086328809351/36893488147419103232"
          ],
          "AB2": [
            "15981402251060137357/73786976294838206464",
            "7990701125530068679/36893488147419103232"
          ],
          "AC1": [
            "7296858164724238239/18446744073709551616",
            "29187432658896952957/73786976294838206464"
          ],
          "AC2": [
            "6567268936711824459/36893488147419103232",
            "13134537873423648919/73786976294838206464"
          ],
          "BB1": [
            "9331581184910221681/18446744073709551616",
            "37326324739640886725/73786976294838206464"
          ],
          "BC1": [
            "15869601212286398117/36893488147419103232",
            "31739202424572796235/73786976294838206464"
          ],
          "BC2": [
            "1983895427200199705/9223372036854775808",
            "15871163417601597641/73786976294838206464"
          ],
          "CC1": [
            "10548534995588816771/18446744073709551616",
            "42194139982355267085/73786976294838206464"
          ]
        },
        "physical": {
          "g": [
            "201487636602438135861503/604462909807314587353088",
            "402975273204876489356799/1208925819614629174706176"
          ],
          "h": [
            "2251799813685247/36028797018963968",
            "36893488147419116419/590295810358705651712"
          ],
          "rA": [
            "131863243753785059669626962984946605882435541579/182687704666362864775460604089535377456991567872",
            "978623391528605459397466851716832379488790457774852993287/784637716923335095479473677900958302012794430558004314112"
          ],
          "rAB": [
            "29734325505810551511351590757032639993076019323311831209469970159387290490961/7237005577332262213973186563042994240829374041602535252466099000494570602496",
            "7380685491782696082400971968262755598973993140428624127037420609691/1684996666696914987166688442938726917102321526408785780068975640576"
          ],
          "rB": [
            "6616118156895607210871849704305258117296682951301218030435096072107406152765/3618502788666131106986593281521497120414687020801267626233049500247285301248",
            "16613821986092971334222517583106001928876839733363683782905152864653727316625220158005/7770675568902916283677847627294075626569627356208558085007249638955617140820833992704"
          ],
          "rC": [
            "432345564227567615/144115188075855872",
            "27670116110564327459/9223372036854775808"
          ],
          "rR": [
            "2882303761517117435/576460752303423488",
            "184467440737095516291/36893488147419103232"
          ],
          "u": [
            "84389405446197074830360293403887603264150296076696720908096418835848625222698642145859771996009010873826562530396136460739/1322111937580497197903830616065542079656809365928562438569297590548811582472622691650378420879430569695182424050046716608512",
            "1624565974831758990131879585322011924080441361250579051730380148493155915648216972784788039485130435448017002498975474421295855710240442879935/24388660549343689307668728357759111763660922989570087116087163747073216709529418907189891430183531024686147899385989241370687309994439728955392"
          ],
          "v": [
            "1424016593836202842315351875129459185715465741609974144126054479743590089107541208312609120434892917729232449916141446512346627362703127146561/24388660549343689307668728357759111763660922989570087116087163747073216709529418907189891430183531024686147899385989241370687309994439728955392",
            "80874586751365045506489303036269284705406057642405545010225337783508377954222265958741637631947080323292386299473094323773/1322111937580497197903830616065542079656809365928562438569297590548811582472622691650378420879430569695182424050046716608512"
          ]
        }
      },
      "status": "pending"
    },
    {
      "birth_order": 30,
      "id": "r10101",
      "root_prefix": false,
      "stage_index": 0,
      "state": {
        "aux": {
          "A": [
            "6229858308298228471027739424443412429176581765761221652806226312211823864746310643243748238824722135758678811340247798129716689905386505834431/48777321098687378615337456715518223527321845979140174232174327494146433419058837814379782860367062049372295798771978482741374619988879457910784",
            "3148857259165738894939863066467391082547973622541164712199432527261263412513439293492626027888782999497149755942148118073562698960974022381503/24388660549343689307668728357759111763660922989570087116087163747073216709529418907189891430183531024686147899385989241370687309994439728955392"
          ],
          "L": [
            "73786976294838193085/590295810358705651712",
            "18446744073709555727/147573952589676412928"
          ],
          "T": [
            "1729382256910270461/9223372036854775808",
            "27670116110564327439/147573952589676412928"
          ]
        },
        "moments": {
          "AA1": [
            "36998497306592627875/73786976294838206464",
            "9249624326648156969/18446744073709551616"
          ],
          "AB1": [
            "32089746172657618701/73786976294838206464",
            "16044873086328809351/36893488147419103232"
          ],
          "AB2": [
            "15981402251060137357/73786976294838206464",
            "7990701125530068679/36893488147419103232"
          ],
          "AC1": [
            "7296858164724238239/18446744073709551616",
            "29187432658896952957/73786976294838206464"
          ],
          "AC2": [
            "6567268936711824459/36893488147419103232",
            "13134537873423648919/73786976294838206464"
          ],
          "BB1": [
            "9331581184910221681/18446744073709551616",
            "37326324739640886725/73786976294838206464"
          ],
          "BC1": [
            "15869601212286398117/36893488147419103232",
            "31739202424572796235/73786976294838206464"
          ],
          "BC2": [
            "1983895427200199705/9223372036854775808",
            "15871163417601597641/73786976294838206464"
          ],
          "CC1": [
            "10548534995588816771/18446744073709551616",
            "42194139982355267085/73786976294838206464"
          ]
        },
        "physical": {
          "g": [
            "201487636602438135861503/604462909807314587353088",
            "402975273204876489356799/1208925819614629174706176"
          ],
          "h": [
            "2251799813685247/36028797018963968",
            "36893488147419116419/590295810358705651712"
          ],
          "rA": [
            "131863243753785059669626962984946605882435541579/182687704666362864775460604089535377456991567872",
            "978623391528605459397466851716832379488790457774852993287/784637716923335095479473677900958302012794430558004314112"
          ],
          "rAB": [
            "29734325505810551511351590757032639993076019323311831209469970159387290490961/7237005577332262213973186563042994240829374041602535252466099000494570602496",
            "7380685491782696082400971968262755598973993140428624127037420609691/1684996666696914987166688442938726917102321526408785780068975640576"
          ],
          "rB": [
            "6616118156895607210871849704305258117296682951301218030435096072107406152765/3618502788666131106986593281521497120414687020801267626233049500247285301248",
            "16613821986092971334222517583106001928876839733363683782905152864653727316625220158005/7770675568902916283677847627294075626569627356208558085007249638955617140820833992704"
          ],
          "rC": [
            "432345564227567615/144115188075855872",
            "27670116110564327459/9223372036854775808"
          ],
          "rR": [
            "2882303761517117435/576460752303423488",
            "184467440737095516291/36893488147419103232"
          ],
          "u": [
            "84389405446197074830360293403887603264150296076696720908096418835848625222698642145859771996009010873826562530396136460739/1322111937580497197903830616065542079656809365928562438569297590548811582472622691650378420879430569695182424050046716608512",
            "1624565974831758990131879585322011924080441361250579051730380148493155915648216972784788039485130435448017002498975474421295855710240442879935/24388660549343689307668728357759111763660922989570087116087163747073216709529418907189891430183531024686147899385989241370687309994439728955392"
          ],
          "v": [
            "1424016593836202842315351875129459185715465741609974144126054479743590089107541208312609120434892917729232449916141446512346627362703127146561/24388660549343689307668728357759111763660922989570087116087163747073216709529418907189891430183531024686147899385989241370687309994439728955392",
            "80874586751365045506489303036269284705406057642405545010225337783508377954222265958741637631947080323292386299473094323773/1322111937580497197903830616065542079656809365928562438569297590548811582472622691650378420879430569695182424050046716608512"
          ]
        }
      },
      "status": "pending"
    },
    {
      "birth_order": 31,
      "id": "r10110",
      "root_prefix": false,
      "stage_index": 0,
      "state": {
        "aux": {
          "A": [
            "342185911087688637189574649990385017721061802215953719519514983981592197314866418092328548087904078703965276948481935145941/2644223875160994395807661232131084159313618731857124877138595181097623164945245383300756841758861139390364848100093433217024",
            "2961316053691068978565605179446318337528782589555726170053022400655908920531897290347240966573526854154921014127722529319350975055547/22713710134237715329666368996500141698551292521478689383796568724394977753543685103943470334805111423773828800195818060422956300894208"
          ],
          "L": [
            "73786976294838193085/590295810358705651712",
            "18446744073709555727/147573952589676412928"
          ],
          "T": [
            "1729382256910270461/9223372036854775808",
            "27670116110564327439/147573952589676412928"
          ]
        },
        "moments": {
          "AA1": [
            "36998497306592627875/73786976294838206464",
            "9249624326648156969/18446744073709551616"
          ],
          "AB1": [
            "32089746172657618701/73786976294838206464",
            "16044873086328809351/36893488147419103232"
          ],
          "AB2": [
            "15981402251060137357/73786976294838206464",
            "7990701125530068679/36893488147419103232"
          ],
          "AC1": [
            "7296858164724238239/18446744073709551616",
            "29187432658896952957/73786976294838206464"
          ],
          "AC2": [
            "6567268936711824459/36893488147419103232",
            "13134537873423648919/73786976294838206464"
          ],
          "BB1": [
            "9331581184910221681/18446744073709551616",
            "37326324739640886725/73786976294838206464"
          ],
          "BC1": [
            "15869601212286398117/36893488147419103232",
            "31739202424572796235/73786976294838206464"
          ],
          "BC2": [
            "1983895427200199705/9223372036854775808",
            "15871163417601597641/73786976294838206464"
          ],
          "CC1": [
            "10548534995588816771/18446744073709551616",
            "42194139982355267085/73786976294838206464"
          ]
        },
        "physical": {
          "g": [
            "201487636602438135861503/604462909807314587353088",
            "402975273204876489356799/1208925819614629174706176"
          ],
          "h": [
            "2251799813685247/36028797018963968",
            "36893488147419116419/590295810358705651712"
          ],
          "rA": [
            "35205833050082965919348685787280209743761570761/45671926166590716193865151022383844364247891968",
            "28605658497765116541875178821775546568866159539789250233/24519928653854221733733552434404946937899825954937634816"
          ],
          "rAB": [
            "7380685491782696082400971968262755598973993140428624127037420609691/1684996666696914987166688442938726917102321526408785780068975640576",
            "4171467525448367556862491317026429869632451413742839742657808406733133397007/904625697166532776746648320380374280103671755200316906558262375061821325312"
          ],
          "rB": [
            "1123084889524305198321127/604462909807314587353088",
            "32396757463575819205938567497710617071596797971807926742690935873703330847624038432785/15541351137805832567355695254588151253139254712417116170014499277911234281641667985408"
          ],
          "rC": [
            "432345564227567615/144115188075855872",
            "27670116110564327459/9223372036854775808"
          ],
          "rR": [
            "2882303761517117435/576460752303423488",
            "184467440737095516291/36893488147419103232"
          ],
          "u": [
            "176921918890126428380567992784784008521977923762734023518074441096343916053476032816984434972410484016804466396860024093653/2644223875160994395807661232131084159313618731857124877138595181097623164945245383300756841758861139390364848100093433217024",
            "781835314722554204769548245602172242121034608496086012661420101759236855843874084499567868063840662257577973187615753085547930961595/11356855067118857664833184498250070849275646260739344691898284362197488876771842551971735167402555711886914400097909030211478150447104"
          ],
          "v": [
            "637771568667303314856711306922937886119581965856778720237554050632886972218800961814636783761300198222328904508487160818289386207557/11356855067118857664833184498250070849275646260739344691898284362197488876771842551971735167402555711886914400097909030211478150447104",
            "153606065504997812293131200095529767417134783675470508318569072142370090300365783392218384283501698377433431262878437475371/2644223875160994395807661232131084159313618731857124877138595181097623164945245383300756841758861139390364848100093433217024"
          ]
        }
      },
      "status": "pending"
    },
    {
      "birth_order": 32,
      "id": "r10111",
      "root_prefix": false,
      "stage_index": 0,
      "state": {
        "aux": {
          "A": [
            "2961316053691068978565605179446318337528782589555726170053022400655908920531897290347240966573526854154921014127722529319350975055547/22713710134237715329666368996500141698551292521478689383796568724394977753543685103943470334805111423773828800195818060422956300894208",
            "1491638756417482493605572705586967971968441698643384615267148710673006567055767010032027144048815502936380084114409941020741392910011/11356855067118857664833184498250070849275646260739344691898284362197488876771842551971735167402555711886914400097909030211478150447104"
          ],
          "L": [
            "73786976294838193085/590295810358705651712",
            "18446744073709555727/147573952589676412928"
          ],
          "T": [
            "1729382256910270461/9223372036854775808",
            "27670116110564327439/147573952589676412928"
          ]
        },
        "moments": {
          "AA1": [
            "36998497306592627875/73786976294838206464",
            "9249624326648156969/18446744073709551616"
          ],
          "AB1": [
            "32089746172657618701/73786976294838206464",
            "16044873086328809351/36893488147419103232"
          ],
          "AB2": [
            "15981402251060137357/73786976294838206464",
            "7990701125530068679/36893488147419103232"
          ],
          "AC1": [
            "7296858164724238239/18446744073709551616",
            "29187432658896952957/73786976294838206464"
          ],
          "AC2": [
            "6567268936711824459/36893488147419103232",
            "13134537873423648919/73786976294838206464"
          ],
          "BB1": [
            "9331581184910221681/18446744073709551616",
            "37326324739640886725/73786976294838206464"
          ],
          "BC1": [
            "15869601212286398117/36893488147419103232",
            "31739202424572796235/73786976294838206464"
          ],
          "BC2": [
            "1983895427200199705/9223372036854775808",
            "15871163417601597641/73786976294838206464"
          ],
          "CC1": [
            "10548534995588816771/18446744073709551616",
            "42194139982355267085/73786976294838206464"
          ]
        },
        "physical": {
          "g": [
            "201487636602438135861503/604462909807314587353088",
            "402975273204876489356799/1208925819614629174706176"
          ],
          "h": [
            "2251799813685247/36028797018963968",
            "36893488147419116419/590295810358705651712"
          ],
          "rA": [
            "35205833050082965919348685787280209743761570761/45671926166590716193865151022383844364247891968",
            "28605658497765116541875178821775546568866159539789250233/24519928653854221733733552434404946937899825954937634816"
          ],
          "rAB": [
            "7380685491782696082400971968262755598973993140428624127037420609691/1684996666696914987166688442938726917102321526408785780068975640576",
            "4171467525448367556862491317026429869632451413742839742657808406733133397007/904625697166532776746648320380374280103671755200316906558262375061821325312"
          ],
          "rB": [
            "1123084889524305198321127/604462909807314587353088",
            "32396757463575819205938567497710617071596797971807926742690935873703330847624038432785/15541351137805832567355695254588151253139254712417116170014499277911234281641667985408"
          ],
          "rC": [
            "432345564227567615/144115188075855872",
            "27670116110564327459/9223372036854775808"
          ],
          "rR": [
            "2882303761517117435/576460752303423488",
            "184467440737095516291/36893488147419103232"
          ],
          "u": [
            "176921918890126428380567992784784008521977923762734023518074441096343916053476032816984434972410484016804466396860024093653/2644223875160994395807661232131084159313618731857124877138595181097623164945245383300756841758861139390364848100093433217024",
            "781835314722554204769548245602172242121034608496086012661420101759236855843874084499567868063840662257577973187615753085547930961595/11356855067118857664833184498250070849275646260739344691898284362197488876771842551971735167402555711886914400097909030211478150447104"
          ],
          "v": [
            "637771568667303314856711306922937886119581965856778720237554050632886972218800961814636783761300198222328904508487160818289386207557/11356855067118857664833184498250070849275646260739344691898284362197488876771842551971735167402555711886914400097909030211478150447104",
            "153606065504997812293131200095529767417134783675470508318569072142370090300365783392218384283501698377433431262878437475371/2644223875160994395807661232131084159313618731857124877138595181097623164945245383300756841758861139390364848100093433217024"
          ]
        }
      },
      "status": "pending"
    }
  ],
  "details": {
    "authenticated_journal_bytes": 11857057,
    "complete_numeric_replay": true,
    "cross_process_cache_reused": false,
    "exclusions": 10,
    "final_commit_sha256": "e148b7fca9bc6f43c2a3d05f41c9149306fd1901df63949618789dc5c7852f82",
    "inflight_pre_state_retained": true,
    "journal_frames": 304,
    "resource_limited": false,
    "splits": 16,
    "stages_recomputed": 143,
    "stages_started": 144
  },
  "diagnostic_union_width_target_observed": false,
  "mode": "normal_validated",
  "model": "fixed-six-copy-clock-jc-nine-v1",
  "nonempty_cover": true,
  "parameter_accuracy_released": false,
  "physical_cover": [
    {
      "box": {
        "g": [
          "201487636602438135861503/604462909807314587353088",
          "402975273204876489356799/1208925819614629174706176"
        ],
        "h": [
          "2251799813685247/36028797018963968",
          "36893488147419116419/590295810358705651712"
        ],
        "rA": [
          "311758935221002553308002218527095757741925191854468126119/392318858461667547739736838950479151006397215279002157056",
          "1051533202549816436166467110898576915452283104466419654410570878857/842498333348457493583344221469363458551160763204392890034487820288"
        ],
        "rAB": [
          "98655695504487122604437456648019403059204436568179293003537256527371/26959946667150639794667015087019630673637144422540572481103610249216",
          "24253337463293254402323131054923157319408233614466075699381/6277101735386680763835789423207666416102355444464034512896"
        ],
        "rB": [
          "54562979900738582102143562806209732100336364801635643568774235281971563608495/28948022309329048855892746252171976963317496166410141009864396001978282409984",
          "66884333656736486269688776985243525023052883137838280412315785525476782692366638490185/31082702275611665134711390509176302506278509424834232340028998555822468563283335970816"
        ],
        "rC": [
          "432345564227567615/144115188075855872",
          "27670116110564327459/9223372036854775808"
        ],
        "rR": [
          "2882303761517117435/576460752303423488",
          "184467440737095516291/36893488147419103232"
        ],
        "u": [
          "1351470142814551142516063185222576730902415093977803742244255919453673413241931389213364696452682012348153705111845234362544328991601/22713710134237715329666368996500141698551292521478689383796568724394977753543685103943470334805111423773828800195818060422956300894208",
          "321252064008914285405502440184600786263815343660312573072361831589318988362503406245041206929151665067215231327398779199215/5288447750321988791615322464262168318627237463714249754277190362195246329890490766601513683517722278780729696200186866434048"
        ],
        "v": [
          "339803904781334458610200329220193362949010967160967651595022528578867879276302030803019916107227730209049464913074253685009/5288447750321988791615322464262168318627237463714249754277190362195246329890490766601513683517722278780729696200186866434048",
          "1487743623965162768584678896302510688851106437432405068150493488087965983531842219938172909417601743714323793472898022342077524286607/22713710134237715329666368996500141698551292521478689383796568724394977753543685103943470334805111423773828800195818060422956300894208"
        ]
      },
      "id": "r10001"
    },
    {
      "box": {
        "g": [
          "201487636602438135861503/604462909807314587353088",
          "402975273204876489356799/1208925819614629174706176"
        ],
        "h": [
          "2251799813685247/36028797018963968",
          "36893488147419116419/590295810358705651712"
        ],
        "rA": [
          "300774415161303074774283260654784582792196977518897885381/392318858461667547739736838950479151006397215279002157056",
          "2091700303786211539651065893243337979220316190107110453350237877879/1684996666696914987166688442938726917102321526408785780068975640576"
        ],
        "rAB": [
          "24253337463293254402323131054923157319408233614466075699381/6277101735386680763835789423207666416102355444464034512896",
          "27546339032948095879590116086451048853659241121803222720296845057679/6739986666787659948666753771754907668409286105635143120275902562304"
        ],
        "rB": [
          "53889572730559852751687313605749847588176800379036621983364288402169090324035/28948022309329048855892746252171976963317496166410141009864396001978282409984",
          "133151583834276164273855953453336625406157489621963237748042015974534987169780257493605/62165404551223330269422781018352605012557018849668464680057997111644937126566671941632"
        ],
        "rC": [
          "432345564227567615/144115188075855872",
          "27670116110564327459/9223372036854775808"
        ],
        "rR": [
          "2882303761517117435/576460752303423488",
          "184467440737095516291/36893488147419103232"
        ],
        "u": [
          "2765303988834779927698523737976599697420284467880284765687369408399973634371684148426678521890594639214379265714961483384048000601327/45427420268475430659332737993000283397102585042957378767593137448789955507087370207886940669610222847547657600391636120845912601788416",
          "1548535842070819663462027014327200399400200650172077956832005170186812089517088230253609920211041238684795360998058945266778392237210321062985/24388660549343689307668728357759111763660922989570087116087163747073216709529418907189891430183531024686147899385989241370687309994439728955392"
        ],
        "v": [
          "1500046726597142168985204446124270710395706452688475239024429458049933915238669950843787239708982114492454091417057975666864090835733248963511/24388660549343689307668728357759111763660922989570087116087163747073216709529418907189891430183531024686147899385989241370687309994439728955392",
          "2913123544724647894502960425073575142086758594940132855102129406683305159175863069876396689849972872910575731454525030025195705955089/45427420268475430659332737993000283397102585042957378767593137448789955507087370207886940669610222847547657600391636120845912601788416"
        ]
      },
      "id": "r10010"
    },
    {
      "box": {
        "g": [
          "201487636602438135861503/604462909807314587353088",
          "402975273204876489356799/1208925819614629174706176"
        ],
        "h": [
          "2251799813685247/36028797018963968",
          "36893488147419116419/590295810358705651712"
        ],
        "rA": [
          "300774415161303074774283260654784582792196977518897885381/392318858461667547739736838950479151006397215279002157056",
          "2091700303786211539651065893243337979220316190107110453350237877879/1684996666696914987166688442938726917102321526408785780068975640576"
        ],
        "rAB": [
          "24253337463293254402323131054923157319408233614466075699381/6277101735386680763835789423207666416102355444464034512896",
          "27546339032948095879590116086451048853659241121803222720296845057679/6739986666787659948666753771754907668409286105635143120275902562304"
        ],
        "rB": [
          "53889572730559852751687313605749847588176800379036621983364288402169090324035/28948022309329048855892746252171976963317496166410141009864396001978282409984",
          "133151583834276164273855953453336625406157489621963237748042015974534987169780257493605/62165404551223330269422781018352605012557018849668464680057997111644937126566671941632"
        ],
        "rC": [
          "432345564227567615/144115188075855872",
          "27670116110564327459/9223372036854775808"
        ],
        "rR": [
          "2882303761517117435/576460752303423488",
          "184467440737095516291/36893488147419103232"
        ],
        "u": [
          "2765303988834779927698523737976599697420284467880284765687369408399973634371684148426678521890594639214379265714961483384048000601327/45427420268475430659332737993000283397102585042957378767593137448789955507087370207886940669610222847547657600391636120845912601788416",
          "1548535842070819663462027014327200399400200650172077956832005170186812089517088230253609920211041238684795360998058945266778392237210321062985/24388660549343689307668728357759111763660922989570087116087163747073216709529418907189891430183531024686147899385989241370687309994439728955392"
        ],
        "v": [
          "1500046726597142168985204446124270710395706452688475239024429458049933915238669950843787239708982114492454091417057975666864090835733248963511/24388660549343689307668728357759111763660922989570087116087163747073216709529418907189891430183531024686147899385989241370687309994439728955392",
          "2913123544724647894502960425073575142086758594940132855102129406683305159175863069876396689849972872910575731454525030025195705955089/45427420268475430659332737993000283397102585042957378767593137448789955507087370207886940669610222847547657600391636120845912601788416"
        ]
      },
      "id": "r10011"
    },
    {
      "box": {
        "g": [
          "201487636602438135861503/604462909807314587353088",
          "402975273204876489356799/1208925819614629174706176"
        ],
        "h": [
          "2251799813685247/36028797018963968",
          "36893488147419116419/590295810358705651712"
        ],
        "rA": [
          "131863243753785059669626962984946605882435541579/182687704666362864775460604089535377456991567872",
          "978623391528605459397466851716832379488790457774852993287/784637716923335095479473677900958302012794430558004314112"
        ],
        "rAB": [
          "29734325505810551511351590757032639993076019323311831209469970159387290490961/7237005577332262213973186563042994240829374041602535252466099000494570602496",
          "7380685491782696082400971968262755598973993140428624127037420609691/1684996666696914987166688442938726917102321526408785780068975640576"
        ],
        "rB": [
          "6616118156895607210871849704305258117296682951301218030435096072107406152765/3618502788666131106986593281521497120414687020801267626233049500247285301248",
          "16613821986092971334222517583106001928876839733363683782905152864653727316625220158005/7770675568902916283677847627294075626569627356208558085007249638955617140820833992704"
        ],
        "rC": [
          "432345564227567615/144115188075855872",
          "27670116110564327459/9223372036854775808"
        ],
        "rR": [
          "2882303761517117435/576460752303423488",
          "184467440737095516291/36893488147419103232"
        ],
        "u": [
          "84389405446197074830360293403887603264150296076696720908096418835848625222698642145859771996009010873826562530396136460739/1322111937580497197903830616065542079656809365928562438569297590548811582472622691650378420879430569695182424050046716608512",
          "1624565974831758990131879585322011924080441361250579051730380148493155915648216972784788039485130435448017002498975474421295855710240442879935/24388660549343689307668728357759111763660922989570087116087163747073216709529418907189891430183531024686147899385989241370687309994439728955392"
        ],
        "v": [
          "1424016593836202842315351875129459185715465741609974144126054479743590089107541208312609120434892917729232449916141446512346627362703127146561/24388660549343689307668728357759111763660922989570087116087163747073216709529418907189891430183531024686147899385989241370687309994439728955392",
          "80874586751365045506489303036269284705406057642405545010225337783508377954222265958741637631947080323292386299473094323773/1322111937580497197903830616065542079656809365928562438569297590548811582472622691650378420879430569695182424050046716608512"
        ]
      },
      "id": "r10100"
    },
    {
      "box": {
        "g": [
          "201487636602438135861503/604462909807314587353088",
          "402975273204876489356799/1208925819614629174706176"
        ],
        "h": [
          "2251799813685247/36028797018963968",
          "36893488147419116419/590295810358705651712"
        ],
        "rA": [
          "131863243753785059669626962984946605882435541579/182687704666362864775460604089535377456991567872",
          "978623391528605459397466851716832379488790457774852993287/784637716923335095479473677900958302012794430558004314112"
        ],
        "rAB": [
          "29734325505810551511351590757032639993076019323311831209469970159387290490961/7237005577332262213973186563042994240829374041602535252466099000494570602496",
          "7380685491782696082400971968262755598973993140428624127037420609691/1684996666696914987166688442938726917102321526408785780068975640576"
        ],
        "rB": [
          "6616118156895607210871849704305258117296682951301218030435096072107406152765/3618502788666131106986593281521497120414687020801267626233049500247285301248",
          "16613821986092971334222517583106001928876839733363683782905152864653727316625220158005/7770675568902916283677847627294075626569627356208558085007249638955617140820833992704"
        ],
        "rC": [
          "432345564227567615/144115188075855872",
          "27670116110564327459/9223372036854775808"
        ],
        "rR": [
          "2882303761517117435/576460752303423488",
          "184467440737095516291/36893488147419103232"
        ],
        "u": [
          "84389405446197074830360293403887603264150296076696720908096418835848625222698642145859771996009010873826562530396136460739/1322111937580497197903830616065542079656809365928562438569297590548811582472622691650378420879430569695182424050046716608512",
          "1624565974831758990131879585322011924080441361250579051730380148493155915648216972784788039485130435448017002498975474421295855710240442879935/24388660549343689307668728357759111763660922989570087116087163747073216709529418907189891430183531024686147899385989241370687309994439728955392"
        ],
        "v": [
          "1424016593836202842315351875129459185715465741609974144126054479743590089107541208312609120434892917729232449916141446512346627362703127146561/24388660549343689307668728357759111763660922989570087116087163747073216709529418907189891430183531024686147899385989241370687309994439728955392",
          "80874586751365045506489303036269284705406057642405545010225337783508377954222265958741637631947080323292386299473094323773/1322111937580497197903830616065542079656809365928562438569297590548811582472622691650378420879430569695182424050046716608512"
        ]
      },
      "id": "r10101"
    },
    {
      "box": {
        "g": [
          "201487636602438135861503/604462909807314587353088",
          "402975273204876489356799/1208925819614629174706176"
        ],
        "h": [
          "2251799813685247/36028797018963968",
          "36893488147419116419/590295810358705651712"
        ],
        "rA": [
          "35205833050082965919348685787280209743761570761/45671926166590716193865151022383844364247891968",
          "28605658497765116541875178821775546568866159539789250233/24519928653854221733733552434404946937899825954937634816"
        ],
        "rAB": [
          "7380685491782696082400971968262755598973993140428624127037420609691/1684996666696914987166688442938726917102321526408785780068975640576",
          "4171467525448367556862491317026429869632451413742839742657808406733133397007/904625697166532776746648320380374280103671755200316906558262375061821325312"
        ],
        "rB": [
          "1123084889524305198321127/604462909807314587353088",
          "32396757463575819205938567497710617071596797971807926742690935873703330847624038432785/15541351137805832567355695254588151253139254712417116170014499277911234281641667985408"
        ],
        "rC": [
          "432345564227567615/144115188075855872",
          "27670116110564327459/9223372036854775808"
        ],
        "rR": [
          "2882303761517117435/576460752303423488",
          "184467440737095516291/36893488147419103232"
        ],
        "u": [
          "176921918890126428380567992784784008521977923762734023518074441096343916053476032816984434972410484016804466396860024093653/2644223875160994395807661232131084159313618731857124877138595181097623164945245383300756841758861139390364848100093433217024",
          "781835314722554204769548245602172242121034608496086012661420101759236855843874084499567868063840662257577973187615753085547930961595/11356855067118857664833184498250070849275646260739344691898284362197488876771842551971735167402555711886914400097909030211478150447104"
        ],
        "v": [
          "637771568667303314856711306922937886119581965856778720237554050632886972218800961814636783761300198222328904508487160818289386207557/11356855067118857664833184498250070849275646260739344691898284362197488876771842551971735167402555711886914400097909030211478150447104",
          "153606065504997812293131200095529767417134783675470508318569072142370090300365783392218384283501698377433431262878437475371/2644223875160994395807661232131084159313618731857124877138595181097623164945245383300756841758861139390364848100093433217024"
        ]
      },
      "id": "r10110"
    },
    {
      "box": {
        "g": [
          "201487636602438135861503/604462909807314587353088",
          "402975273204876489356799/1208925819614629174706176"
        ],
        "h": [
          "2251799813685247/36028797018963968",
          "36893488147419116419/590295810358705651712"
        ],
        "rA": [
          "35205833050082965919348685787280209743761570761/45671926166590716193865151022383844364247891968",
          "28605658497765116541875178821775546568866159539789250233/24519928653854221733733552434404946937899825954937634816"
        ],
        "rAB": [
          "7380685491782696082400971968262755598973993140428624127037420609691/1684996666696914987166688442938726917102321526408785780068975640576",
          "4171467525448367556862491317026429869632451413742839742657808406733133397007/904625697166532776746648320380374280103671755200316906558262375061821325312"
        ],
        "rB": [
          "1123084889524305198321127/604462909807314587353088",
          "32396757463575819205938567497710617071596797971807926742690935873703330847624038432785/15541351137805832567355695254588151253139254712417116170014499277911234281641667985408"
        ],
        "rC": [
          "432345564227567615/144115188075855872",
          "27670116110564327459/9223372036854775808"
        ],
        "rR": [
          "2882303761517117435/576460752303423488",
          "184467440737095516291/36893488147419103232"
        ],
        "u": [
          "176921918890126428380567992784784008521977923762734023518074441096343916053476032816984434972410484016804466396860024093653/2644223875160994395807661232131084159313618731857124877138595181097623164945245383300756841758861139390364848100093433217024",
          "781835314722554204769548245602172242121034608496086012661420101759236855843874084499567868063840662257577973187615753085547930961595/11356855067118857664833184498250070849275646260739344691898284362197488876771842551971735167402555711886914400097909030211478150447104"
        ],
        "v": [
          "637771568667303314856711306922937886119581965856778720237554050632886972218800961814636783761300198222328904508487160818289386207557/11356855067118857664833184498250070849275646260739344691898284362197488876771842551971735167402555711886914400097909030211478150447104",
          "153606065504997812293131200095529767417134783675470508318569072142370090300365783392218384283501698377433431262878437475371/2644223875160994395807661232131084159313618731857124877138595181097623164945245383300756841758861139390364848100093433217024"
        ]
      },
      "id": "r10111"
    }
  ],
  "ranked_histories": null,
  "raw_feature_order": [
    "AC1",
    "AC2",
    "CC1",
    "BC1",
    "BC2",
    "AB1",
    "AB2",
    "AA1",
    "BB1"
  ],
  "recommended_history": null,
  "request_sha256": "a73fc025632555e058b8dc6f2c1440e6f625409caefd36ae56b660f0ba79cedb",
  "schema": "global-triangular-outer-cover-v1",
  "source_feasibility_certified": false,
  "statistical_coverage_verified": false,
  "status": "UNKNOWN_OUTER_COVER",
  "whole_union_width_target_met": false,
  "width_certificate_is_conditional_geometry_only": true,
  "widths": {
    "g": {
      "met": true,
      "normalized_ratio": "217633793/604462909807314587353088",
      "original": "1/2",
      "pre_fixed": false,
      "tolerance": "1/40",
      "width": "217633793/1208925819614629174706176"
    },
    "h": {
      "met": true,
      "normalized_ratio": "9857/18446744073709551616",
      "original": "3/32",
      "pre_fixed": false,
      "tolerance": "3/640",
      "width": "29571/590295810358705651712"
    },
    "rA": {
      "met": false,
      "normalized_ratio": "40311029544182116958925587064216209859606968376389046859819747131/421249166674228746791672110734681729275580381602196445017243910144",
      "original": "11/2",
      "pre_fixed": false,
      "tolerance": "11/40",
      "width": "443421324986003286548181457706378308455676652140279515458017218441/842498333348457493583344221469363458551160763204392890034487820288"
    },
    "rAB": {
      "met": false,
      "normalized_ratio": "78284699930031700596021070879774079545616742983414026523867433919900639885/452312848583266388373324160190187140051835877600158453279131187530910662656",
      "original": "11/2",
      "pre_fixed": false,
      "tolerance": "11/40",
      "width": "861131699230348706556231779677514875001784172817554291762541773118907038735/904625697166532776746648320380374280103671755200316906558262375061821325312"
    },
    "rB": {
      "met": false,
      "normalized_ratio": "913846494187238777834185157382437908527028429781754203722476814985277112848811685755/15541351137805832567355695254588151253139254712417116170014499277911234281641667985408",
      "original": "11/2",
      "pre_fixed": false,
      "tolerance": "11/40",
      "width": "10052311436059626556176036731206816993797312727599296240947244964838048241336928543305/31082702275611665134711390509176302506278509424834232340028998555822468563283335970816"
    },
    "rC": {
      "met": true,
      "normalized_ratio": "9/4611686018427387904",
      "original": "11/2",
      "pre_fixed": false,
      "tolerance": "11/40",
      "width": "99/9223372036854775808"
    },
    "rR": {
      "met": true,
      "normalized_ratio": "41/18446744073709551616",
      "original": "11/2",
      "pre_fixed": false,
      "tolerance": "11/40",
      "width": "451/36893488147419103232"
    },
    "u": {
      "met": false,
      "normalized_ratio": "70733495543519089007677768660589251113218041004789427692861428021600099481938926595257013224999770722334080421128757269517177643863/709803441694928604052074031140629428079727891296209043243642772637343054798240159498233447962659731992932150006119314388217384402944",
      "original": "3/32",
      "pre_fixed": false,
      "tolerance": "3/640",
      "width": "212200486630557267023033305981767753339654123014368283078584284064800298445816779785771039674999312167002241263386271808551532931589/22713710134237715329666368996500141698551292521478689383796568724394977753543685103943470334805111423773828800195818060422956300894208"
    },
    "v": {
      "met": false,
      "normalized_ratio": "70733495543518712957085427485544972203980835239615875891795128940730679698080098769633113965000449089888661485307900235166250623831/709803441694928604052074031140629428079727891296209043243642772637343054798240159498233447962659731992932150006119314388217384402944",
      "original": "3/32",
      "pre_fixed": false,
      "tolerance": "3/640",
      "width": "212200486630556138871256282456634916611942505718847627675385386822192039094240296308899341895001347269665984455923700705498751871493/22713710134237715329666368996500141698551292521478689383796568724394977753543685103943470334805111423773828800195818060422956300894208"
    }
  }
}
