{
  "certificate_issued": false,
  "checkpoint": "state-000303-e148b7fca9bc6f43c2a3d05f41c9149306fd1901df63949618789dc5c7852f82.json",
  "requires_independent_complete_chain_replay": true,
  "schema": "global-triangular-worker-outcome-v1",
  "splits": 16,
  "stages_started": 144,
  "stop_reason": "wall_budget",
  "whole_union_width_goal_observed": false,
  "widths": {
    "g": {
      "met": true,
      "normalized_ratio": "217633793/604462909807314587353088",
      "original": "1/2",
      "pre_fixed": false,
      "tolerance": "1/40",
      "width": "217633793/1208925819614629174706176"
    },
    "h": {
      "met": true,
      "normalized_ratio": "9857/18446744073709551616",
      "original": "3/32",
      "pre_fixed": false,
      "tolerance": "3/640",
      "width": "29571/590295810358705651712"
    },
    "rA": {
      "met": false,
      "normalized_ratio": "40311029544182116958925587064216209859606968376389046859819747131/421249166674228746791672110734681729275580381602196445017243910144",
      "original": "11/2",
      "pre_fixed": false,
      "tolerance": "11/40",
      "width": "443421324986003286548181457706378308455676652140279515458017218441/842498333348457493583344221469363458551160763204392890034487820288"
    },
    "rAB": {
      "met": false,
      "normalized_ratio": "78284699930031700596021070879774079545616742983414026523867433919900639885/452312848583266388373324160190187140051835877600158453279131187530910662656",
      "original": "11/2",
      "pre_fixed": false,
      "tolerance": "11/40",
      "width": "861131699230348706556231779677514875001784172817554291762541773118907038735/904625697166532776746648320380374280103671755200316906558262375061821325312"
    },
    "rB": {
      "met": false,
      "normalized_ratio": "913846494187238777834185157382437908527028429781754203722476814985277112848811685755/15541351137805832567355695254588151253139254712417116170014499277911234281641667985408",
      "original": "11/2",
      "pre_fixed": false,
      "tolerance": "11/40",
      "width": "10052311436059626556176036731206816993797312727599296240947244964838048241336928543305/31082702275611665134711390509176302506278509424834232340028998555822468563283335970816"
    },
    "rC": {
      "met": true,
      "normalized_ratio": "9/4611686018427387904",
      "original": "11/2",
      "pre_fixed": false,
      "tolerance": "11/40",
      "width": "99/9223372036854775808"
    },
    "rR": {
      "met": true,
      "normalized_ratio": "41/18446744073709551616",
      "original": "11/2",
      "pre_fixed": false,
      "tolerance": "11/40",
      "width": "451/36893488147419103232"
    },
    "u": {
      "met": false,
      "normalized_ratio": "70733495543519089007677768660589251113218041004789427692861428021600099481938926595257013224999770722334080421128757269517177643863/709803441694928604052074031140629428079727891296209043243642772637343054798240159498233447962659731992932150006119314388217384402944",
      "original": "3/32",
      "pre_fixed": false,
      "tolerance": "3/640",
      "width": "212200486630557267023033305981767753339654123014368283078584284064800298445816779785771039674999312167002241263386271808551532931589/22713710134237715329666368996500141698551292521478689383796568724394977753543685103943470334805111423773828800195818060422956300894208"
    },
    "v": {
      "met": false,
      "normalized_ratio": "70733495543518712957085427485544972203980835239615875891795128940730679698080098769633113965000449089888661485307900235166250623831/709803441694928604052074031140629428079727891296209043243642772637343054798240159498233447962659731992932150006119314388217384402944",
      "original": "3/32",
      "pre_fixed": false,
      "tolerance": "3/640",
      "width": "212200486630556138871256282456634916611942505718847627675385386822192039094240296308899341895001347269665984455923700705498751871493/22713710134237715329666368996500141698551292521478689383796568724394977753543685103943470334805111423773828800195818060422956300894208"
    }
  }
}
