G1FiniteOriginalCausalCoordinates.lean:34:0: warning: automatically included section variable(s) unused in theorem `G1FiniteOriginalCausalCoordinates.actual_quotient_panel_projection`:
  [Fintype Copy]
  [DecidableEq E]
consider restructuring your `variable` declarations so that the variables are not in scope or explicitly omit them:
  omit [Fintype Copy] [DecidableEq E] in theorem ...

Note: This linter can be disabled with `set_option linter.unusedSectionVars false`
G1FiniteOriginalCausalCoordinates.lean:58:45: warning: This simp argument is unused:
  originalPanelViews

Hint: Omit it from the simp argument list.
  [apply] simp [joinOriginalPanelViews, panelUnion, unrankedView, selectedView, selectedLocation]

Note: This linter can be disabled with `set_option linter.unusedSimpArgs false`
G1FiniteOriginalCausalCoordinates.lean:79:0: warning: automatically included section variable(s) unused in theorem `G1FiniteOriginalCausalCoordinates.panel_union_append`:
  [Fintype Copy]
consider restructuring your `variable` declarations so that the variables are not in scope or explicitly omit them:
  omit [Fintype Copy] in theorem ...

Note: This linter can be disabled with `set_option linter.unusedSectionVars false`
'G1FiniteOriginalCausalCoordinates.actual_finite_original_whole_view' depends on axioms: [propext,
 Classical.choice,
 Quot.sound]
'G1FiniteOriginalCausalCoordinates.actual_active_original_panel_cover' depends on axioms: [propext,
 Classical.choice,
 Quot.sound]
