{
  "all_nine_coordinates": [
    "h",
    "u",
    "v",
    "rA",
    "rB",
    "rC",
    "rAB",
    "rR",
    "g"
  ],
  "augmented_states": [
    {
      "id": "r0",
      "state": {
        "aux": {
          "A": [
            "1/16",
            "13/64"
          ],
          "L": [
            "1/16",
            "1/4"
          ],
          "T": [
            "3/32",
            "21/64"
          ]
        },
        "moments": {
          "AA1": [
            "48478942854083271218289/1208925819614629174706176",
            "1"
          ],
          "AB1": [
            "14639376818922215947725/604462909807314587353088",
            "1"
          ],
          "AB2": [
            "7784599547006432559649/1208925819614629174706176",
            "54171960476154991596987/75557863725914323419136"
          ],
          "AC1": [
            "39785941484688193138039/604462909807314587353088",
            "162954064902308044912543/302231454903657293676544"
          ],
          "AC2": [
            "4501710150289191345759/302231454903657293676544",
            "194095740418543351347397/604462909807314587353088"
          ],
          "BB1": [
            "26903580628708627209079/1208925819614629174706176",
            "1"
          ],
          "BC1": [
            "34121335195037883313177/1208925819614629174706176",
            "1"
          ],
          "BC2": [
            "10150302886736142979695/1208925819614629174706176",
            "914258394941823328040239/1208925819614629174706176"
          ],
          "CC1": [
            "30070764972709818719851/604462909807314587353088",
            "1"
          ]
        },
        "physical": {
          "g": [
            "1/6",
            "2/3"
          ],
          "h": [
            "1/32",
            "5/64"
          ],
          "rA": [
            "1/2",
            "6"
          ],
          "rAB": [
            "1/2",
            "6"
          ],
          "rB": [
            "1/2",
            "6"
          ],
          "rC": [
            "1/2",
            "6"
          ],
          "rR": [
            "1/2",
            "6"
          ],
          "u": [
            "1/32",
            "1/8"
          ],
          "v": [
            "1/32",
            "1/8"
          ]
        }
      },
      "status": "pending",
      "step": 12
    },
    {
      "id": "r1",
      "state": {
        "aux": {
          "A": [
            "1/16",
            "1/4"
          ],
          "L": [
            "1/16",
            "1/4"
          ],
          "T": [
            "3/32",
            "3/8"
          ]
        },
        "moments": {
          "AA1": [
            "43736964454044873097257/1208925819614629174706176",
            "1"
          ],
          "AB1": [
            "12919204698467582941991/604462909807314587353088",
            "1"
          ],
          "AB2": [
            "6062652223105913288487/1208925819614629174706176",
            "54171960476154991596987/75557863725914323419136"
          ],
          "AC1": [
            "70221940253298578741795/1208925819614629174706176",
            "162954064902308044912543/302231454903657293676544"
          ],
          "AC2": [
            "14023741560822855666693/1208925819614629174706176",
            "194095740418543351347397/604462909807314587353088"
          ],
          "BB1": [
            "23926026457768011558725/1208925819614629174706176",
            "1"
          ],
          "BC1": [
            "7527993155417918372787/302231454903657293676544",
            "1"
          ],
          "BC2": [
            "3952531918301024753631/604462909807314587353088",
            "914258394941823328040239/1208925819614629174706176"
          ],
          "CC1": [
            "56432143624499905847157/1208925819614629174706176",
            "1"
          ]
        },
        "physical": {
          "g": [
            "1/6",
            "2/3"
          ],
          "h": [
            "5/64",
            "1/8"
          ],
          "rA": [
            "1/2",
            "6"
          ],
          "rAB": [
            "1/2",
            "6"
          ],
          "rB": [
            "1/2",
            "6"
          ],
          "rC": [
            "1/2",
            "6"
          ],
          "rR": [
            "1/2",
            "6"
          ],
          "u": [
            "1/32",
            "1/8"
          ],
          "v": [
            "1/32",
            "1/8"
          ]
        }
      },
      "status": "pending",
      "step": 0
    }
  ],
  "details": {
    "checkpoint_sha256": "6944f38ca51e8f9191e92a01cd3df0cac9b38b16b83a37d74fd17f10b426908f",
    "exclusions": 0,
    "inflight_pre_state_retained": false,
    "operations_recomputed": 24,
    "splits": 1
  },
  "export_is_enlargement_only": true,
  "mode": "normal_validated",
  "parameter_accuracy_released": false,
  "physical_cell_mesh": "11/2",
  "physical_cover": [
    {
      "box": {
        "g": [
          "1/6",
          "2/3"
        ],
        "h": [
          "1/32",
          "5/64"
        ],
        "rA": [
          "1/2",
          "6"
        ],
        "rAB": [
          "1/2",
          "6"
        ],
        "rB": [
          "1/2",
          "6"
        ],
        "rC": [
          "1/2",
          "6"
        ],
        "rR": [
          "1/2",
          "6"
        ],
        "u": [
          "1/32",
          "1/8"
        ],
        "v": [
          "1/32",
          "1/8"
        ]
      },
      "id": "r0"
    },
    {
      "box": {
        "g": [
          "1/6",
          "2/3"
        ],
        "h": [
          "5/64",
          "1/8"
        ],
        "rA": [
          "1/2",
          "6"
        ],
        "rAB": [
          "1/2",
          "6"
        ],
        "rB": [
          "1/2",
          "6"
        ],
        "rC": [
          "1/2",
          "6"
        ],
        "rR": [
          "1/2",
          "6"
        ],
        "u": [
          "1/32",
          "1/8"
        ],
        "v": [
          "1/32",
          "1/8"
        ]
      },
      "id": "r1"
    }
  ],
  "physical_union_sup_diameter": "11/2",
  "ranked_histories": null,
  "recommended_history": null,
  "request_sha256": "d1bc5c7fd60a39bd733f5bf140c251ab2e75bf192d24b40ab74e5a0f4d3f5c80",
  "schema": "joint-nine-outer-cover-v1",
  "statistical_coverage_verified": false,
  "status": "UNKNOWN_OUTER_COVER"
}
