ordinary-current-targets exit 0 seconds 2.447
exact-kernel-guard-reuse NanuqActualBridgeQuartetResolution
exact-kernel-guard-reuse NanuqActualQuartetPortBranching
exact-kernel-guard-reuse NanuqCutWalkLocality
exact-kernel-guard-reuse NanuqActualPortCutFibre
exact-kernel-guard-reuse NanuqActualQuartetCutLocality
exact-kernel-guard-reuse NanuqActualQuartetCutLocalization
exact-kernel-guard-reuse NanuqActualFourPortInvariance
exact-kernel-guard-reuse NanuqActualBlobInternalPaths
exact-kernel-guard-reuse NanuqActualSelectedBlobGraph
exact-kernel-guard-reuse NanuqActualBlobSwitchingRestriction
exact-kernel-guard-reuse NanuqActualPortLeafCap
exact-kernel-guard-reuse NanuqActualCappedBlobCutReadout
exact-kernel-guard-reuse NanuqActualCappedQuartetReadout
exact-kernel-guard-reuse NanuqEdgeOccurrenceReadoutEquiv
exact-kernel-guard-reuse NanuqActualLocalChoiceCapGraph
exact-kernel-guard-reuse NanuqActualLocalChoiceQuartetMean
exact-kernel-guard-reuse NanuqActualRootedCapBoundary
exact-kernel-guard-reuse NanuqActualRootedCapIncidence
exact-kernel-guard-reuse NanuqActualRootedCapDegrees
exact-kernel-guard-reuse NanuqActualRootedCapPaths
exact-kernel-guard-reuse NanuqActualRootedCapAdmission
exact-kernel-guard-reuse NanuqActualPortCardinality
exact-kernel-guard-reuse NanuqActualRootedCapSwitching
exact-kernel-guard-reuse NanuqActualRootedCapReadout
guard-NanuqActualPortPairQuartet exit 0 seconds 2.021
guard-NanuqActualAnchorPatterns exit 0 seconds 4.068
guard-NanuqActualDistinctAnchor exit 0 seconds 2.082
guard-NanuqActualFullAnchor exit 0 seconds 2.8
guard-NanuqActualWeightedAnchorComposition exit 0 seconds 2.198
guard-NanuqActualQuartetWitnessSymmetry exit 0 seconds 2.156
guard-NanuqActualNanuqAnchorBridge exit 0 seconds 2.101
audit-Owned exit 0 seconds 2.814
Owned 352 280
audit-Closure exit 0 seconds 2.924
Closure 941 684
audit-GuardedOwned exit 0 seconds 2.664
GuardedOwned 352 280
audit-GuardedClosure exit 0 seconds 2.907
GuardedClosure 941 684
default-current-after-guards exit 0 seconds 1.18
THIRTYONE_CERTIFICATION_TERMINAL_PASS
