{
  "all_cells_meet_requested_mesh": false,
  "all_nine_coordinates": [
    "h",
    "u",
    "v",
    "rA",
    "rB",
    "rC",
    "rAB",
    "rR",
    "g"
  ],
  "cell_mesh_sup_width": "1/64",
  "conditional_coverage": "Contains every x in the authenticated original box whose330 true feature means satisfy all supplied intervals. A probability guarantee requires separate source/data/interval admission.",
  "details": {
    "checkpoint_sha256": "c5dc93f6c8df072d894f270f1cfefaa2fc866ef57c9b565a5b7cb0cce8a065a7",
    "evaluations_started": 1,
    "exclusion_witnesses_recomputed": 0,
    "inflight_cell_included": false,
    "inherited_exclusions": false,
    "original_request_authenticated": true,
    "split_count": 0
  },
  "diameter_is_only_geometric": true,
  "mode": "normal_validated",
  "model": "fixed-six-copy-clock-jc-330-v1",
  "parameter_accuracy_released": false,
  "quantity": "shifted_bernoulli_character_mean",
  "ranked_histories": null,
  "recommended_history": null,
  "request_sha256": "b84ffcd11af7ee30e0ccbef5aaa8acd480cfa7b36b40b281fe38e975d745bb21",
  "retained_cover": [
    {
      "box": {
        "g": [
          "509/1536",
          "515/1536"
        ],
        "h": [
          "680564733841876926926749214863536422929/10889035741470030830827987437816582766608",
          "680564733841876926926749214863536422927/10889035741470030830827987437816582766576"
        ],
        "rA": [
          "127/128",
          "129/128"
        ],
        "rAB": [
          "511/128",
          "513/128"
        ],
        "rB": [
          "255/128",
          "257/128"
        ],
        "rC": [
          "383/128",
          "385/128"
        ],
        "rR": [
          "639/128",
          "641/128"
        ],
        "u": [
          "31/512",
          "33/512"
        ],
        "v": [
          "31/512",
          "33/512"
        ]
      },
      "id": "r",
      "status": "unsupported"
    }
  ],
  "schema": "bounded-msci-outer-cover-v1",
  "statistical_coverage_verified": false,
  "status": "UNKNOWN_OUTER_COVER",
  "union_sup_diameter": "1/64"
}
