{
  "augmented_states": [
    {
      "birth_order": 25,
      "id": "r01100",
      "root_prefix": false,
      "stage_index": 2,
      "state": {
        "aux": {
          "A": [
            "1481192383210318621761990961108048862009929850321474108134548884549755304559456482959025992715960392595135337065510583537801271418101610588347/12194330274671844653834364178879555881830461494785043558043581873536608354764709453594945715091765512343073949692994620685343654997219864477696",
            "1385185468320721455075906009330398065151949860803462755706725375457517507898941435430314597793994671044869839338989781452158779001853/11356855067118857664833184498250070849275646260739344691898284362197488876771842551971735167402555711886914400097909030211478150447104"
          ],
          "L": [
            "36893488147419099475/295147905179352825856",
            "36893488147419111463/295147905179352825856"
          ],
          "T": [
            "1729382256910270461/9223372036854775808",
            "55340232221128654887/295147905179352825856"
          ]
        },
        "moments": {
          "AA1": [
            "31622989840644945627/73786976294838206464",
            "7905747460161236407/18446744073709551616"
          ],
          "AB1": [
            "10749672933281695819/36893488147419103232",
            "21499345866563391639/73786976294838206464"
          ],
          "AB2": [
            "9355609562538138945/73786976294838206464",
            "4677804781269069473/36893488147419103232"
          ],
          "AC1": [
            "19180312890132283371/73786976294838206464",
            "4795078222533070843/18446744073709551616"
          ],
          "AC2": [
            "7403103165020602117/73786976294838206464",
            "3701551582510301059/36893488147419103232"
          ],
          "BB1": [
            "14323414896554548067/36893488147419103232",
            "28646829793109096135/73786976294838206464"
          ],
          "BC1": [
            "5427409063897672117/18446744073709551616",
            "21709636255590688469/73786976294838206464"
          ],
          "BC2": [
            "2435456864499286871/18446744073709551616",
            "9741827457997147485/73786976294838206464"
          ],
          "CC1": [
            "31622989840644945627/73786976294838206464",
            "7905747460161236407/18446744073709551616"
          ]
        },
        "physical": {
          "g": [
            "402975273204876281556483/1208925819614629174706176",
            "201487636602438221335867/604462909807314587353088"
          ],
          "h": [
            "2251799813685247/36028797018963968",
            "18446744073709555277/295147905179352825856"
          ],
          "rA": [
            "7045222504107018328399256555859584915110101027279930524547000482354370054943/3618502788666131106986593281521497120414687020801267626233049500247285301248",
            "1271846960667992983261459/604462909807314587353088"
          ],
          "rAB": [
            "29011937133935502697705861513371930155745242808458727708033892141945195532869513308219/15541351137805832567355695254588151253139254712417116170014499277911234281641667985408",
            "542819545508895269653823692601553356040289845635425771412787546389912187608438985347576075750054923491279/286687326998758938951352611912760867599570623646035140467198604923365359511060601008752319138765710819328"
          ],
          "rB": [
            "111434791382175571620799425456045233296449429730781540861486428074147288129/56539106072908298546665520023773392506479484700019806659891398441363832832",
            "622252735608941512977667/302231454903657293676544"
          ],
          "rC": [
            "4611686018427387901/2305843009213693952",
            "9223372036854775813/4611686018427387904"
          ],
          "rR": [
            "4611686018427387901/2305843009213693952",
            "9223372036854775813/4611686018427387904"
          ],
          "u": [
            "719046741043328179639474341109319071710404587648985335019978496689120794817959673384366778264235231447587001472344805555503091505118197065915/12194330274671844653834364178879555881830461494785043558043581873536608354764709453594945715091765512343073949692994620685343654997219864477696",
            "675382026625793166239881549345602335304542770656164153100996766543747796687048509897855321809019830366067728412195593516965317053437/11356855067118857664833184498250070849275646260739344691898284362197488876771842551971735167402555711886914400097909030211478150447104"
          ],
          "v": [
            "744224856764064353386378003179507792936073803696700579797977385848376031375626536416349330016121030113839149283907320386872000115715/11356855067118857664833184498250070849275646260739344691898284362197488876771842551971735167402555711886914400097909030211478150447104",
            "805244543290652252443276246358098825778575243280600968580359131463794233965257978071390445002254546418089728948731914656704243204871549867845/12194330274671844653834364178879555881830461494785043558043581873536608354764709453594945715091765512343073949692994620685343654997219864477696"
          ]
        }
      },
      "status": "inflight"
    },
    {
      "birth_order": 26,
      "id": "r01101",
      "root_prefix": false,
      "stage_index": 0,
      "state": {
        "aux": {
          "A": [
            "1292554292837385046038659412709645637071119733907651919557725324938831247966580741426208510799425331833846793837640179603957/10576895500643977583230644928524336637254474927428499508554380724390492659780981533203027367035444557561459392400373732868096",
            "151755878424547360861678031602140879688161006518078093236209611342125574935208552737006646678879886023563736405591/1231312693637327475383720003129487931408741852202045208373384168882678805359287831606695820465153613775207124697088"
          ],
          "L": [
            "36893488147419099475/295147905179352825856",
            "36893488147419111463/295147905179352825856"
          ],
          "T": [
            "1729382256910270461/9223372036854775808",
            "55340232221128654887/295147905179352825856"
          ]
        },
        "moments": {
          "AA1": [
            "31622989840644945627/73786976294838206464",
            "7905747460161236407/18446744073709551616"
          ],
          "AB1": [
            "10749672933281695819/36893488147419103232",
            "21499345866563391639/73786976294838206464"
          ],
          "AB2": [
            "9355609562538138945/73786976294838206464",
            "4677804781269069473/36893488147419103232"
          ],
          "AC1": [
            "19180312890132283371/73786976294838206464",
            "4795078222533070843/18446744073709551616"
          ],
          "AC2": [
            "7403103165020602117/73786976294838206464",
            "3701551582510301059/36893488147419103232"
          ],
          "BB1": [
            "14323414896554548067/36893488147419103232",
            "28646829793109096135/73786976294838206464"
          ],
          "BC1": [
            "5427409063897672117/18446744073709551616",
            "21709636255590688469/73786976294838206464"
          ],
          "BC2": [
            "2435456864499286871/18446744073709551616",
            "9741827457997147485/73786976294838206464"
          ],
          "CC1": [
            "31622989840644945627/73786976294838206464",
            "7905747460161236407/18446744073709551616"
          ]
        },
        "physical": {
          "g": [
            "402975273204876281556483/1208925819614629174706176",
            "201487636602438221335867/604462909807314587353088"
          ],
          "h": [
            "2251799813685247/36028797018963968",
            "18446744073709555277/295147905179352825856"
          ],
          "rA": [
            "7045222504107018328399256555859584915110101027279930524547000482354370054943/3618502788666131106986593281521497120414687020801267626233049500247285301248",
            "1271846960667992983261459/604462909807314587353088"
          ],
          "rAB": [
            "6716121751759755478424087464312100298822486570199393814357409033793499819589/3618502788666131106986593281521497120414687020801267626233049500247285301248",
            "1632021920921875670176142504827028352020135692838658691484674388559/842498333348457493583344221469363458551160763204392890034487820288"
          ],
          "rB": [
            "111434791382175571620799425456045233296449429730781540861486428074147288129/56539106072908298546665520023773392506479484700019806659891398441363832832",
            "622252735608941512977667/302231454903657293676544"
          ],
          "rC": [
            "4611686018427387901/2305843009213693952",
            "9223372036854775813/4611686018427387904"
          ],
          "rR": [
            "4611686018427387901/2305843009213693952",
            "9223372036854775813/4611686018427387904"
          ],
          "u": [
            "310239773633077762461040224376880836505225677759327049065088520577912762725626226541142746034597796711497431652721357052405/5288447750321988791615322464262168318627237463714249754277190362195246329890490766601513683517722278780729696200186866434048",
            "74798835072214427825988106141109202295461939468284101356145458493402468752918788417103770390056585530006682097239/1231312693637327475383720003129487931408741852202045208373384168882678805359287831606695820465153613775207124697088"
          ],
          "v": [
            "79115251632451540372271899749467467001911520863014361845792822381504306704587614222582621074466313429982208174505/1231312693637327475383720003129487931408741852202045208373384168882678805359287831606695820465153613775207124697088",
            "350816195157170771592031434311835398210731483453712767366760346825288105248600929757213205088773934779787535334214214526475/5288447750321988791615322464262168318627237463714249754277190362195246329890490766601513683517722278780729696200186866434048"
          ]
        }
      },
      "status": "pending"
    },
    {
      "birth_order": 27,
      "id": "r01110",
      "root_prefix": false,
      "stage_index": 0,
      "state": {
        "aux": {
          "A": [
            "40781150548921285026110460798496508617787127971318661733984968298624243128104538163588052533619724008313068165181636227051/330527984395124299475957654016385519914202341482140609642324397637202895618155672912594605219857642423795606012511679152128",
            "353572602434513301397066078377539997607666653832779249447220677650619848922630128358077622242232476615312886400110474238005001905067/2839213766779714416208296124562517712318911565184836172974571090549372219192960637992933791850638927971728600024477257552869537611776"
          ],
          "L": [
            "36893488147419099475/295147905179352825856",
            "36893488147419111463/295147905179352825856"
          ],
          "T": [
            "1729382256910270461/9223372036854775808",
            "55340232221128654887/295147905179352825856"
          ]
        },
        "moments": {
          "AA1": [
            "31622989840644945627/73786976294838206464",
            "7905747460161236407/18446744073709551616"
          ],
          "AB1": [
            "10749672933281695819/36893488147419103232",
            "21499345866563391639/73786976294838206464"
          ],
          "AB2": [
            "9355609562538138945/73786976294838206464",
            "4677804781269069473/36893488147419103232"
          ],
          "AC1": [
            "19180312890132283371/73786976294838206464",
            "4795078222533070843/18446744073709551616"
          ],
          "AC2": [
            "7403103165020602117/73786976294838206464",
            "3701551582510301059/36893488147419103232"
          ],
          "BB1": [
            "14323414896554548067/36893488147419103232",
            "28646829793109096135/73786976294838206464"
          ],
          "BC1": [
            "5427409063897672117/18446744073709551616",
            "21709636255590688469/73786976294838206464"
          ],
          "BC2": [
            "2435456864499286871/18446744073709551616",
            "9741827457997147485/73786976294838206464"
          ],
          "CC1": [
            "31622989840644945627/73786976294838206464",
            "7905747460161236407/18446744073709551616"
          ]
        },
        "physical": {
          "g": [
            "402975273204876281556483/1208925819614629174706176",
            "201487636602438221335867/604462909807314587353088"
          ],
          "h": [
            "2251799813685247/36028797018963968",
            "18446744073709555277/295147905179352825856"
          ],
          "rA": [
            "13824104919890710348923200485821668725699489500591474421023194991373639366223/7237005577332262213973186563042994240829374041602535252466099000494570602496",
            "65351585149595333305820412006071705433869806091105151581014029708942685164650795677109/31082702275611665134711390509176302506278509424834232340028998555822468563283335970816"
          ],
          "rAB": [
            "1632021920921875670176142504827028352020135692838658691484674388559/842498333348457493583344221469363458551160763204392890034487820288",
            "7336551778493232487774361473350606486350978081076658932075417544000419232089/3618502788666131106986593281521497120414687020801267626233049500247285301248"
          ],
          "rB": [
            "3446156377573550624163683415183674220147393779202916752728296831609948647/1766847064778384329583297500742918515827483896875618958121606201292619776",
            "30472066413054738058359102509806926187474587244612987598017027775769177735414921/14821387422376473014217086081112052205218558037201992197050570753012880593911808"
          ],
          "rC": [
            "4611686018427387901/2305843009213693952",
            "9223372036854775813/4611686018427387904"
          ],
          "rR": [
            "4611686018427387901/2305843009213693952",
            "9223372036854775813/4611686018427387904"
          ],
          "u": [
            "20123151524226012209010356866001806197751387048147622529667610758273088517539759292329869512094010837129591355722830852075/330527984395124299475957654016385519914202341482140609642324397637202895618155672912594605219857642423795606012511679152128",
            "89693464321777898027124085666407980893162889037786445979552510938210748993181782784725629095883966414211962635387347251152943637419/1419606883389857208104148062281258856159455782592418086487285545274686109596480318996466895925319463985864300012238628776434768805888"
          ],
          "v": [
            "87757396101954291926158358399230785136914182756321645632819258110804729514652598004549952382258641145776397076625516986826721008725/1419606883389857208104148062281258856159455782592418086487285545274686109596480318996466895925319463985864300012238628776434768805888",
            "21192846525164521169306621802042958471995935527667365997322943454426965730849437976317377433116722381075719080960642371605/330527984395124299475957654016385519914202341482140609642324397637202895618155672912594605219857642423795606012511679152128"
          ]
        }
      },
      "status": "pending"
    },
    {
      "birth_order": 28,
      "id": "r01111",
      "root_prefix": false,
      "stage_index": 0,
      "state": {
        "aux": {
          "A": [
            "353572602434513301397066078377539997607666653832779249447220677650619848922630128358077622242232476615312886400110474238005001905067/2839213766779714416208296124562517712318911565184836172974571090549372219192960637992933791850638927971728600024477257552869537611776",
            "178418894533643934131627143164507447124088775306198771305268587052431962894668398476283038594005821499062226501236620743052126380971/1419606883389857208104148062281258856159455782592418086487285545274686109596480318996466895925319463985864300012238628776434768805888"
          ],
          "L": [
            "36893488147419099475/295147905179352825856",
            "36893488147419111463/295147905179352825856"
          ],
          "T": [
            "1729382256910270461/9223372036854775808",
            "55340232221128654887/295147905179352825856"
          ]
        },
        "moments": {
          "AA1": [
            "31622989840644945627/73786976294838206464",
            "7905747460161236407/18446744073709551616"
          ],
          "AB1": [
            "10749672933281695819/36893488147419103232",
            "21499345866563391639/73786976294838206464"
          ],
          "AB2": [
            "9355609562538138945/73786976294838206464",
            "4677804781269069473/36893488147419103232"
          ],
          "AC1": [
            "19180312890132283371/73786976294838206464",
            "4795078222533070843/18446744073709551616"
          ],
          "AC2": [
            "7403103165020602117/73786976294838206464",
            "3701551582510301059/36893488147419103232"
          ],
          "BB1": [
            "14323414896554548067/36893488147419103232",
            "28646829793109096135/73786976294838206464"
          ],
          "BC1": [
            "5427409063897672117/18446744073709551616",
            "21709636255590688469/73786976294838206464"
          ],
          "BC2": [
            "2435456864499286871/18446744073709551616",
            "9741827457997147485/73786976294838206464"
          ],
          "CC1": [
            "31622989840644945627/73786976294838206464",
            "7905747460161236407/18446744073709551616"
          ]
        },
        "physical": {
          "g": [
            "402975273204876281556483/1208925819614629174706176",
            "201487636602438221335867/604462909807314587353088"
          ],
          "h": [
            "2251799813685247/36028797018963968",
            "18446744073709555277/295147905179352825856"
          ],
          "rA": [
            "13824104919890710348923200485821668725699489500591474421023194991373639366223/7237005577332262213973186563042994240829374041602535252466099000494570602496",
            "65351585149595333305820412006071705433869806091105151581014029708942685164650795677109/31082702275611665134711390509176302506278509424834232340028998555822468563283335970816"
          ],
          "rAB": [
            "1632021920921875670176142504827028352020135692838658691484674388559/842498333348457493583344221469363458551160763204392890034487820288",
            "7336551778493232487774361473350606486350978081076658932075417544000419232089/3618502788666131106986593281521497120414687020801267626233049500247285301248"
          ],
          "rB": [
            "3446156377573550624163683415183674220147393779202916752728296831609948647/1766847064778384329583297500742918515827483896875618958121606201292619776",
            "30472066413054738058359102509806926187474587244612987598017027775769177735414921/14821387422376473014217086081112052205218558037201992197050570753012880593911808"
          ],
          "rC": [
            "4611686018427387901/2305843009213693952",
            "9223372036854775813/4611686018427387904"
          ],
          "rR": [
            "4611686018427387901/2305843009213693952",
            "9223372036854775813/4611686018427387904"
          ],
          "u": [
            "20123151524226012209010356866001806197751387048147622529667610758273088517539759292329869512094010837129591355722830852075/330527984395124299475957654016385519914202341482140609642324397637202895618155672912594605219857642423795606012511679152128",
            "89693464321777898027124085666407980893162889037786445979552510938210748993181782784725629095883966414211962635387347251152943637419/1419606883389857208104148062281258856159455782592418086487285545274686109596480318996466895925319463985864300012238628776434768805888"
          ],
          "v": [
            "87757396101954291926158358399230785136914182756321645632819258110804729514652598004549952382258641145776397076625516986826721008725/1419606883389857208104148062281258856159455782592418086487285545274686109596480318996466895925319463985864300012238628776434768805888",
            "21192846525164521169306621802042958471995935527667365997322943454426965730849437976317377433116722381075719080960642371605/330527984395124299475957654016385519914202341482140609642324397637202895618155672912594605219857642423795606012511679152128"
          ]
        }
      },
      "status": "pending"
    },
    {
      "birth_order": 29,
      "id": "r10000",
      "root_prefix": false,
      "stage_index": 0,
      "state": {
        "aux": {
          "A": [
            "4975053644567862666088973519181902031889587266448590896805516137133935193377618802593181227893920648121962205741997/39402006196394479212279040100143613805079739270465446667948293404245721771497210611414266254884915640806627990306816",
            "46656243002609901582175721574811036844539286095339103917945524176715591843457998396123241530007712928584199166296776014295635512709961/363419362147803445274661903944002267176820680343659030140745099590319644056698961663095525356881782780381260803133088966767300814307328"
          ],
          "L": [
            "36893488147419099475/295147905179352825856",
            "36893488147419111463/295147905179352825856"
          ],
          "T": [
            "1729382256910270461/9223372036854775808",
            "55340232221128654887/295147905179352825856"
          ]
        },
        "moments": {
          "AA1": [
            "31622989840644945627/73786976294838206464",
            "7905747460161236407/18446744073709551616"
          ],
          "AB1": [
            "10749672933281695819/36893488147419103232",
            "21499345866563391639/73786976294838206464"
          ],
          "AB2": [
            "9355609562538138945/73786976294838206464",
            "4677804781269069473/36893488147419103232"
          ],
          "AC1": [
            "19180312890132283371/73786976294838206464",
            "4795078222533070843/18446744073709551616"
          ],
          "AC2": [
            "7403103165020602117/73786976294838206464",
            "3701551582510301059/36893488147419103232"
          ],
          "BB1": [
            "14323414896554548067/36893488147419103232",
            "28646829793109096135/73786976294838206464"
          ],
          "BC1": [
            "5427409063897672117/18446744073709551616",
            "21709636255590688469/73786976294838206464"
          ],
          "BC2": [
            "2435456864499286871/18446744073709551616",
            "9741827457997147485/73786976294838206464"
          ],
          "CC1": [
            "31622989840644945627/73786976294838206464",
            "7905747460161236407/18446744073709551616"
          ]
        },
        "physical": {
          "g": [
            "402975273204876281556483/1208925819614629174706176",
            "201487636602438221335867/604462909807314587353088"
          ],
          "h": [
            "2251799813685247/36028797018963968",
            "18446744073709555277/295147905179352825856"
          ],
          "rA": [
            "25154643840205740825907492936263271667655173139020877911563875316004346523/14134776518227074636666380005943348126619871175004951664972849610340958208",
            "64935938261018235311544404235082360263112443390325301698795083624649671248292583979/30354201441027016733116592294117482916287606860189680019559568902170379456331382784"
          ],
          "rAB": [
            "509161272576803049826558144082385958132181139269188328875684150650988201170908497424829/248661618204893321077691124073410420050228075398673858720231988446579748506266687766528",
            "259499607152799973259970109142148744426123558480756642615862728214137591328623/115792089237316195423570985008687907853269984665640564039457584007913129639936"
          ],
          "rB": [
            "27165759717070030621991823294479117069457726527344654216019472519390631832183/14474011154664524427946373126085988481658748083205070504932198000989141204992",
            "64540579059494724341759993561145801561568189381647669044441951065189271763279442058497/31082702275611665134711390509176302506278509424834232340028998555822468563283335970816"
          ],
          "rC": [
            "4611686018427387901/2305843009213693952",
            "9223372036854775813/4611686018427387904"
          ],
          "rR": [
            "4611686018427387901/2305843009213693952",
            "9223372036854775813/4611686018427387904"
          ],
          "u": [
            "2512428257293207226580999856269687941061199419123857257527419277636965659151585249558138581780797568442535439172525/39402006196394479212279040100143613805079739270465446667948293404245721771497210611414266254884915640806627990306816",
            "12356002601911217302013188482051254497995116032367887260421234012062147101962171631981521922878360547896085248380095163555305258931017/181709681073901722637330951972001133588410340171829515070372549795159822028349480831547762678440891390190630401566544483383650407153664"
          ],
          "v": [
            "10357707532326503012006964358350507553854749157277948465962352426211834147040629109045752506323893219782424794757551458906091815775415/181709681073901722637330951972001133588410340171829515070372549795159822028349480831547762678440891390190630401566544483383650407153664",
            "2412822517256102191419814899652243882400729255551963632778881149406478765524022106113654276487312375210250629348435/39402006196394479212279040100143613805079739270465446667948293404245721771497210611414266254884915640806627990306816"
          ]
        }
      },
      "status": "pending"
    },
    {
      "birth_order": 30,
      "id": "r10001",
      "root_prefix": false,
      "stage_index": 0,
      "state": {
        "aux": {
          "A": [
            "46656243002609901582175721574811036844539286095339103917945524176715591843457998396123241530007712928584199166296776014295635512709961/363419362147803445274661903944002267176820680343659030140745099590319644056698961663095525356881782780381260803133088966767300814307328",
            "23712857669030069923389579841807986175553629474724664902112891754682462481352458440500870338637957998756919023208802170518400650105673/181709681073901722637330951972001133588410340171829515070372549795159822028349480831547762678440891390190630401566544483383650407153664"
          ],
          "L": [
            "36893488147419099475/295147905179352825856",
            "36893488147419111463/295147905179352825856"
          ],
          "T": [
            "1729382256910270461/9223372036854775808",
            "55340232221128654887/295147905179352825856"
          ]
        },
        "moments": {
          "AA1": [
            "31622989840644945627/73786976294838206464",
            "7905747460161236407/18446744073709551616"
          ],
          "AB1": [
            "10749672933281695819/36893488147419103232",
            "21499345866563391639/73786976294838206464"
          ],
          "AB2": [
            "9355609562538138945/73786976294838206464",
            "4677804781269069473/36893488147419103232"
          ],
          "AC1": [
            "19180312890132283371/73786976294838206464",
            "4795078222533070843/18446744073709551616"
          ],
          "AC2": [
            "7403103165020602117/73786976294838206464",
            "3701551582510301059/36893488147419103232"
          ],
          "BB1": [
            "14323414896554548067/36893488147419103232",
            "28646829793109096135/73786976294838206464"
          ],
          "BC1": [
            "5427409063897672117/18446744073709551616",
            "21709636255590688469/73786976294838206464"
          ],
          "BC2": [
            "2435456864499286871/18446744073709551616",
            "9741827457997147485/73786976294838206464"
          ],
          "CC1": [
            "31622989840644945627/73786976294838206464",
            "7905747460161236407/18446744073709551616"
          ]
        },
        "physical": {
          "g": [
            "402975273204876281556483/1208925819614629174706176",
            "201487636602438221335867/604462909807314587353088"
          ],
          "h": [
            "2251799813685247/36028797018963968",
            "18446744073709555277/295147905179352825856"
          ],
          "rA": [
            "25154643840205740825907492936263271667655173139020877911563875316004346523/14134776518227074636666380005943348126619871175004951664972849610340958208",
            "64935938261018235311544404235082360263112443390325301698795083624649671248292583979/30354201441027016733116592294117482916287606860189680019559568902170379456331382784"
          ],
          "rAB": [
            "509161272576803049826558144082385958132181139269188328875684150650988201170908497424829/248661618204893321077691124073410420050228075398673858720231988446579748506266687766528",
            "259499607152799973259970109142148744426123558480756642615862728214137591328623/115792089237316195423570985008687907853269984665640564039457584007913129639936"
          ],
          "rB": [
            "27165759717070030621991823294479117069457726527344654216019472519390631832183/14474011154664524427946373126085988481658748083205070504932198000989141204992",
            "64540579059494724341759993561145801561568189381647669044441951065189271763279442058497/31082702275611665134711390509176302506278509424834232340028998555822468563283335970816"
          ],
          "rC": [
            "4611686018427387901/2305843009213693952",
            "9223372036854775813/4611686018427387904"
          ],
          "rR": [
            "4611686018427387901/2305843009213693952",
            "9223372036854775813/4611686018427387904"
          ],
          "u": [
            "2512428257293207226580999856269687941061199419123857257527419277636965659151585249558138581780797568442535439172525/39402006196394479212279040100143613805079739270465446667948293404245721771497210611414266254884915640806627990306816",
            "12356002601911217302013188482051254497995116032367887260421234012062147101962171631981521922878360547896085248380095163555305258931017/181709681073901722637330951972001133588410340171829515070372549795159822028349480831547762678440891390190630401566544483383650407153664"
          ],
          "v": [
            "10357707532326503012006964358350507553854749157277948465962352426211834147040629109045752506323893219782424794757551458906091815775415/181709681073901722637330951972001133588410340171829515070372549795159822028349480831547762678440891390190630401566544483383650407153664",
            "2412822517256102191419814899652243882400729255551963632778881149406478765524022106113654276487312375210250629348435/39402006196394479212279040100143613805079739270465446667948293404245721771497210611414266254884915640806627990306816"
          ]
        }
      },
      "status": "pending"
    },
    {
      "birth_order": 31,
      "id": "r10010",
      "root_prefix": false,
      "stage_index": 0,
      "state": {
        "aux": {
          "A": [
            "1289522761377080101253335100332198975426661065333236235827627307313299134671488474137368446754436005968530195363229/9850501549098619803069760025035903451269934817616361666987073351061430442874302652853566563721228910201656997576704",
            "699669439030750519392678297419336333564827602633328456257778853393082736610324432412240871680821531399950033910027819515925/5288447750321988791615322464262168318627237463714249754277190362195246329890490766601513683517722278780729696200186866434048"
          ],
          "L": [
            "36893488147419099475/295147905179352825856",
            "36893488147419111463/295147905179352825856"
          ],
          "T": [
            "1729382256910270461/9223372036854775808",
            "55340232221128654887/295147905179352825856"
          ]
        },
        "moments": {
          "AA1": [
            "31622989840644945627/73786976294838206464",
            "7905747460161236407/18446744073709551616"
          ],
          "AB1": [
            "10749672933281695819/36893488147419103232",
            "21499345866563391639/73786976294838206464"
          ],
          "AB2": [
            "9355609562538138945/73786976294838206464",
            "4677804781269069473/36893488147419103232"
          ],
          "AC1": [
            "19180312890132283371/73786976294838206464",
            "4795078222533070843/18446744073709551616"
          ],
          "AC2": [
            "7403103165020602117/73786976294838206464",
            "3701551582510301059/36893488147419103232"
          ],
          "BB1": [
            "14323414896554548067/36893488147419103232",
            "28646829793109096135/73786976294838206464"
          ],
          "BC1": [
            "5427409063897672117/18446744073709551616",
            "21709636255590688469/73786976294838206464"
          ],
          "BC2": [
            "2435456864499286871/18446744073709551616",
            "9741827457997147485/73786976294838206464"
          ],
          "CC1": [
            "31622989840644945627/73786976294838206464",
            "7905747460161236407/18446744073709551616"
          ]
        },
        "physical": {
          "g": [
            "402975273204876281556483/1208925819614629174706176",
            "201487636602438221335867/604462909807314587353088"
          ],
          "h": [
            "2251799813685247/36028797018963968",
            "18446744073709555277/295147905179352825856"
          ],
          "rA": [
            "25300037673866323324622121893717089983506204699753685282070336558368874873/14134776518227074636666380005943348126619871175004951664972849610340958208",
            "123846925542265535650643260829363020771024198083852988184844024161697719494578391633/60708402882054033466233184588234965832575213720379360039119137804340758912662765568"
          ],
          "rAB": [
            "259499607152799973259970109142148744426123558480756642615862728214137591328623/115792089237316195423570985008687907853269984665640564039457584007913129639936",
            "1195748326365979043796713736517337566296387136054862934053304970399804087702104752113533/497323236409786642155382248146820840100456150797347717440463976893159497012533375533056"
          ],
          "rB": [
            "6810178385667547766153726961752162211958018792774455902024378646902559928625/3618502788666131106986593281521497120414687020801267626233049500247285301248",
            "31428236300152503520930306605190632562611954808149268992028354855985930694084439116395/15541351137805832567355695254588151253139254712417116170014499277911234281641667985408"
          ],
          "rC": [
            "4611686018427387901/2305843009213693952",
            "9223372036854775813/4611686018427387904"
          ],
          "rR": [
            "4611686018427387901/2305843009213693952",
            "9223372036854775813/4611686018427387904"
          ],
          "u": [
            "673866414558416241376341684604145452719564103502052826008103092439056751114980085878607785226155236048673503720861/9850501549098619803069760025035903451269934817616361666987073351061430442874302652853566563721228910201656997576704",
            "188251816360552758118190002914952361702606523928867196006583634322779660324143037583666898257867819143664805785696487440405/2644223875160994395807661232131084159313618731857124877138595181097623164945245383300756841758861139390364848100093433217024"
          ],
          "v": [
            "142276168034571613889661381787444712903806631481772916327108545761313773495259680940363663260321878494467542334540029001707/2644223875160994395807661232131084159313618731857124877138595181097623164945245383300756841758861139390364848100093433217024",
            "557446279078911113123862004376337503145918065166902396568472014321804355053921753039340429340872249864523013409379/9850501549098619803069760025035903451269934817616361666987073351061430442874302652853566563721228910201656997576704"
          ]
        }
      },
      "status": "pending"
    },
    {
      "birth_order": 32,
      "id": "r10011",
      "root_prefix": false,
      "stage_index": 0,
      "state": {
        "aux": {
          "A": [
            "699669439030750519392678297419336333564827602633328456257778853393082736610324432412240871680821531399950033910027819515925/5288447750321988791615322464262168318627237463714249754277190362195246329890490766601513683517722278780729696200186866434048",
            "353515808558114834464213118240856750113439045003155395337666179756385148530378013658432166036282782114968909267930357268501/2644223875160994395807661232131084159313618731857124877138595181097623164945245383300756841758861139390364848100093433217024"
          ],
          "L": [
            "36893488147419099475/295147905179352825856",
            "36893488147419111463/295147905179352825856"
          ],
          "T": [
            "1729382256910270461/9223372036854775808",
            "55340232221128654887/295147905179352825856"
          ]
        },
        "moments": {
          "AA1": [
            "31622989840644945627/73786976294838206464",
            "7905747460161236407/18446744073709551616"
          ],
          "AB1": [
            "10749672933281695819/36893488147419103232",
            "21499345866563391639/73786976294838206464"
          ],
          "AB2": [
            "9355609562538138945/73786976294838206464",
            "4677804781269069473/36893488147419103232"
          ],
          "AC1": [
            "19180312890132283371/73786976294838206464",
            "4795078222533070843/18446744073709551616"
          ],
          "AC2": [
            "7403103165020602117/73786976294838206464",
            "3701551582510301059/36893488147419103232"
          ],
          "BB1": [
            "14323414896554548067/36893488147419103232",
            "28646829793109096135/73786976294838206464"
          ],
          "BC1": [
            "5427409063897672117/18446744073709551616",
            "21709636255590688469/73786976294838206464"
          ],
          "BC2": [
            "2435456864499286871/18446744073709551616",
            "9741827457997147485/73786976294838206464"
          ],
          "CC1": [
            "31622989840644945627/73786976294838206464",
            "7905747460161236407/18446744073709551616"
          ]
        },
        "physical": {
          "g": [
            "402975273204876281556483/1208925819614629174706176",
            "201487636602438221335867/604462909807314587353088"
          ],
          "h": [
            "2251799813685247/36028797018963968",
            "18446744073709555277/295147905179352825856"
          ],
          "rA": [
            "25300037673866323324622121893717089983506204699753685282070336558368874873/14134776518227074636666380005943348126619871175004951664972849610340958208",
            "123846925542265535650643260829363020771024198083852988184844024161697719494578391633/60708402882054033466233184588234965832575213720379360039119137804340758912662765568"
          ],
          "rAB": [
            "259499607152799973259970109142148744426123558480756642615862728214137591328623/115792089237316195423570985008687907853269984665640564039457584007913129639936",
            "1195748326365979043796713736517337566296387136054862934053304970399804087702104752113533/497323236409786642155382248146820840100456150797347717440463976893159497012533375533056"
          ],
          "rB": [
            "6810178385667547766153726961752162211958018792774455902024378646902559928625/3618502788666131106986593281521497120414687020801267626233049500247285301248",
            "31428236300152503520930306605190632562611954808149268992028354855985930694084439116395/15541351137805832567355695254588151253139254712417116170014499277911234281641667985408"
          ],
          "rC": [
            "4611686018427387901/2305843009213693952",
            "9223372036854775813/4611686018427387904"
          ],
          "rR": [
            "4611686018427387901/2305843009213693952",
            "9223372036854775813/4611686018427387904"
          ],
          "u": [
            "673866414558416241376341684604145452719564103502052826008103092439056751114980085878607785226155236048673503720861/9850501549098619803069760025035903451269934817616361666987073351061430442874302652853566563721228910201656997576704",
            "188251816360552758118190002914952361702606523928867196006583634322779660324143037583666898257867819143664805785696487440405/2644223875160994395807661232131084159313618731857124877138595181097623164945245383300756841758861139390364848100093433217024"
          ],
          "v": [
            "142276168034571613889661381787444712903806631481772916327108545761313773495259680940363663260321878494467542334540029001707/2644223875160994395807661232131084159313618731857124877138595181097623164945245383300756841758861139390364848100093433217024",
            "557446279078911113123862004376337503145918065166902396568472014321804355053921753039340429340872249864523013409379/9850501549098619803069760025035903451269934817616361666987073351061430442874302652853566563721228910201656997576704"
          ]
        }
      },
      "status": "pending"
    },
    {
      "birth_order": 33,
      "id": "r10100",
      "root_prefix": false,
      "stage_index": 0,
      "state": {
        "aux": {
          "A": [
            "1343426356132026029751296089259946374417209232867176104949273022668048396942780313565368962730819792739619035613993/9850501549098619803069760025035903451269934817616361666987073351061430442874302652853566563721228910201656997576704",
            "50074052712573504995802260998685731293052999051446943533357025392638999624579361031954409694595778496951321229767679233693365279296151/363419362147803445274661903944002267176820680343659030140745099590319644056698961663095525356881782780381260803133088966767300814307328"
          ],
          "L": [
            "36893488147419099475/295147905179352825856",
            "36893488147419111463/295147905179352825856"
          ],
          "T": [
            "1729382256910270461/9223372036854775808",
            "55340232221128654887/295147905179352825856"
          ]
        },
        "moments": {
          "AA1": [
            "31622989840644945627/73786976294838206464",
            "7905747460161236407/18446744073709551616"
          ],
          "AB1": [
            "10749672933281695819/36893488147419103232",
            "21499345866563391639/73786976294838206464"
          ],
          "AB2": [
            "9355609562538138945/73786976294838206464",
            "4677804781269069473/36893488147419103232"
          ],
          "AC1": [
            "19180312890132283371/73786976294838206464",
            "4795078222533070843/18446744073709551616"
          ],
          "AC2": [
            "7403103165020602117/73786976294838206464",
            "3701551582510301059/36893488147419103232"
          ],
          "BB1": [
            "14323414896554548067/36893488147419103232",
            "28646829793109096135/73786976294838206464"
          ],
          "BC1": [
            "5427409063897672117/18446744073709551616",
            "21709636255590688469/73786976294838206464"
          ],
          "BC2": [
            "2435456864499286871/18446744073709551616",
            "9741827457997147485/73786976294838206464"
          ],
          "CC1": [
            "31622989840644945627/73786976294838206464",
            "7905747460161236407/18446744073709551616"
          ]
        },
        "physical": {
          "g": [
            "402975273204876281556483/1208925819614629174706176",
            "201487636602438221335867/604462909807314587353088"
          ],
          "h": [
            "2251799813685247/36028797018963968",
            "18446744073709555277/295147905179352825856"
          ],
          "rA": [
            "1557755351804863561218424641202600412627248183273985446287414222602777766403/904625697166532776746648320380374280103671755200316906558262375061821325312",
            "1935351142595149172201816088167672734562191428469974477214609130676322949865555991717/971334446112864535459730953411759453321203419526069760625906204869452142602604249088"
          ],
          "rAB": [
            "1342810249582267100125603573189289006337142576604847555866472271397786593668920479343056032181317/533996758980227520598755426542388028650676130589163192486760401955554931445160137505740521734144",
            "340286467464048672993124042922802453580602474649435846382172332316773003955275074162227/124330809102446660538845562036705210025114037699336929360115994223289874253133343883264"
          ],
          "rB": [
            "106659038430255494102358415473472104129006203495449038296494772184559421911457/57896044618658097711785492504343953926634992332820282019728792003956564819968",
            "496270197350021746284923948544290910301564488269449110889472669687286950597882995833377/248661618204893321077691124073410420050228075398673858720231988446579748506266687766528"
          ],
          "rC": [
            "4611686018427387901/2305843009213693952",
            "9223372036854775813/4611686018427387904"
          ],
          "rR": [
            "4611686018427387901/2305843009213693952",
            "9223372036854775813/4611686018427387904"
          ],
          "u": [
            "727770009313362169874302673531892851710112271035992695129748807793806013386271925306608301202539022819762343971625/9850501549098619803069760025035903451269934817616361666987073351061430442874302652853566563721228910201656997576704",
            "13935355472010983662658956261540908658687117169455636412054114434834725561148371782415050636499978870797934620505389184172510602758807/181709681073901722637330951972001133588410340171829515070372549795159822028349480831547762678440891390190630401566544483383650407153664"
          ],
          "v": [
            "8778354662226736651361196578860853393162748020190199314329472003439255687854428958612223792702274896880575422632257438288886471947625/181709681073901722637330951972001133588410340171829515070372549795159822028349480831547762678440891390190630401566544483383650407153664",
            "503542684323965184625901015448590104155369897632962527446826298967055092782629913611339913364488463093434173158615/9850501549098619803069760025035903451269934817616361666987073351061430442874302652853566563721228910201656997576704"
          ]
        }
      },
      "status": "pending"
    },
    {
      "birth_order": 34,
      "id": "r10101",
      "root_prefix": false,
      "stage_index": 0,
      "state": {
        "aux": {
          "A": [
            "50074052712573504995802260998685731293052999051446943533357025392638999624579361031954409694595778496951321229767679233693365279296151/363419362147803445274661903944002267176820680343659030140745099590319644056698961663095525356881782780381260803133088966767300814307328",
            "25292210539129836284035347621297640336245630611812414053745772177455040940538658590934399052259576321658768395334096191135605993933463/181709681073901722637330951972001133588410340171829515070372549795159822028349480831547762678440891390190630401566544483383650407153664"
          ],
          "L": [
            "36893488147419099475/295147905179352825856",
            "36893488147419111463/295147905179352825856"
          ],
          "T": [
            "1729382256910270461/9223372036854775808",
            "55340232221128654887/295147905179352825856"
          ]
        },
        "moments": {
          "AA1": [
            "31622989840644945627/73786976294838206464",
            "7905747460161236407/18446744073709551616"
          ],
          "AB1": [
            "10749672933281695819/36893488147419103232",
            "21499345866563391639/73786976294838206464"
          ],
          "AB2": [
            "9355609562538138945/73786976294838206464",
            "4677804781269069473/36893488147419103232"
          ],
          "AC1": [
            "19180312890132283371/73786976294838206464",
            "4795078222533070843/18446744073709551616"
          ],
          "AC2": [
            "7403103165020602117/73786976294838206464",
            "3701551582510301059/36893488147419103232"
          ],
          "BB1": [
            "14323414896554548067/36893488147419103232",
            "28646829793109096135/73786976294838206464"
          ],
          "BC1": [
            "5427409063897672117/18446744073709551616",
            "21709636255590688469/73786976294838206464"
          ],
          "BC2": [
            "2435456864499286871/18446744073709551616",
            "9741827457997147485/73786976294838206464"
          ],
          "CC1": [
            "31622989840644945627/73786976294838206464",
            "7905747460161236407/18446744073709551616"
          ]
        },
        "physical": {
          "g": [
            "402975273204876281556483/1208925819614629174706176",
            "201487636602438221335867/604462909807314587353088"
          ],
          "h": [
            "2251799813685247/36028797018963968",
            "18446744073709555277/295147905179352825856"
          ],
          "rA": [
            "1557755351804863561218424641202600412627248183273985446287414222602777766403/904625697166532776746648320380374280103671755200316906558262375061821325312",
            "1935351142595149172201816088167672734562191428469974477214609130676322949865555991717/971334446112864535459730953411759453321203419526069760625906204869452142602604249088"
          ],
          "rAB": [
            "1342810249582267100125603573189289006337142576604847555866472271397786593668920479343056032181317/533996758980227520598755426542388028650676130589163192486760401955554931445160137505740521734144",
            "340286467464048672993124042922802453580602474649435846382172332316773003955275074162227/124330809102446660538845562036705210025114037699336929360115994223289874253133343883264"
          ],
          "rB": [
            "106659038430255494102358415473472104129006203495449038296494772184559421911457/57896044618658097711785492504343953926634992332820282019728792003956564819968",
            "496270197350021746284923948544290910301564488269449110889472669687286950597882995833377/248661618204893321077691124073410420050228075398673858720231988446579748506266687766528"
          ],
          "rC": [
            "4611686018427387901/2305843009213693952",
            "9223372036854775813/4611686018427387904"
          ],
          "rR": [
            "4611686018427387901/2305843009213693952",
            "9223372036854775813/4611686018427387904"
          ],
          "u": [
            "727770009313362169874302673531892851710112271035992695129748807793806013386271925306608301202539022819762343971625/9850501549098619803069760025035903451269934817616361666987073351061430442874302652853566563721228910201656997576704",
            "13935355472010983662658956261540908658687117169455636412054114434834725561148371782415050636499978870797934620505389184172510602758807/181709681073901722637330951972001133588410340171829515070372549795159822028349480831547762678440891390190630401566544483383650407153664"
          ],
          "v": [
            "8778354662226736651361196578860853393162748020190199314329472003439255687854428958612223792702274896880575422632257438288886471947625/181709681073901722637330951972001133588410340171829515070372549795159822028349480831547762678440891390190630401566544483383650407153664",
            "503542684323965184625901015448590104155369897632962527446826298967055092782629913611339913364488463093434173158615/9850501549098619803069760025035903451269934817616361666987073351061430442874302652853566563721228910201656997576704"
          ]
        }
      },
      "status": "pending"
    }
  ],
  "details": {
    "authenticated_journal_bytes": 12556501,
    "complete_numeric_replay": true,
    "cross_process_cache_reused": false,
    "exclusions": 8,
    "final_commit_sha256": "8888fe96213dec394358c6204213443894cd60c0f289177d4ccb62457a1a164f",
    "inflight_pre_state_retained": true,
    "journal_frames": 311,
    "resource_limited": false,
    "splits": 17,
    "stages_recomputed": 146,
    "stages_started": 147
  },
  "diagnostic_union_width_target_observed": false,
  "mode": "normal_validated",
  "model": "fixed-six-copy-clock-jc-nine-v1",
  "nonempty_cover": true,
  "parameter_accuracy_released": false,
  "physical_cover": [
    {
      "box": {
        "g": [
          "402975273204876281556483/1208925819614629174706176",
          "201487636602438221335867/604462909807314587353088"
        ],
        "h": [
          "2251799813685247/36028797018963968",
          "18446744073709555277/295147905179352825856"
        ],
        "rA": [
          "7045222504107018328399256555859584915110101027279930524547000482354370054943/3618502788666131106986593281521497120414687020801267626233049500247285301248",
          "1271846960667992983261459/604462909807314587353088"
        ],
        "rAB": [
          "29011937133935502697705861513371930155745242808458727708033892141945195532869513308219/15541351137805832567355695254588151253139254712417116170014499277911234281641667985408",
          "542819545508895269653823692601553356040289845635425771412787546389912187608438985347576075750054923491279/286687326998758938951352611912760867599570623646035140467198604923365359511060601008752319138765710819328"
        ],
        "rB": [
          "111434791382175571620799425456045233296449429730781540861486428074147288129/56539106072908298546665520023773392506479484700019806659891398441363832832",
          "622252735608941512977667/302231454903657293676544"
        ],
        "rC": [
          "4611686018427387901/2305843009213693952",
          "9223372036854775813/4611686018427387904"
        ],
        "rR": [
          "4611686018427387901/2305843009213693952",
          "9223372036854775813/4611686018427387904"
        ],
        "u": [
          "719046741043328179639474341109319071710404587648985335019978496689120794817959673384366778264235231447587001472344805555503091505118197065915/12194330274671844653834364178879555881830461494785043558043581873536608354764709453594945715091765512343073949692994620685343654997219864477696",
          "675382026625793166239881549345602335304542770656164153100996766543747796687048509897855321809019830366067728412195593516965317053437/11356855067118857664833184498250070849275646260739344691898284362197488876771842551971735167402555711886914400097909030211478150447104"
        ],
        "v": [
          "744224856764064353386378003179507792936073803696700579797977385848376031375626536416349330016121030113839149283907320386872000115715/11356855067118857664833184498250070849275646260739344691898284362197488876771842551971735167402555711886914400097909030211478150447104",
          "805244543290652252443276246358098825778575243280600968580359131463794233965257978071390445002254546418089728948731914656704243204871549867845/12194330274671844653834364178879555881830461494785043558043581873536608354764709453594945715091765512343073949692994620685343654997219864477696"
        ]
      },
      "id": "r01100"
    },
    {
      "box": {
        "g": [
          "402975273204876281556483/1208925819614629174706176",
          "201487636602438221335867/604462909807314587353088"
        ],
        "h": [
          "2251799813685247/36028797018963968",
          "18446744073709555277/295147905179352825856"
        ],
        "rA": [
          "7045222504107018328399256555859584915110101027279930524547000482354370054943/3618502788666131106986593281521497120414687020801267626233049500247285301248",
          "1271846960667992983261459/604462909807314587353088"
        ],
        "rAB": [
          "6716121751759755478424087464312100298822486570199393814357409033793499819589/3618502788666131106986593281521497120414687020801267626233049500247285301248",
          "1632021920921875670176142504827028352020135692838658691484674388559/842498333348457493583344221469363458551160763204392890034487820288"
        ],
        "rB": [
          "111434791382175571620799425456045233296449429730781540861486428074147288129/56539106072908298546665520023773392506479484700019806659891398441363832832",
          "622252735608941512977667/302231454903657293676544"
        ],
        "rC": [
          "4611686018427387901/2305843009213693952",
          "9223372036854775813/4611686018427387904"
        ],
        "rR": [
          "4611686018427387901/2305843009213693952",
          "9223372036854775813/4611686018427387904"
        ],
        "u": [
          "310239773633077762461040224376880836505225677759327049065088520577912762725626226541142746034597796711497431652721357052405/5288447750321988791615322464262168318627237463714249754277190362195246329890490766601513683517722278780729696200186866434048",
          "74798835072214427825988106141109202295461939468284101356145458493402468752918788417103770390056585530006682097239/1231312693637327475383720003129487931408741852202045208373384168882678805359287831606695820465153613775207124697088"
        ],
        "v": [
          "79115251632451540372271899749467467001911520863014361845792822381504306704587614222582621074466313429982208174505/1231312693637327475383720003129487931408741852202045208373384168882678805359287831606695820465153613775207124697088",
          "350816195157170771592031434311835398210731483453712767366760346825288105248600929757213205088773934779787535334214214526475/5288447750321988791615322464262168318627237463714249754277190362195246329890490766601513683517722278780729696200186866434048"
        ]
      },
      "id": "r01101"
    },
    {
      "box": {
        "g": [
          "402975273204876281556483/1208925819614629174706176",
          "201487636602438221335867/604462909807314587353088"
        ],
        "h": [
          "2251799813685247/36028797018963968",
          "18446744073709555277/295147905179352825856"
        ],
        "rA": [
          "13824104919890710348923200485821668725699489500591474421023194991373639366223/7237005577332262213973186563042994240829374041602535252466099000494570602496",
          "65351585149595333305820412006071705433869806091105151581014029708942685164650795677109/31082702275611665134711390509176302506278509424834232340028998555822468563283335970816"
        ],
        "rAB": [
          "1632021920921875670176142504827028352020135692838658691484674388559/842498333348457493583344221469363458551160763204392890034487820288",
          "7336551778493232487774361473350606486350978081076658932075417544000419232089/3618502788666131106986593281521497120414687020801267626233049500247285301248"
        ],
        "rB": [
          "3446156377573550624163683415183674220147393779202916752728296831609948647/1766847064778384329583297500742918515827483896875618958121606201292619776",
          "30472066413054738058359102509806926187474587244612987598017027775769177735414921/14821387422376473014217086081112052205218558037201992197050570753012880593911808"
        ],
        "rC": [
          "4611686018427387901/2305843009213693952",
          "9223372036854775813/4611686018427387904"
        ],
        "rR": [
          "4611686018427387901/2305843009213693952",
          "9223372036854775813/4611686018427387904"
        ],
        "u": [
          "20123151524226012209010356866001806197751387048147622529667610758273088517539759292329869512094010837129591355722830852075/330527984395124299475957654016385519914202341482140609642324397637202895618155672912594605219857642423795606012511679152128",
          "89693464321777898027124085666407980893162889037786445979552510938210748993181782784725629095883966414211962635387347251152943637419/1419606883389857208104148062281258856159455782592418086487285545274686109596480318996466895925319463985864300012238628776434768805888"
        ],
        "v": [
          "87757396101954291926158358399230785136914182756321645632819258110804729514652598004549952382258641145776397076625516986826721008725/1419606883389857208104148062281258856159455782592418086487285545274686109596480318996466895925319463985864300012238628776434768805888",
          "21192846525164521169306621802042958471995935527667365997322943454426965730849437976317377433116722381075719080960642371605/330527984395124299475957654016385519914202341482140609642324397637202895618155672912594605219857642423795606012511679152128"
        ]
      },
      "id": "r01110"
    },
    {
      "box": {
        "g": [
          "402975273204876281556483/1208925819614629174706176",
          "201487636602438221335867/604462909807314587353088"
        ],
        "h": [
          "2251799813685247/36028797018963968",
          "18446744073709555277/295147905179352825856"
        ],
        "rA": [
          "13824104919890710348923200485821668725699489500591474421023194991373639366223/7237005577332262213973186563042994240829374041602535252466099000494570602496",
          "65351585149595333305820412006071705433869806091105151581014029708942685164650795677109/31082702275611665134711390509176302506278509424834232340028998555822468563283335970816"
        ],
        "rAB": [
          "1632021920921875670176142504827028352020135692838658691484674388559/842498333348457493583344221469363458551160763204392890034487820288",
          "7336551778493232487774361473350606486350978081076658932075417544000419232089/3618502788666131106986593281521497120414687020801267626233049500247285301248"
        ],
        "rB": [
          "3446156377573550624163683415183674220147393779202916752728296831609948647/1766847064778384329583297500742918515827483896875618958121606201292619776",
          "30472066413054738058359102509806926187474587244612987598017027775769177735414921/14821387422376473014217086081112052205218558037201992197050570753012880593911808"
        ],
        "rC": [
          "4611686018427387901/2305843009213693952",
          "9223372036854775813/4611686018427387904"
        ],
        "rR": [
          "4611686018427387901/2305843009213693952",
          "9223372036854775813/4611686018427387904"
        ],
        "u": [
          "20123151524226012209010356866001806197751387048147622529667610758273088517539759292329869512094010837129591355722830852075/330527984395124299475957654016385519914202341482140609642324397637202895618155672912594605219857642423795606012511679152128",
          "89693464321777898027124085666407980893162889037786445979552510938210748993181782784725629095883966414211962635387347251152943637419/1419606883389857208104148062281258856159455782592418086487285545274686109596480318996466895925319463985864300012238628776434768805888"
        ],
        "v": [
          "87757396101954291926158358399230785136914182756321645632819258110804729514652598004549952382258641145776397076625516986826721008725/1419606883389857208104148062281258856159455782592418086487285545274686109596480318996466895925319463985864300012238628776434768805888",
          "21192846525164521169306621802042958471995935527667365997322943454426965730849437976317377433116722381075719080960642371605/330527984395124299475957654016385519914202341482140609642324397637202895618155672912594605219857642423795606012511679152128"
        ]
      },
      "id": "r01111"
    },
    {
      "box": {
        "g": [
          "402975273204876281556483/1208925819614629174706176",
          "201487636602438221335867/604462909807314587353088"
        ],
        "h": [
          "2251799813685247/36028797018963968",
          "18446744073709555277/295147905179352825856"
        ],
        "rA": [
          "25154643840205740825907492936263271667655173139020877911563875316004346523/14134776518227074636666380005943348126619871175004951664972849610340958208",
          "64935938261018235311544404235082360263112443390325301698795083624649671248292583979/30354201441027016733116592294117482916287606860189680019559568902170379456331382784"
        ],
        "rAB": [
          "509161272576803049826558144082385958132181139269188328875684150650988201170908497424829/248661618204893321077691124073410420050228075398673858720231988446579748506266687766528",
          "259499607152799973259970109142148744426123558480756642615862728214137591328623/115792089237316195423570985008687907853269984665640564039457584007913129639936"
        ],
        "rB": [
          "27165759717070030621991823294479117069457726527344654216019472519390631832183/14474011154664524427946373126085988481658748083205070504932198000989141204992",
          "64540579059494724341759993561145801561568189381647669044441951065189271763279442058497/31082702275611665134711390509176302506278509424834232340028998555822468563283335970816"
        ],
        "rC": [
          "4611686018427387901/2305843009213693952",
          "9223372036854775813/4611686018427387904"
        ],
        "rR": [
          "4611686018427387901/2305843009213693952",
          "9223372036854775813/4611686018427387904"
        ],
        "u": [
          "2512428257293207226580999856269687941061199419123857257527419277636965659151585249558138581780797568442535439172525/39402006196394479212279040100143613805079739270465446667948293404245721771497210611414266254884915640806627990306816",
          "12356002601911217302013188482051254497995116032367887260421234012062147101962171631981521922878360547896085248380095163555305258931017/181709681073901722637330951972001133588410340171829515070372549795159822028349480831547762678440891390190630401566544483383650407153664"
        ],
        "v": [
          "10357707532326503012006964358350507553854749157277948465962352426211834147040629109045752506323893219782424794757551458906091815775415/181709681073901722637330951972001133588410340171829515070372549795159822028349480831547762678440891390190630401566544483383650407153664",
          "2412822517256102191419814899652243882400729255551963632778881149406478765524022106113654276487312375210250629348435/39402006196394479212279040100143613805079739270465446667948293404245721771497210611414266254884915640806627990306816"
        ]
      },
      "id": "r10000"
    },
    {
      "box": {
        "g": [
          "402975273204876281556483/1208925819614629174706176",
          "201487636602438221335867/604462909807314587353088"
        ],
        "h": [
          "2251799813685247/36028797018963968",
          "18446744073709555277/295147905179352825856"
        ],
        "rA": [
          "25154643840205740825907492936263271667655173139020877911563875316004346523/14134776518227074636666380005943348126619871175004951664972849610340958208",
          "64935938261018235311544404235082360263112443390325301698795083624649671248292583979/30354201441027016733116592294117482916287606860189680019559568902170379456331382784"
        ],
        "rAB": [
          "509161272576803049826558144082385958132181139269188328875684150650988201170908497424829/248661618204893321077691124073410420050228075398673858720231988446579748506266687766528",
          "259499607152799973259970109142148744426123558480756642615862728214137591328623/115792089237316195423570985008687907853269984665640564039457584007913129639936"
        ],
        "rB": [
          "27165759717070030621991823294479117069457726527344654216019472519390631832183/14474011154664524427946373126085988481658748083205070504932198000989141204992",
          "64540579059494724341759993561145801561568189381647669044441951065189271763279442058497/31082702275611665134711390509176302506278509424834232340028998555822468563283335970816"
        ],
        "rC": [
          "4611686018427387901/2305843009213693952",
          "9223372036854775813/4611686018427387904"
        ],
        "rR": [
          "4611686018427387901/2305843009213693952",
          "9223372036854775813/4611686018427387904"
        ],
        "u": [
          "2512428257293207226580999856269687941061199419123857257527419277636965659151585249558138581780797568442535439172525/39402006196394479212279040100143613805079739270465446667948293404245721771497210611414266254884915640806627990306816",
          "12356002601911217302013188482051254497995116032367887260421234012062147101962171631981521922878360547896085248380095163555305258931017/181709681073901722637330951972001133588410340171829515070372549795159822028349480831547762678440891390190630401566544483383650407153664"
        ],
        "v": [
          "10357707532326503012006964358350507553854749157277948465962352426211834147040629109045752506323893219782424794757551458906091815775415/181709681073901722637330951972001133588410340171829515070372549795159822028349480831547762678440891390190630401566544483383650407153664",
          "2412822517256102191419814899652243882400729255551963632778881149406478765524022106113654276487312375210250629348435/39402006196394479212279040100143613805079739270465446667948293404245721771497210611414266254884915640806627990306816"
        ]
      },
      "id": "r10001"
    },
    {
      "box": {
        "g": [
          "402975273204876281556483/1208925819614629174706176",
          "201487636602438221335867/604462909807314587353088"
        ],
        "h": [
          "2251799813685247/36028797018963968",
          "18446744073709555277/295147905179352825856"
        ],
        "rA": [
          "25300037673866323324622121893717089983506204699753685282070336558368874873/14134776518227074636666380005943348126619871175004951664972849610340958208",
          "123846925542265535650643260829363020771024198083852988184844024161697719494578391633/60708402882054033466233184588234965832575213720379360039119137804340758912662765568"
        ],
        "rAB": [
          "259499607152799973259970109142148744426123558480756642615862728214137591328623/115792089237316195423570985008687907853269984665640564039457584007913129639936",
          "1195748326365979043796713736517337566296387136054862934053304970399804087702104752113533/497323236409786642155382248146820840100456150797347717440463976893159497012533375533056"
        ],
        "rB": [
          "6810178385667547766153726961752162211958018792774455902024378646902559928625/3618502788666131106986593281521497120414687020801267626233049500247285301248",
          "31428236300152503520930306605190632562611954808149268992028354855985930694084439116395/15541351137805832567355695254588151253139254712417116170014499277911234281641667985408"
        ],
        "rC": [
          "4611686018427387901/2305843009213693952",
          "9223372036854775813/4611686018427387904"
        ],
        "rR": [
          "4611686018427387901/2305843009213693952",
          "9223372036854775813/4611686018427387904"
        ],
        "u": [
          "673866414558416241376341684604145452719564103502052826008103092439056751114980085878607785226155236048673503720861/9850501549098619803069760025035903451269934817616361666987073351061430442874302652853566563721228910201656997576704",
          "188251816360552758118190002914952361702606523928867196006583634322779660324143037583666898257867819143664805785696487440405/2644223875160994395807661232131084159313618731857124877138595181097623164945245383300756841758861139390364848100093433217024"
        ],
        "v": [
          "142276168034571613889661381787444712903806631481772916327108545761313773495259680940363663260321878494467542334540029001707/2644223875160994395807661232131084159313618731857124877138595181097623164945245383300756841758861139390364848100093433217024",
          "557446279078911113123862004376337503145918065166902396568472014321804355053921753039340429340872249864523013409379/9850501549098619803069760025035903451269934817616361666987073351061430442874302652853566563721228910201656997576704"
        ]
      },
      "id": "r10010"
    },
    {
      "box": {
        "g": [
          "402975273204876281556483/1208925819614629174706176",
          "201487636602438221335867/604462909807314587353088"
        ],
        "h": [
          "2251799813685247/36028797018963968",
          "18446744073709555277/295147905179352825856"
        ],
        "rA": [
          "25300037673866323324622121893717089983506204699753685282070336558368874873/14134776518227074636666380005943348126619871175004951664972849610340958208",
          "123846925542265535650643260829363020771024198083852988184844024161697719494578391633/60708402882054033466233184588234965832575213720379360039119137804340758912662765568"
        ],
        "rAB": [
          "259499607152799973259970109142148744426123558480756642615862728214137591328623/115792089237316195423570985008687907853269984665640564039457584007913129639936",
          "1195748326365979043796713736517337566296387136054862934053304970399804087702104752113533/497323236409786642155382248146820840100456150797347717440463976893159497012533375533056"
        ],
        "rB": [
          "6810178385667547766153726961752162211958018792774455902024378646902559928625/3618502788666131106986593281521497120414687020801267626233049500247285301248",
          "31428236300152503520930306605190632562611954808149268992028354855985930694084439116395/15541351137805832567355695254588151253139254712417116170014499277911234281641667985408"
        ],
        "rC": [
          "4611686018427387901/2305843009213693952",
          "9223372036854775813/4611686018427387904"
        ],
        "rR": [
          "4611686018427387901/2305843009213693952",
          "9223372036854775813/4611686018427387904"
        ],
        "u": [
          "673866414558416241376341684604145452719564103502052826008103092439056751114980085878607785226155236048673503720861/9850501549098619803069760025035903451269934817616361666987073351061430442874302652853566563721228910201656997576704",
          "188251816360552758118190002914952361702606523928867196006583634322779660324143037583666898257867819143664805785696487440405/2644223875160994395807661232131084159313618731857124877138595181097623164945245383300756841758861139390364848100093433217024"
        ],
        "v": [
          "142276168034571613889661381787444712903806631481772916327108545761313773495259680940363663260321878494467542334540029001707/2644223875160994395807661232131084159313618731857124877138595181097623164945245383300756841758861139390364848100093433217024",
          "557446279078911113123862004376337503145918065166902396568472014321804355053921753039340429340872249864523013409379/9850501549098619803069760025035903451269934817616361666987073351061430442874302652853566563721228910201656997576704"
        ]
      },
      "id": "r10011"
    },
    {
      "box": {
        "g": [
          "402975273204876281556483/1208925819614629174706176",
          "201487636602438221335867/604462909807314587353088"
        ],
        "h": [
          "2251799813685247/36028797018963968",
          "18446744073709555277/295147905179352825856"
        ],
        "rA": [
          "1557755351804863561218424641202600412627248183273985446287414222602777766403/904625697166532776746648320380374280103671755200316906558262375061821325312",
          "1935351142595149172201816088167672734562191428469974477214609130676322949865555991717/971334446112864535459730953411759453321203419526069760625906204869452142602604249088"
        ],
        "rAB": [
          "1342810249582267100125603573189289006337142576604847555866472271397786593668920479343056032181317/533996758980227520598755426542388028650676130589163192486760401955554931445160137505740521734144",
          "340286467464048672993124042922802453580602474649435846382172332316773003955275074162227/124330809102446660538845562036705210025114037699336929360115994223289874253133343883264"
        ],
        "rB": [
          "106659038430255494102358415473472104129006203495449038296494772184559421911457/57896044618658097711785492504343953926634992332820282019728792003956564819968",
          "496270197350021746284923948544290910301564488269449110889472669687286950597882995833377/248661618204893321077691124073410420050228075398673858720231988446579748506266687766528"
        ],
        "rC": [
          "4611686018427387901/2305843009213693952",
          "9223372036854775813/4611686018427387904"
        ],
        "rR": [
          "4611686018427387901/2305843009213693952",
          "9223372036854775813/4611686018427387904"
        ],
        "u": [
          "727770009313362169874302673531892851710112271035992695129748807793806013386271925306608301202539022819762343971625/9850501549098619803069760025035903451269934817616361666987073351061430442874302652853566563721228910201656997576704",
          "13935355472010983662658956261540908658687117169455636412054114434834725561148371782415050636499978870797934620505389184172510602758807/181709681073901722637330951972001133588410340171829515070372549795159822028349480831547762678440891390190630401566544483383650407153664"
        ],
        "v": [
          "8778354662226736651361196578860853393162748020190199314329472003439255687854428958612223792702274896880575422632257438288886471947625/181709681073901722637330951972001133588410340171829515070372549795159822028349480831547762678440891390190630401566544483383650407153664",
          "503542684323965184625901015448590104155369897632962527446826298967055092782629913611339913364488463093434173158615/9850501549098619803069760025035903451269934817616361666987073351061430442874302652853566563721228910201656997576704"
        ]
      },
      "id": "r10100"
    },
    {
      "box": {
        "g": [
          "402975273204876281556483/1208925819614629174706176",
          "201487636602438221335867/604462909807314587353088"
        ],
        "h": [
          "2251799813685247/36028797018963968",
          "18446744073709555277/295147905179352825856"
        ],
        "rA": [
          "1557755351804863561218424641202600412627248183273985446287414222602777766403/904625697166532776746648320380374280103671755200316906558262375061821325312",
          "1935351142595149172201816088167672734562191428469974477214609130676322949865555991717/971334446112864535459730953411759453321203419526069760625906204869452142602604249088"
        ],
        "rAB": [
          "1342810249582267100125603573189289006337142576604847555866472271397786593668920479343056032181317/533996758980227520598755426542388028650676130589163192486760401955554931445160137505740521734144",
          "340286467464048672993124042922802453580602474649435846382172332316773003955275074162227/124330809102446660538845562036705210025114037699336929360115994223289874253133343883264"
        ],
        "rB": [
          "106659038430255494102358415473472104129006203495449038296494772184559421911457/57896044618658097711785492504343953926634992332820282019728792003956564819968",
          "496270197350021746284923948544290910301564488269449110889472669687286950597882995833377/248661618204893321077691124073410420050228075398673858720231988446579748506266687766528"
        ],
        "rC": [
          "4611686018427387901/2305843009213693952",
          "9223372036854775813/4611686018427387904"
        ],
        "rR": [
          "4611686018427387901/2305843009213693952",
          "9223372036854775813/4611686018427387904"
        ],
        "u": [
          "727770009313362169874302673531892851710112271035992695129748807793806013386271925306608301202539022819762343971625/9850501549098619803069760025035903451269934817616361666987073351061430442874302652853566563721228910201656997576704",
          "13935355472010983662658956261540908658687117169455636412054114434834725561148371782415050636499978870797934620505389184172510602758807/181709681073901722637330951972001133588410340171829515070372549795159822028349480831547762678440891390190630401566544483383650407153664"
        ],
        "v": [
          "8778354662226736651361196578860853393162748020190199314329472003439255687854428958612223792702274896880575422632257438288886471947625/181709681073901722637330951972001133588410340171829515070372549795159822028349480831547762678440891390190630401566544483383650407153664",
          "503542684323965184625901015448590104155369897632962527446826298967055092782629913611339913364488463093434173158615/9850501549098619803069760025035903451269934817616361666987073351061430442874302652853566563721228910201656997576704"
        ]
      },
      "id": "r10101"
    }
  ],
  "ranked_histories": null,
  "raw_feature_order": [
    "AC1",
    "AC2",
    "CC1",
    "BC1",
    "BC2",
    "AB1",
    "AB2",
    "AA1",
    "BB1"
  ],
  "recommended_history": null,
  "request_sha256": "c2e23ae91322c17df3b6af219eebdce4337ae57503f73b3673b51cdf93ed7fc7",
  "schema": "global-triangular-outer-cover-v1",
  "source_feasibility_certified": false,
  "statistical_coverage_verified": false,
  "status": "UNKNOWN_OUTER_COVER",
  "whole_union_width_target_met": false,
  "width_certificate_is_conditional_geometry_only": true,
  "widths": {
    "g": {
      "met": true,
      "normalized_ratio": "161115251/604462909807314587353088",
      "original": "1/2",
      "pre_fixed": false,
      "tolerance": "1/40",
      "width": "161115251/1208925819614629174706176"
    },
    "h": {
      "met": true,
      "normalized_ratio": "3951/9223372036854775808",
      "original": "3/32",
      "pre_fixed": false,
      "tolerance": "3/640",
      "width": "11853/295147905179352825856"
    },
    "rA": {
      "met": false,
      "normalized_ratio": "1151485657840533061578448860429573317676318443412256333850399148771991061310112353/15177100720513508366558296147058741458143803430094840009779784451085189728165691392",
      "original": "11/2",
      "pre_fixed": false,
      "tolerance": "11/40",
      "width": "12666342236245863677362937464725306494439502877534819672354390636491901674411235883/30354201441027016733116592294117482916287606860189680019559568902170379456331382784"
    },
    "rAB": {
      "met": false,
      "normalized_ratio": "9956571020540875560256157154535468201498837965653728120786745079388061783194712079225/62165404551223330269422781018352605012557018849668464680057997111644937126566671941632",
      "original": "11/2",
      "pre_fixed": false,
      "tolerance": "11/40",
      "width": "109522281225949631162817728699890150216487217622191009328654195873268679615141832871475/124330809102446660538845562036705210025114037699336929360115994223289874253133343883264"
    },
    "rB": {
      "met": true,
      "normalized_ratio": "661676711309128075456019063184356473751787568853486909516352392657511145771158110883/15541351137805832567355695254588151253139254712417116170014499277911234281641667985408",
      "original": "11/2",
      "pre_fixed": false,
      "tolerance": "11/40",
      "width": "7278443824400408830016209695027921211269663257388356004679876319232622603482739219713/31082702275611665134711390509176302506278509424834232340028998555822468563283335970816"
    },
    "rC": {
      "met": true,
      "normalized_ratio": "1/2305843009213693952",
      "original": "11/2",
      "pre_fixed": false,
      "tolerance": "11/40",
      "width": "11/4611686018427387904"
    },
    "rR": {
      "met": true,
      "normalized_ratio": "1/2305843009213693952",
      "original": "11/2",
      "pre_fixed": false,
      "tolerance": "11/40",
      "width": "11/4611686018427387904"
    },
    "u": {
      "met": false,
      "normalized_ratio": "1091866006210295637966254119609089096151526472283227511477391288339152958122597356500762765003376366560544030471307173548654379194589/5678427533559428832416592249125035424637823130369672345949142181098744438385921275985867583701277855943457200048954515105739075223552",
      "original": "3/32",
      "pre_fixed": false,
      "tolerance": "3/640",
      "width": "3275598018630886913898762358827267288454579416849682534432173865017458874367792069502288295010129099681632091413921520645963137583767/181709681073901722637330951972001133588410340171829515070372549795159822028349480831547762678440891390190630401566544483383650407153664"
    },
    "v": {
      "met": false,
      "normalized_ratio": "1091866006210293233212563445908529671746360360393297470204553937744861004903315528629055898314241238683606662026299470569139845781725/5678427533559428832416592249125035424637823130369672345949142181098744438385921275985867583701277855943457200048954515105739075223552",
      "original": "3/32",
      "pre_fixed": false,
      "tolerance": "3/640",
      "width": "3275598018630879699637690337725589015239081081179892410613661813234583014709946585887167694942723716050819986078898411707419537345175/181709681073901722637330951972001133588410340171829515070372549795159822028349480831547762678440891390190630401566544483383650407153664"
    }
  }
}
