{
  "certificate_issued": false,
  "checkpoint": "state-000310-8888fe96213dec394358c6204213443894cd60c0f289177d4ccb62457a1a164f.json",
  "requires_independent_complete_chain_replay": true,
  "schema": "global-triangular-worker-outcome-v1",
  "splits": 17,
  "stages_started": 147,
  "stop_reason": "wall_budget",
  "whole_union_width_goal_observed": false,
  "widths": {
    "g": {
      "met": true,
      "normalized_ratio": "161115251/604462909807314587353088",
      "original": "1/2",
      "pre_fixed": false,
      "tolerance": "1/40",
      "width": "161115251/1208925819614629174706176"
    },
    "h": {
      "met": true,
      "normalized_ratio": "3951/9223372036854775808",
      "original": "3/32",
      "pre_fixed": false,
      "tolerance": "3/640",
      "width": "11853/295147905179352825856"
    },
    "rA": {
      "met": false,
      "normalized_ratio": "1151485657840533061578448860429573317676318443412256333850399148771991061310112353/15177100720513508366558296147058741458143803430094840009779784451085189728165691392",
      "original": "11/2",
      "pre_fixed": false,
      "tolerance": "11/40",
      "width": "12666342236245863677362937464725306494439502877534819672354390636491901674411235883/30354201441027016733116592294117482916287606860189680019559568902170379456331382784"
    },
    "rAB": {
      "met": false,
      "normalized_ratio": "9956571020540875560256157154535468201498837965653728120786745079388061783194712079225/62165404551223330269422781018352605012557018849668464680057997111644937126566671941632",
      "original": "11/2",
      "pre_fixed": false,
      "tolerance": "11/40",
      "width": "109522281225949631162817728699890150216487217622191009328654195873268679615141832871475/124330809102446660538845562036705210025114037699336929360115994223289874253133343883264"
    },
    "rB": {
      "met": true,
      "normalized_ratio": "661676711309128075456019063184356473751787568853486909516352392657511145771158110883/15541351137805832567355695254588151253139254712417116170014499277911234281641667985408",
      "original": "11/2",
      "pre_fixed": false,
      "tolerance": "11/40",
      "width": "7278443824400408830016209695027921211269663257388356004679876319232622603482739219713/31082702275611665134711390509176302506278509424834232340028998555822468563283335970816"
    },
    "rC": {
      "met": true,
      "normalized_ratio": "1/2305843009213693952",
      "original": "11/2",
      "pre_fixed": false,
      "tolerance": "11/40",
      "width": "11/4611686018427387904"
    },
    "rR": {
      "met": true,
      "normalized_ratio": "1/2305843009213693952",
      "original": "11/2",
      "pre_fixed": false,
      "tolerance": "11/40",
      "width": "11/4611686018427387904"
    },
    "u": {
      "met": false,
      "normalized_ratio": "1091866006210295637966254119609089096151526472283227511477391288339152958122597356500762765003376366560544030471307173548654379194589/5678427533559428832416592249125035424637823130369672345949142181098744438385921275985867583701277855943457200048954515105739075223552",
      "original": "3/32",
      "pre_fixed": false,
      "tolerance": "3/640",
      "width": "3275598018630886913898762358827267288454579416849682534432173865017458874367792069502288295010129099681632091413921520645963137583767/181709681073901722637330951972001133588410340171829515070372549795159822028349480831547762678440891390190630401566544483383650407153664"
    },
    "v": {
      "met": false,
      "normalized_ratio": "1091866006210293233212563445908529671746360360393297470204553937744861004903315528629055898314241238683606662026299470569139845781725/5678427533559428832416592249125035424637823130369672345949142181098744438385921275985867583701277855943457200048954515105739075223552",
      "original": "3/32",
      "pre_fixed": false,
      "tolerance": "3/640",
      "width": "3275598018630879699637690337725589015239081081179892410613661813234583014709946585887167694942723716050819986078898411707419537345175/181709681073901722637330951972001133588410340171829515070372549795159822028349480831547762678440891390190630401566544483383650407153664"
    }
  }
}
