src/NanuqActualHybridChildTaxa.lean:19:19: error(lean.unknownIdentifier): Unknown identifier `hleaf`
src/NanuqActualHybridChildTaxa.lean:19:9: error: Tactic `rcases` failed: `x✝ : ?m.123` is not an inductive datatype
src/NanuqActualHybridChildTaxa.lean:23:48: error: Application type mismatch: The argument
  hleaf
has type
  ∀ (e : E), N.graph.IsHybrid (N.graph.source e) → ∃ x, N.graph.target e = N.leaf x
of sort `Prop` but is expected to have type
  N.HybridVertex
of sort `Type u_1` in the application
  hybrid_child_taxon_exists N hleaf
src/NanuqActualHybridChildTaxa.lean:26:86: error: Application type mismatch: The argument
  hleaf
has type
  ∀ (e : E), N.graph.IsHybrid (N.graph.source e) → ∃ x, N.graph.target e = N.leaf x
of sort `Prop` but is expected to have type
  N.HybridVertex
of sort `Type u_1` in the application
  N.hybridChildTaxon hleaf
src/NanuqActualHybridChildTaxa.lean:27:53: error(lean.unknownIdentifier): Unknown identifier `hleaf`
src/NanuqActualHybridChildTaxa.lean:30:50: error: Application type mismatch: The argument
  hleaf
has type
  ∀ (e : E), N.graph.IsHybrid (N.graph.source e) → ∃ x, N.graph.target e = N.leaf x
of sort `Prop` but is expected to have type
  N.HybridVertex
of sort `Type u_1` in the application
  N.hybridChildTaxon hleaf
src/NanuqActualHybridChildTaxa.lean:31:46: error(lean.unknownIdentifier): Unknown identifier `hleaf`
src/NanuqActualHybridChildTaxa.lean:31:9: error: Tactic `rcases` failed: `x✝ : X` is not an inductive datatype
src/NanuqActualHybridChildTaxa.lean:35:76: error: Application type mismatch: The argument
  hleaf
has type
  ∀ (e : E), N.graph.IsHybrid (N.graph.source e) → ∃ x, N.graph.target e = N.leaf x
of sort `Prop` but is expected to have type
  N.HybridVertex
of sort `Type u_1` in the application
  N.hybridChildTaxon hleaf
src/NanuqActualHybridChildTaxa.lean:45:60: error: Application type mismatch: The argument
  hleaf
has type
  ∀ (e : E), N.graph.IsHybrid (N.graph.source e) → ∃ x, N.graph.target e = N.leaf x
of sort `Prop` but is expected to have type
  N.HybridVertex
of sort `Type u_1` in the application
  N.hybridChildTaxon hleaf
src/NanuqActualHybridChildTaxa.lean:47:46: error(lean.unknownIdentifier): Unknown identifier `hleaf`
src/NanuqActualHybridChildTaxa.lean:47:9: error: Tactic `rcases` failed: `x✝ : ?m.87` is not an inductive datatype
src/NanuqActualHybridChildTaxa.lean:52:45: error: Application type mismatch: The argument
  hleaf
has type
  ∀ (e : E), N.graph.IsHybrid (N.graph.source e) → ∃ x, N.graph.target e = N.leaf x
of sort `Prop` but is expected to have type
  N.HybridVertex
of sort `Type u_1` in the application
  N.hybridChildTaxon hleaf
src/NanuqActualHybridChildTaxa.lean:67:37: error(lean.unknownIdentifier): Unknown identifier `hleaf`
src/NanuqActualHybridChildTaxa.lean:70:14: error(lean.unknownIdentifier): Unknown constant `Nanuq.Source.RootedBinary.hybridChildTaxon_injective`
'Nanuq.Source.RootedBinary.nonordinary_taxon_is_hybrid_child' depends on axioms: [propext,
 sorryAx,
 Classical.choice,
 Quot.sound]
