src/NanuqActualCurveWalk.lean:51:11: warning: Try `simp at he` instead of `simpa using he`

Note: This linter can be disabled with `set_option linter.unnecessarySimpa false`
src/NanuqActualCurveWalk.lean:81:43: warning: This simp argument is unused:
  Set.mem_empty_iff_false

Hint: Omit it from the simp argument list.
  [apply] simp only [curve, Path.cast_coe, edges, Set.iUnion_of_empty]

Note: This linter can be disabled with `set_option linter.unusedSimpArgs false`
src/NanuqActualCurveWalk.lean:81:67: warning: This simp argument is unused:
  Set.iUnion_of_empty

Hint: Omit it from the simp argument list.
  [apply] simp only [curve, Path.cast_coe, edges, Set.mem_empty_iff_false]

Note: This linter can be disabled with `set_option linter.unusedSimpArgs false`
src/NanuqActualCurveWalk.lean:94:54: warning: This simp argument is unused:
  Path.symm_range

Hint: Omit it from the simp argument list.
  [apply] simp only [curve, Path.trans_range, Path.cast_coe, ih, edges] at *

Note: This linter can be disabled with `set_option linter.unusedSimpArgs false`
src/NanuqActualCurveWalk.lean:101:59: warning: This simp argument is unused:
  Set.mem_empty_iff_false

Hint: Omit it from the simp argument list.
  [apply] simp only [curve, Path.cast_coe, Path.symm_range, edges, Set.iUnion_of_empty]

Note: This linter can be disabled with `set_option linter.unusedSimpArgs false`
src/NanuqActualCurveWalk.lean:101:83: warning: This simp argument is unused:
  Set.iUnion_of_empty

Hint: Omit it from the simp argument list.
  [apply] simp only [curve, Path.cast_coe, Path.symm_range, edges, Set.mem_empty_iff_false]

Note: This linter can be disabled with `set_option linter.unusedSimpArgs false`
