src/NanuqActualCurveWalk.lean:20:4: error: Type mismatch
  nil v
has type
  OccurrenceWalk ?m.7 v v
but is expected to have type
  G.OccurrenceWalk a b
src/NanuqActualCurveWalk.lean:41:11: error: Type mismatch
  mem_singleton ?m.31
has type
  ?m.31 ∈ {?m.31}
but is expected to have type
  a ∈ (nil a).vertices
src/NanuqActualCurveWalk.lean:42:24: error: Type mismatch
  mem_insert_of_mem ?m.38 ih
has type
  a ∈ insert ?m.38 w.vertices
but is expected to have type
  a ∈ (w.forward e h).vertices
src/NanuqActualCurveWalk.lean:43:25: error: Type mismatch
  mem_insert_of_mem ?m.45 ih
has type
  a ∈ insert ?m.45 w.vertices
but is expected to have type
  a ∈ (w.backward e h).vertices
src/NanuqActualCurveWalk.lean:46:14: error: Type mismatch
  mem_insert ?m.103 ?m.104
has type
  ?m.103 ∈ insert ?m.103 ?m.104
but is expected to have type
  a ∈ (nil a).vertices
src/NanuqActualCurveWalk.lean:46:14: error: Type mismatch
  mem_insert ?m.103 ?m.104
has type
  ?m.103 ∈ insert ?m.103 ?m.104
but is expected to have type
  G.target e✝ ∈ (w✝.forward e✝ h✝).vertices
src/NanuqActualCurveWalk.lean:46:14: error: Type mismatch
  mem_insert ?m.103 ?m.104
has type
  ?m.103 ∈ insert ?m.103 ?m.104
but is expected to have type
  G.source e✝ ∈ (w✝.backward e✝ h✝).vertices
src/NanuqActualCurveWalk.lean:54:38: error: invalid `▸` notation, failed to compute motive for the substitution
src/NanuqActualCurveWalk.lean:54:57: error: Application type mismatch: The argument
  mem_insert ?m.88 ?m.89
has type
  ?m.88 ∈ insert ?m.88 ?m.89
but is expected to have type
  G.target e ∈ (w.forward e hf).vertices
in the application
  ⟨?m.86, mem_insert ?m.88 ?m.89⟩
src/NanuqActualCurveWalk.lean:55:47: error: Application type mismatch: The argument
  mem_insert_of_mem ?m.108 (ih he).right
has type
  G.target e ∈ insert ?m.108 w.vertices
but is expected to have type
  G.target e ∈ (w.forward f hf).vertices
in the application
  ⟨?m.104, mem_insert_of_mem ?m.108 (ih he).right⟩
src/NanuqActualCurveWalk.lean:58:57: error: invalid `▸` notation, failed to compute motive for the substitution
src/NanuqActualCurveWalk.lean:59:47: error: Application type mismatch: The argument
  mem_insert_of_mem ?m.166 (ih he).right
has type
  G.target e ∈ insert ?m.166 w.vertices
but is expected to have type
  G.target e ∈ (w.backward f hf).vertices
in the application
  ⟨?m.162, mem_insert_of_mem ?m.166 (ih he).right⟩
src/NanuqActualCurveWalk.lean:63:4: error: Type mismatch
  nil v
has type
  OccurrenceWalk ?m.22 v v
but is expected to have type
  G.OccurrenceWalk a b
src/NanuqActualCurveWalk.lean:70:8: error: unsolved goals
case nil
V : Type u_1
E : Type u_2
P : Type u_3
inst✝ : TopologicalSpace P
G : EdgeGraph V E
D : G.CurveDrawing
a b : V
⊢ ∀ (a_1 : ℝ) (hp : 0 ≤ a_1) (hq : a_1 ≤ 1), (sorry ()) ⟨a_1, ⋯⟩ = D.point a
src/NanuqActualCurveWalk.lean:74:4: warning: aesop: failed to prove the goal after exhaustive search.
src/NanuqActualCurveWalk.lean:71:21: error: unsolved goals
case mp
V : Type u_1
E : Type u_2
P : Type u_3
inst : TopologicalSpace P
G : EdgeGraph V E
D : G.CurveDrawing
a b : V
e : E
w : G.OccurrenceWalk a (G.source e)
ih : range ⇑(curve D w) = insert (D.point a) (⋃ e_1 ∈ w.edges, range ⇑(D.arc e_1))
w_1 : ℝ
left : 0 ≤ w_1
right : w_1 ≤ 1
⊢ (sorry ()) ⟨w_1, ⋯⟩ = D.point a ∨
    (∃ a_1, ∃ (h : 0 ≤ a_1 ∧ a_1 ≤ 1), (D.arc e) ⟨a_1, ⋯⟩ = (sorry ()) ⟨w_1, ⋯⟩) ∨
      ∃ a_1 ∈ w.edges, ∃ a_2, ∃ (h : 0 ≤ a_2 ∧ a_2 ≤ 1), (D.arc a_1) ⟨a_2, ⋯⟩ = (sorry ()) ⟨w_1, ⋯⟩

case mpr.inl
V : Type u_1
E : Type u_2
P : Type u_3
inst : TopologicalSpace P
G : EdgeGraph V E
D : G.CurveDrawing
a b : V
e : E
w : G.OccurrenceWalk a (G.source e)
ih : range ⇑(curve D w) = insert (D.point a) (⋃ e_1 ∈ w.edges, range ⇑(D.arc e_1))
⊢ ∃ a_1, ∃ (h : 0 ≤ a_1 ∧ a_1 ≤ 1), (sorry ()) ⟨a_1, ⋯⟩ = D.point a

case mpr.inr.inl
V : Type u_1
E : Type u_2
P : Type u_3
inst : TopologicalSpace P
G : EdgeGraph V E
D : G.CurveDrawing
a b : V
e : E
w : G.OccurrenceWalk a (G.source e)
ih : range ⇑(curve D w) = insert (D.point a) (⋃ e_1 ∈ w.edges, range ⇑(D.arc e_1))
w_1 : ℝ
left : 0 ≤ w_1
right : w_1 ≤ 1
⊢ ∃ a_1, ∃ (h : 0 ≤ a_1 ∧ a_1 ≤ 1), (sorry ()) ⟨a_1, ⋯⟩ = (D.arc e) ⟨w_1, ⋯⟩

case mpr.inr.inr
V : Type u_1
E : Type u_2
P : Type u_3
inst : TopologicalSpace P
G : EdgeGraph V E
D : G.CurveDrawing
a b : V
e : E
w : G.OccurrenceWalk a (G.source e)
ih : range ⇑(curve D w) = insert (D.point a) (⋃ e_1 ∈ w.edges, range ⇑(D.arc e_1))
w_1 : E
left : w_1 ∈ w.edges
w_2 : ℝ
left_1 : 0 ≤ w_2
right : w_2 ≤ 1
⊢ ∃ a_1, ∃ (h : 0 ≤ a_1 ∧ a_1 ≤ 1), (sorry ()) ⟨a_1, ⋯⟩ = (D.arc w_1) ⟨w_2, ⋯⟩
src/NanuqActualCurveWalk.lean:78:4: warning: aesop: failed to prove the goal after exhaustive search.
src/NanuqActualCurveWalk.lean:75:22: error: unsolved goals
case mp
V : Type u_1
E : Type u_2
P : Type u_3
inst : TopologicalSpace P
G : EdgeGraph V E
D : G.CurveDrawing
a b : V
e : E
w : G.OccurrenceWalk a (G.target e)
ih : range ⇑(curve D w) = insert (D.point a) (⋃ e_1 ∈ w.edges, range ⇑(D.arc e_1))
w_1 : ℝ
left : 0 ≤ w_1
right : w_1 ≤ 1
⊢ (sorry ()) ⟨w_1, ⋯⟩ = D.point a ∨
    (∃ a_1, ∃ (h : 0 ≤ a_1 ∧ a_1 ≤ 1), (D.arc e) ⟨a_1, ⋯⟩ = (sorry ()) ⟨w_1, ⋯⟩) ∨
      ∃ a_1 ∈ w.edges, ∃ a_2, ∃ (h : 0 ≤ a_2 ∧ a_2 ≤ 1), (D.arc a_1) ⟨a_2, ⋯⟩ = (sorry ()) ⟨w_1, ⋯⟩

case mpr.inl
V : Type u_1
E : Type u_2
P : Type u_3
inst : TopologicalSpace P
G : EdgeGraph V E
D : G.CurveDrawing
a b : V
e : E
w : G.OccurrenceWalk a (G.target e)
ih : range ⇑(curve D w) = insert (D.point a) (⋃ e_1 ∈ w.edges, range ⇑(D.arc e_1))
⊢ ∃ a_1, ∃ (h : 0 ≤ a_1 ∧ a_1 ≤ 1), (sorry ()) ⟨a_1, ⋯⟩ = D.point a

case mpr.inr.inl
V : Type u_1
E : Type u_2
P : Type u_3
inst : TopologicalSpace P
G : EdgeGraph V E
D : G.CurveDrawing
a b : V
e : E
w : G.OccurrenceWalk a (G.target e)
ih : range ⇑(curve D w) = insert (D.point a) (⋃ e_1 ∈ w.edges, range ⇑(D.arc e_1))
w_1 : ℝ
left : 0 ≤ w_1
right : w_1 ≤ 1
⊢ ∃ a_1, ∃ (h : 0 ≤ a_1 ∧ a_1 ≤ 1), (sorry ()) ⟨a_1, ⋯⟩ = (D.arc e) ⟨w_1, ⋯⟩

case mpr.inr.inr
V : Type u_1
E : Type u_2
P : Type u_3
inst : TopologicalSpace P
G : EdgeGraph V E
D : G.CurveDrawing
a b : V
e : E
w : G.OccurrenceWalk a (G.target e)
ih : range ⇑(curve D w) = insert (D.point a) (⋃ e_1 ∈ w.edges, range ⇑(D.arc e_1))
w_1 : E
left : w_1 ∈ w.edges
w_2 : ℝ
left_1 : 0 ≤ w_2
right : w_2 ≤ 1
⊢ ∃ a_1, ∃ (h : 0 ≤ a_1 ∧ a_1 ≤ 1), (sorry ()) ⟨a_1, ⋯⟩ = (D.arc w_1) ⟨w_2, ⋯⟩
src/NanuqActualCurveWalk.lean:70:17: warning: declaration uses `sorry`
src/NanuqActualCurveWalk.lean:72:21: warning: This simp argument is unused:
  Path.trans_range

Hint: Omit it from the simp argument list.
  [apply] simp only [curve, Path.cast_coe, ih, edges]

Note: This linter can be disabled with `set_option linter.unusedSimpArgs false`
src/NanuqActualCurveWalk.lean:72:38: warning: This simp argument is unused:
  Path.cast_coe

Hint: Omit it from the simp argument list.
  [apply] simp only [curve, Path.trans_range, ih, edges]

Note: This linter can be disabled with `set_option linter.unusedSimpArgs false`
src/NanuqActualCurveWalk.lean:72:52: warning: This simp argument is unused:
  ih

Hint: Omit it from the simp argument list.
  [apply] simp only [curve, Path.trans_range, Path.cast_coe, edges]

Note: This linter can be disabled with `set_option linter.unusedSimpArgs false`
src/NanuqActualCurveWalk.lean:76:21: warning: This simp argument is unused:
  Path.trans_range

Hint: Omit it from the simp argument list.
  [apply] simp only [curve, Path.cast_coe, Path.symm_range, ih, edges]

Note: This linter can be disabled with `set_option linter.unusedSimpArgs false`
src/NanuqActualCurveWalk.lean:76:38: warning: This simp argument is unused:
  Path.cast_coe

Hint: Omit it from the simp argument list.
  [apply] simp only [curve, Path.trans_range, Path.symm_range, ih, edges]

Note: This linter can be disabled with `set_option linter.unusedSimpArgs false`
src/NanuqActualCurveWalk.lean:76:52: warning: This simp argument is unused:
  Path.symm_range

Hint: Omit it from the simp argument list.
  [apply] simp only [curve, Path.trans_range, Path.cast_coe, ih, edges]

Note: This linter can be disabled with `set_option linter.unusedSimpArgs false`
src/NanuqActualCurveWalk.lean:76:68: warning: This simp argument is unused:
  ih

Hint: Omit it from the simp argument list.
  [apply] simp only [curve, Path.trans_range, Path.cast_coe, Path.symm_range, edges]

Note: This linter can be disabled with `set_option linter.unusedSimpArgs false`
src/NanuqActualCurveWalk.lean:88:42: error: Application type mismatch: The argument
  he
has type
  Set P
of sort `Type u_3` but is expected to have type
  ?m.143 ∈ ⋃ i, ?m.144 i
of sort `Prop` in the application
  mem_iUnion.mp he
