src/NanuqActualCurveWalk.lean:51:11: warning: Try `simp at he` instead of `simpa using he`

Note: This linter can be disabled with `set_option linter.unnecessarySimpa false`
src/NanuqActualCurveWalk.lean:81:43: warning: This simp argument is unused:
  Set.mem_empty_iff_false

Hint: Omit it from the simp argument list.
  [apply] simp only [curve, Path.cast_coe, edges, Set.iUnion_of_empty]

Note: This linter can be disabled with `set_option linter.unusedSimpArgs false`
src/NanuqActualCurveWalk.lean:81:67: warning: This simp argument is unused:
  Set.iUnion_of_empty

Hint: Omit it from the simp argument list.
  [apply] simp only [curve, Path.cast_coe, edges, Set.mem_empty_iff_false]

Note: This linter can be disabled with `set_option linter.unusedSimpArgs false`
src/NanuqActualCurveWalk.lean:94:54: warning: This simp argument is unused:
  Path.symm_range

Hint: Omit it from the simp argument list.
  [apply] simp only [curve, Path.trans_range, Path.cast_coe, ih, edges] at *

Note: This linter can be disabled with `set_option linter.unusedSimpArgs false`
src/NanuqActualCurveWalk.lean:101:59: warning: This simp argument is unused:
  Set.mem_empty_iff_false

Hint: Omit it from the simp argument list.
  [apply] simp only [curve, Path.cast_coe, Path.symm_range, edges, Set.iUnion_of_empty]

Note: This linter can be disabled with `set_option linter.unusedSimpArgs false`
src/NanuqActualCurveWalk.lean:101:83: warning: This simp argument is unused:
  Set.iUnion_of_empty

Hint: Omit it from the simp argument list.
  [apply] simp only [curve, Path.cast_coe, Path.symm_range, edges, Set.mem_empty_iff_false]

Note: This linter can be disabled with `set_option linter.unusedSimpArgs false`
src/NanuqActualCurveWalk.lean:158:31: error: Invalid projection: Projections extract constructor fields for one-constructor inductive types. The expression
  hs
has type `(w.forward e h).Simple` which is not a one-constructor inductive type.
src/NanuqActualCurveWalk.lean:159:45: error: Invalid projection: Projections extract constructor fields for one-constructor inductive types. The expression
  hs
has type `(w.forward e h).Simple` which is not a one-constructor inductive type.
src/NanuqActualCurveWalk.lean:162:13: error: Type mismatch
  D.arc_injective e
has type
  Function.Injective ⇑(D.arc e)
but is expected to have type
  Function.Injective ⇑(curve D ((nil a).forward e h))
src/NanuqActualCurveWalk.lean:164:6: error: Tactic `apply` failed: could not unify the conclusion of `CurveDrawing.trans_injective_of_only_joint
  (curve D (w.forward f hf)) ?m.173 (ih hsimple trivial) ?m.179`
  Function.Injective ⇑((curve D (w.forward f hf)).trans ?m.173)
with the goal
  Function.Injective ⇑(curve D ((w.forward f hf).forward e h))

Note: The full type of `CurveDrawing.trans_injective_of_only_joint (curve D (w.forward f hf)) ?m.173
  (ih hsimple trivial) ?m.179` is
  (∀ (t u : ↑unitInterval), (curve D (w.forward f hf)) t = ?m.173 u → t = 1 ∧ u = 0) →
    Function.Injective ⇑((curve D (w.forward f hf)).trans ?m.173)

case forward.forward
V : Type u_1
E : Type u_2
P : Type u_3
inst✝ : TopologicalSpace P
G : EdgeGraph V E
D : G.CurveDrawing
a b : V
e : E
b✝ : V
w : G.OccurrenceWalk a b✝
f : E
hf : G.source f = b✝
h : G.source e = G.target f
ih : (w.forward f hf).Simple → (w.forward f hf).Nonempty → Function.Injective ⇑(curve D (w.forward f hf))
hs : ((w.forward f hf).forward e h).Simple
hn : ((w.forward f hf).forward e h).Nonempty
hsimple : (w.forward f hf).Simple
hfresh : G.target e ∉ (w.forward f hf).vertices
hnot : e ∉ (w.forward f hf).edges
⊢ Function.Injective ⇑(curve D ((w.forward f hf).forward e h))
src/NanuqActualCurveWalk.lean:169:6: error: Tactic `apply` failed: could not unify the conclusion of `CurveDrawing.trans_injective_of_only_joint
  (curve D (w.backward f hf)) ?m.213 (ih hsimple trivial) ?m.219`
  Function.Injective ⇑((curve D (w.backward f hf)).trans ?m.213)
with the goal
  Function.Injective ⇑(curve D ((w.backward f hf).forward e h))

Note: The full type of `CurveDrawing.trans_injective_of_only_joint (curve D (w.backward f hf)) ?m.213
  (ih hsimple trivial) ?m.219` is
  (∀ (t u : ↑unitInterval), (curve D (w.backward f hf)) t = ?m.213 u → t = 1 ∧ u = 0) →
    Function.Injective ⇑((curve D (w.backward f hf)).trans ?m.213)

case forward.backward
V : Type u_1
E : Type u_2
P : Type u_3
inst✝ : TopologicalSpace P
G : EdgeGraph V E
D : G.CurveDrawing
a b : V
e : E
b✝ : V
w : G.OccurrenceWalk a b✝
f : E
hf : G.target f = b✝
h : G.source e = G.source f
ih : (w.backward f hf).Simple → (w.backward f hf).Nonempty → Function.Injective ⇑(curve D (w.backward f hf))
hs : ((w.backward f hf).forward e h).Simple
hn : ((w.backward f hf).forward e h).Nonempty
hsimple : (w.backward f hf).Simple
hfresh : G.target e ∉ (w.backward f hf).vertices
hnot : e ∉ (w.backward f hf).edges
⊢ Function.Injective ⇑(curve D ((w.backward f hf).forward e h))
src/NanuqActualCurveWalk.lean:174:31: error: Invalid projection: Projections extract constructor fields for one-constructor inductive types. The expression
  hs
has type `(w.backward e h).Simple` which is not a one-constructor inductive type.
src/NanuqActualCurveWalk.lean:169:80: error: Application type mismatch: The argument
  D.arc_injective e
has type
  Function.Injective ⇑(D.arc e)
but is expected to have type
  Function.Injective ⇑?m.213
in the application
  CurveDrawing.trans_injective_of_only_joint (curve D (w.backward f hf)) ?m.213 (ih hsimple trivial) (D.arc_injective e)
