src/NanuqActualFullAnchor.lean:12:6: error: Tactic `rewrite` failed: motive is not type correct:
  fun _a => tupleAnchor f rho = if _a then 1 else 0
Error: Application type mismatch: The argument
  instDecidableTripleInjectiveOfDecidableEq f 0
has type
  Decidable (tripleInjective f 0)
but is expected to have type
  Decidable _a
in the application
  @ite ℚ _a (instDecidableTripleInjectiveOfDecidableEq f 0)

Explanation: The rewrite tactic rewrites an expression 'e' using an equality 'a = b' by the following process. First, it looks for all 'a' in 'e'. Second, it tries to abstract these occurrences of 'a' to create a function 'm := fun _a => ...', called the *motive*, with the property that 'm a' is definitionally equal to 'e'. Third, we observe that 'congrArg' implies that 'm a = m b', which can be used with lemmas such as 'Eq.mpr' to change the goal. However, if 'e' depends on specific properties of 'a', then the motive 'm' might not typecheck.

Possible solutions: use rewrite's 'occs' configuration option to limit which occurrences are rewritten, or use 'simp' or 'conv' mode, which have strategies for certain kinds of dependencies (these tactics can handle proofs and 'Decidable' instances whose types depend on the rewritten term, and 'simp' can apply user-defined '@[congr]' theorems as well).

P : Type u_1
inst✝ : DecidableEq P
f : Fin 4 → P
rho : ℚ
h : f 0 = f 2
⊢ tupleAnchor f rho = if tripleInjective f 0 then 1 else 0
src/NanuqActualFullAnchor.lean:18:6: error: Tactic `rewrite` failed: motive is not type correct:
  fun _a => tupleAnchor f rho = if _a then 1 else 0
Error: Application type mismatch: The argument
  instDecidableTripleInjectiveOfDecidableEq f 0
has type
  Decidable (tripleInjective f 0)
but is expected to have type
  Decidable _a
in the application
  @ite ℚ _a (instDecidableTripleInjectiveOfDecidableEq f 0)

Explanation: The rewrite tactic rewrites an expression 'e' using an equality 'a = b' by the following process. First, it looks for all 'a' in 'e'. Second, it tries to abstract these occurrences of 'a' to create a function 'm := fun _a => ...', called the *motive*, with the property that 'm a' is definitionally equal to 'e'. Third, we observe that 'congrArg' implies that 'm a = m b', which can be used with lemmas such as 'Eq.mpr' to change the goal. However, if 'e' depends on specific properties of 'a', then the motive 'm' might not typecheck.

Possible solutions: use rewrite's 'occs' configuration option to limit which occurrences are rewritten, or use 'simp' or 'conv' mode, which have strategies for certain kinds of dependencies (these tactics can handle proofs and 'Decidable' instances whose types depend on the rewritten term, and 'simp' can apply user-defined '@[congr]' theorems as well).

P : Type u_1
inst✝ : DecidableEq P
f : Fin 4 → P
rho : ℚ
h : f 0 = f 3
⊢ tupleAnchor f rho = if tripleInjective f 0 then 1 else 0
src/NanuqActualFullAnchor.lean:24:6: error: Tactic `rewrite` failed: motive is not type correct:
  fun _a => tupleAnchor f rho = if _a then 1 else 0
Error: Application type mismatch: The argument
  instDecidableTripleInjectiveOfDecidableEq f 1
has type
  Decidable (tripleInjective f 1)
but is expected to have type
  Decidable _a
in the application
  @ite ℚ _a (instDecidableTripleInjectiveOfDecidableEq f 1)

Explanation: The rewrite tactic rewrites an expression 'e' using an equality 'a = b' by the following process. First, it looks for all 'a' in 'e'. Second, it tries to abstract these occurrences of 'a' to create a function 'm := fun _a => ...', called the *motive*, with the property that 'm a' is definitionally equal to 'e'. Third, we observe that 'congrArg' implies that 'm a = m b', which can be used with lemmas such as 'Eq.mpr' to change the goal. However, if 'e' depends on specific properties of 'a', then the motive 'm' might not typecheck.

Possible solutions: use rewrite's 'occs' configuration option to limit which occurrences are rewritten, or use 'simp' or 'conv' mode, which have strategies for certain kinds of dependencies (these tactics can handle proofs and 'Decidable' instances whose types depend on the rewritten term, and 'simp' can apply user-defined '@[congr]' theorems as well).

P : Type u_1
inst✝ : DecidableEq P
f : Fin 4 → P
rho : ℚ
h : f 1 = f 2
⊢ tupleAnchor f rho = if tripleInjective f 1 then 1 else 0
src/NanuqActualFullAnchor.lean:30:6: error: Tactic `rewrite` failed: motive is not type correct:
  fun _a => tupleAnchor f rho = if _a then 1 else 0
Error: Application type mismatch: The argument
  instDecidableTripleInjectiveOfDecidableEq f 1
has type
  Decidable (tripleInjective f 1)
but is expected to have type
  Decidable _a
in the application
  @ite ℚ _a (instDecidableTripleInjectiveOfDecidableEq f 1)

Explanation: The rewrite tactic rewrites an expression 'e' using an equality 'a = b' by the following process. First, it looks for all 'a' in 'e'. Second, it tries to abstract these occurrences of 'a' to create a function 'm := fun _a => ...', called the *motive*, with the property that 'm a' is definitionally equal to 'e'. Third, we observe that 'congrArg' implies that 'm a = m b', which can be used with lemmas such as 'Eq.mpr' to change the goal. However, if 'e' depends on specific properties of 'a', then the motive 'm' might not typecheck.

Possible solutions: use rewrite's 'occs' configuration option to limit which occurrences are rewritten, or use 'simp' or 'conv' mode, which have strategies for certain kinds of dependencies (these tactics can handle proofs and 'Decidable' instances whose types depend on the rewritten term, and 'simp' can apply user-defined '@[congr]' theorems as well).

P : Type u_1
inst✝ : DecidableEq P
f : Fin 4 → P
rho : ℚ
h : f 1 = f 3
⊢ tupleAnchor f rho = if tripleInjective f 1 then 1 else 0
src/NanuqActualFullAnchor.lean:81:26: warning: This simp argument is unused:
  hl

Hint: Omit it from the simp argument list.
  [apply] simp [tupleAnchor, h01]

Note: This linter can be disabled with `set_option linter.unusedSimpArgs false`
src/NanuqActualFullAnchor.lean:86:26: warning: This simp argument is unused:
  hl

Hint: Omit it from the simp argument list.
  [apply] simp [tupleAnchor, h23]

Note: This linter can be disabled with `set_option linter.unusedSimpArgs false`
'Nanuq.Source.RootedBinary.actual_full_anchor_identity' depends on axioms: [propext,
 sorryAx,
 Classical.choice,
 Quot.sound]
