/home/runner/work/_temp/g6-cloud-build/UnifiedLean/G6/InheritanceBankCommon.lean:108:0: warning: automatically included section variable(s) unused in theorem `UnifiedLean.G6.InheritanceBankCommon.actual_original_register_product`:
  [DecidableEq E]
consider restructuring your `variable` declarations so that the variables are not in scope or explicitly omit them:
  omit [DecidableEq E] in theorem ...

Note: This linter can be disabled with `set_option linter.unusedSectionVars false`
'UnifiedLean.G6.InheritanceBankCommon.actual_bit_singleton' depends on axioms: [propext, Classical.choice, Quot.sound]
'UnifiedLean.G6.InheritanceBankCommon.actual_bit_bank_lower' depends on axioms: [propext, Classical.choice, Quot.sound]
'UnifiedLean.G6.InheritanceBankCommon.actual_current_coin_product' depends on axioms: [propext,
 Classical.choice,
 Quot.sound]
'UnifiedLean.G6.InheritanceBankCommon.actual_current_coin_bank_lower' depends on axioms: [propext,
 Classical.choice,
 Quot.sound]
'UnifiedLean.G6.InheritanceBankCommon.actual_current_owner_count' depends on axioms: [propext,
 Classical.choice,
 Quot.sound]
'UnifiedLean.G6.InheritanceBankCommon.actual_independent_pulse_bank_lower' depends on axioms: [propext,
 Classical.choice,
 Quot.sound]
'UnifiedLean.G6.InheritanceBankCommon.actual_independent_pulse_bank_lower_uniform' depends on axioms: [propext,
 Classical.choice,
 Quot.sound]
'UnifiedLean.G6.InheritanceBankCommon.actual_original_register_product' depends on axioms: [propext,
 Classical.choice,
 Quot.sound]
'UnifiedLean.G6.InheritanceBankCommon.actual_original_register_coin_bank_lower' depends on axioms: [propext,
 Classical.choice,
 Quot.sound]
'UnifiedLean.G6.InheritanceBankCommon.actual_original_register_bank_lower' depends on axioms: [propext,
 Classical.choice,
 Quot.sound]
'UnifiedLean.G6.InheritanceBankCommon.actual_natural_initial_code_bank_lower' depends on axioms: [propext,
 Classical.choice,
 Quot.sound]
'UnifiedLean.G6.InheritanceBankCommon.actual_joint_register_initial_code_bank_lower' depends on axioms: [propext,
 Classical.choice,
 Quot.sound]
