/workspace/shared/g5-joint-observed-integration-20261009-2241z/candidate-v3/sources/G5ObservedForestBins.lean:28:17: warning: Definition `GProgram.G2.CompleteCalendarAttachment.unrankedForestMeasurable` of class type is semireducible. Most type class instances should be instance-reducible, so consider marking this
definition with `@[instance_reducible]`. If it is intentionally semireducible, this warning can be disabled with `set_option warn.classDefReducibility false`.
/workspace/shared/g5-joint-observed-integration-20261009-2241z/candidate-v3/sources/G5ObservedForestBins.lean:45:0: warning: automatically included section variable(s) unused in theorem `GProgram.G5.ObservedForestBins.observed_forest_bins_measurable`:
  [Fintype Tag]
  [MeasurableSingletonClass Tag]
consider restructuring your `variable` declarations so that the variables are not in scope or explicitly omit them:
  omit [Fintype Tag] [MeasurableSingletonClass Tag] in theorem ...

Note: This linter can be disabled with `set_option linter.unusedSectionVars false`
/workspace/shared/g5-joint-observed-integration-20261009-2241z/candidate-v3/sources/G5ObservedForestBins.lean:51:0: warning: automatically included section variable(s) unused in theorem `GProgram.G5.ObservedForestBins.completed_forest_bins_measurable`:
  [DecidableEq E]
consider restructuring your `variable` declarations so that the variables are not in scope or explicitly omit them:
  omit [DecidableEq E] in theorem ...

Note: This linter can be disabled with `set_option linter.unusedSectionVars false`
/workspace/shared/g5-joint-observed-integration-20261009-2241z/candidate-v3/sources/G5ObservedForestBins.lean:57:0: warning: automatically included section variable(s) unused in theorem `GProgram.G5.ObservedForestBins.actual_original_observed_forest_bins`:
  [Fintype Tag]
  [MeasurableSpace Tag]
  [MeasurableSingletonClass Tag]
consider restructuring your `variable` declarations so that the variables are not in scope or explicitly omit them:
  omit [Fintype Tag] [MeasurableSpace Tag] [MeasurableSingletonClass Tag] in theorem ...

Note: This linter can be disabled with `set_option linter.unusedSectionVars false`
/workspace/shared/g5-joint-observed-integration-20261009-2241z/candidate-v3/sources/G5ObservedForestBins.lean:67:15: warning: Variable name `y` is not explicitly referenced.

Hint: The binding can be removed (if unused) or named `_` (if used implicitly). Alternatively, prefix the name with `_` to silence this warning:
  [apply] _y

Note: This linter can be disabled with `set_option linter.unusedVariables false`
'GProgram.G5.ObservedForestBins.actual_original_observed_forest_bins' depends on axioms: [propext,
 Classical.choice,
 Quot.sound]
'GProgram.G5.ObservedForestBins.actual_observed_completed_forest_bins' depends on axioms: [propext,
 Classical.choice,
 Quot.sound]
'GProgram.G5.ObservedForestBins.actual_observed_completed_forest_bins_extended' depends on axioms: [propext,
 Classical.choice,
 Quot.sound]
'GProgram.G5.ObservedForestBins.actual_observed_finite_forest_bin_reader' depends on axioms: [propext,
 Classical.choice,
 Quot.sound]
