{
  "all_cells_meet_requested_mesh": false,
  "all_nine_coordinates": [
    "h",
    "u",
    "v",
    "rA",
    "rB",
    "rC",
    "rAB",
    "rR",
    "g"
  ],
  "cell_mesh_sup_width": "1/64",
  "conditional_coverage": "Contains every x in the authenticated original box whose330 true feature means satisfy all supplied intervals. A probability guarantee requires separate source/data/interval admission.",
  "details": {
    "checkpoint_sha256": "d07660c33950b761a7a47064047ed142547365306ec51d42379e038dd2a13519",
    "evaluations_started": 8,
    "exclusion_witnesses_recomputed": 0,
    "inflight_cell_included": false,
    "inherited_exclusions": false,
    "original_request_authenticated": true,
    "split_count": 8
  },
  "diameter_is_only_geometric": true,
  "mode": "normal_validated",
  "model": "fixed-six-copy-clock-jc-330-v1",
  "parameter_accuracy_released": false,
  "quantity": "shifted_bernoulli_character_mean",
  "ranked_histories": null,
  "recommended_history": null,
  "request_sha256": "73cf04115e574c66a6344b309021ac08cb65c6cfdc12d1308901fe2b9ac57447",
  "retained_cover": [
    {
      "box": {
        "g": [
          "509/1536",
          "515/1536"
        ],
        "h": [
          "31/512",
          "33/512"
        ],
        "rA": [
          "127/128",
          "255/256"
        ],
        "rAB": [
          "511/128",
          "4"
        ],
        "rB": [
          "255/128",
          "511/256"
        ],
        "rC": [
          "383/128",
          "767/256"
        ],
        "rR": [
          "639/128",
          "5"
        ],
        "u": [
          "31/512",
          "33/512"
        ],
        "v": [
          "31/512",
          "33/512"
        ]
      },
      "id": "r00000000",
      "status": "pending"
    },
    {
      "box": {
        "g": [
          "509/1536",
          "515/1536"
        ],
        "h": [
          "31/512",
          "33/512"
        ],
        "rA": [
          "127/128",
          "255/256"
        ],
        "rAB": [
          "511/128",
          "4"
        ],
        "rB": [
          "255/128",
          "511/256"
        ],
        "rC": [
          "767/256",
          "3"
        ],
        "rR": [
          "639/128",
          "5"
        ],
        "u": [
          "31/512",
          "33/512"
        ],
        "v": [
          "31/512",
          "33/512"
        ]
      },
      "id": "r00000001",
      "status": "pending"
    },
    {
      "box": {
        "g": [
          "509/1536",
          "515/1536"
        ],
        "h": [
          "31/512",
          "33/512"
        ],
        "rA": [
          "127/128",
          "255/256"
        ],
        "rAB": [
          "511/128",
          "4"
        ],
        "rB": [
          "511/256",
          "2"
        ],
        "rC": [
          "383/128",
          "3"
        ],
        "rR": [
          "639/128",
          "5"
        ],
        "u": [
          "31/512",
          "33/512"
        ],
        "v": [
          "31/512",
          "33/512"
        ]
      },
      "id": "r0000001",
      "status": "pending"
    },
    {
      "box": {
        "g": [
          "509/1536",
          "515/1536"
        ],
        "h": [
          "31/512",
          "33/512"
        ],
        "rA": [
          "255/256",
          "1"
        ],
        "rAB": [
          "511/128",
          "4"
        ],
        "rB": [
          "255/128",
          "2"
        ],
        "rC": [
          "383/128",
          "3"
        ],
        "rR": [
          "639/128",
          "5"
        ],
        "u": [
          "31/512",
          "33/512"
        ],
        "v": [
          "31/512",
          "33/512"
        ]
      },
      "id": "r000001",
      "status": "pending"
    },
    {
      "box": {
        "g": [
          "509/1536",
          "515/1536"
        ],
        "h": [
          "31/512",
          "33/512"
        ],
        "rA": [
          "127/128",
          "1"
        ],
        "rAB": [
          "511/128",
          "4"
        ],
        "rB": [
          "255/128",
          "2"
        ],
        "rC": [
          "383/128",
          "3"
        ],
        "rR": [
          "5",
          "641/128"
        ],
        "u": [
          "31/512",
          "33/512"
        ],
        "v": [
          "31/512",
          "33/512"
        ]
      },
      "id": "r00001",
      "status": "pending"
    },
    {
      "box": {
        "g": [
          "509/1536",
          "515/1536"
        ],
        "h": [
          "31/512",
          "33/512"
        ],
        "rA": [
          "127/128",
          "1"
        ],
        "rAB": [
          "4",
          "513/128"
        ],
        "rB": [
          "255/128",
          "2"
        ],
        "rC": [
          "383/128",
          "3"
        ],
        "rR": [
          "639/128",
          "641/128"
        ],
        "u": [
          "31/512",
          "33/512"
        ],
        "v": [
          "31/512",
          "33/512"
        ]
      },
      "id": "r0001",
      "status": "pending"
    },
    {
      "box": {
        "g": [
          "509/1536",
          "515/1536"
        ],
        "h": [
          "31/512",
          "33/512"
        ],
        "rA": [
          "127/128",
          "1"
        ],
        "rAB": [
          "511/128",
          "513/128"
        ],
        "rB": [
          "255/128",
          "2"
        ],
        "rC": [
          "3",
          "385/128"
        ],
        "rR": [
          "639/128",
          "641/128"
        ],
        "u": [
          "31/512",
          "33/512"
        ],
        "v": [
          "31/512",
          "33/512"
        ]
      },
      "id": "r001",
      "status": "pending"
    },
    {
      "box": {
        "g": [
          "509/1536",
          "515/1536"
        ],
        "h": [
          "31/512",
          "33/512"
        ],
        "rA": [
          "127/128",
          "1"
        ],
        "rAB": [
          "511/128",
          "513/128"
        ],
        "rB": [
          "2",
          "257/128"
        ],
        "rC": [
          "383/128",
          "385/128"
        ],
        "rR": [
          "639/128",
          "641/128"
        ],
        "u": [
          "31/512",
          "33/512"
        ],
        "v": [
          "31/512",
          "33/512"
        ]
      },
      "id": "r01",
      "status": "pending"
    },
    {
      "box": {
        "g": [
          "509/1536",
          "515/1536"
        ],
        "h": [
          "31/512",
          "33/512"
        ],
        "rA": [
          "1",
          "129/128"
        ],
        "rAB": [
          "511/128",
          "513/128"
        ],
        "rB": [
          "255/128",
          "257/128"
        ],
        "rC": [
          "383/128",
          "385/128"
        ],
        "rR": [
          "639/128",
          "641/128"
        ],
        "u": [
          "31/512",
          "33/512"
        ],
        "v": [
          "31/512",
          "33/512"
        ]
      },
      "id": "r1",
      "status": "pending"
    }
  ],
  "schema": "bounded-msci-outer-cover-v1",
  "statistical_coverage_verified": false,
  "status": "UNKNOWN_OUTER_COVER",
  "union_sup_diameter": "1/64"
}
