NaturalCellAffineCompiler.lean:113:8: warning: automatically included section variable(s) unused in theorem `UnifiedLean.G6.NaturalCellAffineCompiler.agesOf_bankVector`:
  [DecidableEq E]
consider restructuring your `variable` declarations so that the variables are not in scope or explicitly omit them:
  omit [DecidableEq E] in theorem ...

Note: This linter can be disabled with `set_option linter.unusedSectionVars false`
NaturalCellAffineCompiler.lean:117:8: warning: automatically included section variable(s) unused in theorem `UnifiedLean.G6.NaturalCellAffineCompiler.inverseRatesOf_bankVector`:
  [DecidableEq E]
consider restructuring your `variable` declarations so that the variables are not in scope or explicitly omit them:
  omit [DecidableEq E] in theorem ...

Note: This linter can be disabled with `set_option linter.unusedSectionVars false`
NaturalCellAffineCompiler.lean:121:8: warning: automatically included section variable(s) unused in theorem `UnifiedLean.G6.NaturalCellAffineCompiler.coinsOf_bankVector`:
  [DecidableEq E]
consider restructuring your `variable` declarations so that the variables are not in scope or explicitly omit them:
  omit [DecidableEq E] in theorem ...

Note: This linter can be disabled with `set_option linter.unusedSectionVars false`
NaturalCellAffineCompiler.lean:136:8: warning: automatically included section variable(s) unused in theorem `UnifiedLean.G6.NaturalCellAffineCompiler.ageForm_eval`:
  [DecidableEq E]
consider restructuring your `variable` declarations so that the variables are not in scope or explicitly omit them:
  omit [DecidableEq E] in theorem ...

Note: This linter can be disabled with `set_option linter.unusedSectionVars false`
NaturalCellAffineCompiler.lean:139:8: warning: automatically included section variable(s) unused in theorem `UnifiedLean.G6.NaturalCellAffineCompiler.inverseForm_eval`:
  [DecidableEq E]
consider restructuring your `variable` declarations so that the variables are not in scope or explicitly omit them:
  omit [DecidableEq E] in theorem ...

Note: This linter can be disabled with `set_option linter.unusedSectionVars false`
NaturalCellAffineCompiler.lean:142:8: warning: automatically included section variable(s) unused in theorem `UnifiedLean.G6.NaturalCellAffineCompiler.coinForm_eval`:
  [DecidableEq E]
consider restructuring your `variable` declarations so that the variables are not in scope or explicitly omit them:
  omit [DecidableEq E] in theorem ...

Note: This linter can be disabled with `set_option linter.unusedSectionVars false`
NaturalCellAffineCompiler.lean:201:0: warning: automatically included section variable(s) unused in theorem `UnifiedLean.G6.NaturalCellAffineCompiler.compileCell_correct`:
  [DecidableEq I]
  [DecidableEq C]
consider restructuring your `variable` declarations so that the variables are not in scope or explicitly omit them:
  omit [DecidableEq I] [DecidableEq C] in theorem ...

Note: This linter can be disabled with `set_option linter.unusedSectionVars false`
'UnifiedLean.G6.NaturalCellAffineCompiler.compileCell_correct' depends on axioms: [propext,
 Classical.choice,
 Quot.sound]
'UnifiedLean.G6.NaturalCellAffineCompiler.inverse_cell_iff_compiled' depends on axioms: [propext,
 Classical.choice,
 Quot.sound]
'UnifiedLean.G6.NaturalCellAffineCompiler.decideOriginalCell_correct' depends on axioms: [propext,
 Classical.choice,
 Quot.sound]
