StrictAffineElimination.lean:15:0: warning: automatically included section variable(s) unused in theorem `UnifiedLean.G6.StrictAffineElimination.rel_le`:
  [Field K]
  [IsStrictOrderedRing K]
consider restructuring your `variable` declarations so that the variables are not in scope or explicitly omit them:
  omit [Field K] [IsStrictOrderedRing K] in theorem ...

Note: This linter can be disabled with `set_option linter.unusedSectionVars false`
StrictAffineElimination.lean:18:0: warning: automatically included section variable(s) unused in theorem `UnifiedLean.G6.StrictAffineElimination.rel_of_lt`:
  [Field K]
  [IsStrictOrderedRing K]
consider restructuring your `variable` declarations so that the variables are not in scope or explicitly omit them:
  omit [Field K] [IsStrictOrderedRing K] in theorem ...

Note: This linter can be disabled with `set_option linter.unusedSectionVars false`
StrictAffineElimination.lean:23:0: warning: automatically included section variable(s) unused in theorem `UnifiedLean.G6.StrictAffineElimination.rel_or_left`:
  [Field K]
  [IsStrictOrderedRing K]
consider restructuring your `variable` declarations so that the variables are not in scope or explicitly omit them:
  omit [Field K] [IsStrictOrderedRing K] in theorem ...

Note: This linter can be disabled with `set_option linter.unusedSectionVars false`
StrictAffineElimination.lean:26:0: warning: automatically included section variable(s) unused in theorem `UnifiedLean.G6.StrictAffineElimination.rel_or_right`:
  [Field K]
  [IsStrictOrderedRing K]
consider restructuring your `variable` declarations so that the variables are not in scope or explicitly omit them:
  omit [Field K] [IsStrictOrderedRing K] in theorem ...

Note: This linter can be disabled with `set_option linter.unusedSectionVars false`
StrictAffineElimination.lean:29:0: warning: automatically included section variable(s) unused in theorem `UnifiedLean.G6.StrictAffineElimination.rel_trans`:
  [Field K]
  [IsStrictOrderedRing K]
consider restructuring your `variable` declarations so that the variables are not in scope or explicitly omit them:
  omit [Field K] [IsStrictOrderedRing K] in theorem ...

Note: This linter can be disabled with `set_option linter.unusedSectionVars false`
StrictAffineElimination.lean:154:0: warning: automatically included section variable(s) unused in theorem `UnifiedLean.G6.StrictAffineElimination.Row.eval_snoc`:
  [LinearOrder K]
  [IsStrictOrderedRing K]
consider restructuring your `variable` declarations so that the variables are not in scope or explicitly omit them:
  omit [LinearOrder K] [IsStrictOrderedRing K] in theorem ...

Note: This linter can be disabled with `set_option linter.unusedSectionVars false`
'UnifiedLean.G6.StrictAffineElimination.decideFeasible_correct' depends on axioms: [propext,
 Classical.choice,
 Quot.sound]
'UnifiedLean.G6.StrictAffineElimination.real_feasible_iff_rational' depends on axioms: [propext,
 Classical.choice,
 Quot.sound]
'UnifiedLean.G6.StrictAffineElimination.rational_witness_of_real' depends on axioms: [propext,
 Classical.choice,
 Quot.sound]
'UnifiedLean.G6.StrictAffineElimination.project_iff' depends on axioms: [propext, Classical.choice, Quot.sound]
'UnifiedLean.G6.StrictAffineElimination.feasible_project_iff' depends on axioms: [propext, Classical.choice, Quot.sound]
'UnifiedLean.G6.StrictAffineElimination.finite_bounds_iff' depends on axioms: [propext, Classical.choice, Quot.sound]
