ℹ [636/893] Replayed SourceNetwork
info: providers/SourceNetwork.lean:248:0: 'Nanuq.Source.EdgeGraph.not_bridge_of_parallel' does not depend on any axioms
info: providers/SourceNetwork.lean:249:0: 'Nanuq.Source.EdgeGraph.bridge_not_sameBlob' does not depend on any axioms
info: providers/SourceNetwork.lean:250:0: 'Nanuq.Source.EdgeGraph.bridge_blob_ne' depends on axioms: [propext]
info: providers/SourceNetwork.lean:251:0: 'Nanuq.Source.EdgeGraph.dreach_antisymm' depends on axioms: [propext, Classical.choice, Quot.sound]
info: providers/SourceNetwork.lean:252:0: 'Nanuq.Source.RootedBinary.underlying_connected' depends on axioms: [propext, Classical.choice, Quot.sound]
⚠ [640/893] Replayed GraphLeaves
warning: providers/GraphLeaves.lean:52:2: Try this: 
  haveI̵

The goal is a proposition, so `have` is preferred over `haveI`.
The difference between `have` and `haveI` is that `haveI` inlines the value.
But this is not relevant for proofs because of proof irrelevance.

Note: This linter can be disabled with `set_option linter.style.haveILetI false`
warning: providers/GraphLeaves.lean:53:2: Try this: 
  haveI̵

The goal is a proposition, so `have` is preferred over `haveI`.
The difference between `have` and `haveI` is that `haveI` inlines the value.
But this is not relevant for proofs because of proof irrelevance.

Note: This linter can be disabled with `set_option linter.style.haveILetI false`
info: providers/GraphLeaves.lean:86:0: 'Nanuq.Source.RootedBinary.every_vertex_reaches_leaf' depends on axioms: [propext, Classical.choice, Quot.sound]
info: providers/GraphLeaves.lean:87:0: 'Nanuq.Source.RootedBinary.forward_closed_contains_leaf' depends on axioms: [propext, Classical.choice, Quot.sound]
info: providers/GraphLeaves.lean:88:0: 'Nanuq.Source.RootedBinary.exists_leaf_avoiding_of_ne_root' depends on axioms: [propext, Classical.choice, Quot.sound]
ℹ [641/893] Replayed GraphCuts
info: providers/GraphCuts.lean:122:0: 'Nanuq.Source.EdgeGraph.edge_side_cover' depends on axioms: [propext, Classical.choice, Quot.sound]
info: providers/GraphCuts.lean:123:0: 'Nanuq.Source.EdgeGraph.bridge_sides_disjoint' does not depend on any axioms
info: providers/GraphCuts.lean:124:0: 'Nanuq.Source.RootedBinary.bridge_both_sides_contain_taxa' depends on axioms: [propext, Classical.choice, Quot.sound]
ℹ [642/893] Replayed GraphBlobs
info: providers/GraphBlobs.lean:100:0: 'Nanuq.Source.EdgeGraph.quotient_reach_lifts_without' depends on axioms: [propext]
info: providers/GraphBlobs.lean:101:0: 'Nanuq.Source.EdgeGraph.quotient_edge_is_bridge' depends on axioms: [propext]
info: providers/GraphBlobs.lean:102:0: 'Nanuq.Source.RootedBinary.blob_quotient_is_tree' depends on axioms: [propext, Classical.choice, Quot.sound]
⚠ [643/893] Replayed GraphSwitching
warning: providers/GraphSwitching.lean:135:2: Try this: 
  haveI̵

The goal is a proposition, so `have` is preferred over `haveI`.
The difference between `have` and `haveI` is that `haveI` inlines the value.
But this is not relevant for proofs because of proof irrelevance.

Note: This linter can be disabled with `set_option linter.style.haveILetI false`
warning: providers/GraphSwitching.lean:136:2: Try this: 
  haveI̵

The goal is a proposition, so `have` is preferred over `haveI`.
The difference between `have` and `haveI` is that `haveI` inlines the value.
But this is not relevant for proofs because of proof irrelevance.

Note: This linter can be disabled with `set_option linter.style.haveILetI false`
info: providers/GraphSwitching.lean:160:0: 'Nanuq.Source.EdgeGraph.uniqueIncoming_all_bridges' does not depend on any axioms
info: providers/GraphSwitching.lean:161:0: 'Nanuq.Source.RootedBinary.Switching.selected_rooted' depends on axioms: [propext, Classical.choice, Quot.sound]
info: providers/GraphSwitching.lean:162:0: 'Nanuq.Source.RootedBinary.Switching.selected_is_tree' depends on axioms: [propext, Classical.choice, Quot.sound]
ℹ [644/893] Replayed G5MinimalGraphInterface
info: providers/G5MinimalGraphInterface.lean:47:0: 'GProgram.G5.Minimal.root_source_side_of_rooted_acyclic' does not depend on any axioms
info: providers/G5MinimalGraphInterface.lean:48:0: 'GProgram.G5.Minimal.bridge_component_iff_descendant' depends on axioms: [propext, Classical.choice, Quot.sound]
ℹ [812/893] Replayed G2LiveLineageRouting
info: providers/G2LiveLineageRouting.lean:123:0: 'GProgram.G2.coalesced_copies_cannot_split' depends on axioms: [propext, Classical.choice, Quot.sound]
info: providers/G2LiveLineageRouting.lean:124:0: 'GProgram.G2.routed_parent_eq_iff_live_coin_eq' depends on axioms: [propext, Classical.choice, Quot.sound]
info: providers/G2LiveLineageRouting.lean:125:0: 'GProgram.G2.opposite_copy_bits_are_not_a_live_pulse' does not depend on any axioms
info: providers/G2LiveLineageRouting.lean:126:0: 'GProgram.G2.wrong_pulse_split_mass' depends on axioms: [propext, Classical.choice, Quot.sound]
info: providers/G2LiveLineageRouting.lean:127:0: 'GProgram.G2.fair_copy_pulse_splits_merged_ancestor' depends on axioms: [propext, Classical.choice, Quot.sound]
ℹ [813/893] Replayed G6BridgeCannotEnterHybrid
info: providers/G6BridgeCannotEnterHybrid.lean:85:0: 'GProgram.G6.BridgeEntry.bridge_targets_injective' depends on axioms: [propext, Classical.choice, Quot.sound]
info: providers/G6BridgeCannotEnterHybrid.lean:86:0: 'GProgram.G6.BridgeEntry.bridge_incoming_unique' depends on axioms: [propext, Classical.choice, Quot.sound]
info: providers/G6BridgeCannotEnterHybrid.lean:87:0: 'GProgram.G6.BridgeEntry.bridge_target_indegree_one' depends on axioms: [propext, Classical.choice, Quot.sound]
info: providers/G6BridgeCannotEnterHybrid.lean:88:0: 'GProgram.G6.BridgeEntry.two_incoming_occurrences_not_bridge' depends on axioms: [propext, Classical.choice, Quot.sound]
info: providers/G6BridgeCannotEnterHybrid.lean:89:0: 'GProgram.G6.BridgeEntry.original_bridge_target_not_hybrid' depends on axioms: [propext, Classical.choice, Quot.sound]
info: providers/G6BridgeCannotEnterHybrid.lean:90:0: 'GProgram.G6.BridgeEntry.original_hybrid_parents_nonbridge' depends on axioms: [propext, Classical.choice, Quot.sound]
ℹ [814/893] Replayed RawSourceAnchorLocalization
info: providers/RawSourceAnchorLocalization.lean:121:0: 'Nanuq.Source.RootedBinary.Switching.original_bridge_retained' depends on axioms: [propext,
 Classical.choice,
 Quot.sound]
info: providers/RawSourceAnchorLocalization.lean:122:0: 'Nanuq.Source.RootedBinary.Switching.original_bridge_source_side_iff' depends on axioms: [propext,
 Classical.choice,
 Quot.sound]
info: providers/RawSourceAnchorLocalization.lean:123:0: 'Nanuq.Source.RootedBinary.Switching.original_bridge_target_side_iff' depends on axioms: [propext,
 Classical.choice,
 Quot.sound]
info: providers/RawSourceAnchorLocalization.lean:124:0: 'Nanuq.Source.RootedBinary.Switching.raw_component_port_taxon_localization' depends on axioms: [propext,
 Classical.choice,
 Quot.sound]
info: providers/RawSourceAnchorLocalization.lean:125:0: 'Nanuq.Source.RootedBinary.Switching.original_bridge_taxon_descendant_iff' depends on axioms: [propext,
 Classical.choice,
 Quot.sound]
info: providers/RawSourceAnchorLocalization.lean:126:0: 'Nanuq.Source.RootedBinary.Switching.original_bridge_taxon_fibers' depends on axioms: [propext,
 Classical.choice,
 Quot.sound]
ℹ [815/893] Replayed GraphBridgeSplits
info: providers/GraphBridgeSplits.lean:62:0: 'Nanuq.Source.EdgeGraph.bridge_splits_compatible' depends on axioms: [propext, Classical.choice, Quot.sound]
ℹ [816/893] Replayed GraphBlobOrientation
info: providers/GraphBlobOrientation.lean:124:0: 'Nanuq.Source.RootedBinary.blob_arborescence' depends on axioms: [propext, Classical.choice, Quot.sound]
ℹ [817/893] Replayed GraphBlobLeaves
info: providers/GraphBlobLeaves.lean:122:0: 'Nanuq.Source.RootedBinary.blobLeaf' depends on axioms: [propext, Classical.choice, Quot.sound]
info: providers/GraphBlobLeaves.lean:123:0: 'Nanuq.Source.RootedBinary.blob_leaf_degrees' depends on axioms: [propext, Classical.choice, Quot.sound]
ℹ [818/893] Replayed GraphSwitchingDegree
info: providers/GraphSwitchingDegree.lean:79:0: 'Nanuq.Source.RootedBinary.Switching.selected_subcubic_tree' depends on axioms: [propext, Classical.choice, Quot.sound]
⚠ [887/893] Replayed GraphQuartetExistence
warning: providers/GraphQuartetExistence.lean:22:0: automatically included section variable(s) unused in theorem `Nanuq.Source.EdgeGraph.target_side_iff_descendant`:
  [Fintype E]
  [DecidableEq V]
consider restructuring your `variable` declarations so that the variables are not in scope or explicitly omit them:
  omit [Fintype E] [DecidableEq V] in theorem ...

Note: This linter can be disabled with `set_option linter.unusedSectionVars false`
warning: providers/GraphQuartetExistence.lean:121:2: Try this: 
  haveI̵

The goal is a proposition, so `have` is preferred over `haveI`.
The difference between `have` and `haveI` is that `haveI` inlines the value.
But this is not relevant for proofs because of proof irrelevance.

Note: This linter can be disabled with `set_option linter.style.haveILetI false`
warning: providers/GraphQuartetExistence.lean:122:2: Try this: 
  haveI̵

The goal is a proposition, so `have` is preferred over `haveI`.
The difference between `have` and `haveI` is that `haveI` inlines the value.
But this is not relevant for proofs because of proof irrelevance.

Note: This linter can be disabled with `set_option linter.style.haveILetI false`
info: providers/GraphQuartetExistence.lean:208:0: 'Nanuq.Source.RootedBinary.Switching.quartet_two_two_edge' depends on axioms: [propext, Classical.choice, Quot.sound]
ℹ [888/893] Replayed GraphPorts
info: providers/GraphPorts.lean:63:0: 'Nanuq.Source.RootedBinary.bridge_port_masses' depends on axioms: [propext, Classical.choice, Quot.sound]
info: providers/GraphPorts.lean:64:0: 'Nanuq.Source.RootedBinary.bridge_taxa_disjoint' depends on axioms: [propext, Classical.choice, Quot.sound]
⚠ [890/1065] Replayed GraphTreePorts
warning: providers/GraphTreePorts.lean:7:0: automatically included section variable(s) unused in theorem `Nanuq.Source.EdgeGraph.comparable_ancestors`:
  [Fintype E]
  [DecidableEq V]
consider restructuring your `variable` declarations so that the variables are not in scope or explicitly omit them:
  omit [Fintype E] [DecidableEq V] in theorem ...

Note: This linter can be disabled with `set_option linter.unusedSectionVars false`
warning: providers/GraphTreePorts.lean:67:0: automatically included section variable(s) unused in theorem `Nanuq.Source.EdgeGraph.rooted_connected`:
  [Fintype E]
  [DecidableEq V]
consider restructuring your `variable` declarations so that the variables are not in scope or explicitly omit them:
  omit [Fintype E] [DecidableEq V] in theorem ...

Note: This linter can be disabled with `set_option linter.unusedSectionVars false`
info: providers/GraphTreePorts.lean:115:0: 'Nanuq.Source.EdgeGraph.port_exists_unique' depends on axioms: [propext, Classical.choice, Quot.sound]
ℹ [891/1065] Replayed GraphBlobPorts
info: providers/GraphBlobPorts.lean:74:0: 'Nanuq.Source.RootedBinary.blobProjection_surjective' depends on axioms: [propext, Classical.choice, Quot.sound]
info: providers/GraphBlobPorts.lean:75:0: 'Nanuq.Source.RootedBinary.actual_port_mass_positive' depends on axioms: [propext, Classical.choice, Quot.sound]
⚠ [892/1065] Replayed GraphPortTransport
warning: providers/GraphPortTransport.lean:8:0: automatically included section variable(s) unused in theorem `Nanuq.Source.EdgeGraph.crossing_bridge_endpoints_inc`:
  [Fintype E]
  [DecidableEq V]
consider restructuring your `variable` declarations so that the variables are not in scope or explicitly omit them:
  omit [Fintype E] [DecidableEq V] in theorem ...

Note: This linter can be disabled with `set_option linter.unusedSectionVars false`
info: providers/GraphPortTransport.lean:65:0: 'Nanuq.Source.EdgeGraph.ports_equal_across_bridge' depends on axioms: [propext, Classical.choice, Quot.sound]
ℹ [893/1065] Replayed GraphPortFibers
info: providers/GraphPortFibers.lean:106:0: 'Nanuq.Source.RootedBinary.blobProjection_eq_iff_target_side' depends on axioms: [propext, Classical.choice, Quot.sound]
info: providers/GraphPortFibers.lean:107:0: 'Nanuq.Source.RootedBinary.blobProjection_eq_iff_source_side' depends on axioms: [propext, Classical.choice, Quot.sound]
info: providers/GraphPortFibers.lean:108:0: 'Nanuq.Source.RootedBinary.port_transport_between_blobs' depends on axioms: [propext, Classical.choice, Quot.sound]
ℹ [974/1065] Replayed QuartetSemantics
info: providers/QuartetSemantics.lean:129:0: 'Nanuq.Quartet.displayed_comp_surjective' depends on axioms: [propext, Classical.choice, Quot.sound]
info: providers/QuartetSemantics.lean:130:0: 'Nanuq.Quartet.discrepancy_prod_fst' depends on axioms: [propext, Classical.choice, Quot.sound]
info: providers/QuartetSemantics.lean:131:0: 'Nanuq.Quartet.distinct_average_differs_from_switching_average' depends on axioms: [propext,
 Classical.choice,
 Quot.sound]
⚠ [975/1065] Replayed QuartetComposition
warning: providers/QuartetComposition.lean:23:0: automatically included section variable(s) unused in theorem `Nanuq.Composition.sum_by_ports`:
  [DecidableEq X]
consider restructuring your `variable` declarations so that the variables are not in scope or explicitly omit them:
  omit [DecidableEq X] in theorem ...

Note: This linter can be disabled with `set_option linter.unusedSectionVars false`
warning: providers/QuartetComposition.lean:34:0: automatically included section variable(s) unused in theorem `Nanuq.Composition.portMass_pos_of_surjective`:
  [Fintype P]
  [DecidableEq X]
consider restructuring your `variable` declarations so that the variables are not in scope or explicitly omit them:
  omit [Fintype P] [DecidableEq X] in theorem ...

Note: This linter can be disabled with `set_option linter.unusedSectionVars false`
info: providers/QuartetComposition.lean:131:0: 'Nanuq.Composition.sum_pairs_by_ports' depends on axioms: [propext, Classical.choice, Quot.sound]
info: providers/QuartetComposition.lean:132:0: 'Nanuq.Composition.portMass_pos_of_surjective' depends on axioms: [propext, Classical.choice, Quot.sound]
info: providers/QuartetComposition.lean:133:0: 'Nanuq.Composition.source_composition_of_switching_and_localization' depends on axioms: [propext,
 Classical.choice,
 Quot.sound]
ℹ [976/1065] Replayed QuartetCompositionDependent
info: providers/QuartetCompositionDependent.lean:60:0: 'Nanuq.Composition.error_localization_dependent_ports' depends on axioms: [propext, Classical.choice, Quot.sound]
info: providers/QuartetCompositionDependent.lean:61:0: 'Nanuq.Composition.source_composition_dependent_ports' depends on axioms: [propext, Classical.choice, Quot.sound]
⚠ [986/1065] Replayed WeightedAnchor
warning: providers/WeightedAnchor.lean:48:5: Variable name `hxy` is not explicitly referenced.

Hint: The binding can be removed (if unused) or named `_` (if used implicitly). Alternatively, prefix the name with `_` to silence this warning:
  [apply] _hxy

Note: This linter can be disabled with `set_option linter.unusedVariables false`
warning: providers/WeightedAnchor.lean:98:15: This simp argument is unused:
  if_neg hpq

Hint: Omit it from the simp argument list.
  [apply] simp only [hpq, false_and]

Note: This linter can be disabled with `set_option linter.unusedSimpArgs false`
warning: providers/WeightedAnchor.lean:105:16: This simp argument is unused:
  anchorMatrix

Hint: Omit it from the simp argument list.
  [apply] simp_all [outside]

Note: This linter can be disabled with `set_option linter.unusedSimpArgs false`
warning: providers/WeightedAnchor.lean:105:30: This simp argument is unused:
  outside

Hint: Omit it from the simp argument list.
  [apply] simp_all [anchorMatrix]

Note: This linter can be disabled with `set_option linter.unusedSimpArgs false`
warning: providers/WeightedAnchor.lean:97:48: Used `tac1 <;> tac2` where `(tac1; tac2)` would suffice

Note: This linter can be disabled with `set_option linter.unnecessarySeqFocus false`
info: providers/WeightedAnchor.lean:131:0: 'Nanuq.Weighted.weightedNanuq_eq_anchor_sum' depends on axioms: [propext, Classical.choice, Quot.sound]
ℹ [1002/1065] Replayed WeightedCoefficients
info: providers/WeightedCoefficients.lean:119:0: 'Nanuq.Weighted.circularAlpha_weightedNanuq' depends on axioms: [propext, Classical.choice, Quot.sound]
info: providers/WeightedCoefficients.lean:120:0: 'Nanuq.Weighted.circularAlpha_weightedNanuq_nonneg' depends on axioms: [propext, Classical.choice, Quot.sound]
info: providers/WeightedCoefficients.lean:121:0: 'Nanuq.Weighted.positive_masses_preserve_circular_support' depends on axioms: [propext, Classical.choice, Quot.sound]
info: providers/WeightedCoefficients.lean:122:0: 'Nanuq.Weighted.positive_masses_preserve_circular_zeros' depends on axioms: [propext, Classical.choice, Quot.sound]
ℹ [1003/1065] Replayed WeightedOrderedPairs
info: providers/WeightedOrderedPairs.lean:52:0: 'Nanuq.Weighted.ordered_pair_sum_eq_twice_upperSum' depends on axioms: [propext, Classical.choice, Quot.sound]
ℹ [1004/1065] Replayed WeightedSource
info: providers/WeightedSource.lean:65:0: 'Nanuq.Weighted.weightedNanuq_unit_eq_source' depends on axioms: [propext, Classical.choice, Quot.sound]
info: providers/WeightedSource.lean:66:0: 'Nanuq.Weighted.positive_masses_source_support' depends on axioms: [propext, Classical.choice, Quot.sound]
info: providers/WeightedSource.lean:67:0: 'Nanuq.Weighted.positive_masses_source_zeros' depends on axioms: [propext, Classical.choice, Quot.sound]
ℹ [1005/1065] Replayed SourceCompositionBridge
info: providers/SourceCompositionBridge.lean:94:0: 'Nanuq.Composition.sourceDistance_eq_sourceNanuq' depends on axioms: [propext, Classical.choice, Quot.sound]
info: providers/SourceCompositionBridge.lean:95:0: 'Nanuq.Composition.localWeighted_eq_weightedNanuq' depends on axioms: [propext, Classical.choice, Quot.sound]
⚠ [1006/1065] Replayed AnchorComposition
warning: providers/AnchorComposition.lean:59:0: automatically included section variable(s) unused in theorem `Nanuq.Composition.weightedPortMass_unit`:
  [DecidableEq X]
  [Fintype P]
consider restructuring your `variable` declarations so that the variables are not in scope or explicitly omit them:
  omit [DecidableEq X] [Fintype P] in theorem ...

Note: This linter can be disabled with `set_option linter.unusedSectionVars false`
warning: providers/AnchorComposition.lean:64:0: automatically included section variable(s) unused in theorem `Nanuq.Composition.sum_weighted_by_ports`:
  [DecidableEq X]
consider restructuring your `variable` declarations so that the variables are not in scope or explicitly omit them:
  omit [DecidableEq X] in theorem ...

Note: This linter can be disabled with `set_option linter.unusedSectionVars false`
info: providers/AnchorComposition.lean:118:0: 'Nanuq.Composition.weightedNanuq_eq_ordered_anchor' depends on axioms: [propext, Classical.choice, Quot.sound]
info: providers/AnchorComposition.lean:119:0: 'Nanuq.Composition.sum_weighted_pairs_by_ports' depends on axioms: [propext, Classical.choice, Quot.sound]
info: providers/AnchorComposition.lean:120:0: 'Nanuq.Composition.weighted_composition_of_anchor_identity' depends on axioms: [propext, Classical.choice, Quot.sound]
info: providers/AnchorComposition.lean:121:0: 'Nanuq.Composition.source_composition_of_anchor_identity' depends on axioms: [propext, Classical.choice, Quot.sound]
ℹ [1029/1065] Replayed AnchorPortPatterns
info: providers/AnchorPortPatterns.lean:94:0: 'Nanuq.PortPatterns.tripleCount_by_portCount' depends on axioms: [propext, Classical.choice, Quot.sound]
info: providers/AnchorPortPatterns.lean:95:0: 'Nanuq.PortPatterns.tripleCount_cases' depends on axioms: [propext, Classical.choice, Quot.sound]
ℹ [1030/1065] Replayed AnchorPortFibers
info: providers/AnchorPortFibers.lean:43:0: 'Nanuq.PortPatterns.portCount_le_card_add_one' depends on axioms: [propext, Classical.choice, Quot.sound]
info: providers/AnchorPortFibers.lean:44:0: 'Nanuq.PortPatterns.bridge_fiber_card_two' depends on axioms: [propext, Classical.choice, Quot.sound]
ℹ [1031/1065] Replayed SourceQuartetRelation
info: providers/SourceQuartetRelation.lean:62:0: 'Nanuq.Source.EdgeGraph.resolution_unique' depends on axioms: [propext, Classical.choice, Quot.sound]
ℹ [1032/1065] Replayed GraphSwitchingExistence
info: providers/GraphSwitchingExistence.lean:52:0: 'Nanuq.Source.RootedBinary.switching_tree_exists' depends on axioms: [propext, Classical.choice, Quot.sound]
ℹ [1033/1065] Replayed GraphSwitchingFinite
info: providers/GraphSwitchingFinite.lean:45:0: 'Nanuq.Source.RootedBinary.Switching.edgeCode_injective' depends on axioms: [propext, Classical.choice, Quot.sound]
ℹ [1034/1065] Replayed GraphGalls
info: providers/GraphGalls.lean:63:0: 'Nanuq.Source.EdgeGraph.hybrid_has_partner' depends on axioms: [propext, Classical.choice, Quot.sound]
info: providers/GraphGalls.lean:64:0: 'Nanuq.Source.EdgeGraph.galled_hybrid_edge_not_bridge' depends on axioms: [propext, Classical.choice, Quot.sound]
info: providers/GraphGalls.lean:65:0: 'Nanuq.Source.EdgeGraph.galled_bridge_not_hybrid_target' depends on axioms: [propext, Classical.choice, Quot.sound]
ℹ [1035/1065] Replayed GraphSwitchingCuts
info: providers/GraphSwitchingCuts.lean:61:0: 'Nanuq.Source.RootedBinary.Switching.preserves_bridge_sides' depends on axioms: [propext, Classical.choice, Quot.sound]
ℹ [1036/1065] Replayed SourceResolve
info: providers/SourceResolve.lean:128:0: 'Nanuq.Source.RootedBinary.Switching.resolve_spec' depends on axioms: [propext, Classical.choice, Quot.sound]
info: providers/SourceResolve.lean:129:0: 'Nanuq.Source.RootedBinary.rawQuartetMean_of_bridge' depends on axioms: [propext, Classical.choice, Quot.sound]
ℹ [1037/1065] Replayed GraphQuartetBridge
info: providers/GraphQuartetBridge.lean:154:0: 'Nanuq.Source.RootedBinary.two_branching_blobs_bridge' depends on axioms: [propext, Classical.choice, Quot.sound]
info: providers/GraphQuartetBridge.lean:155:0: 'Nanuq.Source.RootedBinary.two_branching_blobs_force_resolution' depends on axioms: [propext,
 Classical.choice,
 Quot.sound]
ℹ [1038/1065] Replayed NanuqActualBridgeQuartetResolution
info: src/NanuqActualBridgeQuartetResolution.lean:70:0: 'Nanuq.Source.RootedBinary.actual_rawQuartetMean_of_original_bridge' depends on axioms: [propext,
 Classical.choice,
 Quot.sound]
info: src/NanuqActualBridgeQuartetResolution.lean:71:0: 'Nanuq.Source.RootedBinary.actual_two_branching_blobs_force_resolution' depends on axioms: [propext,
 Classical.choice,
 Quot.sound]
⚠ [1040/1065] Replayed GraphBlobMedian
warning: providers/GraphBlobMedian.lean:55:2: Try this: 
  haveI̵

The goal is a proposition, so `have` is preferred over `haveI`.
The difference between `have` and `haveI` is that `haveI` inlines the value.
But this is not relevant for proofs because of proof irrelevance.

Note: This linter can be disabled with `set_option linter.style.haveILetI false`
warning: providers/GraphBlobMedian.lean:56:2: Try this: 
  haveI̵

The goal is a proposition, so `have` is preferred over `haveI`.
The difference between `have` and `haveI` is that `haveI` inlines the value.
But this is not relevant for proofs because of proof irrelevance.

Note: This linter can be disabled with `set_option linter.style.haveILetI false`
info: providers/GraphBlobMedian.lean:119:0: 'Nanuq.Source.RootedBinary.exists_three_port_blob' depends on axioms: [propext, Classical.choice, Quot.sound]
ℹ [1041/1065] Replayed GraphMedianUnique
info: providers/GraphMedianUnique.lean:92:0: 'Nanuq.Source.RootedBinary.existsUnique_three_way_blob' depends on axioms: [propext, Classical.choice, Quot.sound]
⚠ [1042/1065] Replayed AnchorPortCounts
warning: providers/AnchorPortCounts.lean:34:0: automatically included section variable(s) unused in theorem `Nanuq.PortPatterns.sum_tripleCount_eq_port_counts`:
  [DecidableEq B]
consider restructuring your `variable` declarations so that the variables are not in scope or explicitly omit them:
  omit [DecidableEq B] in theorem ...

Note: This linter can be disabled with `set_option linter.unusedSectionVars false`
info: providers/AnchorPortCounts.lean:54:0: 'Nanuq.PortPatterns.sum_tripleCount_of_unique' depends on axioms: [propext, Classical.choice, Quot.sound]
info: providers/AnchorPortCounts.lean:55:0: 'Nanuq.PortPatterns.branching_port_counts_of_unique' depends on axioms: [propext, Classical.choice, Quot.sound]
ℹ [1043/1065] Replayed NanuqActualQuartetPortBranching
info: src/NanuqActualQuartetPortBranching.lean:41:0: 'Nanuq.Source.RootedBinary.actual_quartet_blob_port_branching' depends on axioms: [propext,
 Classical.choice,
 Quot.sound]
ℹ [1045/1065] Replayed NanuqActualPortCutFibre
info: src/NanuqActualPortCutFibre.lean:81:0: 'Nanuq.Source.RootedBinary.Switching.original_port_fibre_connected_without_internal_cut' depends on axioms: [propext,
 Classical.choice,
 Quot.sound]
info: src/NanuqActualPortCutFibre.lean:82:0: 'Nanuq.Source.RootedBinary.Switching.original_port_internal_cut_source_side_iff' depends on axioms: [propext,
 Classical.choice,
 Quot.sound]
info: src/NanuqActualPortCutFibre.lean:83:0: 'Nanuq.Source.RootedBinary.Switching.original_port_internal_cut_target_side_iff' depends on axioms: [propext,
 Classical.choice,
 Quot.sound]
ℹ [1046/1065] Replayed NanuqActualQuartetCutLocality
info: src/NanuqActualQuartetCutLocality.lean:123:0: 'Nanuq.Source.RootedBinary.Switching.outgoing_port_forbids_exterior_quartet_cut' depends on axioms: [propext,
 Classical.choice,
 Quot.sound]
info: src/NanuqActualQuartetCutLocality.lean:125:0: 'Nanuq.Source.RootedBinary.Switching.incoming_port_forbids_exterior_quartet_cut' depends on axioms: [propext,
 Classical.choice,
 Quot.sound]
ℹ [1047/1065] Replayed NanuqActualQuartetCutLocalization
info: src/NanuqActualQuartetCutLocalization.lean:107:0: 'Nanuq.Source.RootedBinary.Switching.original_two_two_cut_internal_to_blob' depends on axioms: [propext,
 Classical.choice,
 Quot.sound]
ℹ [1048/1065] Replayed NanuqActualFourPortInvariance
info: src/NanuqActualFourPortInvariance.lean:109:0: 'Nanuq.Source.RootedBinary.Switching.actual_four_port_resolve_invariant' depends on axioms: [propext,
 Classical.choice,
 Quot.sound]
info: src/NanuqActualFourPortInvariance.lean:110:0: 'Nanuq.Source.RootedBinary.actual_four_port_distinct_quartet_set_and_mean' depends on axioms: [propext,
 Classical.choice,
 Quot.sound]
ℹ [1049/1065] Replayed NanuqActualBlobInternalPaths
info: src/NanuqActualBlobInternalPaths.lean:69:0: 'Nanuq.Source.RootedBinary.original_blob_entry_every_switching' depends on axioms: [propext,
 Classical.choice,
 Quot.sound]
info: src/NanuqActualBlobInternalPaths.lean:70:0: 'Nanuq.Source.RootedBinary.Switching.selected_original_blob_internal_connected' depends on axioms: [propext,
 Classical.choice,
 Quot.sound]
ℹ [1050/1065] Replayed NanuqActualSelectedBlobGraph
info: src/NanuqActualSelectedBlobGraph.lean:115:0: 'Nanuq.Source.RootedBinary.Switching.internal_blob_graph_is_tree' depends on axioms: [propext,
 Classical.choice,
 Quot.sound]
info: src/NanuqActualSelectedBlobGraph.lean:116:0: 'Nanuq.Source.RootedBinary.Switching.internal_blob_cut_source_side_iff' depends on axioms: [propext,
 Classical.choice,
 Quot.sound]
info: src/NanuqActualSelectedBlobGraph.lean:117:0: 'Nanuq.Source.RootedBinary.Switching.internal_blob_cut_target_side_iff' depends on axioms: [propext,
 Classical.choice,
 Quot.sound]
ℹ [1051/1065] Replayed NanuqActualBlobSwitchingRestriction
info: src/NanuqActualBlobSwitchingRestriction.lean:102:0: 'Nanuq.Source.RootedBinary.OriginalBlobSwitching.restriction_extension_roundtrip' depends on axioms: [propext,
 Classical.choice,
 Quot.sound]
info: src/NanuqActualBlobSwitchingRestriction.lean:103:0: 'Nanuq.Source.RootedBinary.actual_blob_switching_restriction_surjective' depends on axioms: [propext,
 Classical.choice,
 Quot.sound]
ℹ [1052/1065] Replayed NanuqActualPortLeafCap
info: src/NanuqActualPortLeafCap.lean:88:0: 'Nanuq.Source.RootedBinary.Switching.original_port_attachment_connected_to_taxon_without_internal_cut' depends on axioms: [propext,
 Classical.choice,
 Quot.sound]
ℹ [1053/1065] Replayed NanuqActualCappedBlobCutReadout
info: src/NanuqActualCappedBlobCutReadout.lean:115:0: 'Nanuq.Source.RootedBinary.Switching.actual_capped_cut_source_taxon_side_iff' depends on axioms: [propext,
 Classical.choice,
 Quot.sound]
info: src/NanuqActualCappedBlobCutReadout.lean:116:0: 'Nanuq.Source.RootedBinary.Switching.actual_capped_cut_target_taxon_side_iff' depends on axioms: [propext,
 Classical.choice,
 Quot.sound]
ℹ [1054/1065] Replayed NanuqActualCappedQuartetReadout
info: src/NanuqActualCappedQuartetReadout.lean:189:0: 'Nanuq.Source.RootedBinary.Switching.actual_capped_quartet_resolution_iff' depends on axioms: [propext,
 Classical.choice,
 Quot.sound]
ℹ [1055/1065] Replayed NanuqEdgeOccurrenceReadoutEquiv
info: src/NanuqEdgeOccurrenceReadoutEquiv.lean:84:0: 'Nanuq.Source.EdgeGraph.resolves_edge_equiv_iff' depends on axioms: [propext, Quot.sound]
ℹ [1056/1065] Replayed NanuqActualLocalChoiceCapGraph
info: src/NanuqActualLocalChoiceCapGraph.lean:70:0: 'Nanuq.Source.RootedBinary.Switching.actual_local_choice_cap_resolution_iff' depends on axioms: [propext,
 Classical.choice,
 Quot.sound]
ℹ [1057/1065] Replayed NanuqActualLocalChoiceQuartetMean
info: src/NanuqActualLocalChoiceQuartetMean.lean:67:0: 'Nanuq.Source.RootedBinary.actual_four_port_local_choice_distinct_set_and_mean' depends on axioms: [propext,
 Classical.choice,
 Quot.sound]
info: src/NanuqActualLocalChoiceQuartetMean.lean:68:0: 'Nanuq.Source.RootedBinary.actualLocalPortResolve_spec' depends on axioms: [propext, Classical.choice, Quot.sound]
ℹ [1058/1065] Replayed NanuqActualRootedCapBoundary
info: src/NanuqActualRootedCapBoundary.lean:182:0: 'Nanuq.Source.RootedBinary.actual_rooted_cap_port_degrees' depends on axioms: [propext, Classical.choice, Quot.sound]
info: src/NanuqActualRootedCapBoundary.lean:183:0: 'Nanuq.Source.RootedBinary.actual_rooted_cap_fresh_root_degrees' depends on axioms: [propext,
 Classical.choice,
 Quot.sound]
ℹ [1059/1065] Replayed NanuqActualRootedCapIncidence
info: src/NanuqActualRootedCapIncidence.lean:170:0: 'Nanuq.Source.RootedBinary.actualRootedCapOutArc_roundtrip' depends on axioms: [propext, Classical.choice, Quot.sound]
info: src/NanuqActualRootedCapIncidence.lean:171:0: 'Nanuq.Source.RootedBinary.actualRootedCapInArc_roundtrip' depends on axioms: [propext, Classical.choice, Quot.sound]
ℹ [1060/1065] Replayed NanuqActualRootedCapDegrees
info: src/NanuqActualRootedCapDegrees.lean:96:0: 'Nanuq.Source.RootedBinary.actual_rooted_cap_inner_degrees' depends on axioms: [propext, Classical.choice, Quot.sound]
info: src/NanuqActualRootedCapDegrees.lean:97:0: 'Nanuq.Source.RootedBinary.actual_rooted_cap_internal_degrees' depends on axioms: [propext,
 Classical.choice,
 Quot.sound]
ℹ [1061/1065] Replayed NanuqActualRootedCapPaths
info: src/NanuqActualRootedCapPaths.lean:162:0: 'Nanuq.Source.RootedBinary.actual_rooted_cap_acyclic' depends on axioms: [propext, Classical.choice, Quot.sound]
info: src/NanuqActualRootedCapPaths.lean:163:0: 'Nanuq.Source.RootedBinary.actual_rooted_cap_rooted' depends on axioms: [propext, Classical.choice, Quot.sound]
ℹ [1062/1065] Replayed NanuqActualRootedCapAdmission
info: src/NanuqActualRootedCapAdmission.lean:145:0: 'Nanuq.Source.RootedBinary.actual_rooted_cap_least_stable' depends on axioms: [propext, Classical.choice, Quot.sound]
info: src/NanuqActualRootedCapAdmission.lean:146:0: 'Nanuq.Source.RootedBinary.actualFourPortRootedCapSource' depends on axioms: [propext, Classical.choice, Quot.sound]
⚠ [1063/1065] Replayed NanuqActualPortCardinality
warning: src/NanuqActualPortCardinality.lean:19:4: Try this: 
  haveI̵

The goal is a proposition, so `have` is preferred over `haveI`.
The difference between `have` and `haveI` is that `haveI` inlines the value.
But this is not relevant for proofs because of proof irrelevance.

Note: This linter can be disabled with `set_option linter.style.haveILetI false`
info: src/NanuqActualPortCardinality.lean:45:0: 'Nanuq.Source.RootedBinary.actual_nonleaf_blob_has_two_ports' depends on axioms: [propext, Classical.choice, Quot.sound]
info: src/NanuqActualPortCardinality.lean:46:0: 'Nanuq.Source.RootedBinary.actualEveryNonleafRootedCapSource' depends on axioms: [propext, Classical.choice, Quot.sound]
ℹ [1064/1065] Replayed NanuqActualRootedCapSwitching
info: src/NanuqActualRootedCapSwitching.lean:141:0: 'Nanuq.Source.RootedBinary.actual_rooted_cap_hybrid_mark_iff' depends on axioms: [propext, Classical.choice, Quot.sound]
info: src/NanuqActualRootedCapSwitching.lean:142:0: 'Nanuq.Source.RootedBinary.OriginalBlobSwitching.toActualRootedCapSwitching' depends on axioms: [propext,
 Classical.choice,
 Quot.sound]
info: src/NanuqActualRootedCapSwitching.lean:143:0: 'Nanuq.Source.RootedBinary.Switching.fromActualRootedCapSwitching' depends on axioms: [propext,
 Classical.choice,
 Quot.sound]
info: src/NanuqActualRootedCapSwitching.lean:145:0: 'Nanuq.Source.RootedBinary.OriginalBlobSwitching.actualRootedCapSwitchingEquiv' depends on axioms: [propext,
 Classical.choice,
 Quot.sound]
Build completed successfully (1065 jobs).
