{
  "all_nine_coordinates": [
    "h",
    "u",
    "v",
    "rA",
    "rB",
    "rC",
    "rAB",
    "rR",
    "g"
  ],
  "augmented_states": [
    {
      "id": "r",
      "state": {
        "aux": {
          "A": [
            "1048575/8388608",
            "1048577/8388608"
          ],
          "L": [
            "1048575/8388608",
            "1048577/8388608"
          ],
          "T": [
            "3145725/16777216",
            "3145731/16777216"
          ]
        },
        "moments": {
          "AA1": [
            "36998497306592627875/73786976294838206464",
            "9249624326648156969/18446744073709551616"
          ],
          "AB1": [
            "32089746172657618701/73786976294838206464",
            "16044873086328809351/36893488147419103232"
          ],
          "AB2": [
            "15981402251060137357/73786976294838206464",
            "7990701125530068679/36893488147419103232"
          ],
          "AC1": [
            "7296858164724238239/18446744073709551616",
            "29187432658896952957/73786976294838206464"
          ],
          "AC2": [
            "6567268936711824459/36893488147419103232",
            "13134537873423648919/73786976294838206464"
          ],
          "BB1": [
            "9331581184910221681/18446744073709551616",
            "37326324739640886725/73786976294838206464"
          ],
          "BC1": [
            "15869601212286398117/36893488147419103232",
            "31739202424572796235/73786976294838206464"
          ],
          "BC2": [
            "1983895427200199705/9223372036854775808",
            "15871163417601597641/73786976294838206464"
          ],
          "CC1": [
            "10548534995588816771/18446744073709551616",
            "42194139982355267085/73786976294838206464"
          ]
        },
        "physical": {
          "g": [
            "402975273139795759430811/1208925819614629174706176",
            "201487636634978511100995/604462909807314587353088"
          ],
          "h": [
            "75557863708082545900753/1208925819614629174706176",
            "37778931871873050250045/604462909807314587353088"
          ],
          "rA": [
            "1208925819370167962768105/1208925819614629174706176",
            "1208925819859090391775363/1208925819614629174706176"
          ],
          "rAB": [
            "4835703276271134905610041/1208925819614629174706176",
            "1208925820161474609988193/302231454903657293676544"
          ],
          "rB": [
            "604462909741923888123845/302231454903657293676544",
            "1208925819745410576145339/604462909807314587353088"
          ],
          "rC": [
            "3626777458821954772301973/1208925819614629174706176",
            "3626777458865820275107189/1208925819614629174706176"
          ],
          "rR": [
            "6044629098025652536624387/1208925819614629174706176",
            "1511157274530159803498355/302231454903657293676544"
          ],
          "u": [
            "75557863699336308917057/1208925819614629174706176",
            "75557863752492337894481/1208925819614629174706176"
          ],
          "v": [
            "18889465926064879426525/302231454903657293676544",
            "37778931873784564838315/604462909807314587353088"
          ]
        }
      },
      "status": "pending",
      "step": 1
    }
  ],
  "details": {
    "checkpoint_sha256": "4bbc40fae8f37077a946be0b2b8a3a45d2a1ae3ccf94bcfda30fd8f7d4f064ea",
    "exclusions": 0,
    "inflight_pre_state_retained": false,
    "operations_recomputed": 1,
    "splits": 0
  },
  "export_is_enlargement_only": true,
  "mode": "normal_validated",
  "parameter_accuracy_released": false,
  "physical_cell_mesh": "4374763534342731/1208925819614629174706176",
  "physical_cover": [
    {
      "box": {
        "g": [
          "402975273139795759430811/1208925819614629174706176",
          "201487636634978511100995/604462909807314587353088"
        ],
        "h": [
          "75557863708082545900753/1208925819614629174706176",
          "37778931871873050250045/604462909807314587353088"
        ],
        "rA": [
          "1208925819370167962768105/1208925819614629174706176",
          "1208925819859090391775363/1208925819614629174706176"
        ],
        "rAB": [
          "4835703276271134905610041/1208925819614629174706176",
          "1208925820161474609988193/302231454903657293676544"
        ],
        "rB": [
          "604462909741923888123845/302231454903657293676544",
          "1208925819745410576145339/604462909807314587353088"
        ],
        "rC": [
          "3626777458821954772301973/1208925819614629174706176",
          "3626777458865820275107189/1208925819614629174706176"
        ],
        "rR": [
          "6044629098025652536624387/1208925819614629174706176",
          "1511157274530159803498355/302231454903657293676544"
        ],
        "u": [
          "75557863699336308917057/1208925819614629174706176",
          "75557863752492337894481/1208925819614629174706176"
        ],
        "v": [
          "18889465926064879426525/302231454903657293676544",
          "37778931873784564838315/604462909807314587353088"
        ]
      },
      "id": "r"
    }
  ],
  "physical_union_sup_diameter": "4374763534342731/1208925819614629174706176",
  "ranked_histories": null,
  "recommended_history": null,
  "request_sha256": "d75432a0d0d4abfa3e699423e1689e0c402d67021a89914b6aedff58c4925240",
  "schema": "joint-interval-target-cover-v1",
  "statistical_coverage_verified": false,
  "status": "UNKNOWN_OUTER_COVER"
}
