ordinary-current-targets exit 0 seconds 17.333
exact-kernel-guard-reuse NanuqActualBridgeQuartetResolution
exact-kernel-guard-reuse NanuqActualQuartetPortBranching
exact-kernel-guard-reuse NanuqCutWalkLocality
exact-kernel-guard-reuse NanuqActualPortCutFibre
exact-kernel-guard-reuse NanuqActualQuartetCutLocality
exact-kernel-guard-reuse NanuqActualQuartetCutLocalization
exact-kernel-guard-reuse NanuqActualFourPortInvariance
exact-kernel-guard-reuse NanuqActualBlobInternalPaths
exact-kernel-guard-reuse NanuqActualSelectedBlobGraph
exact-kernel-guard-reuse NanuqActualBlobSwitchingRestriction
exact-kernel-guard-reuse NanuqActualPortLeafCap
exact-kernel-guard-reuse NanuqActualCappedBlobCutReadout
exact-kernel-guard-reuse NanuqActualCappedQuartetReadout
exact-kernel-guard-reuse NanuqEdgeOccurrenceReadoutEquiv
exact-kernel-guard-reuse NanuqActualLocalChoiceCapGraph
exact-kernel-guard-reuse NanuqActualLocalChoiceQuartetMean
exact-kernel-guard-reuse NanuqActualRootedCapBoundary
exact-kernel-guard-reuse NanuqActualRootedCapIncidence
exact-kernel-guard-reuse NanuqActualRootedCapDegrees
exact-kernel-guard-reuse NanuqActualRootedCapPaths
exact-kernel-guard-reuse NanuqActualRootedCapAdmission
exact-kernel-guard-reuse NanuqActualPortCardinality
exact-kernel-guard-reuse NanuqActualRootedCapSwitching
exact-kernel-guard-reuse NanuqActualRootedCapReadout
exact-kernel-guard-reuse NanuqActualPortPairQuartet
exact-kernel-guard-reuse NanuqActualAnchorPatterns
exact-kernel-guard-reuse NanuqActualDistinctAnchor
exact-kernel-guard-reuse NanuqActualFullAnchor
exact-kernel-guard-reuse NanuqActualWeightedAnchorComposition
exact-kernel-guard-reuse NanuqActualQuartetWitnessSymmetry
exact-kernel-guard-reuse NanuqActualNanuqAnchorBridge
guard-NanuqActualGalledHybridBoundary exit 0 seconds 2.271
guard-NanuqLeafEdgeWalkErase exit 0 seconds 2.263
guard-NanuqActualGalledChildBridge exit 0 seconds 2.096
guard-NanuqActualCappedHybridTips exit 0 seconds 2.021
guard-NanuqActualRootSkeleton exit 0 seconds 2.32
guard-NanuqActualOpenedHybridTree exit 0 seconds 2.252
guard-NanuqActualOpenedIncidence exit 0 seconds 2.237
guard-NanuqActualHybridChildTaxa exit 0 seconds 2.116
guard-NanuqActualOpenedTipMultiplicity exit 0 seconds 2.376
guard-NanuqActualOpenedBinaryDegrees exit 0 seconds 2.37
guard-NanuqActualOpenedRootedAdmission exit 0 seconds 2.196
audit-Owned exit 0 seconds 2.964
Owned 483 378
audit-Closure exit 0 seconds 3.078
Closure 1072 782
audit-GuardedOwned exit 0 seconds 2.968
GuardedOwned 483 378
audit-GuardedClosure exit 0 seconds 3.049
GuardedClosure 1072 782
default-current-after-guards exit 0 seconds 1.177
FORTYTWO_CERTIFICATION_TERMINAL_PASS
