src/NanuqActualRootedCapSwitching.lean:104:72: error: unsolved goals
case mk
V : Type u_1
E : Type u_2
X : Type u_3
inst✝³ : Fintype V
inst✝² : Fintype E
inst✝¹ : Fintype X
inst✝ : DecidableEq V
N : RootedBinary V E X
b : N.graph.Blob
hb : N.NonleafBlob b
keep✝ : N.RootedCapArc b → Prop
ordinary✝ :
  ∀ (e : N.RootedCapArc b),
    ¬(N.actualEveryNonleafRootedCapSource b hb).graph.IsHybrid
          ((N.actualEveryNonleafRootedCapSource b hb).graph.target e) →
      keep✝ e
hybrid_unique✝ :
  ∀ (a : N.RootedCapVertex b),
    (N.actualEveryNonleafRootedCapSource b hb).graph.IsHybrid a →
      ∃ e,
        (N.actualEveryNonleafRootedCapSource b hb).graph.target e = a ∧
          keep✝ e ∧
            ∀ (f : N.RootedCapArc b), (N.actualEveryNonleafRootedCapSource b hb).graph.target f = a → keep✝ f → f = e
hk :
  ({ keep := keep✝, ordinary := ordinary✝,
              hybrid_unique := hybrid_unique✝ }.fromActualRootedCapSwitching.toActualRootedCapSwitching
        hb).keep =
    keep✝
⊢ { keep := keep✝, ordinary := ordinary✝,
            hybrid_unique := hybrid_unique✝ }.fromActualRootedCapSwitching.toActualRootedCapSwitching
      hb =
    { keep := keep✝, ordinary := ordinary✝, hybrid_unique := hybrid_unique✝ }
src/NanuqActualRootedCapSwitching.lean:118:17: warning: This simp argument is unused:
  Switching.mk.injEq

Hint: Omit it from the simp argument list.
  [apply] simp_all only

Note: This linter can be disabled with `set_option linter.unusedSimpArgs false`
'Nanuq.Source.RootedBinary.actual_rooted_cap_hybrid_mark_iff' depends on axioms: [propext, Classical.choice, Quot.sound]
'Nanuq.Source.RootedBinary.OriginalBlobSwitching.toActualRootedCapSwitching' depends on axioms: [propext,
 Classical.choice,
 Quot.sound]
'Nanuq.Source.RootedBinary.Switching.fromActualRootedCapSwitching' depends on axioms: [propext,
 Classical.choice,
 Quot.sound]
'Nanuq.Source.RootedBinary.OriginalBlobSwitching.actualRootedCapSwitchingEquiv' depends on axioms: [propext,
 sorryAx,
 Classical.choice,
 Quot.sound]
