/home/runner/work/_temp/g6-cloud-build/FiniteTagDecoder.lean:22:0: warning: `TagDecoration`: universes `u_4`, `u_5` only occur together. This usually means there is a `max` expression in the type where none of these universes appear on their own.

Note: This linter can be disabled with `set_option linter.checkUnivs false`
/home/runner/work/_temp/g6-cloud-build/FiniteTagDecoder.lean:54:0: warning: automatically included section variable(s) unused in theorem `CloudG3.FiniteTagDecoder.decodeTags_map_decode`:
  [Fintype Copy]
  [DecidableEq Copy]
consider restructuring your `variable` declarations so that the variables are not in scope or explicitly omit them:
  omit [Fintype Copy] [DecidableEq Copy] in theorem ...

Note: This linter can be disabled with `set_option linter.unusedSectionVars false`
/home/runner/work/_temp/g6-cloud-build/FiniteTagDecoder.lean:108:2: error: Unnecessary `generalizing` argument: Variable `d` is generalized automatically
/home/runner/work/_temp/g6-cloud-build/FiniteTagDecoder.lean:106:0: warning: automatically included section variable(s) unused in theorem `CloudG3.FiniteTagDecoder.underlying_toTaggedTree`:
  [Fintype Copy]
  [DecidableEq Copy]
consider restructuring your `variable` declarations so that the variables are not in scope or explicitly omit them:
  omit [Fintype Copy] [DecidableEq Copy] in theorem ...

Note: This linter can be disabled with `set_option linter.unusedSectionVars false`
/home/runner/work/_temp/g6-cloud-build/FiniteTagDecoder.lean:115:0: warning: automatically included section variable(s) unused in theorem `CloudG3.FiniteTagDecoder.underlying_mapTags`:
  [Fintype Copy]
  [DecidableEq Copy]
consider restructuring your `variable` declarations so that the variables are not in scope or explicitly omit them:
  omit [Fintype Copy] [DecidableEq Copy] in theorem ...

Note: This linter can be disabled with `set_option linter.unusedSectionVars false`
/home/runner/work/_temp/g6-cloud-build/FiniteTagDecoder.lean:127:2: error: Unnecessary `generalizing` argument: Variable `d` is generalized automatically
/home/runner/work/_temp/g6-cloud-build/FiniteTagDecoder.lean:124:0: warning: automatically included section variable(s) unused in theorem `CloudG3.FiniteTagDecoder.toTaggedTree_mapBinDecoration`:
  [Fintype Copy]
  [DecidableEq Copy]
consider restructuring your `variable` declarations so that the variables are not in scope or explicitly omit them:
  omit [Fintype Copy] [DecidableEq Copy] in theorem ...

Note: This linter can be disabled with `set_option linter.unusedSectionVars false`
/home/runner/work/_temp/g6-cloud-build/FiniteTagDecoder.lean:148:0: warning: automatically included section variable(s) unused in theorem `CloudG3.FiniteTagDecoder.taggedEquiv_underlying`:
  [Fintype Copy]
  [DecidableEq Copy]
consider restructuring your `variable` declarations so that the variables are not in scope or explicitly omit them:
  omit [Fintype Copy] [DecidableEq Copy] in theorem ...

Note: This linter can be disabled with `set_option linter.unusedSectionVars false`
/home/runner/work/_temp/g6-cloud-build/FiniteTagDecoder.lean:158:0: warning: automatically included section variable(s) unused in theorem `CloudG3.FiniteTagDecoder.mapTags_respects`:
  [Fintype Copy]
  [DecidableEq Copy]
consider restructuring your `variable` declarations so that the variables are not in scope or explicitly omit them:
  omit [Fintype Copy] [DecidableEq Copy] in theorem ...

Note: This linter can be disabled with `set_option linter.unusedSectionVars false`
/home/runner/work/_temp/g6-cloud-build/FiniteTagDecoder.lean:168:0: error: declaration `CloudG3.FiniteTagDecoder.decodedTaggedTree` contains universe level metavariables at the expression
  toTaggedTree.{u_1, u_2, ?u.22, ?u.21} t (decodeTags.{u_1, u_2, ?u.22, ?u.21} M t)
in the declaration body
  fun {Copy} {Tag} M t => toTaggedTree.{u_1, u_2, ?u.22, ?u.21} t (decodeTags.{u_1, u_2, ?u.22, ?u.21} M t)
/home/runner/work/_temp/g6-cloud-build/FiniteTagDecoder.lean:172:0: warning: automatically included section variable(s) unused in theorem `CloudG3.FiniteTagDecoder.decodedTaggedTree_graft_swap`:
  [Fintype Copy]
  [DecidableEq Copy]
consider restructuring your `variable` declarations so that the variables are not in scope or explicitly omit them:
  omit [Fintype Copy] [DecidableEq Copy] in theorem ...

Note: This linter can be disabled with `set_option linter.unusedSectionVars false`
'CloudG3.FiniteTagDecoder.decodeTags_map_decode' depends on axioms: [propext, Classical.choice, Quot.sound]
'CloudG3.FiniteTagDecoder.decodeTags_bin_pairAge' depends on axioms: [propext, Classical.choice, Quot.sound]
'CloudG3.FiniteTagDecoder.decodeTags_bin_of_pair_agreement' depends on axioms: [propext, Classical.choice, Quot.sound]
'CloudG3.FiniteTagDecoder.underlying_toTaggedTree' depends on axioms: [propext, Classical.choice, Quot.sound]
'CloudG3.FiniteTagDecoder.underlying_mapTags' depends on axioms: [propext, Classical.choice, Quot.sound]
'CloudG3.FiniteTagDecoder.toTaggedTree_mapBinDecoration' depends on axioms: [propext, Classical.choice, Quot.sound]
'CloudG3.FiniteTagDecoder.taggedEquiv_underlying' depends on axioms: [propext, Classical.choice, Quot.sound]
'CloudG3.FiniteTagDecoder.mapTags_respects' depends on axioms: [propext, Classical.choice, Quot.sound]
'CloudG3.FiniteTagDecoder.decodedTaggedTree_graft_swap' depends on axioms: [propext, Classical.choice, Quot.sound]
'CloudG3.FiniteTagDecoder.decodedTaggedTree_actual' depends on axioms: [propext, Classical.choice, Quot.sound]
'CloudG3.FiniteTagDecoder.actual_decoder_unordered' depends on axioms: [propext, Classical.choice, Quot.sound]
