ℹ [635/857] Replayed SourceNetwork
info: providers/SourceNetwork.lean:248:0: 'Nanuq.Source.EdgeGraph.not_bridge_of_parallel' does not depend on any axioms
info: providers/SourceNetwork.lean:249:0: 'Nanuq.Source.EdgeGraph.bridge_not_sameBlob' does not depend on any axioms
info: providers/SourceNetwork.lean:250:0: 'Nanuq.Source.EdgeGraph.bridge_blob_ne' depends on axioms: [propext]
info: providers/SourceNetwork.lean:251:0: 'Nanuq.Source.EdgeGraph.dreach_antisymm' depends on axioms: [propext, Classical.choice, Quot.sound]
info: providers/SourceNetwork.lean:252:0: 'Nanuq.Source.RootedBinary.underlying_connected' depends on axioms: [propext, Classical.choice, Quot.sound]
⚠ [640/857] Replayed GraphLeaves
warning: providers/GraphLeaves.lean:52:2: Try this: 
  haveI̵

The goal is a proposition, so `have` is preferred over `haveI`.
The difference between `have` and `haveI` is that `haveI` inlines the value.
But this is not relevant for proofs because of proof irrelevance.

Note: This linter can be disabled with `set_option linter.style.haveILetI false`
warning: providers/GraphLeaves.lean:53:2: Try this: 
  haveI̵

The goal is a proposition, so `have` is preferred over `haveI`.
The difference between `have` and `haveI` is that `haveI` inlines the value.
But this is not relevant for proofs because of proof irrelevance.

Note: This linter can be disabled with `set_option linter.style.haveILetI false`
info: providers/GraphLeaves.lean:86:0: 'Nanuq.Source.RootedBinary.every_vertex_reaches_leaf' depends on axioms: [propext, Classical.choice, Quot.sound]
info: providers/GraphLeaves.lean:87:0: 'Nanuq.Source.RootedBinary.forward_closed_contains_leaf' depends on axioms: [propext, Classical.choice, Quot.sound]
info: providers/GraphLeaves.lean:88:0: 'Nanuq.Source.RootedBinary.exists_leaf_avoiding_of_ne_root' depends on axioms: [propext, Classical.choice, Quot.sound]
ℹ [641/857] Replayed GraphCuts
info: providers/GraphCuts.lean:122:0: 'Nanuq.Source.EdgeGraph.edge_side_cover' depends on axioms: [propext, Classical.choice, Quot.sound]
info: providers/GraphCuts.lean:123:0: 'Nanuq.Source.EdgeGraph.bridge_sides_disjoint' does not depend on any axioms
info: providers/GraphCuts.lean:124:0: 'Nanuq.Source.RootedBinary.bridge_both_sides_contain_taxa' depends on axioms: [propext, Classical.choice, Quot.sound]
ℹ [642/857] Replayed GraphBlobs
info: providers/GraphBlobs.lean:100:0: 'Nanuq.Source.EdgeGraph.quotient_reach_lifts_without' depends on axioms: [propext]
info: providers/GraphBlobs.lean:101:0: 'Nanuq.Source.EdgeGraph.quotient_edge_is_bridge' depends on axioms: [propext]
info: providers/GraphBlobs.lean:102:0: 'Nanuq.Source.RootedBinary.blob_quotient_is_tree' depends on axioms: [propext, Classical.choice, Quot.sound]
⚠ [643/857] Replayed GraphSwitching
warning: providers/GraphSwitching.lean:135:2: Try this: 
  haveI̵

The goal is a proposition, so `have` is preferred over `haveI`.
The difference between `have` and `haveI` is that `haveI` inlines the value.
But this is not relevant for proofs because of proof irrelevance.

Note: This linter can be disabled with `set_option linter.style.haveILetI false`
warning: providers/GraphSwitching.lean:136:2: Try this: 
  haveI̵

The goal is a proposition, so `have` is preferred over `haveI`.
The difference between `have` and `haveI` is that `haveI` inlines the value.
But this is not relevant for proofs because of proof irrelevance.

Note: This linter can be disabled with `set_option linter.style.haveILetI false`
info: providers/GraphSwitching.lean:160:0: 'Nanuq.Source.EdgeGraph.uniqueIncoming_all_bridges' does not depend on any axioms
info: providers/GraphSwitching.lean:161:0: 'Nanuq.Source.RootedBinary.Switching.selected_rooted' depends on axioms: [propext, Classical.choice, Quot.sound]
info: providers/GraphSwitching.lean:162:0: 'Nanuq.Source.RootedBinary.Switching.selected_is_tree' depends on axioms: [propext, Classical.choice, Quot.sound]
ℹ [645/857] Replayed G5MinimalGraphInterface
info: providers/G5MinimalGraphInterface.lean:47:0: 'GProgram.G5.Minimal.root_source_side_of_rooted_acyclic' does not depend on any axioms
info: providers/G5MinimalGraphInterface.lean:48:0: 'GProgram.G5.Minimal.bridge_component_iff_descendant' depends on axioms: [propext, Classical.choice, Quot.sound]
ℹ [813/857] Replayed G2LiveLineageRouting
info: providers/G2LiveLineageRouting.lean:123:0: 'GProgram.G2.coalesced_copies_cannot_split' depends on axioms: [propext, Classical.choice, Quot.sound]
info: providers/G2LiveLineageRouting.lean:124:0: 'GProgram.G2.routed_parent_eq_iff_live_coin_eq' depends on axioms: [propext, Classical.choice, Quot.sound]
info: providers/G2LiveLineageRouting.lean:125:0: 'GProgram.G2.opposite_copy_bits_are_not_a_live_pulse' does not depend on any axioms
info: providers/G2LiveLineageRouting.lean:126:0: 'GProgram.G2.wrong_pulse_split_mass' depends on axioms: [propext, Classical.choice, Quot.sound]
info: providers/G2LiveLineageRouting.lean:127:0: 'GProgram.G2.fair_copy_pulse_splits_merged_ancestor' depends on axioms: [propext, Classical.choice, Quot.sound]
ℹ [814/857] Replayed G6BridgeCannotEnterHybrid
info: providers/G6BridgeCannotEnterHybrid.lean:85:0: 'GProgram.G6.BridgeEntry.bridge_targets_injective' depends on axioms: [propext, Classical.choice, Quot.sound]
info: providers/G6BridgeCannotEnterHybrid.lean:86:0: 'GProgram.G6.BridgeEntry.bridge_incoming_unique' depends on axioms: [propext, Classical.choice, Quot.sound]
info: providers/G6BridgeCannotEnterHybrid.lean:87:0: 'GProgram.G6.BridgeEntry.bridge_target_indegree_one' depends on axioms: [propext, Classical.choice, Quot.sound]
info: providers/G6BridgeCannotEnterHybrid.lean:88:0: 'GProgram.G6.BridgeEntry.two_incoming_occurrences_not_bridge' depends on axioms: [propext, Classical.choice, Quot.sound]
info: providers/G6BridgeCannotEnterHybrid.lean:89:0: 'GProgram.G6.BridgeEntry.original_bridge_target_not_hybrid' depends on axioms: [propext, Classical.choice, Quot.sound]
info: providers/G6BridgeCannotEnterHybrid.lean:90:0: 'GProgram.G6.BridgeEntry.original_hybrid_parents_nonbridge' depends on axioms: [propext, Classical.choice, Quot.sound]
ℹ [815/857] Replayed RawSourceAnchorLocalization
info: providers/RawSourceAnchorLocalization.lean:121:0: 'Nanuq.Source.RootedBinary.Switching.original_bridge_retained' depends on axioms: [propext,
 Classical.choice,
 Quot.sound]
info: providers/RawSourceAnchorLocalization.lean:122:0: 'Nanuq.Source.RootedBinary.Switching.original_bridge_source_side_iff' depends on axioms: [propext,
 Classical.choice,
 Quot.sound]
info: providers/RawSourceAnchorLocalization.lean:123:0: 'Nanuq.Source.RootedBinary.Switching.original_bridge_target_side_iff' depends on axioms: [propext,
 Classical.choice,
 Quot.sound]
info: providers/RawSourceAnchorLocalization.lean:124:0: 'Nanuq.Source.RootedBinary.Switching.raw_component_port_taxon_localization' depends on axioms: [propext,
 Classical.choice,
 Quot.sound]
info: providers/RawSourceAnchorLocalization.lean:125:0: 'Nanuq.Source.RootedBinary.Switching.original_bridge_taxon_descendant_iff' depends on axioms: [propext,
 Classical.choice,
 Quot.sound]
info: providers/RawSourceAnchorLocalization.lean:126:0: 'Nanuq.Source.RootedBinary.Switching.original_bridge_taxon_fibers' depends on axioms: [propext,
 Classical.choice,
 Quot.sound]
ℹ [816/857] Replayed GraphBridgeSplits
info: providers/GraphBridgeSplits.lean:62:0: 'Nanuq.Source.EdgeGraph.bridge_splits_compatible' depends on axioms: [propext, Classical.choice, Quot.sound]
ℹ [817/857] Replayed GraphBlobOrientation
info: providers/GraphBlobOrientation.lean:124:0: 'Nanuq.Source.RootedBinary.blob_arborescence' depends on axioms: [propext, Classical.choice, Quot.sound]
ℹ [818/857] Replayed GraphBlobLeaves
info: providers/GraphBlobLeaves.lean:122:0: 'Nanuq.Source.RootedBinary.blobLeaf' depends on axioms: [propext, Classical.choice, Quot.sound]
info: providers/GraphBlobLeaves.lean:123:0: 'Nanuq.Source.RootedBinary.blob_leaf_degrees' depends on axioms: [propext, Classical.choice, Quot.sound]
ℹ [819/857] Replayed GraphSwitchingDegree
info: providers/GraphSwitchingDegree.lean:79:0: 'Nanuq.Source.RootedBinary.Switching.selected_subcubic_tree' depends on axioms: [propext, Classical.choice, Quot.sound]
⚠ [889/896] Replayed GraphQuartetExistence
warning: providers/GraphQuartetExistence.lean:22:0: automatically included section variable(s) unused in theorem `Nanuq.Source.EdgeGraph.target_side_iff_descendant`:
  [Fintype E]
  [DecidableEq V]
consider restructuring your `variable` declarations so that the variables are not in scope or explicitly omit them:
  omit [Fintype E] [DecidableEq V] in theorem ...

Note: This linter can be disabled with `set_option linter.unusedSectionVars false`
warning: providers/GraphQuartetExistence.lean:121:2: Try this: 
  haveI̵

The goal is a proposition, so `have` is preferred over `haveI`.
The difference between `have` and `haveI` is that `haveI` inlines the value.
But this is not relevant for proofs because of proof irrelevance.

Note: This linter can be disabled with `set_option linter.style.haveILetI false`
warning: providers/GraphQuartetExistence.lean:122:2: Try this: 
  haveI̵

The goal is a proposition, so `have` is preferred over `haveI`.
The difference between `have` and `haveI` is that `haveI` inlines the value.
But this is not relevant for proofs because of proof irrelevance.

Note: This linter can be disabled with `set_option linter.style.haveILetI false`
info: providers/GraphQuartetExistence.lean:208:0: 'Nanuq.Source.RootedBinary.Switching.quartet_two_two_edge' depends on axioms: [propext, Classical.choice, Quot.sound]
⚠ [890/896] Replayed GraphTreePorts
warning: providers/GraphTreePorts.lean:7:0: automatically included section variable(s) unused in theorem `Nanuq.Source.EdgeGraph.comparable_ancestors`:
  [Fintype E]
  [DecidableEq V]
consider restructuring your `variable` declarations so that the variables are not in scope or explicitly omit them:
  omit [Fintype E] [DecidableEq V] in theorem ...

Note: This linter can be disabled with `set_option linter.unusedSectionVars false`
warning: providers/GraphTreePorts.lean:67:0: automatically included section variable(s) unused in theorem `Nanuq.Source.EdgeGraph.rooted_connected`:
  [Fintype E]
  [DecidableEq V]
consider restructuring your `variable` declarations so that the variables are not in scope or explicitly omit them:
  omit [Fintype E] [DecidableEq V] in theorem ...

Note: This linter can be disabled with `set_option linter.unusedSectionVars false`
info: providers/GraphTreePorts.lean:115:0: 'Nanuq.Source.EdgeGraph.port_exists_unique' depends on axioms: [propext, Classical.choice, Quot.sound]
ℹ [891/896] Replayed GraphPorts
info: providers/GraphPorts.lean:63:0: 'Nanuq.Source.RootedBinary.bridge_port_masses' depends on axioms: [propext, Classical.choice, Quot.sound]
info: providers/GraphPorts.lean:64:0: 'Nanuq.Source.RootedBinary.bridge_taxa_disjoint' depends on axioms: [propext, Classical.choice, Quot.sound]
ℹ [892/896] Replayed GraphBlobPorts
info: providers/GraphBlobPorts.lean:74:0: 'Nanuq.Source.RootedBinary.blobProjection_surjective' depends on axioms: [propext, Classical.choice, Quot.sound]
info: providers/GraphBlobPorts.lean:75:0: 'Nanuq.Source.RootedBinary.actual_port_mass_positive' depends on axioms: [propext, Classical.choice, Quot.sound]
⚠ [893/896] Replayed GraphPortTransport
warning: providers/GraphPortTransport.lean:8:0: automatically included section variable(s) unused in theorem `Nanuq.Source.EdgeGraph.crossing_bridge_endpoints_inc`:
  [Fintype E]
  [DecidableEq V]
consider restructuring your `variable` declarations so that the variables are not in scope or explicitly omit them:
  omit [Fintype E] [DecidableEq V] in theorem ...

Note: This linter can be disabled with `set_option linter.unusedSectionVars false`
info: providers/GraphPortTransport.lean:65:0: 'Nanuq.Source.EdgeGraph.ports_equal_across_bridge' depends on axioms: [propext, Classical.choice, Quot.sound]
ℹ [894/896] Replayed GraphPortFibers
info: providers/GraphPortFibers.lean:106:0: 'Nanuq.Source.RootedBinary.blobProjection_eq_iff_target_side' depends on axioms: [propext, Classical.choice, Quot.sound]
info: providers/GraphPortFibers.lean:107:0: 'Nanuq.Source.RootedBinary.blobProjection_eq_iff_source_side' depends on axioms: [propext, Classical.choice, Quot.sound]
info: providers/GraphPortFibers.lean:108:0: 'Nanuq.Source.RootedBinary.port_transport_between_blobs' depends on axioms: [propext, Classical.choice, Quot.sound]
ℹ [895/896] Replayed NanuqActualPortCutFibre
info: src/NanuqActualPortCutFibre.lean:81:0: 'Nanuq.Source.RootedBinary.Switching.original_port_fibre_connected_without_internal_cut' depends on axioms: [propext,
 Classical.choice,
 Quot.sound]
info: src/NanuqActualPortCutFibre.lean:82:0: 'Nanuq.Source.RootedBinary.Switching.original_port_internal_cut_source_side_iff' depends on axioms: [propext,
 Classical.choice,
 Quot.sound]
info: src/NanuqActualPortCutFibre.lean:83:0: 'Nanuq.Source.RootedBinary.Switching.original_port_internal_cut_target_side_iff' depends on axioms: [propext,
 Classical.choice,
 Quot.sound]
ℹ [896/896] Built NanuqActualQuartetCutLocality (1.3s)
info: src/NanuqActualQuartetCutLocality.lean:69:0: 'Nanuq.Source.RootedBinary.Switching.outgoing_port_forbids_exterior_quartet_cut' depends on axioms: [propext,
 Classical.choice,
 Quot.sound]
Build completed successfully (896 jobs).
