ℹ [635/835] Replayed SourceNetwork
info: providers/SourceNetwork.lean:248:0: 'Nanuq.Source.EdgeGraph.not_bridge_of_parallel' does not depend on any axioms
info: providers/SourceNetwork.lean:249:0: 'Nanuq.Source.EdgeGraph.bridge_not_sameBlob' does not depend on any axioms
info: providers/SourceNetwork.lean:250:0: 'Nanuq.Source.EdgeGraph.bridge_blob_ne' depends on axioms: [propext]
info: providers/SourceNetwork.lean:251:0: 'Nanuq.Source.EdgeGraph.dreach_antisymm' depends on axioms: [propext, Classical.choice, Quot.sound]
info: providers/SourceNetwork.lean:252:0: 'Nanuq.Source.RootedBinary.underlying_connected' depends on axioms: [propext, Classical.choice, Quot.sound]
⚠ [640/835] Replayed GraphLeaves
warning: providers/GraphLeaves.lean:52:2: Try this: 
  haveI̵

The goal is a proposition, so `have` is preferred over `haveI`.
The difference between `have` and `haveI` is that `haveI` inlines the value.
But this is not relevant for proofs because of proof irrelevance.

Note: This linter can be disabled with `set_option linter.style.haveILetI false`
warning: providers/GraphLeaves.lean:53:2: Try this: 
  haveI̵

The goal is a proposition, so `have` is preferred over `haveI`.
The difference between `have` and `haveI` is that `haveI` inlines the value.
But this is not relevant for proofs because of proof irrelevance.

Note: This linter can be disabled with `set_option linter.style.haveILetI false`
info: providers/GraphLeaves.lean:86:0: 'Nanuq.Source.RootedBinary.every_vertex_reaches_leaf' depends on axioms: [propext, Classical.choice, Quot.sound]
info: providers/GraphLeaves.lean:87:0: 'Nanuq.Source.RootedBinary.forward_closed_contains_leaf' depends on axioms: [propext, Classical.choice, Quot.sound]
info: providers/GraphLeaves.lean:88:0: 'Nanuq.Source.RootedBinary.exists_leaf_avoiding_of_ne_root' depends on axioms: [propext, Classical.choice, Quot.sound]
ℹ [641/835] Replayed GraphCuts
info: providers/GraphCuts.lean:122:0: 'Nanuq.Source.EdgeGraph.edge_side_cover' depends on axioms: [propext, Classical.choice, Quot.sound]
info: providers/GraphCuts.lean:123:0: 'Nanuq.Source.EdgeGraph.bridge_sides_disjoint' does not depend on any axioms
info: providers/GraphCuts.lean:124:0: 'Nanuq.Source.RootedBinary.bridge_both_sides_contain_taxa' depends on axioms: [propext, Classical.choice, Quot.sound]
ℹ [642/835] Replayed GraphBlobs
info: providers/GraphBlobs.lean:100:0: 'Nanuq.Source.EdgeGraph.quotient_reach_lifts_without' depends on axioms: [propext]
info: providers/GraphBlobs.lean:101:0: 'Nanuq.Source.EdgeGraph.quotient_edge_is_bridge' depends on axioms: [propext]
info: providers/GraphBlobs.lean:102:0: 'Nanuq.Source.RootedBinary.blob_quotient_is_tree' depends on axioms: [propext, Classical.choice, Quot.sound]
ℹ [643/835] Replayed GraphBridgeSplits
info: providers/GraphBridgeSplits.lean:62:0: 'Nanuq.Source.EdgeGraph.bridge_splits_compatible' depends on axioms: [propext, Classical.choice, Quot.sound]
⚠ [644/835] Replayed GraphSwitching
warning: providers/GraphSwitching.lean:135:2: Try this: 
  haveI̵

The goal is a proposition, so `have` is preferred over `haveI`.
The difference between `have` and `haveI` is that `haveI` inlines the value.
But this is not relevant for proofs because of proof irrelevance.

Note: This linter can be disabled with `set_option linter.style.haveILetI false`
warning: providers/GraphSwitching.lean:136:2: Try this: 
  haveI̵

The goal is a proposition, so `have` is preferred over `haveI`.
The difference between `have` and `haveI` is that `haveI` inlines the value.
But this is not relevant for proofs because of proof irrelevance.

Note: This linter can be disabled with `set_option linter.style.haveILetI false`
info: providers/GraphSwitching.lean:160:0: 'Nanuq.Source.EdgeGraph.uniqueIncoming_all_bridges' does not depend on any axioms
info: providers/GraphSwitching.lean:161:0: 'Nanuq.Source.RootedBinary.Switching.selected_rooted' depends on axioms: [propext, Classical.choice, Quot.sound]
info: providers/GraphSwitching.lean:162:0: 'Nanuq.Source.RootedBinary.Switching.selected_is_tree' depends on axioms: [propext, Classical.choice, Quot.sound]
ℹ [645/835] Replayed GraphBlobOrientation
info: providers/GraphBlobOrientation.lean:124:0: 'Nanuq.Source.RootedBinary.blob_arborescence' depends on axioms: [propext, Classical.choice, Quot.sound]
ℹ [646/835] Replayed GraphBlobLeaves
info: providers/GraphBlobLeaves.lean:122:0: 'Nanuq.Source.RootedBinary.blobLeaf' depends on axioms: [propext, Classical.choice, Quot.sound]
info: providers/GraphBlobLeaves.lean:123:0: 'Nanuq.Source.RootedBinary.blob_leaf_degrees' depends on axioms: [propext, Classical.choice, Quot.sound]
ℹ [647/835] Replayed GraphSwitchingDegree
info: providers/GraphSwitchingDegree.lean:79:0: 'Nanuq.Source.RootedBinary.Switching.selected_subcubic_tree' depends on axioms: [propext, Classical.choice, Quot.sound]
⚠ [766/835] Replayed GraphQuartetExistence
warning: providers/GraphQuartetExistence.lean:22:0: automatically included section variable(s) unused in theorem `Nanuq.Source.EdgeGraph.target_side_iff_descendant`:
  [Fintype E]
  [DecidableEq V]
consider restructuring your `variable` declarations so that the variables are not in scope or explicitly omit them:
  omit [Fintype E] [DecidableEq V] in theorem ...

Note: This linter can be disabled with `set_option linter.unusedSectionVars false`
warning: providers/GraphQuartetExistence.lean:121:2: Try this: 
  haveI̵

The goal is a proposition, so `have` is preferred over `haveI`.
The difference between `have` and `haveI` is that `haveI` inlines the value.
But this is not relevant for proofs because of proof irrelevance.

Note: This linter can be disabled with `set_option linter.style.haveILetI false`
warning: providers/GraphQuartetExistence.lean:122:2: Try this: 
  haveI̵

The goal is a proposition, so `have` is preferred over `haveI`.
The difference between `have` and `haveI` is that `haveI` inlines the value.
But this is not relevant for proofs because of proof irrelevance.

Note: This linter can be disabled with `set_option linter.style.haveILetI false`
info: providers/GraphQuartetExistence.lean:208:0: 'Nanuq.Source.RootedBinary.Switching.quartet_two_two_edge' depends on axioms: [propext, Classical.choice, Quot.sound]
⚠ [767/835] Replayed GraphTreePorts
warning: providers/GraphTreePorts.lean:7:0: automatically included section variable(s) unused in theorem `Nanuq.Source.EdgeGraph.comparable_ancestors`:
  [Fintype E]
  [DecidableEq V]
consider restructuring your `variable` declarations so that the variables are not in scope or explicitly omit them:
  omit [Fintype E] [DecidableEq V] in theorem ...

Note: This linter can be disabled with `set_option linter.unusedSectionVars false`
warning: providers/GraphTreePorts.lean:67:0: automatically included section variable(s) unused in theorem `Nanuq.Source.EdgeGraph.rooted_connected`:
  [Fintype E]
  [DecidableEq V]
consider restructuring your `variable` declarations so that the variables are not in scope or explicitly omit them:
  omit [Fintype E] [DecidableEq V] in theorem ...

Note: This linter can be disabled with `set_option linter.unusedSectionVars false`
info: providers/GraphTreePorts.lean:115:0: 'Nanuq.Source.EdgeGraph.port_exists_unique' depends on axioms: [propext, Classical.choice, Quot.sound]
ℹ [768/835] Replayed GraphPorts
info: providers/GraphPorts.lean:63:0: 'Nanuq.Source.RootedBinary.bridge_port_masses' depends on axioms: [propext, Classical.choice, Quot.sound]
info: providers/GraphPorts.lean:64:0: 'Nanuq.Source.RootedBinary.bridge_taxa_disjoint' depends on axioms: [propext, Classical.choice, Quot.sound]
ℹ [769/835] Replayed GraphBlobPorts
info: providers/GraphBlobPorts.lean:74:0: 'Nanuq.Source.RootedBinary.blobProjection_surjective' depends on axioms: [propext, Classical.choice, Quot.sound]
info: providers/GraphBlobPorts.lean:75:0: 'Nanuq.Source.RootedBinary.actual_port_mass_positive' depends on axioms: [propext, Classical.choice, Quot.sound]
⚠ [771/835] Replayed GraphBlobMedian
warning: providers/GraphBlobMedian.lean:55:2: Try this: 
  haveI̵

The goal is a proposition, so `have` is preferred over `haveI`.
The difference between `have` and `haveI` is that `haveI` inlines the value.
But this is not relevant for proofs because of proof irrelevance.

Note: This linter can be disabled with `set_option linter.style.haveILetI false`
warning: providers/GraphBlobMedian.lean:56:2: Try this: 
  haveI̵

The goal is a proposition, so `have` is preferred over `haveI`.
The difference between `have` and `haveI` is that `haveI` inlines the value.
But this is not relevant for proofs because of proof irrelevance.

Note: This linter can be disabled with `set_option linter.style.haveILetI false`
info: providers/GraphBlobMedian.lean:119:0: 'Nanuq.Source.RootedBinary.exists_three_port_blob' depends on axioms: [propext, Classical.choice, Quot.sound]
⚠ [772/835] Replayed GraphPortTransport
warning: providers/GraphPortTransport.lean:8:0: automatically included section variable(s) unused in theorem `Nanuq.Source.EdgeGraph.crossing_bridge_endpoints_inc`:
  [Fintype E]
  [DecidableEq V]
consider restructuring your `variable` declarations so that the variables are not in scope or explicitly omit them:
  omit [Fintype E] [DecidableEq V] in theorem ...

Note: This linter can be disabled with `set_option linter.unusedSectionVars false`
info: providers/GraphPortTransport.lean:65:0: 'Nanuq.Source.EdgeGraph.ports_equal_across_bridge' depends on axioms: [propext, Classical.choice, Quot.sound]
ℹ [773/835] Replayed GraphMedianUnique
info: providers/GraphMedianUnique.lean:92:0: 'Nanuq.Source.RootedBinary.existsUnique_three_way_blob' depends on axioms: [propext, Classical.choice, Quot.sound]
ℹ [964/1029] Replayed QuartetSemantics
info: providers/QuartetSemantics.lean:129:0: 'Nanuq.Quartet.displayed_comp_surjective' depends on axioms: [propext, Classical.choice, Quot.sound]
info: providers/QuartetSemantics.lean:130:0: 'Nanuq.Quartet.discrepancy_prod_fst' depends on axioms: [propext, Classical.choice, Quot.sound]
info: providers/QuartetSemantics.lean:131:0: 'Nanuq.Quartet.distinct_average_differs_from_switching_average' depends on axioms: [propext,
 Classical.choice,
 Quot.sound]
⚠ [973/1029] Replayed QuartetComposition
warning: providers/QuartetComposition.lean:23:0: automatically included section variable(s) unused in theorem `Nanuq.Composition.sum_by_ports`:
  [DecidableEq X]
consider restructuring your `variable` declarations so that the variables are not in scope or explicitly omit them:
  omit [DecidableEq X] in theorem ...

Note: This linter can be disabled with `set_option linter.unusedSectionVars false`
warning: providers/QuartetComposition.lean:34:0: automatically included section variable(s) unused in theorem `Nanuq.Composition.portMass_pos_of_surjective`:
  [Fintype P]
  [DecidableEq X]
consider restructuring your `variable` declarations so that the variables are not in scope or explicitly omit them:
  omit [Fintype P] [DecidableEq X] in theorem ...

Note: This linter can be disabled with `set_option linter.unusedSectionVars false`
info: providers/QuartetComposition.lean:131:0: 'Nanuq.Composition.sum_pairs_by_ports' depends on axioms: [propext, Classical.choice, Quot.sound]
info: providers/QuartetComposition.lean:132:0: 'Nanuq.Composition.portMass_pos_of_surjective' depends on axioms: [propext, Classical.choice, Quot.sound]
info: providers/QuartetComposition.lean:133:0: 'Nanuq.Composition.source_composition_of_switching_and_localization' depends on axioms: [propext,
 Classical.choice,
 Quot.sound]
ℹ [974/1029] Replayed QuartetCompositionDependent
info: providers/QuartetCompositionDependent.lean:60:0: 'Nanuq.Composition.error_localization_dependent_ports' depends on axioms: [propext, Classical.choice, Quot.sound]
info: providers/QuartetCompositionDependent.lean:61:0: 'Nanuq.Composition.source_composition_dependent_ports' depends on axioms: [propext, Classical.choice, Quot.sound]
⚠ [984/1029] Replayed WeightedAnchor
warning: providers/WeightedAnchor.lean:48:5: Variable name `hxy` is not explicitly referenced.

Hint: The binding can be removed (if unused) or named `_` (if used implicitly). Alternatively, prefix the name with `_` to silence this warning:
  [apply] _hxy

Note: This linter can be disabled with `set_option linter.unusedVariables false`
warning: providers/WeightedAnchor.lean:98:15: This simp argument is unused:
  if_neg hpq

Hint: Omit it from the simp argument list.
  [apply] simp only [hpq, false_and]

Note: This linter can be disabled with `set_option linter.unusedSimpArgs false`
warning: providers/WeightedAnchor.lean:105:16: This simp argument is unused:
  anchorMatrix

Hint: Omit it from the simp argument list.
  [apply] simp_all [outside]

Note: This linter can be disabled with `set_option linter.unusedSimpArgs false`
warning: providers/WeightedAnchor.lean:105:30: This simp argument is unused:
  outside

Hint: Omit it from the simp argument list.
  [apply] simp_all [anchorMatrix]

Note: This linter can be disabled with `set_option linter.unusedSimpArgs false`
warning: providers/WeightedAnchor.lean:97:48: Used `tac1 <;> tac2` where `(tac1; tac2)` would suffice

Note: This linter can be disabled with `set_option linter.unnecessarySeqFocus false`
info: providers/WeightedAnchor.lean:131:0: 'Nanuq.Weighted.weightedNanuq_eq_anchor_sum' depends on axioms: [propext, Classical.choice, Quot.sound]
ℹ [1000/1029] Replayed WeightedCoefficients
info: providers/WeightedCoefficients.lean:119:0: 'Nanuq.Weighted.circularAlpha_weightedNanuq' depends on axioms: [propext, Classical.choice, Quot.sound]
info: providers/WeightedCoefficients.lean:120:0: 'Nanuq.Weighted.circularAlpha_weightedNanuq_nonneg' depends on axioms: [propext, Classical.choice, Quot.sound]
info: providers/WeightedCoefficients.lean:121:0: 'Nanuq.Weighted.positive_masses_preserve_circular_support' depends on axioms: [propext, Classical.choice, Quot.sound]
info: providers/WeightedCoefficients.lean:122:0: 'Nanuq.Weighted.positive_masses_preserve_circular_zeros' depends on axioms: [propext, Classical.choice, Quot.sound]
ℹ [1001/1029] Replayed WeightedOrderedPairs
info: providers/WeightedOrderedPairs.lean:52:0: 'Nanuq.Weighted.ordered_pair_sum_eq_twice_upperSum' depends on axioms: [propext, Classical.choice, Quot.sound]
ℹ [1002/1029] Replayed WeightedSource
info: providers/WeightedSource.lean:65:0: 'Nanuq.Weighted.weightedNanuq_unit_eq_source' depends on axioms: [propext, Classical.choice, Quot.sound]
info: providers/WeightedSource.lean:66:0: 'Nanuq.Weighted.positive_masses_source_support' depends on axioms: [propext, Classical.choice, Quot.sound]
info: providers/WeightedSource.lean:67:0: 'Nanuq.Weighted.positive_masses_source_zeros' depends on axioms: [propext, Classical.choice, Quot.sound]
ℹ [1003/1029] Replayed SourceCompositionBridge
info: providers/SourceCompositionBridge.lean:94:0: 'Nanuq.Composition.sourceDistance_eq_sourceNanuq' depends on axioms: [propext, Classical.choice, Quot.sound]
info: providers/SourceCompositionBridge.lean:95:0: 'Nanuq.Composition.localWeighted_eq_weightedNanuq' depends on axioms: [propext, Classical.choice, Quot.sound]
⚠ [1004/1029] Replayed AnchorComposition
warning: providers/AnchorComposition.lean:59:0: automatically included section variable(s) unused in theorem `Nanuq.Composition.weightedPortMass_unit`:
  [DecidableEq X]
  [Fintype P]
consider restructuring your `variable` declarations so that the variables are not in scope or explicitly omit them:
  omit [DecidableEq X] [Fintype P] in theorem ...

Note: This linter can be disabled with `set_option linter.unusedSectionVars false`
warning: providers/AnchorComposition.lean:64:0: automatically included section variable(s) unused in theorem `Nanuq.Composition.sum_weighted_by_ports`:
  [DecidableEq X]
consider restructuring your `variable` declarations so that the variables are not in scope or explicitly omit them:
  omit [DecidableEq X] in theorem ...

Note: This linter can be disabled with `set_option linter.unusedSectionVars false`
info: providers/AnchorComposition.lean:118:0: 'Nanuq.Composition.weightedNanuq_eq_ordered_anchor' depends on axioms: [propext, Classical.choice, Quot.sound]
info: providers/AnchorComposition.lean:119:0: 'Nanuq.Composition.sum_weighted_pairs_by_ports' depends on axioms: [propext, Classical.choice, Quot.sound]
info: providers/AnchorComposition.lean:120:0: 'Nanuq.Composition.weighted_composition_of_anchor_identity' depends on axioms: [propext, Classical.choice, Quot.sound]
info: providers/AnchorComposition.lean:121:0: 'Nanuq.Composition.source_composition_of_anchor_identity' depends on axioms: [propext, Classical.choice, Quot.sound]
ℹ [1027/1029] Replayed AnchorPortPatterns
info: providers/AnchorPortPatterns.lean:94:0: 'Nanuq.PortPatterns.tripleCount_by_portCount' depends on axioms: [propext, Classical.choice, Quot.sound]
info: providers/AnchorPortPatterns.lean:95:0: 'Nanuq.PortPatterns.tripleCount_cases' depends on axioms: [propext, Classical.choice, Quot.sound]
⚠ [1028/1029] Replayed AnchorPortCounts
warning: providers/AnchorPortCounts.lean:34:0: automatically included section variable(s) unused in theorem `Nanuq.PortPatterns.sum_tripleCount_eq_port_counts`:
  [DecidableEq B]
consider restructuring your `variable` declarations so that the variables are not in scope or explicitly omit them:
  omit [DecidableEq B] in theorem ...

Note: This linter can be disabled with `set_option linter.unusedSectionVars false`
info: providers/AnchorPortCounts.lean:54:0: 'Nanuq.PortPatterns.sum_tripleCount_of_unique' depends on axioms: [propext, Classical.choice, Quot.sound]
info: providers/AnchorPortCounts.lean:55:0: 'Nanuq.PortPatterns.branching_port_counts_of_unique' depends on axioms: [propext, Classical.choice, Quot.sound]
ℹ [1029/1029] Built NanuqActualQuartetPortBranching (1.2s)
info: src/NanuqActualQuartetPortBranching.lean:41:0: 'Nanuq.Source.RootedBinary.actual_quartet_blob_port_branching' depends on axioms: [propext,
 Classical.choice,
 Quot.sound]
Build completed successfully (1029 jobs).
