contextual-nanuq-source-anchor-20261004/src/NanuqActualRootedCapBoundary.lean:73:2: error(lean.synthInstanceFailed): failed to synthesize instance of type class
  Fintype ({ v // N.graph.blobOf v = b } ⊕ N.BlobPort b ⊕ { _u // b ≠ N.graph.blobOf N.root })

Hint: Type class instance resolution failures can be inspected with the `set_option trace.Meta.synthInstance true` command.
contextual-nanuq-source-anchor-20261004/src/NanuqActualRootedCapBoundary.lean:79:2: error(lean.synthInstanceFailed): failed to synthesize instance of type class
  Fintype
    ({ e // N.graph.blobOf (N.graph.source e) = b ∧ N.graph.blobOf (N.graph.target e) = b } ⊕
      N.BlobPort b ⊕ { _u // b ≠ N.graph.blobOf N.root })

Hint: Type class instance resolution failures can be inspected with the `set_option trace.Meta.synthInstance true` command.
contextual-nanuq-source-anchor-20261004/src/NanuqActualRootedCapBoundary.lean:113:32: error: unsolved goals
V : Type u_1
E : Type u_2
X : Type u_3
inst✝³ : Fintype V
inst✝² : Fintype E
inst✝¹ : Fintype X
inst✝ : DecidableEq V
N : RootedBinary V E X
b : N.graph.Blob
p : N.BlobPort b
⊢ Sum.inr (Sum.inl p) ∈
    {e |
      Sum.elim (fun e => Sum.inl ⟨N.graph.target ↑e, ⋯⟩)
          (Sum.elim (fun p => Sum.inr (Sum.inl p)) fun x => Sum.inl (N.originalRootedCapEntry b)) e =
        Sum.inr (Sum.inl p)}
'Nanuq.Source.RootedBinary.actual_rooted_cap_port_degrees' depends on axioms: [propext,
 sorryAx,
 Classical.choice,
 Quot.sound]
'Nanuq.Source.RootedBinary.actual_rooted_cap_fresh_root_degrees' depends on axioms: [propext,
 sorryAx,
 Classical.choice,
 Quot.sound]
