ℹ [636/645] Replayed SourceNetwork
info: providers/SourceNetwork.lean:248:0: 'Nanuq.Source.EdgeGraph.not_bridge_of_parallel' does not depend on any axioms
info: providers/SourceNetwork.lean:249:0: 'Nanuq.Source.EdgeGraph.bridge_not_sameBlob' does not depend on any axioms
info: providers/SourceNetwork.lean:250:0: 'Nanuq.Source.EdgeGraph.bridge_blob_ne' depends on axioms: [propext]
info: providers/SourceNetwork.lean:251:0: 'Nanuq.Source.EdgeGraph.dreach_antisymm' depends on axioms: [propext, Classical.choice, Quot.sound]
info: providers/SourceNetwork.lean:252:0: 'Nanuq.Source.RootedBinary.underlying_connected' depends on axioms: [propext, Classical.choice, Quot.sound]
⚠ [641/645] Replayed GraphLeaves
warning: providers/GraphLeaves.lean:52:2: Try this: 
  haveI̵

The goal is a proposition, so `have` is preferred over `haveI`.
The difference between `have` and `haveI` is that `haveI` inlines the value.
But this is not relevant for proofs because of proof irrelevance.

Note: This linter can be disabled with `set_option linter.style.haveILetI false`
warning: providers/GraphLeaves.lean:53:2: Try this: 
  haveI̵

The goal is a proposition, so `have` is preferred over `haveI`.
The difference between `have` and `haveI` is that `haveI` inlines the value.
But this is not relevant for proofs because of proof irrelevance.

Note: This linter can be disabled with `set_option linter.style.haveILetI false`
info: providers/GraphLeaves.lean:86:0: 'Nanuq.Source.RootedBinary.every_vertex_reaches_leaf' depends on axioms: [propext, Classical.choice, Quot.sound]
info: providers/GraphLeaves.lean:87:0: 'Nanuq.Source.RootedBinary.forward_closed_contains_leaf' depends on axioms: [propext, Classical.choice, Quot.sound]
info: providers/GraphLeaves.lean:88:0: 'Nanuq.Source.RootedBinary.exists_leaf_avoiding_of_ne_root' depends on axioms: [propext, Classical.choice, Quot.sound]
ℹ [642/645] Replayed GraphCuts
info: providers/GraphCuts.lean:122:0: 'Nanuq.Source.EdgeGraph.edge_side_cover' depends on axioms: [propext, Classical.choice, Quot.sound]
info: providers/GraphCuts.lean:123:0: 'Nanuq.Source.EdgeGraph.bridge_sides_disjoint' does not depend on any axioms
info: providers/GraphCuts.lean:124:0: 'Nanuq.Source.RootedBinary.bridge_both_sides_contain_taxa' depends on axioms: [propext, Classical.choice, Quot.sound]
ℹ [643/645] Replayed GraphBlobs
info: providers/GraphBlobs.lean:100:0: 'Nanuq.Source.EdgeGraph.quotient_reach_lifts_without' depends on axioms: [propext]
info: providers/GraphBlobs.lean:101:0: 'Nanuq.Source.EdgeGraph.quotient_edge_is_bridge' depends on axioms: [propext]
info: providers/GraphBlobs.lean:102:0: 'Nanuq.Source.RootedBinary.blob_quotient_is_tree' depends on axioms: [propext, Classical.choice, Quot.sound]
⚠ [644/645] Replayed GraphSwitching
warning: providers/GraphSwitching.lean:135:2: Try this: 
  haveI̵

The goal is a proposition, so `have` is preferred over `haveI`.
The difference between `have` and `haveI` is that `haveI` inlines the value.
But this is not relevant for proofs because of proof irrelevance.

Note: This linter can be disabled with `set_option linter.style.haveILetI false`
warning: providers/GraphSwitching.lean:136:2: Try this: 
  haveI̵

The goal is a proposition, so `have` is preferred over `haveI`.
The difference between `have` and `haveI` is that `haveI` inlines the value.
But this is not relevant for proofs because of proof irrelevance.

Note: This linter can be disabled with `set_option linter.style.haveILetI false`
info: providers/GraphSwitching.lean:160:0: 'Nanuq.Source.EdgeGraph.uniqueIncoming_all_bridges' does not depend on any axioms
info: providers/GraphSwitching.lean:161:0: 'Nanuq.Source.RootedBinary.Switching.selected_rooted' depends on axioms: [propext, Classical.choice, Quot.sound]
info: providers/GraphSwitching.lean:162:0: 'Nanuq.Source.RootedBinary.Switching.selected_is_tree' depends on axioms: [propext, Classical.choice, Quot.sound]
✔ [645/645] Built NanuqCutWalkLocality (1.0s)
Build completed successfully (645 jobs).
