contextual-nanuq-source-anchor-20261004/src/NanuqActualRootedCapIncidence.lean:64:8: error: Tactic `rewrite` failed: Did not find an occurrence of the pattern
  if N.graph.blobOf (N.graph.source e) = b then ?m.86 else ?m.87
in the target expression
  Sum.elim
      (fun p =>
        if N.graph.bridgeQuotient.source ↑p = b then Sum.inl (N.originalPortInner b p) else N.actualRootedCapRoot b)
      (fun x => N.actualRootedCapRoot b) (Sum.inl ⟨⟨e, ⋯⟩, ⋯⟩) =
    Sum.inl ⟨N.graph.source e, hs⟩

case isFalse
V : Type u_1
E : Type u_2
X : Type u_3
inst✝³ : Fintype V
inst✝² : Fintype E
inst✝¹ : Fintype X
inst✝ : DecidableEq V
N : RootedBinary V E X
b : N.graph.Blob
e : E
hs : N.graph.blobOf (N.graph.source e) = b
h✝ : ¬N.graph.blobOf (N.graph.target e) = b
⊢ Sum.elim
      (fun p =>
        if N.graph.bridgeQuotient.source ↑p = b then Sum.inl (N.originalPortInner b p) else N.actualRootedCapRoot b)
      (fun x => N.actualRootedCapRoot b) (Sum.inl ⟨⟨e, ⋯⟩, ⋯⟩) =
    Sum.inl ⟨N.graph.source e, hs⟩

Note: The target expression is not type-correct under the `implicit` transparency level, which may have triggered the failure. This is usually caused by unfolding of semireducible definitions in prior tactic steps. Use `set_option linter.tacticCheckInstances true` to investigate the source of the issue.
Full error:
  Application type mismatch: The argument
    p
  has type
    N.BlobPort b
  but is expected to have type
    { e // N.graph.bridgeQuotient.source e = b ∨ N.graph.bridgeQuotient.target e = b }
  in the application
    ↑p
contextual-nanuq-source-anchor-20261004/src/NanuqActualRootedCapIncidence.lean:142:4: error: unsolved goals
case pos
V : Type u_1
E : Type u_2
X : Type u_3
inst✝³ : Fintype V
inst✝² : Fintype E
inst✝¹ : Fintype X
inst✝ : DecidableEq V
N : RootedBinary V E X
b : N.graph.Blob
v : N.OriginalBlobVertex b
p : N.BlobPort b
hs : (N.actualRootedCapGraph b).source (Sum.inr (Sum.inl p)) = Sum.inl v
hp : N.graph.bridgeQuotient.source ↑p = b
hnot : N.graph.blobOf (N.graph.target ↑↑p) ≠ b
⊢ Sum.inl ⟨⟨↑↑p, ⋯⟩, ⋯⟩ = Sum.inl p
contextual-nanuq-source-anchor-20261004/src/NanuqActualRootedCapIncidence.lean:162:4: error: Tactic `apply` failed: could not unify the conclusion of `congrArg fun t => Sum.inr (Sum.inr t)`
  Sum.inr (Sum.inr ?m.131) = Sum.inr (Sum.inr ?m.132)
with the goal
  (if hs : N.graph.blobOf (N.graph.source ↑↑(N.originalIncomingBlobPort b ⋯)) = b then
      Sum.inl ⟨↑↑(N.originalIncomingBlobPort b ⋯), ⋯⟩
    else Sum.inr (Sum.inr ⟨(), ⋯⟩)) =
    Sum.inr (Sum.inr t)

Note: The full type of `congrArg fun t => Sum.inr (Sum.inr t)` is
  ?m.131 = ?m.132 → Sum.inr (Sum.inr ?m.131) = Sum.inr (Sum.inr ?m.132)

case inr.inr
V : Type u_1
E : Type u_2
X : Type u_3
inst✝³ : Fintype V
inst✝² : Fintype E
inst✝¹ : Fintype X
inst✝ : DecidableEq V
N : RootedBinary V E X
b : N.graph.Blob
v : N.OriginalBlobVertex b
t : N.RootedCapRootTag b
ht : (N.actualRootedCapGraph b).target (Sum.inr (Sum.inr t)) = Sum.inl v
hnot : N.graph.bridgeQuotient.source ↑(N.originalIncomingBlobPort b ⋯) ≠ b
⊢ (if hs : N.graph.blobOf (N.graph.source ↑↑(N.originalIncomingBlobPort b ⋯)) = b then
      Sum.inl ⟨↑↑(N.originalIncomingBlobPort b ⋯), ⋯⟩
    else Sum.inr (Sum.inr ⟨(), ⋯⟩)) =
    Sum.inr (Sum.inr t)
contextual-nanuq-source-anchor-20261004/src/NanuqActualRootedCapIncidence.lean:161:58: warning: This simp argument is unused:
  hnot

Hint: Omit it from the simp argument list.
  [apply] simp [actualRootedCapOriginalArc, actualRootedCapInArc]

Note: This linter can be disabled with `set_option linter.unusedSimpArgs false`
'Nanuq.Source.RootedBinary.actualRootedCapOutArc_roundtrip' depends on axioms: [propext,
 sorryAx,
 Classical.choice,
 Quot.sound]
'Nanuq.Source.RootedBinary.actualRootedCapInArc_roundtrip' depends on axioms: [propext,
 sorryAx,
 Classical.choice,
 Quot.sound]
