ℹ [636/643] Replayed SourceNetwork
info: providers/SourceNetwork.lean:248:0: 'Nanuq.Source.EdgeGraph.not_bridge_of_parallel' does not depend on any axioms
info: providers/SourceNetwork.lean:249:0: 'Nanuq.Source.EdgeGraph.bridge_not_sameBlob' does not depend on any axioms
info: providers/SourceNetwork.lean:250:0: 'Nanuq.Source.EdgeGraph.bridge_blob_ne' depends on axioms: [propext]
info: providers/SourceNetwork.lean:251:0: 'Nanuq.Source.EdgeGraph.dreach_antisymm' depends on axioms: [propext, Classical.choice, Quot.sound]
info: providers/SourceNetwork.lean:252:0: 'Nanuq.Source.RootedBinary.underlying_connected' depends on axioms: [propext, Classical.choice, Quot.sound]
⚠ [641/643] Replayed GraphLeaves
warning: providers/GraphLeaves.lean:52:2: Try this: 
  haveI̵

The goal is a proposition, so `have` is preferred over `haveI`.
The difference between `have` and `haveI` is that `haveI` inlines the value.
But this is not relevant for proofs because of proof irrelevance.

Note: This linter can be disabled with `set_option linter.style.haveILetI false`
warning: providers/GraphLeaves.lean:53:2: Try this: 
  haveI̵

The goal is a proposition, so `have` is preferred over `haveI`.
The difference between `have` and `haveI` is that `haveI` inlines the value.
But this is not relevant for proofs because of proof irrelevance.

Note: This linter can be disabled with `set_option linter.style.haveILetI false`
info: providers/GraphLeaves.lean:86:0: 'Nanuq.Source.RootedBinary.every_vertex_reaches_leaf' depends on axioms: [propext, Classical.choice, Quot.sound]
info: providers/GraphLeaves.lean:87:0: 'Nanuq.Source.RootedBinary.forward_closed_contains_leaf' depends on axioms: [propext, Classical.choice, Quot.sound]
info: providers/GraphLeaves.lean:88:0: 'Nanuq.Source.RootedBinary.exists_leaf_avoiding_of_ne_root' depends on axioms: [propext, Classical.choice, Quot.sound]
ℹ [642/643] Replayed GraphCuts
info: providers/GraphCuts.lean:122:0: 'Nanuq.Source.EdgeGraph.edge_side_cover' depends on axioms: [propext, Classical.choice, Quot.sound]
info: providers/GraphCuts.lean:123:0: 'Nanuq.Source.EdgeGraph.bridge_sides_disjoint' does not depend on any axioms
info: providers/GraphCuts.lean:124:0: 'Nanuq.Source.RootedBinary.bridge_both_sides_contain_taxa' depends on axioms: [propext, Classical.choice, Quot.sound]
✖ [643/643] Building NanuqCutWalkLocality (996ms)
trace: .> LEAN_PATH=pinned-environment/mathlib4/.lake/packages/Cli/.lake/build/lib/lean:pinned-environment/mathlib4/.lake/packages/batteries/.lake/build/lib/lean:pinned-environment/mathlib4/.lake/packages/Qq/.lake/build/lib/lean:pinned-environment/mathlib4/.lake/packages/aesop/.lake/build/lib/lean:pinned-environment/mathlib4/.lake/packages/proofwidgets/.lake/build/lib/lean:pinned-environment/mathlib4/.lake/packages/importGraph/.lake/build/lib/lean:pinned-environment/mathlib4/.lake/packages/LeanSearchClient/.lake/build/lib/lean:pinned-environment/mathlib4/.lake/packages/plausible/.lake/build/lib/lean:pinned-environment/mathlib4/.lake/build/lib/lean:package/.lake/build/lib/lean pinned-environment/toolchain/lean-4.33.1-linux/bin/lean -j1 -M4096 package/src/NanuqCutWalkLocality.lean -o package/.lake/build/lib/lean/NanuqCutWalkLocality.olean -i package/.lake/build/lib/lean/NanuqCutWalkLocality.ilean -c package/.lake/build/ir/NanuqCutWalkLocality.c --setup package/.lake/build/ir/NanuqCutWalkLocality.setup.json --json
error: src/NanuqCutWalkLocality.lean:19:17: Invalid field `ureach_preserves`: The environment does not contain `Nanuq.Source.EdgeGraph.ureach_preserves`, so it is not possible to project the field `ureach_preserves` from an expression
  G
of type `EdgeGraph V E`
error: Lean exited with code 1
Some required targets logged failures:
- NanuqCutWalkLocality
