ℹ [635/646] Replayed SourceNetwork
info: providers/SourceNetwork.lean:248:0: 'Nanuq.Source.EdgeGraph.not_bridge_of_parallel' does not depend on any axioms
info: providers/SourceNetwork.lean:249:0: 'Nanuq.Source.EdgeGraph.bridge_not_sameBlob' does not depend on any axioms
info: providers/SourceNetwork.lean:250:0: 'Nanuq.Source.EdgeGraph.bridge_blob_ne' depends on axioms: [propext]
info: providers/SourceNetwork.lean:251:0: 'Nanuq.Source.EdgeGraph.dreach_antisymm' depends on axioms: [propext, Classical.choice, Quot.sound]
info: providers/SourceNetwork.lean:252:0: 'Nanuq.Source.RootedBinary.underlying_connected' depends on axioms: [propext, Classical.choice, Quot.sound]
⚠ [640/646] Replayed GraphLeaves
warning: providers/GraphLeaves.lean:52:2: Try this: 
  haveI̵

The goal is a proposition, so `have` is preferred over `haveI`.
The difference between `have` and `haveI` is that `haveI` inlines the value.
But this is not relevant for proofs because of proof irrelevance.

Note: This linter can be disabled with `set_option linter.style.haveILetI false`
warning: providers/GraphLeaves.lean:53:2: Try this: 
  haveI̵

The goal is a proposition, so `have` is preferred over `haveI`.
The difference between `have` and `haveI` is that `haveI` inlines the value.
But this is not relevant for proofs because of proof irrelevance.

Note: This linter can be disabled with `set_option linter.style.haveILetI false`
info: providers/GraphLeaves.lean:86:0: 'Nanuq.Source.RootedBinary.every_vertex_reaches_leaf' depends on axioms: [propext, Classical.choice, Quot.sound]
info: providers/GraphLeaves.lean:87:0: 'Nanuq.Source.RootedBinary.forward_closed_contains_leaf' depends on axioms: [propext, Classical.choice, Quot.sound]
info: providers/GraphLeaves.lean:88:0: 'Nanuq.Source.RootedBinary.exists_leaf_avoiding_of_ne_root' depends on axioms: [propext, Classical.choice, Quot.sound]
ℹ [641/646] Replayed GraphCuts
info: providers/GraphCuts.lean:122:0: 'Nanuq.Source.EdgeGraph.edge_side_cover' depends on axioms: [propext, Classical.choice, Quot.sound]
info: providers/GraphCuts.lean:123:0: 'Nanuq.Source.EdgeGraph.bridge_sides_disjoint' does not depend on any axioms
info: providers/GraphCuts.lean:124:0: 'Nanuq.Source.RootedBinary.bridge_both_sides_contain_taxa' depends on axioms: [propext, Classical.choice, Quot.sound]
ℹ [642/911] Replayed GraphBlobs
info: providers/GraphBlobs.lean:100:0: 'Nanuq.Source.EdgeGraph.quotient_reach_lifts_without' depends on axioms: [propext]
info: providers/GraphBlobs.lean:101:0: 'Nanuq.Source.EdgeGraph.quotient_edge_is_bridge' depends on axioms: [propext]
info: providers/GraphBlobs.lean:102:0: 'Nanuq.Source.RootedBinary.blob_quotient_is_tree' depends on axioms: [propext, Classical.choice, Quot.sound]
⚠ [643/911] Replayed GraphSwitching
warning: providers/GraphSwitching.lean:135:2: Try this: 
  haveI̵

The goal is a proposition, so `have` is preferred over `haveI`.
The difference between `have` and `haveI` is that `haveI` inlines the value.
But this is not relevant for proofs because of proof irrelevance.

Note: This linter can be disabled with `set_option linter.style.haveILetI false`
warning: providers/GraphSwitching.lean:136:2: Try this: 
  haveI̵

The goal is a proposition, so `have` is preferred over `haveI`.
The difference between `have` and `haveI` is that `haveI` inlines the value.
But this is not relevant for proofs because of proof irrelevance.

Note: This linter can be disabled with `set_option linter.style.haveILetI false`
info: providers/GraphSwitching.lean:160:0: 'Nanuq.Source.EdgeGraph.uniqueIncoming_all_bridges' does not depend on any axioms
info: providers/GraphSwitching.lean:161:0: 'Nanuq.Source.RootedBinary.Switching.selected_rooted' depends on axioms: [propext, Classical.choice, Quot.sound]
info: providers/GraphSwitching.lean:162:0: 'Nanuq.Source.RootedBinary.Switching.selected_is_tree' depends on axioms: [propext, Classical.choice, Quot.sound]
ℹ [645/911] Replayed G5MinimalGraphInterface
info: providers/G5MinimalGraphInterface.lean:47:0: 'GProgram.G5.Minimal.root_source_side_of_rooted_acyclic' does not depend on any axioms
info: providers/G5MinimalGraphInterface.lean:48:0: 'GProgram.G5.Minimal.bridge_component_iff_descendant' depends on axioms: [propext, Classical.choice, Quot.sound]
ℹ [813/911] Replayed G2LiveLineageRouting
info: providers/G2LiveLineageRouting.lean:123:0: 'GProgram.G2.coalesced_copies_cannot_split' depends on axioms: [propext, Classical.choice, Quot.sound]
info: providers/G2LiveLineageRouting.lean:124:0: 'GProgram.G2.routed_parent_eq_iff_live_coin_eq' depends on axioms: [propext, Classical.choice, Quot.sound]
info: providers/G2LiveLineageRouting.lean:125:0: 'GProgram.G2.opposite_copy_bits_are_not_a_live_pulse' does not depend on any axioms
info: providers/G2LiveLineageRouting.lean:126:0: 'GProgram.G2.wrong_pulse_split_mass' depends on axioms: [propext, Classical.choice, Quot.sound]
info: providers/G2LiveLineageRouting.lean:127:0: 'GProgram.G2.fair_copy_pulse_splits_merged_ancestor' depends on axioms: [propext, Classical.choice, Quot.sound]
ℹ [814/911] Replayed G6BridgeCannotEnterHybrid
info: providers/G6BridgeCannotEnterHybrid.lean:85:0: 'GProgram.G6.BridgeEntry.bridge_targets_injective' depends on axioms: [propext, Classical.choice, Quot.sound]
info: providers/G6BridgeCannotEnterHybrid.lean:86:0: 'GProgram.G6.BridgeEntry.bridge_incoming_unique' depends on axioms: [propext, Classical.choice, Quot.sound]
info: providers/G6BridgeCannotEnterHybrid.lean:87:0: 'GProgram.G6.BridgeEntry.bridge_target_indegree_one' depends on axioms: [propext, Classical.choice, Quot.sound]
info: providers/G6BridgeCannotEnterHybrid.lean:88:0: 'GProgram.G6.BridgeEntry.two_incoming_occurrences_not_bridge' depends on axioms: [propext, Classical.choice, Quot.sound]
info: providers/G6BridgeCannotEnterHybrid.lean:89:0: 'GProgram.G6.BridgeEntry.original_bridge_target_not_hybrid' depends on axioms: [propext, Classical.choice, Quot.sound]
info: providers/G6BridgeCannotEnterHybrid.lean:90:0: 'GProgram.G6.BridgeEntry.original_hybrid_parents_nonbridge' depends on axioms: [propext, Classical.choice, Quot.sound]
ℹ [815/911] Replayed RawSourceAnchorLocalization
info: providers/RawSourceAnchorLocalization.lean:121:0: 'Nanuq.Source.RootedBinary.Switching.original_bridge_retained' depends on axioms: [propext,
 Classical.choice,
 Quot.sound]
info: providers/RawSourceAnchorLocalization.lean:122:0: 'Nanuq.Source.RootedBinary.Switching.original_bridge_source_side_iff' depends on axioms: [propext,
 Classical.choice,
 Quot.sound]
info: providers/RawSourceAnchorLocalization.lean:123:0: 'Nanuq.Source.RootedBinary.Switching.original_bridge_target_side_iff' depends on axioms: [propext,
 Classical.choice,
 Quot.sound]
info: providers/RawSourceAnchorLocalization.lean:124:0: 'Nanuq.Source.RootedBinary.Switching.raw_component_port_taxon_localization' depends on axioms: [propext,
 Classical.choice,
 Quot.sound]
info: providers/RawSourceAnchorLocalization.lean:125:0: 'Nanuq.Source.RootedBinary.Switching.original_bridge_taxon_descendant_iff' depends on axioms: [propext,
 Classical.choice,
 Quot.sound]
info: providers/RawSourceAnchorLocalization.lean:126:0: 'Nanuq.Source.RootedBinary.Switching.original_bridge_taxon_fibers' depends on axioms: [propext,
 Classical.choice,
 Quot.sound]
ℹ [816/911] Replayed GraphBridgeSplits
info: providers/GraphBridgeSplits.lean:62:0: 'Nanuq.Source.EdgeGraph.bridge_splits_compatible' depends on axioms: [propext, Classical.choice, Quot.sound]
ℹ [817/911] Replayed GraphBlobOrientation
info: providers/GraphBlobOrientation.lean:124:0: 'Nanuq.Source.RootedBinary.blob_arborescence' depends on axioms: [propext, Classical.choice, Quot.sound]
ℹ [818/911] Replayed GraphBlobLeaves
info: providers/GraphBlobLeaves.lean:122:0: 'Nanuq.Source.RootedBinary.blobLeaf' depends on axioms: [propext, Classical.choice, Quot.sound]
info: providers/GraphBlobLeaves.lean:123:0: 'Nanuq.Source.RootedBinary.blob_leaf_degrees' depends on axioms: [propext, Classical.choice, Quot.sound]
ℹ [819/911] Replayed GraphSwitchingDegree
info: providers/GraphSwitchingDegree.lean:79:0: 'Nanuq.Source.RootedBinary.Switching.selected_subcubic_tree' depends on axioms: [propext, Classical.choice, Quot.sound]
⚠ [888/911] Replayed GraphQuartetExistence
warning: providers/GraphQuartetExistence.lean:22:0: automatically included section variable(s) unused in theorem `Nanuq.Source.EdgeGraph.target_side_iff_descendant`:
  [Fintype E]
  [DecidableEq V]
consider restructuring your `variable` declarations so that the variables are not in scope or explicitly omit them:
  omit [Fintype E] [DecidableEq V] in theorem ...

Note: This linter can be disabled with `set_option linter.unusedSectionVars false`
warning: providers/GraphQuartetExistence.lean:121:2: Try this: 
  haveI̵

The goal is a proposition, so `have` is preferred over `haveI`.
The difference between `have` and `haveI` is that `haveI` inlines the value.
But this is not relevant for proofs because of proof irrelevance.

Note: This linter can be disabled with `set_option linter.style.haveILetI false`
warning: providers/GraphQuartetExistence.lean:122:2: Try this: 
  haveI̵

The goal is a proposition, so `have` is preferred over `haveI`.
The difference between `have` and `haveI` is that `haveI` inlines the value.
But this is not relevant for proofs because of proof irrelevance.

Note: This linter can be disabled with `set_option linter.style.haveILetI false`
info: providers/GraphQuartetExistence.lean:208:0: 'Nanuq.Source.RootedBinary.Switching.quartet_two_two_edge' depends on axioms: [propext, Classical.choice, Quot.sound]
⚠ [889/911] Replayed GraphTreePorts
warning: providers/GraphTreePorts.lean:7:0: automatically included section variable(s) unused in theorem `Nanuq.Source.EdgeGraph.comparable_ancestors`:
  [Fintype E]
  [DecidableEq V]
consider restructuring your `variable` declarations so that the variables are not in scope or explicitly omit them:
  omit [Fintype E] [DecidableEq V] in theorem ...

Note: This linter can be disabled with `set_option linter.unusedSectionVars false`
warning: providers/GraphTreePorts.lean:67:0: automatically included section variable(s) unused in theorem `Nanuq.Source.EdgeGraph.rooted_connected`:
  [Fintype E]
  [DecidableEq V]
consider restructuring your `variable` declarations so that the variables are not in scope or explicitly omit them:
  omit [Fintype E] [DecidableEq V] in theorem ...

Note: This linter can be disabled with `set_option linter.unusedSectionVars false`
info: providers/GraphTreePorts.lean:115:0: 'Nanuq.Source.EdgeGraph.port_exists_unique' depends on axioms: [propext, Classical.choice, Quot.sound]
ℹ [890/911] Replayed GraphPorts
info: providers/GraphPorts.lean:63:0: 'Nanuq.Source.RootedBinary.bridge_port_masses' depends on axioms: [propext, Classical.choice, Quot.sound]
info: providers/GraphPorts.lean:64:0: 'Nanuq.Source.RootedBinary.bridge_taxa_disjoint' depends on axioms: [propext, Classical.choice, Quot.sound]
ℹ [891/911] Replayed GraphBlobPorts
info: providers/GraphBlobPorts.lean:74:0: 'Nanuq.Source.RootedBinary.blobProjection_surjective' depends on axioms: [propext, Classical.choice, Quot.sound]
info: providers/GraphBlobPorts.lean:75:0: 'Nanuq.Source.RootedBinary.actual_port_mass_positive' depends on axioms: [propext, Classical.choice, Quot.sound]
⚠ [892/911] Replayed GraphPortTransport
warning: providers/GraphPortTransport.lean:8:0: automatically included section variable(s) unused in theorem `Nanuq.Source.EdgeGraph.crossing_bridge_endpoints_inc`:
  [Fintype E]
  [DecidableEq V]
consider restructuring your `variable` declarations so that the variables are not in scope or explicitly omit them:
  omit [Fintype E] [DecidableEq V] in theorem ...

Note: This linter can be disabled with `set_option linter.unusedSectionVars false`
info: providers/GraphPortTransport.lean:65:0: 'Nanuq.Source.EdgeGraph.ports_equal_across_bridge' depends on axioms: [propext, Classical.choice, Quot.sound]
ℹ [893/911] Replayed GraphPortFibers
info: providers/GraphPortFibers.lean:106:0: 'Nanuq.Source.RootedBinary.blobProjection_eq_iff_target_side' depends on axioms: [propext, Classical.choice, Quot.sound]
info: providers/GraphPortFibers.lean:107:0: 'Nanuq.Source.RootedBinary.blobProjection_eq_iff_source_side' depends on axioms: [propext, Classical.choice, Quot.sound]
info: providers/GraphPortFibers.lean:108:0: 'Nanuq.Source.RootedBinary.port_transport_between_blobs' depends on axioms: [propext, Classical.choice, Quot.sound]
ℹ [894/911] Replayed NanuqActualPortCutFibre
info: src/NanuqActualPortCutFibre.lean:81:0: 'Nanuq.Source.RootedBinary.Switching.original_port_fibre_connected_without_internal_cut' depends on axioms: [propext,
 Classical.choice,
 Quot.sound]
info: src/NanuqActualPortCutFibre.lean:82:0: 'Nanuq.Source.RootedBinary.Switching.original_port_internal_cut_source_side_iff' depends on axioms: [propext,
 Classical.choice,
 Quot.sound]
info: src/NanuqActualPortCutFibre.lean:83:0: 'Nanuq.Source.RootedBinary.Switching.original_port_internal_cut_target_side_iff' depends on axioms: [propext,
 Classical.choice,
 Quot.sound]
ℹ [895/911] Replayed NanuqActualQuartetCutLocality
info: src/NanuqActualQuartetCutLocality.lean:123:0: 'Nanuq.Source.RootedBinary.Switching.outgoing_port_forbids_exterior_quartet_cut' depends on axioms: [propext,
 Classical.choice,
 Quot.sound]
info: src/NanuqActualQuartetCutLocality.lean:125:0: 'Nanuq.Source.RootedBinary.Switching.incoming_port_forbids_exterior_quartet_cut' depends on axioms: [propext,
 Classical.choice,
 Quot.sound]
ℹ [896/911] Replayed NanuqActualQuartetCutLocalization
info: src/NanuqActualQuartetCutLocalization.lean:107:0: 'Nanuq.Source.RootedBinary.Switching.original_two_two_cut_internal_to_blob' depends on axioms: [propext,
 Classical.choice,
 Quot.sound]
ℹ [978/986] Replayed QuartetSemantics
info: providers/QuartetSemantics.lean:129:0: 'Nanuq.Quartet.displayed_comp_surjective' depends on axioms: [propext, Classical.choice, Quot.sound]
info: providers/QuartetSemantics.lean:130:0: 'Nanuq.Quartet.discrepancy_prod_fst' depends on axioms: [propext, Classical.choice, Quot.sound]
info: providers/QuartetSemantics.lean:131:0: 'Nanuq.Quartet.distinct_average_differs_from_switching_average' depends on axioms: [propext,
 Classical.choice,
 Quot.sound]
ℹ [979/986] Replayed SourceQuartetRelation
info: providers/SourceQuartetRelation.lean:62:0: 'Nanuq.Source.EdgeGraph.resolution_unique' depends on axioms: [propext, Classical.choice, Quot.sound]
ℹ [980/986] Replayed GraphSwitchingExistence
info: providers/GraphSwitchingExistence.lean:52:0: 'Nanuq.Source.RootedBinary.switching_tree_exists' depends on axioms: [propext, Classical.choice, Quot.sound]
ℹ [981/986] Replayed GraphSwitchingFinite
info: providers/GraphSwitchingFinite.lean:45:0: 'Nanuq.Source.RootedBinary.Switching.edgeCode_injective' depends on axioms: [propext, Classical.choice, Quot.sound]
ℹ [982/986] Replayed GraphGalls
info: providers/GraphGalls.lean:63:0: 'Nanuq.Source.EdgeGraph.hybrid_has_partner' depends on axioms: [propext, Classical.choice, Quot.sound]
info: providers/GraphGalls.lean:64:0: 'Nanuq.Source.EdgeGraph.galled_hybrid_edge_not_bridge' depends on axioms: [propext, Classical.choice, Quot.sound]
info: providers/GraphGalls.lean:65:0: 'Nanuq.Source.EdgeGraph.galled_bridge_not_hybrid_target' depends on axioms: [propext, Classical.choice, Quot.sound]
ℹ [983/986] Replayed GraphSwitchingCuts
info: providers/GraphSwitchingCuts.lean:61:0: 'Nanuq.Source.RootedBinary.Switching.preserves_bridge_sides' depends on axioms: [propext, Classical.choice, Quot.sound]
ℹ [984/986] Replayed SourceResolve
info: providers/SourceResolve.lean:128:0: 'Nanuq.Source.RootedBinary.Switching.resolve_spec' depends on axioms: [propext, Classical.choice, Quot.sound]
info: providers/SourceResolve.lean:129:0: 'Nanuq.Source.RootedBinary.rawQuartetMean_of_bridge' depends on axioms: [propext, Classical.choice, Quot.sound]
ℹ [985/986] Replayed NanuqActualFourPortInvariance
info: src/NanuqActualFourPortInvariance.lean:109:0: 'Nanuq.Source.RootedBinary.Switching.actual_four_port_resolve_invariant' depends on axioms: [propext,
 Classical.choice,
 Quot.sound]
info: src/NanuqActualFourPortInvariance.lean:110:0: 'Nanuq.Source.RootedBinary.actual_four_port_distinct_quartet_set_and_mean' depends on axioms: [propext,
 Classical.choice,
 Quot.sound]
✖ [986/986] Building NanuqActualBlobInternalPaths (1.1s)
trace: .> LEAN_PATH=pinned-environment/mathlib4/.lake/packages/Cli/.lake/build/lib/lean:pinned-environment/mathlib4/.lake/packages/batteries/.lake/build/lib/lean:pinned-environment/mathlib4/.lake/packages/Qq/.lake/build/lib/lean:pinned-environment/mathlib4/.lake/packages/aesop/.lake/build/lib/lean:pinned-environment/mathlib4/.lake/packages/proofwidgets/.lake/build/lib/lean:pinned-environment/mathlib4/.lake/packages/importGraph/.lake/build/lib/lean:pinned-environment/mathlib4/.lake/packages/LeanSearchClient/.lake/build/lib/lean:pinned-environment/mathlib4/.lake/packages/plausible/.lake/build/lib/lean:pinned-environment/mathlib4/.lake/build/lib/lean:package/.lake/build/lib/lean pinned-environment/toolchain/lean-4.33.1-linux/bin/lean -j1 -M4096 package/src/NanuqActualBlobInternalPaths.lean -o package/.lake/build/lib/lean/NanuqActualBlobInternalPaths.olean -i package/.lake/build/lib/lean/NanuqActualBlobInternalPaths.ilean -c package/.lake/build/ir/NanuqActualBlobInternalPaths.c --setup package/.lake/build/ir/NanuqActualBlobInternalPaths.setup.json --json
error: src/NanuqActualBlobInternalPaths.lean:19:30: Application type mismatch: The argument
  Eq.symm heq
has type
  N.graph.blobOf N.root = b
but is expected to have type
  b = N.graph.blobOf N.root
in the application
  hroot (Eq.symm heq)
error: src/NanuqActualBlobInternalPaths.lean:43:6: Type mismatch
  Relation.ReflTransGen.mono (fun x x_1 hh => dstep_original S hh) ?m.159
has type
  Relation.ReflTransGen (fun x x_1 => S.graph.DStep (?m.157 x x_1) (?m.158 x x_1)) ?m.159 ≤
    Relation.ReflTransGen (fun x x_1 => N.graph.DStep (?m.157 x x_1) (?m.158 x x_1)) ?m.159
but is expected to have type
  N.graph.DReach a v
error: src/NanuqActualBlobInternalPaths.lean:43:69: Application type mismatch: The argument
  hp
has type
  Relation.ReflTransGen S.graph.DStep a v
of sort `Prop` but is expected to have type
  ?m.139
of sort `Type ?u.87` in the application
  Relation.ReflTransGen.mono (fun x x_1 hh => dstep_original S hh) hp
info: src/NanuqActualBlobInternalPaths.lean:68:0: 'Nanuq.Source.RootedBinary.original_blob_entry_every_switching' depends on axioms: [propext,
 sorryAx,
 Classical.choice,
 Quot.sound]
info: src/NanuqActualBlobInternalPaths.lean:69:0: 'Nanuq.Source.RootedBinary.Switching.selected_original_blob_internal_connected' depends on axioms: [propext,
 sorryAx,
 Classical.choice,
 Quot.sound]
error: Lean exited with code 1
Some required targets logged failures:
- NanuqActualBlobInternalPaths
