ℹ [942/952] Replayed QuartetSemantics
info: providers/QuartetSemantics.lean:129:0: 'Nanuq.Quartet.displayed_comp_surjective' depends on axioms: [propext, Classical.choice, Quot.sound]
info: providers/QuartetSemantics.lean:130:0: 'Nanuq.Quartet.discrepancy_prod_fst' depends on axioms: [propext, Classical.choice, Quot.sound]
info: providers/QuartetSemantics.lean:131:0: 'Nanuq.Quartet.distinct_average_differs_from_switching_average' depends on axioms: [propext,
 Classical.choice,
 Quot.sound]
⚠ [951/952] Replayed QuartetComposition
warning: providers/QuartetComposition.lean:23:0: automatically included section variable(s) unused in theorem `Nanuq.Composition.sum_by_ports`:
  [DecidableEq X]
consider restructuring your `variable` declarations so that the variables are not in scope or explicitly omit them:
  omit [DecidableEq X] in theorem ...

Note: This linter can be disabled with `set_option linter.unusedSectionVars false`
warning: providers/QuartetComposition.lean:34:0: automatically included section variable(s) unused in theorem `Nanuq.Composition.portMass_pos_of_surjective`:
  [Fintype P]
  [DecidableEq X]
consider restructuring your `variable` declarations so that the variables are not in scope or explicitly omit them:
  omit [Fintype P] [DecidableEq X] in theorem ...

Note: This linter can be disabled with `set_option linter.unusedSectionVars false`
info: providers/QuartetComposition.lean:131:0: 'Nanuq.Composition.sum_pairs_by_ports' depends on axioms: [propext, Classical.choice, Quot.sound]
info: providers/QuartetComposition.lean:132:0: 'Nanuq.Composition.portMass_pos_of_surjective' depends on axioms: [propext, Classical.choice, Quot.sound]
info: providers/QuartetComposition.lean:133:0: 'Nanuq.Composition.source_composition_of_switching_and_localization' depends on axioms: [propext,
 Classical.choice,
 Quot.sound]
ℹ [952/952] Built QuartetCompositionDependent (1.2s)
info: providers/QuartetCompositionDependent.lean:60:0: 'Nanuq.Composition.error_localization_dependent_ports' depends on axioms: [propext, Classical.choice, Quot.sound]
info: providers/QuartetCompositionDependent.lean:61:0: 'Nanuq.Composition.source_composition_dependent_ports' depends on axioms: [propext, Classical.choice, Quot.sound]
Build completed successfully (952 jobs).
