
===== SourceNetwork | source SHA256 0e0a2a3ed6bdbbd7242980a6428ebf8ec0ec85d077d2ccf9cd8dfef4e1bd2eb7 | exit 0 =====
'Nanuq.Source.EdgeGraph.not_bridge_of_parallel' does not depend on any axioms
'Nanuq.Source.EdgeGraph.bridge_not_sameBlob' does not depend on any axioms
'Nanuq.Source.EdgeGraph.bridge_blob_ne' depends on axioms: [propext]
'Nanuq.Source.EdgeGraph.dreach_antisymm' depends on axioms: [propext, Classical.choice, Quot.sound]
'Nanuq.Source.RootedBinary.underlying_connected' depends on axioms: [propext, Classical.choice, Quot.sound]

===== GraphGalls | source SHA256 c86a2efdb01f4fdc7a0634bfc68d56498066e0d1dce8ff323f12130067818f14 | exit 0 =====
'Nanuq.Source.EdgeGraph.hybrid_has_partner' depends on axioms: [propext, Classical.choice, Quot.sound]
'Nanuq.Source.EdgeGraph.galled_hybrid_edge_not_bridge' depends on axioms: [propext, Classical.choice, Quot.sound]
'Nanuq.Source.EdgeGraph.galled_bridge_not_hybrid_target' depends on axioms: [propext, Classical.choice, Quot.sound]

===== GraphLeaves | source SHA256 9d7e0f1756768fe32d4b38514c36bd961a306fb21dcf6b7fb27f5e6285a5f49b | exit 0 =====
/workspace/shared/lean-formalization/source/research/nanuq-all-level-2026-09-29/source-development/formal-full/GraphLeaves.lean:52:2: warning: Try this: 
  haveI̵

The goal is a proposition, so `have` is preferred over `haveI`.
The difference between `have` and `haveI` is that `haveI` inlines the value.
But this is not relevant for proofs because of proof irrelevance.

Note: This linter can be disabled with `set_option linter.style.haveILetI false`
/workspace/shared/lean-formalization/source/research/nanuq-all-level-2026-09-29/source-development/formal-full/GraphLeaves.lean:53:2: warning: Try this: 
  haveI̵

The goal is a proposition, so `have` is preferred over `haveI`.
The difference between `have` and `haveI` is that `haveI` inlines the value.
But this is not relevant for proofs because of proof irrelevance.

Note: This linter can be disabled with `set_option linter.style.haveILetI false`
'Nanuq.Source.RootedBinary.every_vertex_reaches_leaf' depends on axioms: [propext, Classical.choice, Quot.sound]
'Nanuq.Source.RootedBinary.forward_closed_contains_leaf' depends on axioms: [propext, Classical.choice, Quot.sound]
'Nanuq.Source.RootedBinary.exists_leaf_avoiding_of_ne_root' depends on axioms: [propext, Classical.choice, Quot.sound]

===== GraphCuts | source SHA256 a877489ce00643ef1bf96b14d484453797891c718445ce157aa7a54beefce2e5 | exit 0 =====
'Nanuq.Source.EdgeGraph.edge_side_cover' depends on axioms: [propext, Classical.choice, Quot.sound]
'Nanuq.Source.EdgeGraph.bridge_sides_disjoint' does not depend on any axioms
'Nanuq.Source.RootedBinary.bridge_both_sides_contain_taxa' depends on axioms: [propext, Classical.choice, Quot.sound]

===== GraphPorts | source SHA256 3b32fa3c21ce78703e2367b3fe8d593219c4640fed17b16826729262f5047ce1 | exit 0 =====
'Nanuq.Source.RootedBinary.bridge_port_masses' depends on axioms: [propext, Classical.choice, Quot.sound]
'Nanuq.Source.RootedBinary.bridge_taxa_disjoint' depends on axioms: [propext, Classical.choice, Quot.sound]

===== GraphBlobs | source SHA256 aba6c7b87e9e4a0cd46c3637efc19cab4f2e564e7acd4c3eac265989239d4acb | exit 0 =====
'Nanuq.Source.EdgeGraph.quotient_reach_lifts_without' depends on axioms: [propext]
'Nanuq.Source.EdgeGraph.quotient_edge_is_bridge' depends on axioms: [propext]
'Nanuq.Source.RootedBinary.blob_quotient_is_tree' depends on axioms: [propext, Classical.choice, Quot.sound]

===== GraphSwitching | source SHA256 4e0cb71eb30fe5bdbfa531d8a26293ff468ab920abc5c270b536cf117107f502 | exit 0 =====
/workspace/shared/lean-formalization/source/research/nanuq-all-level-2026-09-29/source-development/formal-full/GraphSwitching.lean:135:2: warning: Try this: 
  haveI̵

The goal is a proposition, so `have` is preferred over `haveI`.
The difference between `have` and `haveI` is that `haveI` inlines the value.
But this is not relevant for proofs because of proof irrelevance.

Note: This linter can be disabled with `set_option linter.style.haveILetI false`
/workspace/shared/lean-formalization/source/research/nanuq-all-level-2026-09-29/source-development/formal-full/GraphSwitching.lean:136:2: warning: Try this: 
  haveI̵

The goal is a proposition, so `have` is preferred over `haveI`.
The difference between `have` and `haveI` is that `haveI` inlines the value.
But this is not relevant for proofs because of proof irrelevance.

Note: This linter can be disabled with `set_option linter.style.haveILetI false`
'Nanuq.Source.EdgeGraph.uniqueIncoming_all_bridges' does not depend on any axioms
'Nanuq.Source.RootedBinary.Switching.selected_rooted' depends on axioms: [propext, Classical.choice, Quot.sound]
'Nanuq.Source.RootedBinary.Switching.selected_is_tree' depends on axioms: [propext, Classical.choice, Quot.sound]

===== GraphSwitchingDegree | source SHA256 4c116a28c16063779b219d66a98cbdb8b78ce3644ae06f91f6460e420f0238ae | exit 0 =====
'Nanuq.Source.RootedBinary.Switching.selected_subcubic_tree' depends on axioms: [propext, Classical.choice, Quot.sound]

===== GraphSwitchingCuts | source SHA256 e04d2394fd833218202353eef91e04e65a69f00ce240de25a945326c0fb5ffe9 | exit 0 =====
'Nanuq.Source.RootedBinary.Switching.preserves_bridge_sides' depends on axioms: [propext, Classical.choice, Quot.sound]

===== GraphSwitchingExistence | source SHA256 85ecb01408dcc276ce20b8f137c87be65a1501d57f3bd8a564a09aed29fef715 | exit 0 =====
'Nanuq.Source.RootedBinary.switching_tree_exists' depends on axioms: [propext, Classical.choice, Quot.sound]

===== GraphSwitchingFinite | source SHA256 5c2dfc89591d0458cd603960a7bb3ef43265d9bf71143f1793dae92ddf04efe6 | exit 0 =====
'Nanuq.Source.RootedBinary.Switching.edgeCode_injective' depends on axioms: [propext, Classical.choice, Quot.sound]

===== GraphBridgeSplits | source SHA256 4ccf9c017dcbcccfcd967e5870e942318f9ef82758f6a9bbdeeb1a9e42e5d95d | exit 0 =====
'Nanuq.Source.EdgeGraph.bridge_splits_compatible' depends on axioms: [propext, Classical.choice, Quot.sound]

===== QuartetSemantics | source SHA256 dd403a92e23ccf13fcb3c68bd109b28bd64b64774bd5ed0db26c3c7ce9c2adc8 | exit 0 =====
'Nanuq.Quartet.displayed_comp_surjective' depends on axioms: [propext, Classical.choice, Quot.sound]
'Nanuq.Quartet.discrepancy_prod_fst' depends on axioms: [propext, Classical.choice, Quot.sound]
'Nanuq.Quartet.distinct_average_differs_from_switching_average' depends on axioms: [propext,
 Classical.choice,
 Quot.sound]

===== SourceQuartetRelation | source SHA256 defffabb0a8147a0c857889d3c6be386f79399b6c0e4b45b6aa22dff7794a91e | exit 0 =====
'Nanuq.Source.EdgeGraph.resolution_unique' depends on axioms: [propext, Classical.choice, Quot.sound]

===== GraphQuartetExistence | source SHA256 5a93a3465db35235c11c65dfd72c38042fd91056ee68bef165028fed5a110f91 | exit 0 =====
/workspace/shared/lean-formalization/source/research/nanuq-all-level-2026-09-29/source-development/formal-full/GraphQuartetExistence.lean:22:0: warning: automatically included section variable(s) unused in theorem `Nanuq.Source.EdgeGraph.target_side_iff_descendant`:
  [Fintype E]
  [DecidableEq V]
consider restructuring your `variable` declarations so that the variables are not in scope or explicitly omit them:
  omit [Fintype E] [DecidableEq V] in theorem ...

Note: This linter can be disabled with `set_option linter.unusedSectionVars false`
/workspace/shared/lean-formalization/source/research/nanuq-all-level-2026-09-29/source-development/formal-full/GraphQuartetExistence.lean:121:2: warning: Try this: 
  haveI̵

The goal is a proposition, so `have` is preferred over `haveI`.
The difference between `have` and `haveI` is that `haveI` inlines the value.
But this is not relevant for proofs because of proof irrelevance.

Note: This linter can be disabled with `set_option linter.style.haveILetI false`
/workspace/shared/lean-formalization/source/research/nanuq-all-level-2026-09-29/source-development/formal-full/GraphQuartetExistence.lean:122:2: warning: Try this: 
  haveI̵

The goal is a proposition, so `have` is preferred over `haveI`.
The difference between `have` and `haveI` is that `haveI` inlines the value.
But this is not relevant for proofs because of proof irrelevance.

Note: This linter can be disabled with `set_option linter.style.haveILetI false`
'Nanuq.Source.RootedBinary.Switching.quartet_two_two_edge' depends on axioms: [propext, Classical.choice, Quot.sound]

===== SourceResolve | source SHA256 943d2919ce475439e9e6a6574c1ae7fcc1174b039eed93374d45acf5d1116e81 | exit 0 =====
'Nanuq.Source.RootedBinary.Switching.resolve_spec' depends on axioms: [propext, Classical.choice, Quot.sound]
'Nanuq.Source.RootedBinary.rawQuartetMean_of_bridge' depends on axioms: [propext, Classical.choice, Quot.sound]

===== SourceFacts | source SHA256 d7a6cd918ae69d912e45be593ae605e88c0517ecea0451406dab62efd04c20b0 | exit 0 =====
'Nanuq.Source.RootedBinary.raw_graph_foundations' depends on axioms: [propext, Classical.choice, Quot.sound]
'Nanuq.Source.RootedBinary.raw_quartet_foundations' depends on axioms: [propext, Classical.choice, Quot.sound]
'Nanuq.Source.RootedBinary.rawQuartetMean_of_bridge' depends on axioms: [propext, Classical.choice, Quot.sound]

===== GraphBlobOrientation | source SHA256 e0a32840d7d988675ad8c7639ebf26034e049236a396cbc584620994ef44d7bc | exit 0 =====
'Nanuq.Source.RootedBinary.blob_arborescence' depends on axioms: [propext, Classical.choice, Quot.sound]

===== GraphBlobLeaves | source SHA256 c463aa804e4421b527774cb029b59001934b7c4d90a9af8c8341c1645109be8c | exit 0 =====
'Nanuq.Source.RootedBinary.blobLeaf' depends on axioms: [propext, Classical.choice, Quot.sound]
'Nanuq.Source.RootedBinary.blob_leaf_degrees' depends on axioms: [propext, Classical.choice, Quot.sound]

===== GraphTreePorts | source SHA256 4e421484975b1af5129204f58d4fa9bd497ebc7018588fcb3da44aa0f325812c | exit 0 =====
/workspace/shared/lean-formalization/source/research/nanuq-all-level-2026-09-29/source-development/formal-full/GraphTreePorts.lean:7:0: warning: automatically included section variable(s) unused in theorem `Nanuq.Source.EdgeGraph.comparable_ancestors`:
  [Fintype E]
  [DecidableEq V]
consider restructuring your `variable` declarations so that the variables are not in scope or explicitly omit them:
  omit [Fintype E] [DecidableEq V] in theorem ...

Note: This linter can be disabled with `set_option linter.unusedSectionVars false`
/workspace/shared/lean-formalization/source/research/nanuq-all-level-2026-09-29/source-development/formal-full/GraphTreePorts.lean:67:0: warning: automatically included section variable(s) unused in theorem `Nanuq.Source.EdgeGraph.rooted_connected`:
  [Fintype E]
  [DecidableEq V]
consider restructuring your `variable` declarations so that the variables are not in scope or explicitly omit them:
  omit [Fintype E] [DecidableEq V] in theorem ...

Note: This linter can be disabled with `set_option linter.unusedSectionVars false`
'Nanuq.Source.EdgeGraph.port_exists_unique' depends on axioms: [propext, Classical.choice, Quot.sound]

===== GraphBlobPorts | source SHA256 92b89310ab8ee5d1cfec3ca79ec70a5a0fce2142f2a4dcd13dfc7e494d09cae1 | exit 0 =====
'Nanuq.Source.RootedBinary.blobProjection_surjective' depends on axioms: [propext, Classical.choice, Quot.sound]
'Nanuq.Source.RootedBinary.actual_port_mass_positive' depends on axioms: [propext, Classical.choice, Quot.sound]

===== GraphPortConsequences | source SHA256 9533c42170e0e3d65b460b1dfe0b233e6b684f4e5f36ff469112f236a6ac0e8d | exit 0 =====

===== GraphBlobMedian | source SHA256 c79649f53ea303cf3c88164036e81cd42ea342dc879b2ec0c4677420849415e2 | exit 0 =====
/workspace/shared/lean-formalization/source/research/nanuq-all-level-2026-09-29/source-development/formal-full/GraphBlobMedian.lean:55:2: warning: Try this: 
  haveI̵

The goal is a proposition, so `have` is preferred over `haveI`.
The difference between `have` and `haveI` is that `haveI` inlines the value.
But this is not relevant for proofs because of proof irrelevance.

Note: This linter can be disabled with `set_option linter.style.haveILetI false`
/workspace/shared/lean-formalization/source/research/nanuq-all-level-2026-09-29/source-development/formal-full/GraphBlobMedian.lean:56:2: warning: Try this: 
  haveI̵

The goal is a proposition, so `have` is preferred over `haveI`.
The difference between `have` and `haveI` is that `haveI` inlines the value.
But this is not relevant for proofs because of proof irrelevance.

Note: This linter can be disabled with `set_option linter.style.haveILetI false`
'Nanuq.Source.RootedBinary.exists_three_port_blob' depends on axioms: [propext, Classical.choice, Quot.sound]

===== GraphPortTransport | source SHA256 baa475f11f10daaff0473bf7b4afeab4c6f1d04de1c2cdeea87711b2df9f3df0 | exit 0 =====
/workspace/shared/lean-formalization/source/research/nanuq-all-level-2026-09-29/source-development/formal-full/GraphPortTransport.lean:8:0: warning: automatically included section variable(s) unused in theorem `Nanuq.Source.EdgeGraph.crossing_bridge_endpoints_inc`:
  [Fintype E]
  [DecidableEq V]
consider restructuring your `variable` declarations so that the variables are not in scope or explicitly omit them:
  omit [Fintype E] [DecidableEq V] in theorem ...

Note: This linter can be disabled with `set_option linter.unusedSectionVars false`
'Nanuq.Source.EdgeGraph.ports_equal_across_bridge' depends on axioms: [propext, Classical.choice, Quot.sound]

===== GraphMedianUnique | source SHA256 b8b73307974fab464d92fbc9282455a308a96fc4ec44b1d63c4b42a35c707833 | exit 0 =====
'Nanuq.Source.RootedBinary.existsUnique_three_way_blob' depends on axioms: [propext, Classical.choice, Quot.sound]

===== GraphPortFibers | source SHA256 62e02501334af0bafd361f51f6eaceca0fdc739bd2a0cd37866b915ebe02a29a | exit 0 =====
'Nanuq.Source.RootedBinary.blobProjection_eq_iff_target_side' depends on axioms: [propext, Classical.choice, Quot.sound]
'Nanuq.Source.RootedBinary.blobProjection_eq_iff_source_side' depends on axioms: [propext, Classical.choice, Quot.sound]
'Nanuq.Source.RootedBinary.port_transport_between_blobs' depends on axioms: [propext, Classical.choice, Quot.sound]

===== SourceBlobFacts | source SHA256 75e163666a8d245bc72cd7b8f927b9dc76ca059afa350b372f846ef9343c2674 | exit 0 =====
'Nanuq.Source.RootedBinary.raw_blob_foundations' depends on axioms: [propext, Classical.choice, Quot.sound]
'Nanuq.Source.RootedBinary.port_transport_between_blobs' depends on axioms: [propext, Classical.choice, Quot.sound]

===== QuartetComposition | source SHA256 def8ed02bb839da2ea1badfc29f28da239a7d9b9cb82262d0f87676b6e470657 | exit 0 =====
/workspace/shared/lean-formalization/source/research/nanuq-all-level-2026-09-29/source-development/formal-full/QuartetComposition.lean:23:0: warning: automatically included section variable(s) unused in theorem `Nanuq.Composition.sum_by_ports`:
  [DecidableEq X]
consider restructuring your `variable` declarations so that the variables are not in scope or explicitly omit them:
  omit [DecidableEq X] in theorem ...

Note: This linter can be disabled with `set_option linter.unusedSectionVars false`
/workspace/shared/lean-formalization/source/research/nanuq-all-level-2026-09-29/source-development/formal-full/QuartetComposition.lean:34:0: warning: automatically included section variable(s) unused in theorem `Nanuq.Composition.portMass_pos_of_surjective`:
  [Fintype P]
  [DecidableEq X]
consider restructuring your `variable` declarations so that the variables are not in scope or explicitly omit them:
  omit [Fintype P] [DecidableEq X] in theorem ...

Note: This linter can be disabled with `set_option linter.unusedSectionVars false`
'Nanuq.Composition.sum_pairs_by_ports' depends on axioms: [propext, Classical.choice, Quot.sound]
'Nanuq.Composition.portMass_pos_of_surjective' depends on axioms: [propext, Classical.choice, Quot.sound]
'Nanuq.Composition.source_composition_of_switching_and_localization' depends on axioms: [propext,
 Classical.choice,
 Quot.sound]

===== QuartetCompositionDependent | source SHA256 df4d485f62ea51d9b848f0dca074011d6d1d6f34dfee0a16073166c125900109 | exit 0 =====
'Nanuq.Composition.error_localization_dependent_ports' depends on axioms: [propext, Classical.choice, Quot.sound]
'Nanuq.Composition.source_composition_dependent_ports' depends on axioms: [propext, Classical.choice, Quot.sound]

===== WeightedAnchor | source SHA256 9a2befb3bb6e72f714a562e3a1d7f220221b038550d5616ed7a7f9cfa754b5fc | exit 0 =====
/workspace/shared/lean-formalization/source/research/nanuq-all-level-2026-09-29/source-development/formal-full/WeightedAnchor.lean:48:5: warning: Variable name `hxy` is not explicitly referenced.

Hint: The binding can be removed (if unused) or named `_` (if used implicitly). Alternatively, prefix the name with `_` to silence this warning:
  [apply] _hxy

Note: This linter can be disabled with `set_option linter.unusedVariables false`
/workspace/shared/lean-formalization/source/research/nanuq-all-level-2026-09-29/source-development/formal-full/WeightedAnchor.lean:98:15: warning: This simp argument is unused:
  if_neg hpq

Hint: Omit it from the simp argument list.
  [apply] simp only [hpq, false_and]

Note: This linter can be disabled with `set_option linter.unusedSimpArgs false`
/workspace/shared/lean-formalization/source/research/nanuq-all-level-2026-09-29/source-development/formal-full/WeightedAnchor.lean:105:16: warning: This simp argument is unused:
  anchorMatrix

Hint: Omit it from the simp argument list.
  [apply] simp_all [outside]

Note: This linter can be disabled with `set_option linter.unusedSimpArgs false`
/workspace/shared/lean-formalization/source/research/nanuq-all-level-2026-09-29/source-development/formal-full/WeightedAnchor.lean:105:30: warning: This simp argument is unused:
  outside

Hint: Omit it from the simp argument list.
  [apply] simp_all [anchorMatrix]

Note: This linter can be disabled with `set_option linter.unusedSimpArgs false`
/workspace/shared/lean-formalization/source/research/nanuq-all-level-2026-09-29/source-development/formal-full/WeightedAnchor.lean:97:48: warning: Used `tac1 <;> tac2` where `(tac1; tac2)` would suffice

Note: This linter can be disabled with `set_option linter.unnecessarySeqFocus false`
'Nanuq.Weighted.weightedNanuq_eq_anchor_sum' depends on axioms: [propext, Classical.choice, Quot.sound]

===== WeightedCoefficients | source SHA256 02e55dc1461eb9c0e871d4b6b0d44a06a2e3bff9c8f66ce4b8c2307fa5213367 | exit 0 =====
'Nanuq.Weighted.circularAlpha_weightedNanuq' depends on axioms: [propext, Classical.choice, Quot.sound]
'Nanuq.Weighted.circularAlpha_weightedNanuq_nonneg' depends on axioms: [propext, Classical.choice, Quot.sound]
'Nanuq.Weighted.positive_masses_preserve_circular_support' depends on axioms: [propext, Classical.choice, Quot.sound]
'Nanuq.Weighted.positive_masses_preserve_circular_zeros' depends on axioms: [propext, Classical.choice, Quot.sound]

===== WeightedOrderedPairs | source SHA256 f2165484c9298363856b78c54ca266b6700d39ccd017b75f1747c968ef94dd96 | exit 0 =====
'Nanuq.Weighted.ordered_pair_sum_eq_twice_upperSum' depends on axioms: [propext, Classical.choice, Quot.sound]

===== WeightedSource | source SHA256 612a008463cbdefd8717d93a224998c5996c55f57fe91315609089fd2a152308 | exit 0 =====
'Nanuq.Weighted.weightedNanuq_unit_eq_source' depends on axioms: [propext, Classical.choice, Quot.sound]
'Nanuq.Weighted.positive_masses_source_support' depends on axioms: [propext, Classical.choice, Quot.sound]
'Nanuq.Weighted.positive_masses_source_zeros' depends on axioms: [propext, Classical.choice, Quot.sound]

===== SourceCompositionBridge | source SHA256 ebdd0ba9061ce820e2506a346e2e8e59b03e9b24c1b38620a60bc4b1c2af57a7 | exit 0 =====
'Nanuq.Composition.sourceDistance_eq_sourceNanuq' depends on axioms: [propext, Classical.choice, Quot.sound]
'Nanuq.Composition.localWeighted_eq_weightedNanuq' depends on axioms: [propext, Classical.choice, Quot.sound]

===== AnchorComposition | source SHA256 a591462b5d3dc6353d66d9e904bd94a56ce7eb8e6475808001fcdc2692a08434 | exit 0 =====
/workspace/shared/lean-formalization/source/research/nanuq-all-level-2026-09-29/source-development/formal-full/AnchorComposition.lean:59:0: warning: automatically included section variable(s) unused in theorem `Nanuq.Composition.weightedPortMass_unit`:
  [DecidableEq X]
  [Fintype P]
consider restructuring your `variable` declarations so that the variables are not in scope or explicitly omit them:
  omit [DecidableEq X] [Fintype P] in theorem ...

Note: This linter can be disabled with `set_option linter.unusedSectionVars false`
/workspace/shared/lean-formalization/source/research/nanuq-all-level-2026-09-29/source-development/formal-full/AnchorComposition.lean:64:0: warning: automatically included section variable(s) unused in theorem `Nanuq.Composition.sum_weighted_by_ports`:
  [DecidableEq X]
consider restructuring your `variable` declarations so that the variables are not in scope or explicitly omit them:
  omit [DecidableEq X] in theorem ...

Note: This linter can be disabled with `set_option linter.unusedSectionVars false`
'Nanuq.Composition.weightedNanuq_eq_ordered_anchor' depends on axioms: [propext, Classical.choice, Quot.sound]
'Nanuq.Composition.sum_weighted_pairs_by_ports' depends on axioms: [propext, Classical.choice, Quot.sound]
'Nanuq.Composition.weighted_composition_of_anchor_identity' depends on axioms: [propext, Classical.choice, Quot.sound]
'Nanuq.Composition.source_composition_of_anchor_identity' depends on axioms: [propext, Classical.choice, Quot.sound]

===== SplitReconstruction | source SHA256 b6bf038c3d49c5a56a1ada6c8f737e30b77a0593cd15505b12282da561d8ea0c | exit 0 =====
'Nanuq.Reconstruction.gapSplit_eq_separation' depends on axioms: [propext, Classical.choice, Quot.sound]
'Nanuq.Reconstruction.circular_reconstruction_ordered' depends on axioms: [propext, Classical.choice, Quot.sound]

===== CircularDecomposition | source SHA256 d2c8754b0dcec746ee5b22c0aee4f5ee841d193fd13a137e671a16a6d0d00e6c | exit 0 =====
'Nanuq.Reconstruction.circular_reconstruction' depends on axioms: [propext, Classical.choice, Quot.sound]
'Nanuq.Reconstruction.circular_decomposable_of_coefficients' depends on axioms: [propext, Classical.choice, Quot.sound]
'Nanuq.Reconstruction.pseudometric_of_coefficients' depends on axioms: [propext, Classical.choice, Quot.sound]

===== CircularBasis | source SHA256 3912f9f74330b4b9dc297a747d0f1ad7f0bea7861dfbb08e06effafcabbbc9a3 | exit 0 =====
/workspace/shared/lean-formalization/source/research/nanuq-all-level-2026-09-29/source-development/formal-full/CircularBasis.lean:34:27: warning: This simp argument is unused:
  true_and

Hint: Omit it from the simp argument list.
  [apply] simp_all only [and_true, not_true_eq_false]

Note: This linter can be disabled with `set_option linter.unusedSimpArgs false`
'Nanuq.Reconstruction.alpha_gapSplit' depends on axioms: [propext, Classical.choice, Quot.sound]
'Nanuq.Reconstruction.splitMixture_support' depends on axioms: [propext, Classical.choice, Quot.sound]
'Nanuq.Reconstruction.circular_decomposition_unique' depends on axioms: [propext, Classical.choice, Quot.sound]

===== CircularMixture | source SHA256 faab0bda82a14617662a17fe273833e7f74355c01118e820f50f7e9a7474f950 | exit 0 =====
'Nanuq.Reconstruction.indexedSplitMixture_alpha_nonneg' depends on axioms: [propext, Classical.choice, Quot.sound]
'Nanuq.Reconstruction.indexedSplitMixture_support' depends on axioms: [propext, Classical.choice, Quot.sound]
'Nanuq.Reconstruction.gapSplit_pullback' depends on axioms: [propext, Classical.choice, Quot.sound]

===== CircularComposition | source SHA256 dc17a25ac630a14b27d4b4702d29379f761e8980372cfd02c8063fe0ca419d59 | exit 0 =====
'Nanuq.Reconstruction.circular_decomposable_port_pullback' depends on axioms: [propext, Classical.choice, Quot.sound]
'Nanuq.Reconstruction.source_circular_of_anchor_composition' depends on axioms: [propext, Classical.choice, Quot.sound]

===== ThetaFinite | source SHA256 db376ff9cc79172e846396d74ef5592554e8992e307452033318d8696eb5c5a3 | exit 0 =====

===== ThetaFiniteSoundness | source SHA256 f2f7630faa5d2b9c9bf047a9f82f2209f391d1d85a4c0d074a67e79441b4fc92 | exit 0 =====
'Nanuq.Theta.mem_templates_of_bounds' depends on axioms: [propext, Quot.sound]
'Nanuq.Theta.alpha_nonneg_of_check' depends on axioms: [propext, Classical.choice, Quot.sound]
'Nanuq.Theta.templates_length' does not depend on any axioms

===== ThetaArmMetric | source SHA256 7c9ef862f95dc589d5b5a417c45f48c3d92a92dbbbf7ed7c8f0179906021a108 | exit 0 =====
'Nanuq.Theta.hDistance_pair_cut' depends on axioms: [propext, Classical.choice, Quot.sound]

===== ThetaQuartetValidity | source SHA256 16cc7333fc829e3dc35824a10392342bada5b89ce91b6d69ab86d7341608c419 | exit 0 =====
/workspace/shared/lean-formalization/source/research/nanuq-all-level-2026-09-29/source-development/formal-full/ThetaQuartetValidity.lean:40:54: warning: This simp argument is unused:
  Nat.add_comm

Hint: Omit it from the simp argument list.
  [apply] simp only [quartet_resolves_iff, treeDistance_comm]

Note: This linter can be disabled with `set_option linter.unusedSimpArgs false`
/workspace/shared/lean-formalization/source/research/nanuq-all-level-2026-09-29/source-development/formal-full/ThetaQuartetValidity.lean:45:54: warning: This simp argument is unused:
  Nat.add_comm

Hint: Omit it from the simp argument list.
  [apply] simp only [quartet_resolves_iff, treeDistance_comm]

Note: This linter can be disabled with `set_option linter.unusedSimpArgs false`
'Nanuq.Theta.resolves_of_check' depends on axioms: [propext, Classical.choice, Quot.sound]

===== AnchorThetaBridge | source SHA256 9c8510c75962cc79fc7615c07211f84415e07dd9cbeee6b391a47de7ffdf4922 | exit 0 =====
/workspace/shared/lean-formalization/source/research/nanuq-all-level-2026-09-29/source-development/formal-full/AnchorThetaBridge.lean:32:12: warning: This simp argument is unused:
  har

Hint: Omit it from the simp argument list.
  [apply] simp [ha, Leaf.arm.injEq, or_imp, forall_and, forall_exists_index, and_imp]

Note: This linter can be disabled with `set_option linter.unusedSimpArgs false`
/workspace/shared/lean-formalization/source/research/nanuq-all-level-2026-09-29/source-development/formal-full/AnchorThetaBridge.lean:65:32: warning: Used `tac1 <;> tac2` where `(tac1; tac2)` would suffice

Note: This linter can be disabled with `set_option linter.unnecessarySeqFocus false`
'Nanuq.Theta.circular_nodup' depends on axioms: [propext, Classical.choice, Quot.sound]
'Nanuq.Theta.leafIndex_injective' depends on axioms: [propext, Classical.choice, Quot.sound]
'Nanuq.Theta.weighted_anchor_eq_anchor' depends on axioms: [propext, Classical.choice, Quot.sound]
'Nanuq.Theta.weighted_alpha_eq_alpha' depends on axioms: [propext, Classical.choice, Quot.sound]
'Nanuq.Theta.weighted_anchor_nonneg_of_check' depends on axioms: [propext, Classical.choice, Quot.sound]

===== AnchorCompression | source SHA256 d7fd721f78e747ed83a8c94eddd45247b8f749f1ca8e958b920f3e670dfd612a | exit 0 =====
/workspace/shared/lean-formalization/source/research/nanuq-all-level-2026-09-29/source-development/formal-full/AnchorCompression.lean:45:34: warning: This simp argument is unused:
  and_self

Hint: Omit it from the simp argument list.
  [apply] simp only [armTag, armPosition, true_and]

Note: This linter can be disabled with `set_option linter.unusedSimpArgs false`
/workspace/shared/lean-formalization/source/research/nanuq-all-level-2026-09-29/source-development/formal-full/AnchorCompression.lean:108:31: warning: This simp argument is unused:
  eq_comm

Hint: Omit it from the simp argument list.
  [apply] simp [armTag]

Note: This linter can be disabled with `set_option linter.unusedSimpArgs false`
'Nanuq.Theta.armRank_lt_iff' depends on axioms: [propext, Classical.choice, Quot.sound]
'Nanuq.Theta.armRank_lt_count' depends on axioms: [propext, Classical.choice, Quot.sound]
'Nanuq.Theta.compressed_sixWitnesses_total_le' depends on axioms: [propext, Classical.choice, Quot.sound]
'Nanuq.Theta.CyclicAdjacent.filter' depends on axioms: [propext]

===== AnchorCompressionOrder | source SHA256 590f4e2e9e0d3d0ed401edc121aace742689f91239d599495dc8708a95af7ffb | exit 0 =====
'Nanuq.Theta.armRank_eq_iff' depends on axioms: [propext, Classical.choice, Quot.sound]
'Nanuq.Theta.compressLeaf_mem_circular' depends on axioms: [propext, Classical.choice, Quot.sound]
'Nanuq.Theta.compressLeaf_injective_on' depends on axioms: [propext, Classical.choice, Quot.sound]
'Nanuq.Theta.retainedWitnesses_subset_circular' depends on axioms: [propext, Classical.choice, Quot.sound]

===== ThetaPathLengths | source SHA256 e891610537f2e4d578b65deb164e047cc218d270a196085e402c1ff710b58a6a | exit 0 =====
'Nanuq.Theta.treeDistance_eq_hDistance' depends on axioms: [propext, Classical.choice, Quot.sound]

===== ThetaBumpedMetric | source SHA256 7fc0c20e700f7dfffd6cca5f117f70f6be43315fcb944e97ff4f3f8fd4a71457 | exit 0 =====
/workspace/shared/lean-formalization/source/research/nanuq-all-level-2026-09-29/source-development/formal-full/ThetaBumpedMetric.lean:10:62: warning: This simp argument is unused:
  Nat.add_left_comm

Hint: Omit it from the simp argument list.
  [apply] simp [hDistance, hkr, Ne.symm hkr, eq_comm, Nat.add_comm, Nat.add_assoc]

Note: This linter can be disabled with `set_option linter.unusedSimpArgs false`
'Nanuq.Theta.metricPosition_distance' depends on axioms: [propext, Classical.choice, Quot.sound]

===== ThetaArmOrder | source SHA256 e7262c7ad92f427c278fe923cad928515d716a5bb747b5169cf9476324f63715 | exit 0 =====
'Nanuq.Theta.orderQuartet_invariant' depends on axioms: [propext]

===== ThetaQuartetOrder | source SHA256 07ca91915286248eccd839cc8a9e3f71e547db5aa9f12d963ac006c7167334d8 | exit 0 =====
'Nanuq.Theta.quartet_eq_orderQuartet' depends on axioms: [propext, Classical.choice, Quot.sound]

===== AnchorMetricOrder | source SHA256 541a2c3e2ea897f675b39bccff15d9ed3e71b11555a8b1291c359b28285ff0d4 | exit 0 =====
/workspace/shared/lean-formalization/source/research/nanuq-all-level-2026-09-29/source-development/formal-full/AnchorMetricOrder.lean:23:44: warning: This simp argument is unused:
  switchedArm

Hint: Omit it from the simp argument list.
  [apply] simp +decide at hsame

Note: This linter can be disabled with `set_option linter.unusedSimpArgs false`
/workspace/shared/lean-formalization/source/research/nanuq-all-level-2026-09-29/source-development/formal-full/AnchorMetricOrder.lean:36:44: warning: This simp argument is unused:
  switchedArm

Hint: Omit it from the simp argument list.
  [apply] simp +decide at hsame

Note: This linter can be disabled with `set_option linter.unusedSimpArgs false`
'Nanuq.Theta.metricPosition_lt_iff_compressed' depends on axioms: [propext, Classical.choice, Quot.sound]

===== ThetaCompression | source SHA256 71d55cdd4069f6c13ba4b490860f13b02231d70cf96fe5c5d2ebb6e4b13032b8 | exit 0 =====
'Nanuq.Theta.quartet_compression' depends on axioms: [propext, Classical.choice, Quot.sound]
'Nanuq.Theta.rho2_compression' depends on axioms: [propext, Classical.choice, Quot.sound]
'Nanuq.Theta.anchor_compression' depends on axioms: [propext, Classical.choice, Quot.sound]

===== AnchorCanonicalOrder | source SHA256 8236c2ec26bc533562a4396ae822c661a413610d85cfc996752033c4adfdd47d | exit 0 =====
'Nanuq.Theta.armRanks_eq_range' depends on axioms: [propext, Classical.choice, Quot.sound]
'Nanuq.Theta.selectedArm_rank_eq_range' depends on axioms: [propext, Classical.choice, Quot.sound]
'Nanuq.Theta.compressed_circular_eq' depends on axioms: [propext, Classical.choice, Quot.sound]
'Nanuq.Theta.compressed_retained_circular_eq' depends on axioms: [propext, Classical.choice, Quot.sound]

===== AnchorIndexTransport | source SHA256 33fa5a52a442bd69c61c2bb12cb7e0abf7f42572cec071c048ee391e6592519d | exit 0 =====
/workspace/shared/lean-formalization/source/research/nanuq-all-level-2026-09-29/source-development/formal-full/AnchorIndexTransport.lean:12:20: warning: try 'simp' instead of 'simpa'

Note: This linter can be disabled with `set_option linter.unnecessarySimpa false`
/workspace/shared/lean-formalization/source/research/nanuq-all-level-2026-09-29/source-development/formal-full/AnchorIndexTransport.lean:29:28: warning: This simp argument is unused:
  Bool.true_eq

Hint: Omit it from the simp argument list.
  [apply] simp only [List.getElem_eq_getD fallback, List.filter_append, List.filter_cons, hkeep, List.filter_nil,
    ↓reduceIte, List.length_append, List.length_cons, List.length_nil]

Note: This linter can be disabled with `set_option linter.unusedSimpArgs false`
/workspace/shared/lean-formalization/source/research/nanuq-all-level-2026-09-29/source-development/formal-full/AnchorIndexTransport.lean:58:58: warning: This simp argument is unused:
  Bool.true_eq

Hint: Omit it from the simp argument list.
  [apply] simp only [List.filter_append, List.filter_cons, hkeep, ↓reduceIte] at hf

Note: This linter can be disabled with `set_option linter.unusedSimpArgs false`
'Nanuq.Theta.leafIndex_compressedIndex' depends on axioms: [propext, Classical.choice, Quot.sound]
'Nanuq.Theta.compressedIndex_strictMono' depends on axioms: [propext, Classical.choice, Quot.sound]
'Nanuq.Theta.compressedIndex_cyclicNext' depends on axioms: [propext, Classical.choice, Quot.sound]
'Nanuq.Theta.alpha_preserved_under_compression' depends on axioms: [propext, Classical.choice, Quot.sound]

===== ThetaCertificate1 | source SHA256 ad95e06ac5646c4f6cca1ecb33aa29dba6d1bbb682737b43a54d0947b66f2d4d | exit 0 =====
Nanuq.Theta.checked_1_0_0_0 : checkTemplate { a1 := 1, b1 := 0, a2 := 0, b2 := 0 } = true
'Nanuq.Theta.checked_1_0_0_0' depends on axioms: [propext, Classical.choice, Quot.sound]

===== ThetaCertificate2 | source SHA256 c28935f2c1e57e813212cd3059efdf3855ab4ac029f066bb0d2e28b80d4a5aec | exit 0 =====
Nanuq.Theta.checked_2_0_0_0 : checkTemplate { a1 := 2, b1 := 0, a2 := 0, b2 := 0 } = true
'Nanuq.Theta.checked_2_0_0_0' depends on axioms: [propext, Classical.choice, Quot.sound]

===== ThetaCertificate3 | source SHA256 04bd754258baf568833bbc86b8617fa6c87b9e168b76e982199ca1dde2b0c862 | exit 0 =====
Nanuq.Theta.checked_0_3_0_0 : checkTemplate { a1 := 0, b1 := 3, a2 := 0, b2 := 0 } = true
Nanuq.Theta.checked_3_0_0_0 : checkTemplate { a1 := 3, b1 := 0, a2 := 0, b2 := 0 } = true
'Nanuq.Theta.checked_3_0_0_0' depends on axioms: [propext, Classical.choice, Quot.sound]

===== ThetaCertificate4 | source SHA256 1fbbe003af250bde7ca67d5838195da099ec3499655d76d3fda32b70c940cdc4 | exit 0 =====
Nanuq.Theta.checked_0_2_0_2 : checkTemplate { a1 := 0, b1 := 2, a2 := 0, b2 := 2 } = true
Nanuq.Theta.checked_1_1_0_2 : checkTemplate { a1 := 1, b1 := 1, a2 := 0, b2 := 2 } = true
Nanuq.Theta.checked_2_1_1_0 : checkTemplate { a1 := 2, b1 := 1, a2 := 1, b2 := 0 } = true
Nanuq.Theta.checked_4_0_0_0 : checkTemplate { a1 := 4, b1 := 0, a2 := 0, b2 := 0 } = true
'Nanuq.Theta.checked_4_0_0_0' depends on axioms: [propext, Classical.choice, Quot.sound]

===== ThetaCertificate5 | source SHA256 e541af41b215cf473e63d4e968fdc42b31fe74f6384387f66de61f1ebbd7fbab | exit 0 =====
Nanuq.Theta.checked_0_1_3_1 : checkTemplate { a1 := 0, b1 := 1, a2 := 3, b2 := 1 } = true
Nanuq.Theta.checked_0_4_1_0 : checkTemplate { a1 := 0, b1 := 4, a2 := 1, b2 := 0 } = true
Nanuq.Theta.checked_1_1_3_0 : checkTemplate { a1 := 1, b1 := 1, a2 := 3, b2 := 0 } = true
Nanuq.Theta.checked_2_0_3_0 : checkTemplate { a1 := 2, b1 := 0, a2 := 3, b2 := 0 } = true
Nanuq.Theta.checked_3_1_0_1 : checkTemplate { a1 := 3, b1 := 1, a2 := 0, b2 := 1 } = true
Nanuq.Theta.checked_5_0_0_0 : checkTemplate { a1 := 5, b1 := 0, a2 := 0, b2 := 0 } = true
'Nanuq.Theta.checked_5_0_0_0' depends on axioms: [propext, Classical.choice, Quot.sound]

===== ThetaSupport | source SHA256 f4f3bc90940b3cce3dd14e28e8cccd9ac070f29ee5144e08c45995ffb7f57a0a | exit 0 =====
'Nanuq.Theta.support_iff_of_check' depends on axioms: [propext, Classical.choice, Quot.sound]

===== ThetaSupportCertificate1 | source SHA256 2bf98276eca5c3cb9b74e38b5e6874dfe252a0e94aab28252cbc6625cf9f7c8e | exit 0 =====
Nanuq.Theta.support_checked_1_0_0_0 : checkSupport { a1 := 1, b1 := 0, a2 := 0, b2 := 0 } = true
'Nanuq.Theta.support_checked_1_0_0_0' depends on axioms: [propext, Classical.choice, Quot.sound]

===== ThetaSupportCertificate2 | source SHA256 a74a3f1b50115cb8d65384526f74a5eb191ffa4c220e1a85452c0a8ef0a1a09c | exit 0 =====
Nanuq.Theta.support_checked_2_0_0_0 : checkSupport { a1 := 2, b1 := 0, a2 := 0, b2 := 0 } = true
'Nanuq.Theta.support_checked_2_0_0_0' depends on axioms: [propext, Classical.choice, Quot.sound]

===== ThetaSemanticsBridge | source SHA256 66586550c7eb036fcfa4a3acd5bedb77f932a742a7efdc0686c2997300d827d7 | exit 0 =====
'Nanuq.Theta.four_resolution_average' depends on axioms: [propext, Classical.choice, Quot.sound]
'Nanuq.Theta.rho2_eq_sourceMean_of_resolves' depends on axioms: [propext, Classical.choice, Quot.sound]

===== ThetaSourceExact | source SHA256 098352bf2e44220881e40e80dff4024cb1b31e738d88bd890f72fa2118610b1a | exit 0 =====
'Nanuq.Theta.rho2_source_of_checked' depends on axioms: [propext, Classical.choice, Quot.sound]
'Nanuq.Theta.rhoFin_source_of_checked' depends on axioms: [propext, Classical.choice, Quot.sound]

===== WeightedProperties | source SHA256 81f3349d47d6293ac9e8fc3ffb9d4995bfd6cca3bb3cc5fb07766ef81ef8d8c4 | exit 0 =====
'Nanuq.Weighted.weightedNanuq_symmetric' depends on axioms: [propext, Classical.choice, Quot.sound]
'Nanuq.Weighted.sourceNanuq_pos_of_three_le' depends on axioms: [propext, Classical.choice, Quot.sound]

===== ThetaQuartetSymmetry | source SHA256 7babb04c4af8993ee4488293f73b01bdde7624079e2de8ff4d8c4f87227ba8a5 | exit 0 =====
'Nanuq.Theta.optionRho2_swapCross' depends on axioms: [propext, Classical.choice, Quot.sound]
'Nanuq.Theta.quartet_swap_first' depends on axioms: [propext, Classical.choice, Quot.sound]
'Nanuq.Theta.rhoFin_endpoint_symmetric' depends on axioms: [propext, Classical.choice, Quot.sound]

===== ThetaPathMembership | source SHA256 0006488cb7a9196258ad04d683dd5460dff6bf20be9e23844adc05a5e2dcd5d9 | exit 0 =====
'Nanuq.Theta.arm_mem_terminalPath' depends on axioms: [propext, Quot.sound]
'Nanuq.Theta.exists_switching_edge_of_path' depends on axioms: [propext, Classical.choice, Quot.sound]

===== AnchorLeafPosition | source SHA256 1e92d8fff790f36f6b2904999a2a3411f10339e4aac55d8b587c40b6425fe299 | exit 0 =====
/workspace/shared/lean-formalization/source/research/nanuq-all-level-2026-09-29/source-development/formal-full/AnchorLeafPosition.lean:93:31: warning: This simp argument is unused:
  Nat.add_zero

Hint: Omit it from the simp argument list.
  [apply] simp only [List.length_append, List.length_map, List.length_reverse, List.length_range,
    List.length_singleton] at hm

Note: This linter can be disabled with `set_option linter.unusedSimpArgs false`
'Nanuq.Theta.leafAt_leafPosition' depends on axioms: [propext, Classical.choice, Quot.sound]
'Nanuq.Theta.leafPosition_leafIndex' depends on axioms: [propext, Classical.choice, Quot.sound]

===== CircularThetaCuts | source SHA256 0f50f95d93815ce6563e72172cd09aee287147c345d17613001b1047a599d3d7 | exit 0 =====
/workspace/shared/lean-formalization/source/research/nanuq-all-level-2026-09-29/source-development/formal-full/CircularThetaCuts.lean:44:44: warning: This simp argument is unused:
  armCutComplement

Hint: Omit it from the simp argument list.
  [apply] simp +decide [armCutStart, armCutEnd, switchedArm, attachmentDepth, leafPosition, Counts.armLength,
    Counts.total] at hr ⊢

Note: This linter can be disabled with `set_option linter.unusedSimpArgs false`
/workspace/shared/lean-formalization/source/research/nanuq-all-level-2026-09-29/source-development/formal-full/CircularThetaCuts.lean:44:62: warning: This simp argument is unused:
  switchedArm

Hint: Omit it from the simp argument list.
  [apply] simp +decide [armCutStart, armCutEnd, armCutComplement, attachmentDepth, leafPosition, Counts.armLength,
    Counts.total] at hr ⊢

Note: This linter can be disabled with `set_option linter.unusedSimpArgs false`
/workspace/shared/lean-formalization/source/research/nanuq-all-level-2026-09-29/source-development/formal-full/CircularThetaCuts.lean:48:44: warning: This simp argument is unused:
  armCutComplement

Hint: Omit it from the simp argument list.
  [apply] simp +decide [armCutStart, armCutEnd, switchedArm, attachmentDepth, leafPosition, Counts.armLength,
    Counts.total] at hr ⊢

Note: This linter can be disabled with `set_option linter.unusedSimpArgs false`
/workspace/shared/lean-formalization/source/research/nanuq-all-level-2026-09-29/source-development/formal-full/CircularThetaCuts.lean:48:62: warning: This simp argument is unused:
  switchedArm

Hint: Omit it from the simp argument list.
  [apply] simp +decide [armCutStart, armCutEnd, armCutComplement, attachmentDepth, leafPosition, Counts.armLength,
    Counts.total] at hr ⊢

Note: This linter can be disabled with `set_option linter.unusedSimpArgs false`
/workspace/shared/lean-formalization/source/research/nanuq-all-level-2026-09-29/source-development/formal-full/CircularThetaCuts.lean:53:44: warning: This simp argument is unused:
  armCutComplement

Hint: Omit it from the simp argument list.
  [apply] simp +decide [armCutStart, armCutEnd, switchedArm, attachmentDepth, leafPosition, Counts.armLength,
    Counts.total] at hr hj ⊢

Note: This linter can be disabled with `set_option linter.unusedSimpArgs false`
/workspace/shared/lean-formalization/source/research/nanuq-all-level-2026-09-29/source-development/formal-full/CircularThetaCuts.lean:81:75: warning: this tactic is never executed

Note: This linter can be disabled with `set_option linter.unreachableTactic false`
/workspace/shared/lean-formalization/source/research/nanuq-all-level-2026-09-29/source-development/formal-full/CircularThetaCuts.lean:73:35: warning: Used `tac1 <;> tac2` where `(tac1; tac2)` would suffice

Note: This linter can be disabled with `set_option linter.unnecessarySeqFocus false`
/workspace/shared/lean-formalization/source/research/nanuq-all-level-2026-09-29/source-development/formal-full/CircularThetaCuts.lean:82:71: warning: Used `tac1 <;> tac2` where `(tac1; tac2)` would suffice

Note: This linter can be disabled with `set_option linter.unnecessarySeqFocus false`
/workspace/shared/lean-formalization/source/research/nanuq-all-level-2026-09-29/source-development/formal-full/CircularThetaCuts.lean:81:75: warning: Unused tactic linter: `omega` does nothing

Note: This linter can be disabled with `set_option linter.unusedTactic false`
/workspace/shared/lean-formalization/source/research/nanuq-all-level-2026-09-29/source-development/formal-full/CircularThetaCuts.lean:139:19: warning: try 'simp' instead of 'simpa'

Note: This linter can be disabled with `set_option linter.unnecessarySimpa false`
'Nanuq.Theta.arm_cut_interval' depends on axioms: [propext, Classical.choice, Quot.sound]
'Nanuq.Theta.terminalPath_cut_interval' depends on axioms: [propext, Classical.choice, Quot.sound]

===== CircularBoundary | source SHA256 b44dc680bce0b3c45685147bbcdc7ce30a0b69765b1f93387678de579ca03fde | exit 0 =====
'Nanuq.Reconstruction.crossed_gap_is_boundary' depends on axioms: [propext, Classical.choice, Quot.sound]
'Nanuq.Reconstruction.gapSplit_identified_by_boundaries' depends on axioms: [propext, Classical.choice, Quot.sound]

===== IntervalBoundary | source SHA256 fafb096133ada19c0c28a8807a42b41c27e8e87124b39d618f28b39b753daa24 | exit 0 =====
'Nanuq.Reconstruction.halfOpen_two_crossings' depends on axioms: [propext, Classical.choice, Quot.sound]
'Nanuq.Reconstruction.interval_predicate_two_crossings' depends on axioms: [propext, Classical.choice, Quot.sound]
'Nanuq.Reconstruction.interval_separation_identified' depends on axioms: [propext, Classical.choice, Quot.sound]

===== ThetaSwitchingEdges | source SHA256 0b6cef00c1212b6e9249f692bb5222d7fcf27543408a82d4295ef85be7e6dac0 | exit 0 =====
'Nanuq.Theta.switching_edge_child_spec' depends on axioms: [propext, Classical.choice, Quot.sound]
'Nanuq.Theta.exists_switching_edge_iff' depends on axioms: [propext, Classical.choice, Quot.sound]

===== ThetaDisplayedSemantics | source SHA256 2cbf127dbfaa27db70998f8b7cdefab1dab67b98bff6755c1659786bca705006 | exit 0 =====
'Nanuq.Theta.displayedSplit_iff' depends on axioms: [propext, Classical.choice, Quot.sound]

===== ThetaQuartetEdge | source SHA256 2b877fe339ff2ee1eb5fb774966e552d827a1e7479036f6f0c896806c7dd103f | exit 0 =====
/workspace/shared/lean-formalization/source/research/nanuq-all-level-2026-09-29/source-development/formal-full/ThetaQuartetEdge.lean:51:4: warning: Unused tactic linter: `change m - 1 < attachmentDepth t s a` does nothing

Note: This linter can be disabled with `set_option linter.unusedTactic false`
/workspace/shared/lean-formalization/source/research/nanuq-all-level-2026-09-29/source-development/formal-full/ThetaQuartetEdge.lean:56:4: warning: Unused tactic linter: `change m - 1 < attachmentDepth t s b` does nothing

Note: This linter can be disabled with `set_option linter.unusedTactic false`
'Nanuq.Theta.min_position_le_depths' depends on axioms: [propext, Classical.choice, Quot.sound]
'Nanuq.Theta.edge_of_hPairCut' depends on axioms: [propext, Classical.choice, Quot.sound]
'Nanuq.Theta.edge_of_quartet' depends on axioms: [propext, Classical.choice, Quot.sound]

===== ThetaEdgeQuartet | source SHA256 c8d40cd4317adc6e889e6049e252bf52d9e7411a14dbaf3cad7c7ee3eb0b10e2 | exit 0 =====
'Nanuq.Theta.hPairCut_of_path_partition' depends on axioms: [propext, Classical.choice, Quot.sound]
'Nanuq.Theta.quartet_iff_separating_edge' depends on axioms: [propext, Classical.choice, Quot.sound]

===== CircularThetaSupport | source SHA256 91678ec43060084f249de989a39947f0a755f4223811a64ac3b75add5b9dc600 | exit 0 =====
/workspace/shared/lean-formalization/source/research/nanuq-all-level-2026-09-29/source-development/formal-full/CircularThetaSupport.lean:28:44: warning: Variable name `hij` is not explicitly referenced.

Hint: The binding can be removed (if unused) or named `_` (if used implicitly). Alternatively, prefix the name with `_` to silence this warning:
  [apply] _hij

Note: This linter can be disabled with `set_option linter.unusedVariables false`
'Nanuq.Theta.pathRealizesGap_iff_boundary_partition' depends on axioms: [propext, Classical.choice, Quot.sound]
'Nanuq.Theta.displayedSplit_of_successor' depends on axioms: [propext, Classical.choice, Quot.sound]
'Nanuq.Theta.displayedSplit_iff_boundary_quartet' depends on axioms: [propext, Classical.choice, Quot.sound]

===== AnchorNondegenerate | source SHA256 4b7f6b6e8c969b878c76845870c7ce2f084681b28be7389648a3b64dc190e57a | exit 0 =====
'Nanuq.Theta.compressed_retained_total_pos' depends on axioms: [propext, Classical.choice, Quot.sound]

===== CircularSupportCompression | source SHA256 cc1346dc7a700ae30b4a1416a2dfdbb11667d2087db4840efa8dcc193cbfc884 | exit 0 =====
'Nanuq.Theta.displayedSplit_compression' depends on axioms: [propext, Classical.choice, Quot.sound]

===== ThetaCompressedSurjective | source SHA256 56b7fdc499a0fb4abd6e9072e13b6763bbc77b2e430a2390895782005903972f | exit 0 =====
'Nanuq.Theta.compressedIndex_surjective' depends on axioms: [propext, Classical.choice, Quot.sound]
'Nanuq.Theta.compressedIndex_lt_iff' depends on axioms: [propext, Classical.choice, Quot.sound]

===== ThetaWitnessSymmetry | source SHA256 49372490d3a08c572472512438deafcc722a4a2d3e9e2b3867b706f5ad8fccea | exit 0 =====
/workspace/shared/lean-formalization/source/research/nanuq-all-level-2026-09-29/source-development/formal-full/ThetaWitnessSymmetry.lean:10:45: warning: Used `tac1 <;> tac2` where `(tac1; tac2)` would suffice

Note: This linter can be disabled with `set_option linter.unnecessarySeqFocus false`
'Nanuq.Theta.rhoFin_witness_symmetric' depends on axioms: [propext, Classical.choice, Quot.sound]

===== CircularRestriction | source SHA256 9e6aab99cb17bfc5760d8153ebd25b10e5311c38f6eb613d4f9a395055e9fc64 | exit 0 =====
'Nanuq.Reconstruction.gapSplit_cyclic_four_nonneg' depends on axioms: [propext, Classical.choice, Quot.sound]
'Nanuq.Reconstruction.circular_decomposable_restriction' depends on axioms: [propext, Classical.choice, Quot.sound]

===== WeightedRestriction | source SHA256 8d6f03a74fa2957b84dd9aee9db603b1379528de61670fd4ae7b86a5e4175e9e | exit 0 =====
'Nanuq.Composition.weightedNanuq_restriction' depends on axioms: [propext, Classical.choice, Quot.sound]
'Nanuq.Composition.weighted_circular_restriction' depends on axioms: [propext, Classical.choice, Quot.sound]

===== SourceQuartetSymmetry | source SHA256 f2cc8ad0f73d2968a2560ab5b6bfd8fbce3895fe38b85d41a5ae3ac798365f27 | exit 0 =====
'Nanuq.Source.RootedBinary.rawQuartetMean_swap_first' depends on axioms: [propext, Classical.choice, Quot.sound]
'Nanuq.Source.RootedBinary.rawQuartetMean_swap_last' depends on axioms: [propext, Classical.choice, Quot.sound]

===== RawNanuq | source SHA256 b6561aa41b7cf6596db7ef006dcfc344b95e8a50a38021607f86642cf7aa144f | exit 0 =====
'Nanuq.Source.RootedBinary.rawRho_valid' depends on axioms: [propext, Classical.choice, Quot.sound]
'Nanuq.Source.RootedBinary.rawRho_witness_symmetric' depends on axioms: [propext, Classical.choice, Quot.sound]
'Nanuq.Source.RootedBinary.rawNanuq_symmetric' depends on axioms: [propext, Classical.choice, Quot.sound]
'Nanuq.Source.RootedBinary.rawNanuq_positive' depends on axioms: [propext, Classical.choice, Quot.sound]
'Nanuq.Source.RootedBinary.rawNanuq_ordered_formula' depends on axioms: [propext, Classical.choice, Quot.sound]

===== AllLevelParameterDomain | source SHA256 7dd4548f367db4ee5e3aa38e2bbf16d6e84a1fc629b67ec4a24622826b1a1541 | exit 0 =====
'Nanuq.AllLevelParameters.all_rows_iff_exact_domain' depends on axioms: [propext, Classical.choice, Quot.sound]
'Nanuq.AllLevelParameters.four_taxon_rows_iff_box' depends on axioms: [propext, Classical.choice, Quot.sound]
'Nanuq.AllLevelParameters.four_taxon_certificate_insufficient' depends on axioms: [propext,
 Classical.choice,
 Quot.sound]
'Nanuq.AllLevelParameters.four_taxon_certificate_misses_adjacent_lower_bound' depends on axioms: [propext,
 Classical.choice,
 Quot.sound]

===== AnchorAdjacency | source SHA256 a9185abc4c2ca4d55f62e1623c2579f468e98cc10bdd7cf544f1a31643723a4d | exit 0 =====
'Nanuq.Theta.cyclicAdjacent_getD_mod' depends on axioms: [propext, Classical.choice, Quot.sound]
'Nanuq.Theta.retained_i_boundary_adjacent' depends on axioms: [propext, Classical.choice, Quot.sound]
'Nanuq.Theta.retained_j_boundary_adjacent' depends on axioms: [propext, Classical.choice, Quot.sound]

===== AnchorPortPatterns | source SHA256 ed6ab49c2aeb031fe6e867f4ad3eb851674caa865e180513f21dac34aca2a290 | exit 0 =====
'Nanuq.PortPatterns.tripleCount_by_portCount' depends on axioms: [propext, Classical.choice, Quot.sound]
'Nanuq.PortPatterns.tripleCount_cases' depends on axioms: [propext, Classical.choice, Quot.sound]

===== AnchorPortCounts | source SHA256 dd543b01d416497e567a01868108b49be386cb38af29824bed179dacee6cf4be | exit 0 =====
/workspace/shared/lean-formalization/source/research/nanuq-all-level-2026-09-29/source-development/formal-full/AnchorPortCounts.lean:34:0: warning: automatically included section variable(s) unused in theorem `Nanuq.PortPatterns.sum_tripleCount_eq_port_counts`:
  [DecidableEq B]
consider restructuring your `variable` declarations so that the variables are not in scope or explicitly omit them:
  omit [DecidableEq B] in theorem ...

Note: This linter can be disabled with `set_option linter.unusedSectionVars false`
'Nanuq.PortPatterns.sum_tripleCount_of_unique' depends on axioms: [propext, Classical.choice, Quot.sound]
'Nanuq.PortPatterns.branching_port_counts_of_unique' depends on axioms: [propext, Classical.choice, Quot.sound]

===== AnchorPortFibers | source SHA256 e813bf7735df25875e2915cdebb63eb5aacfd2417a5cec7723a12bf11c619396 | exit 0 =====
'Nanuq.PortPatterns.portCount_le_card_add_one' depends on axioms: [propext, Classical.choice, Quot.sound]
'Nanuq.PortPatterns.bridge_fiber_card_two' depends on axioms: [propext, Classical.choice, Quot.sound]

===== AnchorPortValues | source SHA256 d09e14813afd59a7b2cb216a7ddab52c44ed755d0432e9d3f2e5a5b155b4c71a | exit 0 =====
'Nanuq.PortPatterns.orderedAnchor_by_ports' depends on axioms: [propext, Classical.choice, Quot.sound]
'Nanuq.PortPatterns.orderedAnchor_zero_of_two_ports' depends on axioms: [propext, Classical.choice, Quot.sound]

===== GraphQuartetBridge | source SHA256 36b000eb4b184564e9c7f366988d7b9bd4962316f301315bb459e2a0520a80f7 | exit 0 =====
'Nanuq.Source.RootedBinary.two_branching_blobs_bridge' depends on axioms: [propext, Classical.choice, Quot.sound]
'Nanuq.Source.RootedBinary.two_branching_blobs_force_resolution' depends on axioms: [propext,
 Classical.choice,
 Quot.sound]

===== GraphSwitchingChoices | source SHA256 cadf882d6997f5b1294b521d852caf126f5aa3c281a14bb63d2124dfe2615024 | exit 0 =====
'Nanuq.Source.RootedBinary.switchingSplitChoicesEquiv' depends on axioms: [propext, Classical.choice, Quot.sound]
'Nanuq.Source.RootedBinary.switchingChoicesEquiv' depends on axioms: [propext, Classical.choice, Quot.sound]
'Nanuq.Source.RootedBinary.restrictSwitchingChoices_surjective' depends on axioms: [propext,
 Classical.choice,
 Quot.sound]
'Nanuq.Source.RootedBinary.extended_switching_keep_on' depends on axioms: [propext, Classical.choice, Quot.sound]
'Nanuq.Source.RootedBinary.extended_switching_keep_off' depends on axioms: [propext, Classical.choice, Quot.sound]

===== TreePathCounting | source SHA256 db0e3a52c0628a8a46031735dacaaae8d2965fd4a18c8f184f0cfeabc8773a95 | exit 0 =====
'Nanuq.TreePath.weighted_path_identity' depends on axioms: [propext, Classical.choice, Quot.sound]
'Nanuq.TreePath.vertex_endpoint_contributions' depends on axioms: [propext, Classical.choice, Quot.sound]
'Nanuq.TreePath.unit_source_path_identity' depends on axioms: [propext, Classical.choice, Quot.sound]

===== TwoSwitchings | source SHA256 f203c7385097954f5b2d0e8cabaa339f00cf03d0efcf05ec8e1ea50e51a0136a | exit 0 =====
'Nanuq.Quartet.sourceMean_bool_eq_switchingMean' depends on axioms: [propext, Classical.choice, Quot.sound]
'Nanuq.Quartet.bool_discrepancy_zero' depends on axioms: [propext, Classical.choice, Quot.sound]

===== WeightedSmallPorts | source SHA256 d88f3f34b37ed767042ddd4173c7611d9ef6f1888e6956c8657939ef7949bb03 | exit 0 =====
'Nanuq.Weighted.weightedNanuq_two_zero' depends on axioms: [propext, Classical.choice, Quot.sound]
'Nanuq.Weighted.weightedNanuq_three_star' depends on axioms: [propext, Classical.choice, Quot.sound]
'Nanuq.Weighted.threePortLength_pos' depends on axioms: [propext, Classical.choice, Quot.sound]
