GProgram.G6.BridgeEntry.bridge_incoming_unique.{u_1, u_2} {V : Type u_1} {E : Type u_2} (G : Nanuq.Source.EdgeGraph V E)
  (root : V) (ha : G.Acyclic) (hr : ∀ (v : V), G.DReach root v) {e : E} (he : G.IsBridge e) {f : E}
  (hf : G.target f = G.target e) : f = e
GProgram.G6.BridgeEntry.bridge_target_indegree_one.{u_1, u_2} {V : Type u_1} {E : Type u_2}
  (G : Nanuq.Source.EdgeGraph V E) (root : V) [Fintype E] [DecidableEq V] (ha : G.Acyclic)
  (hr : ∀ (v : V), G.DReach root v) {e : E} (he : G.IsBridge e) : G.inDegree (G.target e) = 1
GProgram.G6.BridgeEntry.two_incoming_occurrences_not_bridge.{u_1, u_2} {V : Type u_1} {E : Type u_2}
  (G : Nanuq.Source.EdgeGraph V E) (root : V) (ha : G.Acyclic) (hr : ∀ (v : V), G.DReach root v) {e f : E} (hne : f ≠ e)
  (hf : G.target f = G.target e) : ¬G.IsBridge e
GProgram.G6.BridgeEntry.bridge_targets_injective.{u_1, u_2} {V : Type u_1} {E : Type u_2}
  (G : Nanuq.Source.EdgeGraph V E) (root : V) (ha : G.Acyclic) (hr : ∀ (v : V), G.DReach root v) :
  Function.Injective fun e => G.target ↑e
GProgram.G6.BridgeEntry.original_bridge_target_not_hybrid.{u_1, u_2, u_3} {V : Type u_1} {E : Type u_2} {X : Type u_3}
  [Fintype V] [Fintype E] [Fintype X] [DecidableEq V] (N : Nanuq.Source.RootedBinary V E X) {e : E}
  (he : N.graph.IsBridge e) : ¬N.graph.IsHybrid (N.graph.target e)
GProgram.G6.BridgeEntry.original_hybrid_parents_nonbridge.{u_1, u_2, u_3} {V : Type u_1} {E : Type u_2} {X : Type u_3}
  [Fintype V] [Fintype E] [Fintype X] [DecidableEq V] {N : Nanuq.Source.RootedBinary V E X}
  (H : GProgram.G2.OriginalHybridParents N) : ¬N.graph.IsBridge H.parent0 ∧ ¬N.graph.IsBridge H.parent1
'GProgram.G6.BridgeEntry.bridge_targets_injective' depends on axioms: [propext, Classical.choice, Quot.sound]
'GProgram.G6.BridgeEntry.original_hybrid_parents_nonbridge' depends on axioms: [propext, Classical.choice, Quot.sound]
