G1CutChildPorts.lean:42:0: warning: automatically included section variable(s) unused in theorem `G1CutChildPorts.actual_hybrid_parent_nonbridge`:
  [DecidableEq E]
consider restructuring your `variable` declarations so that the variables are not in scope or explicitly omit them:
  omit [DecidableEq E] in theorem ...

Note: This linter can be disabled with `set_option linter.unusedSectionVars false`
G1CutChildPorts.lean:52:0: warning: automatically included section variable(s) unused in theorem `G1CutChildPorts.actual_in_out_ports_disjoint`:
  [DecidableEq E]
consider restructuring your `variable` declarations so that the variables are not in scope or explicitly omit them:
  omit [DecidableEq E] in theorem ...

Note: This linter can be disabled with `set_option linter.unusedSectionVars false`
G1CutChildPorts.lean:66:0: warning: automatically included section variable(s) unused in theorem `G1CutChildPorts.actual_nonroot_incoming_port_one`:
  [DecidableEq E]
consider restructuring your `variable` declarations so that the variables are not in scope or explicitly omit them:
  omit [DecidableEq E] in theorem ...

Note: This linter can be disabled with `set_option linter.unusedSectionVars false`
G1CutChildPorts.lean:78:0: warning: automatically included section variable(s) unused in theorem `G1CutChildPorts.hybrid_child_exists_unique`:
  [DecidableEq E]
consider restructuring your `variable` declarations so that the variables are not in scope or explicitly omit them:
  omit [DecidableEq E] in theorem ...

Note: This linter can be disabled with `set_option linter.unusedSectionVars false`
