{
  "all_cells_meet_requested_mesh": false,
  "all_nine_coordinates": [
    "h",
    "u",
    "v",
    "rA",
    "rB",
    "rC",
    "rAB",
    "rR",
    "g"
  ],
  "cell_mesh_sup_width": "1/64",
  "conditional_coverage": "Contains every x in the authenticated original box whose330 true feature means satisfy all supplied intervals. A probability guarantee requires separate source/data/interval admission.",
  "details": {
    "checkpoint_sha256": "64ee4a3b4040d7b1347ff8ebccc4075f8b7482ec205664388c6d4655d183164b",
    "evaluations_started": 8,
    "exclusion_witnesses_recomputed": 0,
    "inflight_cell_included": false,
    "inherited_exclusions": false,
    "original_request_authenticated": true,
    "split_count": 8
  },
  "diameter_is_only_geometric": true,
  "mode": "normal_validated",
  "model": "fixed-six-copy-clock-jc-330-v1",
  "parameter_accuracy_released": false,
  "quantity": "shifted_bernoulli_character_mean",
  "ranked_histories": null,
  "recommended_history": null,
  "request_sha256": "1ed2347a5ebf04112905f48e3cf44c54b6eb15fa66e6013869eaf54534a1aa26",
  "retained_cover": [
    {
      "box": {
        "g": [
          "509/1536",
          "515/1536"
        ],
        "h": [
          "31/512",
          "33/512"
        ],
        "rA": [
          "255/128",
          "511/256"
        ],
        "rAB": [
          "255/128",
          "2"
        ],
        "rB": [
          "255/128",
          "511/256"
        ],
        "rC": [
          "255/128",
          "511/256"
        ],
        "rR": [
          "255/128",
          "2"
        ],
        "u": [
          "31/512",
          "33/512"
        ],
        "v": [
          "31/512",
          "33/512"
        ]
      },
      "id": "r00000000",
      "status": "pending"
    },
    {
      "box": {
        "g": [
          "509/1536",
          "515/1536"
        ],
        "h": [
          "31/512",
          "33/512"
        ],
        "rA": [
          "255/128",
          "511/256"
        ],
        "rAB": [
          "255/128",
          "2"
        ],
        "rB": [
          "255/128",
          "511/256"
        ],
        "rC": [
          "511/256",
          "2"
        ],
        "rR": [
          "255/128",
          "2"
        ],
        "u": [
          "31/512",
          "33/512"
        ],
        "v": [
          "31/512",
          "33/512"
        ]
      },
      "id": "r00000001",
      "status": "pending"
    },
    {
      "box": {
        "g": [
          "509/1536",
          "515/1536"
        ],
        "h": [
          "31/512",
          "33/512"
        ],
        "rA": [
          "255/128",
          "511/256"
        ],
        "rAB": [
          "255/128",
          "2"
        ],
        "rB": [
          "511/256",
          "2"
        ],
        "rC": [
          "255/128",
          "2"
        ],
        "rR": [
          "255/128",
          "2"
        ],
        "u": [
          "31/512",
          "33/512"
        ],
        "v": [
          "31/512",
          "33/512"
        ]
      },
      "id": "r0000001",
      "status": "pending"
    },
    {
      "box": {
        "g": [
          "509/1536",
          "515/1536"
        ],
        "h": [
          "31/512",
          "33/512"
        ],
        "rA": [
          "511/256",
          "2"
        ],
        "rAB": [
          "255/128",
          "2"
        ],
        "rB": [
          "255/128",
          "2"
        ],
        "rC": [
          "255/128",
          "2"
        ],
        "rR": [
          "255/128",
          "2"
        ],
        "u": [
          "31/512",
          "33/512"
        ],
        "v": [
          "31/512",
          "33/512"
        ]
      },
      "id": "r000001",
      "status": "pending"
    },
    {
      "box": {
        "g": [
          "509/1536",
          "515/1536"
        ],
        "h": [
          "31/512",
          "33/512"
        ],
        "rA": [
          "255/128",
          "2"
        ],
        "rAB": [
          "255/128",
          "2"
        ],
        "rB": [
          "255/128",
          "2"
        ],
        "rC": [
          "255/128",
          "2"
        ],
        "rR": [
          "2",
          "257/128"
        ],
        "u": [
          "31/512",
          "33/512"
        ],
        "v": [
          "31/512",
          "33/512"
        ]
      },
      "id": "r00001",
      "status": "pending"
    },
    {
      "box": {
        "g": [
          "509/1536",
          "515/1536"
        ],
        "h": [
          "31/512",
          "33/512"
        ],
        "rA": [
          "255/128",
          "2"
        ],
        "rAB": [
          "2",
          "257/128"
        ],
        "rB": [
          "255/128",
          "2"
        ],
        "rC": [
          "255/128",
          "2"
        ],
        "rR": [
          "255/128",
          "257/128"
        ],
        "u": [
          "31/512",
          "33/512"
        ],
        "v": [
          "31/512",
          "33/512"
        ]
      },
      "id": "r0001",
      "status": "pending"
    },
    {
      "box": {
        "g": [
          "509/1536",
          "515/1536"
        ],
        "h": [
          "31/512",
          "33/512"
        ],
        "rA": [
          "255/128",
          "2"
        ],
        "rAB": [
          "255/128",
          "257/128"
        ],
        "rB": [
          "255/128",
          "2"
        ],
        "rC": [
          "2",
          "257/128"
        ],
        "rR": [
          "255/128",
          "257/128"
        ],
        "u": [
          "31/512",
          "33/512"
        ],
        "v": [
          "31/512",
          "33/512"
        ]
      },
      "id": "r001",
      "status": "pending"
    },
    {
      "box": {
        "g": [
          "509/1536",
          "515/1536"
        ],
        "h": [
          "31/512",
          "33/512"
        ],
        "rA": [
          "255/128",
          "2"
        ],
        "rAB": [
          "255/128",
          "257/128"
        ],
        "rB": [
          "2",
          "257/128"
        ],
        "rC": [
          "255/128",
          "257/128"
        ],
        "rR": [
          "255/128",
          "257/128"
        ],
        "u": [
          "31/512",
          "33/512"
        ],
        "v": [
          "31/512",
          "33/512"
        ]
      },
      "id": "r01",
      "status": "pending"
    },
    {
      "box": {
        "g": [
          "509/1536",
          "515/1536"
        ],
        "h": [
          "31/512",
          "33/512"
        ],
        "rA": [
          "2",
          "257/128"
        ],
        "rAB": [
          "255/128",
          "257/128"
        ],
        "rB": [
          "255/128",
          "257/128"
        ],
        "rC": [
          "255/128",
          "257/128"
        ],
        "rR": [
          "255/128",
          "257/128"
        ],
        "u": [
          "31/512",
          "33/512"
        ],
        "v": [
          "31/512",
          "33/512"
        ]
      },
      "id": "r1",
      "status": "pending"
    }
  ],
  "schema": "bounded-msci-outer-cover-v1",
  "statistical_coverage_verified": false,
  "status": "UNKNOWN_OUTER_COVER",
  "union_sup_diameter": "1/64"
}
