{
  "all_cells_meet_requested_mesh": true,
  "all_nine_coordinates": [
    "h",
    "u",
    "v",
    "rA",
    "rB",
    "rC",
    "rAB",
    "rR",
    "g"
  ],
  "cell_mesh_sup_width": "0",
  "conditional_coverage": "Contains every x in the authenticated original box whose330 true feature means satisfy all supplied intervals. A probability guarantee requires separate source/data/interval admission.",
  "details": {
    "checkpoint_sha256": "d82a9315f1c710b0c97735ab0cca8de5486629e38e435b63b2894fba3b58d2f2",
    "evaluations_started": 1,
    "exclusion_witnesses_recomputed": 1,
    "inflight_cell_included": false,
    "inherited_exclusions": true,
    "original_request_authenticated": true,
    "split_count": 0
  },
  "diameter_is_only_geometric": true,
  "mode": "normal_validated",
  "model": "fixed-six-copy-clock-jc-330-v1",
  "parameter_accuracy_released": false,
  "quantity": "shifted_bernoulli_character_mean",
  "ranked_histories": null,
  "recommended_history": null,
  "request_sha256": "3832cafe55640ca6307eed49d4674e69eea96315eac6bf24df34aff331cc79f3",
  "retained_cover": [],
  "schema": "bounded-msci-outer-cover-v1",
  "statistical_coverage_verified": false,
  "status": "EMPTY_COMPATIBLE_SET",
  "union_sup_diameter": null
}
