G5ActualSingletonCalendarObservation.lean:130:0: warning: automatically included section variable(s) unused in theorem `GProgram.G5.Sharpness.every_canonical_singleton_recorder_is_exact`:
  [DecidableEq E]
consider restructuring your `variable` declarations so that the variables are not in scope or explicitly omit them:
  omit [DecidableEq E] in theorem ...

Note: This linter can be disabled with `set_option linter.unusedSectionVars false`
'GProgram.G5.Sharpness.singleton_source_has_no_legal_merge' depends on axioms: [propext, Classical.choice, Quot.sound]
'GProgram.G5.Sharpness.singleton_source_clock_catalogue_empty' depends on axioms: [propext,
 Classical.choice,
 Quot.sound]
'GProgram.G5.Sharpness.actual_singleton_genealogy' depends on axioms: [propext, Classical.choice, Quot.sound]
'GProgram.G5.Sharpness.canonical_singleton_calendar_genealogy_complete' depends on axioms: [propext,
 Classical.choice,
 Quot.sound]
'GProgram.G5.Sharpness.every_canonical_singleton_recorder_is_exact' depends on axioms: [propext,
 Classical.choice,
 Quot.sound]
'GProgram.G5.Sharpness.canonical_singleton_calendar_observation_binding' depends on axioms: [propext,
 Classical.choice,
 Quot.sound]
'GProgram.G5.Sharpness.actual_singleton_calendar_law' depends on axioms: [propext, Classical.choice, Quot.sound]
'GProgram.G5.Sharpness.actual_empty_calendar_law' depends on axioms: [propext, Classical.choice, Quot.sound]
