'UnifiedLean.G6.UpperRateSourceCommon.rateRatio_nonnegative' depends on axioms: [propext, Classical.choice, Quot.sound]
'UnifiedLean.G6.UpperRateSourceCommon.rateRatio_le_one' depends on axioms: [propext, Classical.choice, Quot.sound]
'UnifiedLean.G6.UpperRateSourceCommon.rateRatioENN_le_one' depends on axioms: [propext, Classical.choice, Quot.sound]
'UnifiedLean.G6.UpperRateSourceCommon.prefixCount_eq_zero_of_gt' depends on axioms: [propext,
 Classical.choice,
 Quot.sound]
'UnifiedLean.G6.UpperRateSourceCommon.upperCount_mass_domination' depends on axioms: [propext,
 Classical.choice,
 Quot.sound]
'UnifiedLean.G6.UpperRateSourceCommon.upperRateResidualSource' depends on axioms: [propext,
 Classical.choice,
 Quot.sound]
'UnifiedLean.G6.UpperRateSourceCommon.upper_rate_prefix_domination' depends on axioms: [propext,
 Classical.choice,
 Quot.sound]
'UnifiedLean.G6.UpperRateSourceCommon.numerical_interval_common_domination' depends on axioms: [propext,
 Classical.choice,
 Quot.sound]
'UnifiedLean.G6.UpperRateSourceCommon.actual_interval_common_domination' depends on axioms: [propext,
 Classical.choice,
 Quot.sound]
'UnifiedLean.G6.UpperRateSourceCommon.actual_upper_rate_interval_tv' depends on axioms: [propext,
 Classical.choice,
 Quot.sound]
'UnifiedLean.G6.UpperRateSourceCommon.actual_upper_rate_joint_readout_tv' depends on axioms: [propext,
 Classical.choice,
 Quot.sound]
