ordinary-current-targets exit 0 seconds 2.401
exact-kernel-guard-reuse NanuqActualBridgeQuartetResolution
exact-kernel-guard-reuse NanuqActualQuartetPortBranching
exact-kernel-guard-reuse NanuqCutWalkLocality
exact-kernel-guard-reuse NanuqActualPortCutFibre
exact-kernel-guard-reuse NanuqActualQuartetCutLocality
exact-kernel-guard-reuse NanuqActualQuartetCutLocalization
exact-kernel-guard-reuse NanuqActualFourPortInvariance
exact-kernel-guard-reuse NanuqActualBlobInternalPaths
exact-kernel-guard-reuse NanuqActualSelectedBlobGraph
exact-kernel-guard-reuse NanuqActualBlobSwitchingRestriction
exact-kernel-guard-reuse NanuqActualPortLeafCap
exact-kernel-guard-reuse NanuqActualCappedBlobCutReadout
exact-kernel-guard-reuse NanuqActualCappedQuartetReadout
exact-kernel-guard-reuse NanuqEdgeOccurrenceReadoutEquiv
exact-kernel-guard-reuse NanuqActualLocalChoiceCapGraph
exact-kernel-guard-reuse NanuqActualLocalChoiceQuartetMean
exact-kernel-guard-reuse NanuqActualRootedCapBoundary
exact-kernel-guard-reuse NanuqActualRootedCapIncidence
exact-kernel-guard-reuse NanuqActualRootedCapDegrees
exact-kernel-guard-reuse NanuqActualRootedCapPaths
exact-kernel-guard-reuse NanuqActualRootedCapAdmission
guard-NanuqActualPortCardinality exit 0 seconds 1.964
audit-Owned exit 0 seconds 2.705
Owned 250 196
audit-Closure exit 0 seconds 2.719
Closure 839 600
audit-GuardedOwned exit 0 seconds 2.713
GuardedOwned 250 196
audit-GuardedClosure exit 0 seconds 2.72
GuardedClosure 839 600
default-current-after-guards exit 0 seconds 1.095
TWENTYTWO_CERTIFICATION_TERMINAL_PASS
