Matched frozen source providers 250
G1RetainedActorBoundarySites PASS 3.182s
G1OriginalActorOperationOwnership PASS 3.021s
G1RootBlobRetainedBaseOwnership PASS 2.851s
G1TaggedOriginalCalendar PASS 3.013s
G1OriginalActorTemporalFootprint PASS 2.987s
G1OriginalEventSiteUniqueness PASS 3.224s
G1CanonicalActorLifecycleCompiler PASS 3.802s
G1ActorInterfaceUniqueness PASS 2.905s
G1ActualActorBoundaryFrames PASS 3.018s
G1OriginalActorLifecycleOrder PASS 2.856s
G1PrivateActorLifetimeAdmission PASS 3.106s
G1CanonicalBatchOpeningCalendar PASS 3.181s
G1NaturalActiveActorFrontier PASS 3.100s
G1CanonicalFiniteActiveEpochAdmission PASS 3.087s
G1CanonicalWholeOriginalActiveEpoch PASS 2.957s
axioms PASS 305
dependencies PASS 305
combined-axioms PASS 5189
combined-dependencies PASS 5189
Actual transitive modules 5379 artifacts 25835
All frozen providers stable; no inherited source recompiled.
