{
  "augmented_states": [
    {
      "id": "r1001010",
      "root_prefix": false,
      "stage_index": 1,
      "state": {
        "aux": {
          "A": [
            "150081746914834516745185/1208925819614629174706176",
            "129038423079471482629186517482494191376242868887759270039292308394315828536050351466804080406543806380888800761334494717446239436963527449546391855975692830477859936073776462392643/1037378892220248239628101965922790287753111558060609224998914332422663202853227036599926762236775948572049471652825197295598787768852943826971718708528490921765295450850377380921344"
          ],
          "L": [
            "73786976294838193085/590295810358705651712",
            "18446744073709555727/147573952589676412928"
          ],
          "T": [
            "1729382256910270461/9223372036854775808",
            "27670116110564327439/147573952589676412928"
          ]
        },
        "moments": {
          "AA1": [
            "36998497306592627875/73786976294838206464",
            "9249624326648156969/18446744073709551616"
          ],
          "AB1": [
            "32089746172657618701/73786976294838206464",
            "16044873086328809351/36893488147419103232"
          ],
          "AB2": [
            "15981402251060137357/73786976294838206464",
            "7990701125530068679/36893488147419103232"
          ],
          "AC1": [
            "7296858164724238239/18446744073709551616",
            "29187432658896952957/73786976294838206464"
          ],
          "AC2": [
            "6567268936711824459/36893488147419103232",
            "13134537873423648919/73786976294838206464"
          ],
          "BB1": [
            "9331581184910221681/18446744073709551616",
            "37326324739640886725/73786976294838206464"
          ],
          "BC1": [
            "15869601212286398117/36893488147419103232",
            "31739202424572796235/73786976294838206464"
          ],
          "BC2": [
            "1983895427200199705/9223372036854775808",
            "15871163417601597641/73786976294838206464"
          ],
          "CC1": [
            "10548534995588816771/18446744073709551616",
            "42194139982355267085/73786976294838206464"
          ]
        },
        "physical": {
          "g": [
            "201487636602438135861503/604462909807314587353088",
            "402975273204876489356799/1208925819614629174706176"
          ],
          "h": [
            "2251799813685247/36028797018963968",
            "36893488147419116419/590295810358705651712"
          ],
          "rA": [
            "18597949343861871467907/18889465931478580854784",
            "1227528180003430361501191/1208925819614629174706176"
          ],
          "rAB": [
            "2373475699609376353798649/604462909807314587353088",
            "569196293006483158940741905421260913184133936960469545858506632449911723137370121078294223684444504535959/143343663499379469475676305956380433799785311823017570233599302461682679755530300504376159569382855409664"
          ],
          "rB": [
            "2406923955664963506850037/1208925819614629174706176",
            "2428738241607246462496223/1208925819614629174706176"
          ],
          "rC": [
            "432345564227567615/144115188075855872",
            "27670116110564327459/9223372036854775808"
          ],
          "rR": [
            "2882303761517117435/576460752303423488",
            "184467440737095516291/36893488147419103232"
          ],
          "u": [
            "74523883188920166319073/1208925819614629174706176",
            "64202242315705996445478429688776648379119845699255090242921719750165830202559326395069174064267679636996099847934405645965143255943947248893562191856180157522026127932676548947267/1037378892220248239628101965922790287753111558060609224998914332422663202853227036599926762236775948572049471652825197295598787768852943826971718708528490921765295450850377380921344"
          ],
          "v": [
            "65470119211825061963664066537289258866675160172156320232776845062289774516373049949794368962490093702442423715778415489234464972182332383770185447711326740677494322395782007395005/1037378892220248239628101965922790287753111558060609224998914332422663202853227036599926762236775948572049471652825197295598787768852943826971718708528490921765295450850377380921344",
            "76591844262908453119007/1208925819614629174706176"
          ]
        }
      },
      "status": "inflight"
    },
    {
      "id": "r1001011",
      "root_prefix": false,
      "stage_index": 0,
      "state": {
        "aux": {
          "A": [
            "129038423079471482629186517482494191376242868887759270039292308394315828536050351466804080406543806380888800761334494717446239436963527449546391855975692830477859936073776462392643/1037378892220248239628101965922790287753111558060609224998914332422663202853227036599926762236775948572049471652825197295598787768852943826971718708528490921765295450850377380921344",
            "64645871513892086127429698102511425319569021527173269097791961040027020274423861602810726409181391302310617995212656513011450070469503166438733135527358632377392743943974443904323/518689446110124119814050982961395143876555779030304612499457166211331601426613518299963381118387974286024735826412598647799393884426471913485859354264245460882647725425188690460672"
          ],
          "L": [
            "73786976294838193085/590295810358705651712",
            "18446744073709555727/147573952589676412928"
          ],
          "T": [
            "1729382256910270461/9223372036854775808",
            "27670116110564327439/147573952589676412928"
          ]
        },
        "moments": {
          "AA1": [
            "36998497306592627875/73786976294838206464",
            "9249624326648156969/18446744073709551616"
          ],
          "AB1": [
            "32089746172657618701/73786976294838206464",
            "16044873086328809351/36893488147419103232"
          ],
          "AB2": [
            "15981402251060137357/73786976294838206464",
            "7990701125530068679/36893488147419103232"
          ],
          "AC1": [
            "7296858164724238239/18446744073709551616",
            "29187432658896952957/73786976294838206464"
          ],
          "AC2": [
            "6567268936711824459/36893488147419103232",
            "13134537873423648919/73786976294838206464"
          ],
          "BB1": [
            "9331581184910221681/18446744073709551616",
            "37326324739640886725/73786976294838206464"
          ],
          "BC1": [
            "15869601212286398117/36893488147419103232",
            "31739202424572796235/73786976294838206464"
          ],
          "BC2": [
            "1983895427200199705/9223372036854775808",
            "15871163417601597641/73786976294838206464"
          ],
          "CC1": [
            "10548534995588816771/18446744073709551616",
            "42194139982355267085/73786976294838206464"
          ]
        },
        "physical": {
          "g": [
            "201487636602438135861503/604462909807314587353088",
            "402975273204876489356799/1208925819614629174706176"
          ],
          "h": [
            "2251799813685247/36028797018963968",
            "36893488147419116419/590295810358705651712"
          ],
          "rA": [
            "18597949343861871467907/18889465931478580854784",
            "1227528180003430361501191/1208925819614629174706176"
          ],
          "rAB": [
            "2373475699609376353798649/604462909807314587353088",
            "569196293006483158940741905421260913184133936960469545858506632449911723137370121078294223684444504535959/143343663499379469475676305956380433799785311823017570233599302461682679755530300504376159569382855409664"
          ],
          "rB": [
            "2406923955664963506850037/1208925819614629174706176",
            "2428738241607246462496223/1208925819614629174706176"
          ],
          "rC": [
            "432345564227567615/144115188075855872",
            "27670116110564327459/9223372036854775808"
          ],
          "rR": [
            "2882303761517117435/576460752303423488",
            "184467440737095516291/36893488147419103232"
          ],
          "u": [
            "74523883188920166319073/1208925819614629174706176",
            "32227781132009343035575654205652653821007509932921179199606666717952021107678349066943273238043327930364267538512611977270901979959713066112318303467602295899475839873424487181635/518689446110124119814050982961395143876555779030304612499457166211331601426613518299963381118387974286024735826412598647799393884426471913485859354264245460882647725425188690460672"
          ],
          "v": [
            "32608399631756186168995593907380299801889993002784526038242615688275781251787839105488498275335558739354994243343798590328902134103426750219555516316151153200284385290804790989501/518689446110124119814050982961395143876555779030304612499457166211331601426613518299963381118387974286024735826412598647799393884426471913485859354264245460882647725425188690460672",
            "76591844262908453119007/1208925819614629174706176"
          ]
        }
      },
      "status": "pending"
    },
    {
      "id": "r10011",
      "root_prefix": false,
      "stage_index": 0,
      "state": {
        "aux": {
          "A": [
            "6081729685181746811936172795406687305991190707140598639604074244939117355755458803626913450756737337252279497333978950458061949571146480913481/48777321098687378615337456715518223527321845979140174232174327494146433419058837814379782860367062049372295798771978482741374619988879457910784",
            "3072827126404799568270010495472579557867732911462663617301057548954919586382310550961447908614693802733928114441231588919045235487943900564553/24388660549343689307668728357759111763660922989570087116087163747073216709529418907189891430183531024686147899385989241370687309994439728955392"
          ],
          "L": [
            "73786976294838193085/590295810358705651712",
            "18446744073709555727/147573952589676412928"
          ],
          "T": [
            "1729382256910270461/9223372036854775808",
            "27670116110564327439/147573952589676412928"
          ]
        },
        "moments": {
          "AA1": [
            "36998497306592627875/73786976294838206464",
            "9249624326648156969/18446744073709551616"
          ],
          "AB1": [
            "32089746172657618701/73786976294838206464",
            "16044873086328809351/36893488147419103232"
          ],
          "AB2": [
            "15981402251060137357/73786976294838206464",
            "7990701125530068679/36893488147419103232"
          ],
          "AC1": [
            "7296858164724238239/18446744073709551616",
            "29187432658896952957/73786976294838206464"
          ],
          "AC2": [
            "6567268936711824459/36893488147419103232",
            "13134537873423648919/73786976294838206464"
          ],
          "BB1": [
            "9331581184910221681/18446744073709551616",
            "37326324739640886725/73786976294838206464"
          ],
          "BC1": [
            "15869601212286398117/36893488147419103232",
            "31739202424572796235/73786976294838206464"
          ],
          "BC2": [
            "1983895427200199705/9223372036854775808",
            "15871163417601597641/73786976294838206464"
          ],
          "CC1": [
            "10548534995588816771/18446744073709551616",
            "42194139982355267085/73786976294838206464"
          ]
        },
        "physical": {
          "g": [
            "201487636602438135861503/604462909807314587353088",
            "402975273204876489356799/1208925819614629174706176"
          ],
          "h": [
            "2251799813685247/36028797018963968",
            "36893488147419116419/590295810358705651712"
          ],
          "rA": [
            "300774415161303074774283260654784582792196977518897885381/392318858461667547739736838950479151006397215279002157056",
            "2091700303786211539651065893243337979220316190107110453350237877879/1684996666696914987166688442938726917102321526408785780068975640576"
          ],
          "rAB": [
            "24253337463293254402323131054923157319408233614466075699381/6277101735386680763835789423207666416102355444464034512896",
            "27546339032948095879590116086451048853659241121803222720296845057679/6739986666787659948666753771754907668409286105635143120275902562304"
          ],
          "rB": [
            "53889572730559852751687313605749847588176800379036621983364288402169090324035/28948022309329048855892746252171976963317496166410141009864396001978282409984",
            "133151583834276164273855953453336625406157489621963237748042015974534987169780257493605/62165404551223330269422781018352605012557018849668464680057997111644937126566671941632"
          ],
          "rC": [
            "432345564227567615/144115188075855872",
            "27670116110564327459/9223372036854775808"
          ],
          "rR": [
            "2882303761517117435/576460752303423488",
            "184467440737095516291/36893488147419103232"
          ],
          "u": [
            "2765303988834779927698523737976599697420284467880284765687369408399973634371684148426678521890594639214379265714961483384048000601327/45427420268475430659332737993000283397102585042957378767593137448789955507087370207886940669610222847547657600391636120845912601788416",
            "1548535842070819663462027014327200399400200650172077956832005170186812089517088230253609920211041238684795360998058945266778392237210321062985/24388660549343689307668728357759111763660922989570087116087163747073216709529418907189891430183531024686147899385989241370687309994439728955392"
          ],
          "v": [
            "1500046726597142168985204446124270710395706452688475239024429458049933915238669950843787239708982114492454091417057975666864090835733248963511/24388660549343689307668728357759111763660922989570087116087163747073216709529418907189891430183531024686147899385989241370687309994439728955392",
            "2913123544724647894502960425073575142086758594940132855102129406683305159175863069876396689849972872910575731454525030025195705955089/45427420268475430659332737993000283397102585042957378767593137448789955507087370207886940669610222847547657600391636120845912601788416"
          ]
        }
      },
      "status": "pending"
    },
    {
      "id": "r101",
      "root_prefix": false,
      "stage_index": 0,
      "state": {
        "aux": {
          "A": [
            "16840881433984847921487276059106280661860421333686735661043756975031360322848971586324835012299/133499189745056880149688856635597007162669032647290798121690100488888732861290034376435130433536",
            "8828226515502583866306092470231066823352088596651736230094099648769443304845960711189985693387/66749594872528440074844428317798503581334516323645399060845050244444366430645017188217565216768"
          ],
          "L": [
            "73786976294838193085/590295810358705651712",
            "18446744073709555727/147573952589676412928"
          ],
          "T": [
            "1729382256910270461/9223372036854775808",
            "27670116110564327439/147573952589676412928"
          ]
        },
        "moments": {
          "AA1": [
            "36998497306592627875/73786976294838206464",
            "9249624326648156969/18446744073709551616"
          ],
          "AB1": [
            "32089746172657618701/73786976294838206464",
            "16044873086328809351/36893488147419103232"
          ],
          "AB2": [
            "15981402251060137357/73786976294838206464",
            "7990701125530068679/36893488147419103232"
          ],
          "AC1": [
            "7296858164724238239/18446744073709551616",
            "29187432658896952957/73786976294838206464"
          ],
          "AC2": [
            "6567268936711824459/36893488147419103232",
            "13134537873423648919/73786976294838206464"
          ],
          "BB1": [
            "9331581184910221681/18446744073709551616",
            "37326324739640886725/73786976294838206464"
          ],
          "BC1": [
            "15869601212286398117/36893488147419103232",
            "31739202424572796235/73786976294838206464"
          ],
          "BC2": [
            "1983895427200199705/9223372036854775808",
            "15871163417601597641/73786976294838206464"
          ],
          "CC1": [
            "10548534995588816771/18446744073709551616",
            "42194139982355267085/73786976294838206464"
          ]
        },
        "physical": {
          "g": [
            "201487636602438135861503/604462909807314587353088",
            "402975273204876489356799/1208925819614629174706176"
          ],
          "h": [
            "2251799813685247/36028797018963968",
            "36893488147419116419/590295810358705651712"
          ],
          "rA": [
            "1/2",
            "21236684124416418838737747337/9903520314283042199192993792"
          ],
          "rAB": [
            "1227243051624589203857509271776424683891/340282366920938463463374607431768211456",
            "373311040567895512157455981941/79228162514264337593543950336"
          ],
          "rB": [
            "112588498404052989151928234497758494125/85070591730234615865843651857942052864",
            "967491418546672646816174067342275180357177207735/365375409332725729550921208179070754913983135744"
          ],
          "rC": [
            "432345564227567615/144115188075855872",
            "27670116110564327459/9223372036854775808"
          ],
          "rR": [
            "2882303761517117435/576460752303423488",
            "184467440737095516291/36893488147419103232"
          ],
          "u": [
            "894257155933704939517430787004842770965420724779299465882804293106720612410445420151/15541351137805832567355695254588151253139254712417116170014499277911234281641667985408",
            "4656376835969558214301743497427787126654441465430424441111038658740695034251991263536462106315/66749594872528440074844428317798503581334516323645399060845050244444366430645017188217565216768"
          ],
          "v": [
            "3687322523096498626016221107359365956228573524902793371326225147256269643501683010117095977269/66749594872528440074844428317798503581334516323645399060845050244444366430645017188217565216768",
            "1048411736292023785793417936531128689784498763387398792835028785880137813959712549257/15541351137805832567355695254588151253139254712417116170014499277911234281641667985408"
          ]
        }
      },
      "status": "pending"
    },
    {
      "id": "r11",
      "root_prefix": false,
      "stage_index": 0,
      "state": {
        "aux": {
          "A": [
            "1501948627078756777965444346769657319764567696876969937053/12554203470773361527671578846415332832204710888928069025792",
            "948855976233228606161776505377489890544592076577373382292954919743/6739986666787659948666753771754907668409286105635143120275902562304"
          ],
          "L": [
            "73786976294838193085/590295810358705651712",
            "18446744073709555727/147573952589676412928"
          ],
          "T": [
            "1729382256910270461/9223372036854775808",
            "27670116110564327439/147573952589676412928"
          ]
        },
        "moments": {
          "AA1": [
            "36998497306592627875/73786976294838206464",
            "9249624326648156969/18446744073709551616"
          ],
          "AB1": [
            "32089746172657618701/73786976294838206464",
            "16044873086328809351/36893488147419103232"
          ],
          "AB2": [
            "15981402251060137357/73786976294838206464",
            "7990701125530068679/36893488147419103232"
          ],
          "AC1": [
            "7296858164724238239/18446744073709551616",
            "29187432658896952957/73786976294838206464"
          ],
          "AC2": [
            "6567268936711824459/36893488147419103232",
            "13134537873423648919/73786976294838206464"
          ],
          "BB1": [
            "9331581184910221681/18446744073709551616",
            "37326324739640886725/73786976294838206464"
          ],
          "BC1": [
            "15869601212286398117/36893488147419103232",
            "31739202424572796235/73786976294838206464"
          ],
          "BC2": [
            "1983895427200199705/9223372036854775808",
            "15871163417601597641/73786976294838206464"
          ],
          "CC1": [
            "10548534995588816771/18446744073709551616",
            "42194139982355267085/73786976294838206464"
          ]
        },
        "physical": {
          "g": [
            "201487636602438135861503/604462909807314587353088",
            "402975273204876489356799/1208925819614629174706176"
          ],
          "h": [
            "2251799813685247/36028797018963968",
            "36893488147419116419/590295810358705651712"
          ],
          "rA": [
            "1/2",
            "111729605829042394693/36893488147419103232"
          ],
          "rAB": [
            "373311040567895512157455981941/79228162514264337593543950336",
            "231602278000273454533172075893/39614081257132168796771975168"
          ],
          "rB": [
            "27161710711359745845/36893488147419103232",
            "123853508386481416955372852215/39614081257132168796771975168"
          ],
          "rC": [
            "432345564227567615/144115188075855872",
            "27670116110564327459/9223372036854775808"
          ],
          "rR": [
            "2882303761517117435/576460752303423488",
            "184467440737095516291/36893488147419103232"
          ],
          "u": [
            "717310910155421402029497382217729162031714003648502843549/12554203470773361527671578846415332832204710888928069025792",
            "527606809559000046442313972998381691340670282659403453235076510527/6739986666787659948666753771754907668409286105635143120275902562304"
          ],
          "v": [
            "314891523789457632020987370830200919976621819154791423274877996225/6739986666787659948666753771754907668409286105635143120275902562304",
            "851964523691248509749035562886736824261470372666173798243/12554203470773361527671578846415332832204710888928069025792"
          ]
        }
      },
      "status": "pending"
    }
  ],
  "details": {
    "authenticated_journal_bytes": 6672547,
    "exclusions": 9,
    "final_commit_sha256": "3cbb64ba187e1580f398680bff7130b321f998a23f4d1f938cdf5b1cdcd7083b",
    "inflight_pre_state_retained": true,
    "journal_frames": 267,
    "splits": 13,
    "stages_recomputed": 126,
    "stages_started": 127
  },
  "mode": "normal_validated",
  "model": "fixed-six-copy-clock-jc-nine-v1",
  "nonempty_cover": true,
  "parameter_accuracy_released": false,
  "physical_cover": [
    {
      "box": {
        "g": [
          "201487636602438135861503/604462909807314587353088",
          "402975273204876489356799/1208925819614629174706176"
        ],
        "h": [
          "2251799813685247/36028797018963968",
          "36893488147419116419/590295810358705651712"
        ],
        "rA": [
          "18597949343861871467907/18889465931478580854784",
          "1227528180003430361501191/1208925819614629174706176"
        ],
        "rAB": [
          "2373475699609376353798649/604462909807314587353088",
          "569196293006483158940741905421260913184133936960469545858506632449911723137370121078294223684444504535959/143343663499379469475676305956380433799785311823017570233599302461682679755530300504376159569382855409664"
        ],
        "rB": [
          "2406923955664963506850037/1208925819614629174706176",
          "2428738241607246462496223/1208925819614629174706176"
        ],
        "rC": [
          "432345564227567615/144115188075855872",
          "27670116110564327459/9223372036854775808"
        ],
        "rR": [
          "2882303761517117435/576460752303423488",
          "184467440737095516291/36893488147419103232"
        ],
        "u": [
          "74523883188920166319073/1208925819614629174706176",
          "64202242315705996445478429688776648379119845699255090242921719750165830202559326395069174064267679636996099847934405645965143255943947248893562191856180157522026127932676548947267/1037378892220248239628101965922790287753111558060609224998914332422663202853227036599926762236775948572049471652825197295598787768852943826971718708528490921765295450850377380921344"
        ],
        "v": [
          "65470119211825061963664066537289258866675160172156320232776845062289774516373049949794368962490093702442423715778415489234464972182332383770185447711326740677494322395782007395005/1037378892220248239628101965922790287753111558060609224998914332422663202853227036599926762236775948572049471652825197295598787768852943826971718708528490921765295450850377380921344",
          "76591844262908453119007/1208925819614629174706176"
        ]
      },
      "id": "r1001010"
    },
    {
      "box": {
        "g": [
          "201487636602438135861503/604462909807314587353088",
          "402975273204876489356799/1208925819614629174706176"
        ],
        "h": [
          "2251799813685247/36028797018963968",
          "36893488147419116419/590295810358705651712"
        ],
        "rA": [
          "18597949343861871467907/18889465931478580854784",
          "1227528180003430361501191/1208925819614629174706176"
        ],
        "rAB": [
          "2373475699609376353798649/604462909807314587353088",
          "569196293006483158940741905421260913184133936960469545858506632449911723137370121078294223684444504535959/143343663499379469475676305956380433799785311823017570233599302461682679755530300504376159569382855409664"
        ],
        "rB": [
          "2406923955664963506850037/1208925819614629174706176",
          "2428738241607246462496223/1208925819614629174706176"
        ],
        "rC": [
          "432345564227567615/144115188075855872",
          "27670116110564327459/9223372036854775808"
        ],
        "rR": [
          "2882303761517117435/576460752303423488",
          "184467440737095516291/36893488147419103232"
        ],
        "u": [
          "74523883188920166319073/1208925819614629174706176",
          "32227781132009343035575654205652653821007509932921179199606666717952021107678349066943273238043327930364267538512611977270901979959713066112318303467602295899475839873424487181635/518689446110124119814050982961395143876555779030304612499457166211331601426613518299963381118387974286024735826412598647799393884426471913485859354264245460882647725425188690460672"
        ],
        "v": [
          "32608399631756186168995593907380299801889993002784526038242615688275781251787839105488498275335558739354994243343798590328902134103426750219555516316151153200284385290804790989501/518689446110124119814050982961395143876555779030304612499457166211331601426613518299963381118387974286024735826412598647799393884426471913485859354264245460882647725425188690460672",
          "76591844262908453119007/1208925819614629174706176"
        ]
      },
      "id": "r1001011"
    },
    {
      "box": {
        "g": [
          "201487636602438135861503/604462909807314587353088",
          "402975273204876489356799/1208925819614629174706176"
        ],
        "h": [
          "2251799813685247/36028797018963968",
          "36893488147419116419/590295810358705651712"
        ],
        "rA": [
          "300774415161303074774283260654784582792196977518897885381/392318858461667547739736838950479151006397215279002157056",
          "2091700303786211539651065893243337979220316190107110453350237877879/1684996666696914987166688442938726917102321526408785780068975640576"
        ],
        "rAB": [
          "24253337463293254402323131054923157319408233614466075699381/6277101735386680763835789423207666416102355444464034512896",
          "27546339032948095879590116086451048853659241121803222720296845057679/6739986666787659948666753771754907668409286105635143120275902562304"
        ],
        "rB": [
          "53889572730559852751687313605749847588176800379036621983364288402169090324035/28948022309329048855892746252171976963317496166410141009864396001978282409984",
          "133151583834276164273855953453336625406157489621963237748042015974534987169780257493605/62165404551223330269422781018352605012557018849668464680057997111644937126566671941632"
        ],
        "rC": [
          "432345564227567615/144115188075855872",
          "27670116110564327459/9223372036854775808"
        ],
        "rR": [
          "2882303761517117435/576460752303423488",
          "184467440737095516291/36893488147419103232"
        ],
        "u": [
          "2765303988834779927698523737976599697420284467880284765687369408399973634371684148426678521890594639214379265714961483384048000601327/45427420268475430659332737993000283397102585042957378767593137448789955507087370207886940669610222847547657600391636120845912601788416",
          "1548535842070819663462027014327200399400200650172077956832005170186812089517088230253609920211041238684795360998058945266778392237210321062985/24388660549343689307668728357759111763660922989570087116087163747073216709529418907189891430183531024686147899385989241370687309994439728955392"
        ],
        "v": [
          "1500046726597142168985204446124270710395706452688475239024429458049933915238669950843787239708982114492454091417057975666864090835733248963511/24388660549343689307668728357759111763660922989570087116087163747073216709529418907189891430183531024686147899385989241370687309994439728955392",
          "2913123544724647894502960425073575142086758594940132855102129406683305159175863069876396689849972872910575731454525030025195705955089/45427420268475430659332737993000283397102585042957378767593137448789955507087370207886940669610222847547657600391636120845912601788416"
        ]
      },
      "id": "r10011"
    },
    {
      "box": {
        "g": [
          "201487636602438135861503/604462909807314587353088",
          "402975273204876489356799/1208925819614629174706176"
        ],
        "h": [
          "2251799813685247/36028797018963968",
          "36893488147419116419/590295810358705651712"
        ],
        "rA": [
          "1/2",
          "21236684124416418838737747337/9903520314283042199192993792"
        ],
        "rAB": [
          "1227243051624589203857509271776424683891/340282366920938463463374607431768211456",
          "373311040567895512157455981941/79228162514264337593543950336"
        ],
        "rB": [
          "112588498404052989151928234497758494125/85070591730234615865843651857942052864",
          "967491418546672646816174067342275180357177207735/365375409332725729550921208179070754913983135744"
        ],
        "rC": [
          "432345564227567615/144115188075855872",
          "27670116110564327459/9223372036854775808"
        ],
        "rR": [
          "2882303761517117435/576460752303423488",
          "184467440737095516291/36893488147419103232"
        ],
        "u": [
          "894257155933704939517430787004842770965420724779299465882804293106720612410445420151/15541351137805832567355695254588151253139254712417116170014499277911234281641667985408",
          "4656376835969558214301743497427787126654441465430424441111038658740695034251991263536462106315/66749594872528440074844428317798503581334516323645399060845050244444366430645017188217565216768"
        ],
        "v": [
          "3687322523096498626016221107359365956228573524902793371326225147256269643501683010117095977269/66749594872528440074844428317798503581334516323645399060845050244444366430645017188217565216768",
          "1048411736292023785793417936531128689784498763387398792835028785880137813959712549257/15541351137805832567355695254588151253139254712417116170014499277911234281641667985408"
        ]
      },
      "id": "r101"
    },
    {
      "box": {
        "g": [
          "201487636602438135861503/604462909807314587353088",
          "402975273204876489356799/1208925819614629174706176"
        ],
        "h": [
          "2251799813685247/36028797018963968",
          "36893488147419116419/590295810358705651712"
        ],
        "rA": [
          "1/2",
          "111729605829042394693/36893488147419103232"
        ],
        "rAB": [
          "373311040567895512157455981941/79228162514264337593543950336",
          "231602278000273454533172075893/39614081257132168796771975168"
        ],
        "rB": [
          "27161710711359745845/36893488147419103232",
          "123853508386481416955372852215/39614081257132168796771975168"
        ],
        "rC": [
          "432345564227567615/144115188075855872",
          "27670116110564327459/9223372036854775808"
        ],
        "rR": [
          "2882303761517117435/576460752303423488",
          "184467440737095516291/36893488147419103232"
        ],
        "u": [
          "717310910155421402029497382217729162031714003648502843549/12554203470773361527671578846415332832204710888928069025792",
          "527606809559000046442313972998381691340670282659403453235076510527/6739986666787659948666753771754907668409286105635143120275902562304"
        ],
        "v": [
          "314891523789457632020987370830200919976621819154791423274877996225/6739986666787659948666753771754907668409286105635143120275902562304",
          "851964523691248509749035562886736824261470372666173798243/12554203470773361527671578846415332832204710888928069025792"
        ]
      },
      "id": "r11"
    }
  ],
  "ranked_histories": null,
  "raw_feature_order": [
    "AC1",
    "AC2",
    "CC1",
    "BC1",
    "BC2",
    "AB1",
    "AB2",
    "AA1",
    "BB1"
  ],
  "recommended_history": null,
  "request_sha256": "a73fc025632555e058b8dc6f2c1440e6f625409caefd36ae56b660f0ba79cedb",
  "schema": "global-triangular-outer-cover-v1",
  "source_feasibility_certified": false,
  "statistical_coverage_verified": false,
  "status": "UNKNOWN_OUTER_COVER",
  "whole_union_width_target_met": false,
  "width_certificate_is_conditional_geometry_only": true,
  "widths": {
    "g": {
      "met": true,
      "normalized_ratio": "217633793/604462909807314587353088",
      "original": "1/2",
      "pre_fixed": false,
      "tolerance": "1/40",
      "width": "217633793/1208925819614629174706176"
    },
    "h": {
      "met": true,
      "normalized_ratio": "9857/18446744073709551616",
      "original": "3/32",
      "pre_fixed": false,
      "tolerance": "3/640",
      "width": "29571/590295810358705651712"
    },
    "rA": {
      "met": false,
      "normalized_ratio": "8480260159575713007/18446744073709551616",
      "original": "11/2",
      "pre_fixed": false,
      "tolerance": "11/40",
      "width": "93282861755332843077/36893488147419103232"
    },
    "rAB": {
      "met": false,
      "normalized_ratio": "69291397068723666245120432220482300615/170141183460469231731687303715884105728",
      "original": "11/2",
      "pre_fixed": false,
      "tolerance": "11/40",
      "width": "762205367755960328696324754425305306765/340282366920938463463374607431768211456"
    },
    "rB": {
      "met": false,
      "normalized_ratio": "8608076689482333266507830085/19807040628566084398385987584",
      "original": "11/2",
      "pre_fixed": false,
      "tolerance": "11/40",
      "width": "94688843584305665931586130935/39614081257132168796771975168"
    },
    "rC": {
      "met": true,
      "normalized_ratio": "9/4611686018427387904",
      "original": "11/2",
      "pre_fixed": false,
      "tolerance": "11/40",
      "width": "99/9223372036854775808"
    },
    "rR": {
      "met": true,
      "normalized_ratio": "41/18446744073709551616",
      "original": "11/2",
      "pre_fixed": false,
      "tolerance": "11/40",
      "width": "451/36893488147419103232"
    },
    "u": {
      "met": false,
      "normalized_ratio": "47501149012102965530139687501845617850569404199153468061443854613/210624583337114373395836055367340864637790190801098222508621955072",
      "original": "3/32",
      "pre_fixed": false,
      "tolerance": "3/640",
      "width": "142503447036308896590419062505536853551708212597460404184331563839/6739986666787659948666753771754907668409286105635143120275902562304"
    },
    "v": {
      "met": false,
      "normalized_ratio": "47501149012102853942206080979078277189539168759825725112781803797/210624583337114373395836055367340864637790190801098222508621955072",
      "original": "3/32",
      "pre_fixed": false,
      "tolerance": "3/640",
      "width": "142503447036308561826618242937234831568617506279477175338345411391/6739986666787659948666753771754907668409286105635143120275902562304"
    }
  }
}
