{
  "certificate_issued": false,
  "checkpoint": "state-000266-3cbb64ba187e1580f398680bff7130b321f998a23f4d1f938cdf5b1cdcd7083b.json",
  "requires_independent_complete_chain_replay": true,
  "schema": "global-triangular-worker-outcome-v1",
  "splits": 13,
  "stages_started": 127,
  "stop_reason": "wall_budget",
  "whole_union_width_goal_observed": false,
  "widths": {
    "g": {
      "met": true,
      "normalized_ratio": "217633793/604462909807314587353088",
      "original": "1/2",
      "pre_fixed": false,
      "tolerance": "1/40",
      "width": "217633793/1208925819614629174706176"
    },
    "h": {
      "met": true,
      "normalized_ratio": "9857/18446744073709551616",
      "original": "3/32",
      "pre_fixed": false,
      "tolerance": "3/640",
      "width": "29571/590295810358705651712"
    },
    "rA": {
      "met": false,
      "normalized_ratio": "8480260159575713007/18446744073709551616",
      "original": "11/2",
      "pre_fixed": false,
      "tolerance": "11/40",
      "width": "93282861755332843077/36893488147419103232"
    },
    "rAB": {
      "met": false,
      "normalized_ratio": "69291397068723666245120432220482300615/170141183460469231731687303715884105728",
      "original": "11/2",
      "pre_fixed": false,
      "tolerance": "11/40",
      "width": "762205367755960328696324754425305306765/340282366920938463463374607431768211456"
    },
    "rB": {
      "met": false,
      "normalized_ratio": "8608076689482333266507830085/19807040628566084398385987584",
      "original": "11/2",
      "pre_fixed": false,
      "tolerance": "11/40",
      "width": "94688843584305665931586130935/39614081257132168796771975168"
    },
    "rC": {
      "met": true,
      "normalized_ratio": "9/4611686018427387904",
      "original": "11/2",
      "pre_fixed": false,
      "tolerance": "11/40",
      "width": "99/9223372036854775808"
    },
    "rR": {
      "met": true,
      "normalized_ratio": "41/18446744073709551616",
      "original": "11/2",
      "pre_fixed": false,
      "tolerance": "11/40",
      "width": "451/36893488147419103232"
    },
    "u": {
      "met": false,
      "normalized_ratio": "47501149012102965530139687501845617850569404199153468061443854613/210624583337114373395836055367340864637790190801098222508621955072",
      "original": "3/32",
      "pre_fixed": false,
      "tolerance": "3/640",
      "width": "142503447036308896590419062505536853551708212597460404184331563839/6739986666787659948666753771754907668409286105635143120275902562304"
    },
    "v": {
      "met": false,
      "normalized_ratio": "47501149012102853942206080979078277189539168759825725112781803797/210624583337114373395836055367340864637790190801098222508621955072",
      "original": "3/32",
      "pre_fixed": false,
      "tolerance": "3/640",
      "width": "142503447036308561826618242937234831568617506279477175338345411391/6739986666787659948666753771754907668409286105635143120275902562304"
    }
  }
}
