G1UnrankedSourceView.lean:30:0: warning: automatically included section variable(s) unused in theorem `G1UnrankedSourceView.optionEquiv_of_unranked_eq`:
  [Fintype Copy]
consider restructuring your `variable` declarations so that the variables are not in scope or explicitly omit them:
  omit [Fintype Copy] in theorem ...

Note: This linter can be disabled with `set_option linter.unusedSectionVars false`
G1UnrankedSourceView.lean:33:42: warning: Unused tactic linter: `cases h` does nothing

Note: This linter can be disabled with `set_option linter.unusedTactic false`
G1UnrankedSourceView.lean:33:42: warning: this tactic is never executed

Note: This linter can be disabled with `set_option linter.unreachableTactic false`
G1UnrankedSourceView.lean:39:0: warning: automatically included section variable(s) unused in theorem `G1UnrankedSourceView.unranked_view_genealogy`:
  [DecidableEq V]
  [DecidableEq E]
  [Fintype V]
  [Fintype E]
  [DecidableEq Copy]
  [Fintype Copy]
consider restructuring your `variable` declarations so that the variables are not in scope or explicitly omit them:
  omit [DecidableEq V] [DecidableEq E] [Fintype V] [Fintype E] [DecidableEq Copy] [Fintype Copy] in theorem ...

Note: This linter can be disabled with `set_option linter.unusedSectionVars false`
G1UnrankedSourceView.lean:43:0: warning: automatically included section variable(s) unused in theorem `G1UnrankedSourceView.unranked_view_population`:
  [DecidableEq V]
  [DecidableEq E]
  [Fintype V]
  [Fintype E]
  [DecidableEq Copy]
  [Fintype Copy]
consider restructuring your `variable` declarations so that the variables are not in scope or explicitly omit them:
  omit [DecidableEq V] [DecidableEq E] [Fintype V] [Fintype E] [DecidableEq Copy] [Fintype Copy] in theorem ...

Note: This linter can be disabled with `set_option linter.unusedSectionVars false`
G1UnrankedSourceView.lean:46:0: warning: automatically included section variable(s) unused in theorem `G1UnrankedSourceView.unranked_view_register`:
  [DecidableEq V]
  [DecidableEq E]
  [Fintype V]
  [Fintype E]
  [DecidableEq Copy]
  [Fintype Copy]
consider restructuring your `variable` declarations so that the variables are not in scope or explicitly omit them:
  omit [DecidableEq V] [DecidableEq E] [Fintype V] [Fintype E] [DecidableEq Copy] [Fintype Copy] in theorem ...

Note: This linter can be disabled with `set_option linter.unusedSectionVars false`
'G1UnrankedSourceView.actual_unranked_population_blocks' depends on axioms: [propext, Classical.choice, Quot.sound]
'G1UnrankedSourceView.actual_unranked_projected_merger' depends on axioms: [propext, Classical.choice, Quot.sound]
