'UnifiedLean.G6.ResidualProgram.residualPMF' depends on axioms: [propext, Classical.choice, Quot.sound]
'UnifiedLean.G6.ResidualProgram.residualPMF_real' depends on axioms: [propext, Classical.choice, Quot.sound]
'UnifiedLean.G6.ResidualProgram.common_pmf_tv' depends on axioms: [propext, Classical.choice, Quot.sound]
'UnifiedLean.G6.ResidualProgram.actual_program_common_domination' depends on axioms: [propext,
 Classical.choice,
 Quot.sound]
'UnifiedLean.G6.ResidualProgram.residual_program_common_domination' depends on axioms: [propext,
 Classical.choice,
 Quot.sound]
'UnifiedLean.G6.ResidualProgram.history_common_domination' depends on axioms: [propext, Classical.choice, Quot.sound]
'UnifiedLean.G6.ResidualProgram.actual_history_common_domination' depends on axioms: [propext,
 Classical.choice,
 Quot.sound]
'UnifiedLean.G6.ResidualProgram.residual_history_common_domination' depends on axioms: [propext,
 Classical.choice,
 Quot.sound]
'UnifiedLean.G6.ResidualProgram.retained_past_joint_history_tv' depends on axioms: [propext,
 Classical.choice,
 Quot.sound]
'UnifiedLean.G6.ResidualProgram.retained_past_joint_history_tv_budget' depends on axioms: [propext,
 Classical.choice,
 Quot.sound]
