{
  "all_nine_coordinates": [
    "h",
    "u",
    "v",
    "rA",
    "rB",
    "rC",
    "rAB",
    "rR",
    "g"
  ],
  "augmented_states": [
    {
      "id": "r0",
      "state": {
        "aux": {
          "A": [
            "1/16",
            "13/64"
          ],
          "L": [
            "1/16",
            "1/4"
          ],
          "T": [
            "3/32",
            "21/64"
          ]
        },
        "moments": {
          "AA1": [
            "36998497306592627875/73786976294838206464",
            "37873965797911041841/73786976294838206464"
          ],
          "AB1": [
            "14862664407219121833/36893488147419103232",
            "16044873086328809351/36893488147419103232"
          ],
          "AB2": [
            "13544941810605387849/73786976294838206464",
            "7990701125530068679/36893488147419103232"
          ],
          "AC1": [
            "3324861319242793233/9223372036854775808",
            "29187432658896952957/73786976294838206464"
          ],
          "AC2": [
            "10732779193711528159/73786976294838206464",
            "13134537873423648919/73786976294838206464"
          ],
          "BB1": [
            "9331581184910221681/18446744073709551616",
            "18876673704749892639/36893488147419103232"
          ],
          "BC1": [
            "7632221344217064173/18446744073709551616",
            "31739202424572796235/73786976294838206464"
          ],
          "BC2": [
            "14694700847278722055/73786976294838206464",
            "15871163417601597641/73786976294838206464"
          ],
          "CC1": [
            "10548534995588816771/18446744073709551616",
            "21860340094381166491/36893488147419103232"
          ]
        },
        "physical": {
          "g": [
            "1/6",
            "2/3"
          ],
          "h": [
            "1/32",
            "5/64"
          ],
          "rA": [
            "1/2",
            "6"
          ],
          "rAB": [
            "1/2",
            "6"
          ],
          "rB": [
            "1/2",
            "6"
          ],
          "rC": [
            "1/2",
            "6"
          ],
          "rR": [
            "1/2",
            "6"
          ],
          "u": [
            "1/32",
            "1/8"
          ],
          "v": [
            "1/32",
            "1/8"
          ]
        }
      },
      "status": "finite_sweeps_finished",
      "step": 24
    },
    {
      "id": "r1",
      "state": {
        "aux": {
          "A": [
            "7/64",
            "29/128"
          ],
          "L": [
            "1/16",
            "23/128"
          ],
          "T": [
            "9/64",
            "33/128"
          ]
        },
        "moments": {
          "AA1": [
            "36998497306592627875/73786976294838206464",
            "37873965797911041841/73786976294838206464"
          ],
          "AB1": [
            "14862664407219121833/36893488147419103232",
            "16044873086328809351/36893488147419103232"
          ],
          "AB2": [
            "13544941810605387849/73786976294838206464",
            "7990701125530068679/36893488147419103232"
          ],
          "AC1": [
            "3324861319242793233/9223372036854775808",
            "29187432658896952957/73786976294838206464"
          ],
          "AC2": [
            "10732779193711528159/73786976294838206464",
            "13134537873423648919/73786976294838206464"
          ],
          "BB1": [
            "9331581184910221681/18446744073709551616",
            "18876673704749892639/36893488147419103232"
          ],
          "BC1": [
            "7632221344217064173/18446744073709551616",
            "31739202424572796235/73786976294838206464"
          ],
          "BC2": [
            "14694700847278722055/73786976294838206464",
            "15871163417601597641/73786976294838206464"
          ],
          "CC1": [
            "10548534995588816771/18446744073709551616",
            "21860340094381166491/36893488147419103232"
          ]
        },
        "physical": {
          "g": [
            "1/6",
            "2/3"
          ],
          "h": [
            "5/64",
            "1/8"
          ],
          "rA": [
            "1/2",
            "6"
          ],
          "rAB": [
            "1/2",
            "6"
          ],
          "rB": [
            "1/2",
            "6"
          ],
          "rC": [
            "1/2",
            "6"
          ],
          "rR": [
            "1/2",
            "6"
          ],
          "u": [
            "1/32",
            "1/8"
          ],
          "v": [
            "1/32",
            "1/8"
          ]
        }
      },
      "status": "pending",
      "step": 16
    }
  ],
  "details": {
    "checkpoint_sha256": "a6de372428b704631bd5a01a30332bf3c2314b34f379c0646c308c99ff343da2",
    "exclusions": 0,
    "inflight_pre_state_retained": false,
    "operations_recomputed": 64,
    "splits": 1
  },
  "export_is_enlargement_only": true,
  "mode": "normal_validated",
  "parameter_accuracy_released": false,
  "physical_cell_mesh": "11/2",
  "physical_cover": [
    {
      "box": {
        "g": [
          "1/6",
          "2/3"
        ],
        "h": [
          "1/32",
          "5/64"
        ],
        "rA": [
          "1/2",
          "6"
        ],
        "rAB": [
          "1/2",
          "6"
        ],
        "rB": [
          "1/2",
          "6"
        ],
        "rC": [
          "1/2",
          "6"
        ],
        "rR": [
          "1/2",
          "6"
        ],
        "u": [
          "1/32",
          "1/8"
        ],
        "v": [
          "1/32",
          "1/8"
        ]
      },
      "id": "r0"
    },
    {
      "box": {
        "g": [
          "1/6",
          "2/3"
        ],
        "h": [
          "5/64",
          "1/8"
        ],
        "rA": [
          "1/2",
          "6"
        ],
        "rAB": [
          "1/2",
          "6"
        ],
        "rB": [
          "1/2",
          "6"
        ],
        "rC": [
          "1/2",
          "6"
        ],
        "rR": [
          "1/2",
          "6"
        ],
        "u": [
          "1/32",
          "1/8"
        ],
        "v": [
          "1/32",
          "1/8"
        ]
      },
      "id": "r1"
    }
  ],
  "physical_union_sup_diameter": "11/2",
  "ranked_histories": null,
  "recommended_history": null,
  "request_sha256": "a1b6bd505ece33a4fa6b7694a221a71faed4c69262b1a19b937843e77d153fcc",
  "schema": "joint-nine-outer-cover-v1",
  "statistical_coverage_verified": false,
  "status": "UNKNOWN_OUTER_COVER"
}
