UnifiedLean/Source/E8SCFG2BEOwnership.lean:50:57: warning: This simp argument is unused:
  prefixSpan

Hint: Omit it from the simp argument list.
  [apply] simp_all [sourceChildren, OriginGuard, RuleFamily, optionalSpan, OwnedIfBE, PartnerPair, primary, band,
    recursiveVP, List.mem_append, List.mem_cons, List.mem_singleton]

Note: This linter can be disabled with `set_option linter.unusedSimpArgs false`
UnifiedLean/Source/E8SCFG2BEOwnership.lean:50:69: warning: This simp argument is unused:
  optionalSpan

Hint: Omit it from the simp argument list.
  [apply] simp_all [sourceChildren, OriginGuard, RuleFamily, prefixSpan, OwnedIfBE, PartnerPair, primary, band,
    recursiveVP, List.mem_append, List.mem_cons, List.mem_singleton]

Note: This linter can be disabled with `set_option linter.unusedSimpArgs false`
UnifiedLean/Source/E8SCFG2BEOwnership.lean:51:47: warning: This simp argument is unused:
  recursiveVP

Hint: Omit it from the simp argument list.
  [apply] simp_all [sourceChildren, OriginGuard, RuleFamily, prefixSpan, optionalSpan, OwnedIfBE, PartnerPair, primary,
    band, List.mem_append, List.mem_cons, List.mem_singleton]

Note: This linter can be disabled with `set_option linter.unusedSimpArgs false`
UnifiedLean/Source/E8SCFG2BEOwnership.lean:51:60: warning: This simp argument is unused:
  List.mem_append

Hint: Omit it from the simp argument list.
  [apply] simp_all [sourceChildren, OriginGuard, RuleFamily, prefixSpan, optionalSpan, OwnedIfBE, PartnerPair, primary,
    band, recursiveVP, List.mem_cons, List.mem_singleton]

Note: This linter can be disabled with `set_option linter.unusedSimpArgs false`
UnifiedLean/Source/E8SCFG2BEOwnership.lean:51:92: warning: This simp argument is unused:
  List.mem_singleton

Hint: Omit it from the simp argument list.
  [apply] simp_all [sourceChildren, OriginGuard, RuleFamily, prefixSpan, optionalSpan, OwnedIfBE, PartnerPair, primary,
    band, recursiveVP, List.mem_append, List.mem_cons]

Note: This linter can be disabled with `set_option linter.unusedSimpArgs false`
UnifiedLean/Source/E8SCFG2BEOwnership.lean:58:28: warning: This simp argument is unused:
  primary

Hint: Omit it from the simp argument list.
  [apply] simp_all [band, recursiveVP, OwnedIfBE, PartnerPair]

Note: This linter can be disabled with `set_option linter.unusedSimpArgs false`
UnifiedLean/Source/E8SCFG2BEOwnership.lean:58:37: warning: This simp argument is unused:
  band

Hint: Omit it from the simp argument list.
  [apply] simp_all [primary, recursiveVP, OwnedIfBE, PartnerPair]

Note: This linter can be disabled with `set_option linter.unusedSimpArgs false`
UnifiedLean/Source/E8SCFG2BEOwnership.lean:58:43: warning: This simp argument is unused:
  recursiveVP

Hint: Omit it from the simp argument list.
  [apply] simp_all [primary, band, OwnedIfBE, PartnerPair]

Note: This linter can be disabled with `set_option linter.unusedSimpArgs false`
UnifiedLean/Source/E8SCFG2BEOwnership.lean:58:56: warning: This simp argument is unused:
  OwnedIfBE

Hint: Omit it from the simp argument list.
  [apply] simp_all [primary, band, recursiveVP, PartnerPair]

Note: This linter can be disabled with `set_option linter.unusedSimpArgs false`
UnifiedLean/Source/E8SCFG2BEOwnership.lean:58:67: warning: This simp argument is unused:
  PartnerPair

Hint: Omit it from the simp argument list.
  [apply] simp_all [primary, band, recursiveVP, OwnedIfBE]

Note: This linter can be disabled with `set_option linter.unusedSimpArgs false`
UnifiedLean/Source/E8SCFG2BEOwnership.lean:62:92: warning: This simp argument is unused:
  List.mem_singleton

Hint: Omit it from the simp argument list.
  [apply] simp_all [sourceChildren, OriginGuard, RuleFamily, prefixSpan, optionalSpan, OwnedIfBE, PartnerPair, primary,
    band, recursiveVP, List.mem_append, List.mem_cons]

Note: This linter can be disabled with `set_option linter.unusedSimpArgs false`
UnifiedLean/Source/E8SCFG2BEOwnership.lean:69:28: warning: This simp argument is unused:
  primary

Hint: Omit it from the simp argument list.
  [apply] simp_all [band, recursiveVP, OwnedIfBE, PartnerPair]

Note: This linter can be disabled with `set_option linter.unusedSimpArgs false`
UnifiedLean/Source/E8SCFG2BEOwnership.lean:69:37: warning: This simp argument is unused:
  band

Hint: Omit it from the simp argument list.
  [apply] simp_all [primary, recursiveVP, OwnedIfBE, PartnerPair]

Note: This linter can be disabled with `set_option linter.unusedSimpArgs false`
UnifiedLean/Source/E8SCFG2BEOwnership.lean:69:43: warning: This simp argument is unused:
  recursiveVP

Hint: Omit it from the simp argument list.
  [apply] simp_all [primary, band, OwnedIfBE, PartnerPair]

Note: This linter can be disabled with `set_option linter.unusedSimpArgs false`
UnifiedLean/Source/E8SCFG2BEOwnership.lean:69:56: warning: This simp argument is unused:
  OwnedIfBE

Hint: Omit it from the simp argument list.
  [apply] simp_all [primary, band, recursiveVP, PartnerPair]

Note: This linter can be disabled with `set_option linter.unusedSimpArgs false`
UnifiedLean/Source/E8SCFG2BEOwnership.lean:69:67: warning: This simp argument is unused:
  PartnerPair

Hint: Omit it from the simp argument list.
  [apply] simp_all [primary, band, recursiveVP, OwnedIfBE]

Note: This linter can be disabled with `set_option linter.unusedSimpArgs false`
UnifiedLean/Source/E8SCFG2BEOwnership.lean:70:14: warning: this tactic is never executed

Note: This linter can be disabled with `set_option linter.unreachableTactic false`
UnifiedLean/Source/E8SCFG2BEOwnership.lean:70:4: warning: Unused tactic linter: `all_goals aesop` does nothing

Note: This linter can be disabled with `set_option linter.unusedTactic false`
'UnifiedLean.Source.E8SCFG2BEOwnership.forward_key_owned' depends on axioms: [propext]
'UnifiedLean.Source.E8SCFG2BEOwnership.normalized_child_owned' depends on axioms: [propext,
 Classical.choice,
 Quot.sound]
'UnifiedLean.Source.E8SCFG2BEOwnership.tree_owned_from_origins' depends on axioms: [propext,
 Classical.choice,
 Quot.sound]
'UnifiedLean.Source.E8SCFG2BEOwnership.root_tree_be_owned' depends on axioms: [propext, Classical.choice, Quot.sound]
