{
  "all_nine_coordinates": [
    "h",
    "u",
    "v",
    "rA",
    "rB",
    "rC",
    "rAB",
    "rR",
    "g"
  ],
  "augmented_states": [],
  "details": {
    "checkpoint_sha256": "dd22349b6c722ece862d96d82872f8e642f7e3fe4e4ed262878999b6159fe0b6",
    "exclusions": 1,
    "inflight_pre_state_retained": false,
    "operations_recomputed": 2,
    "splits": 0
  },
  "export_is_enlargement_only": true,
  "mode": "normal_validated",
  "parameter_accuracy_released": false,
  "physical_cell_mesh": "0",
  "physical_cover": [],
  "physical_union_sup_diameter": null,
  "ranked_histories": null,
  "recommended_history": null,
  "request_sha256": "101d0d1c39d4ee6074fd4c796d07daf34c51a13437e05e5cb3ae729a19a3e156",
  "schema": "joint-nine-outer-cover-v1",
  "statistical_coverage_verified": false,
  "status": "EMPTY_COMPATIBLE_SET"
}
