/home/runner/work/_temp/g6-cloud-build/UnifiedLean/G6/ResidualProgram.lean:183:24: error: typeclass instance problem is stuck
  Fintype ?m.108

Note: Lean will not try to resolve this typeclass instance problem because the type argument to `Fintype` is a metavariable. This argument must be fully determined before Lean will try to resolve the typeclass.

Hint: Adding type annotations and supplying implicit arguments to functions can give Lean more information for typeclass resolution. For example, if you have a variable `x` that you intend to be a `Nat`, but Lean reports it as having an unresolved type like `?m`, replacing `x` with `(x : Nat)` can get typeclass resolution un-stuck.
/home/runner/work/_temp/g6-cloud-build/UnifiedLean/G6/ResidualProgram.lean:182:2: error: Alternative `boundary` has not been provided
/home/runner/work/_temp/g6-cloud-build/UnifiedLean/G6/ResidualProgram.lean:184:6: error: unexpected token '('; expected command
'UnifiedLean.G6.ResidualProgram.residualPMF' depends on axioms: [propext, Classical.choice, Quot.sound]
'UnifiedLean.G6.ResidualProgram.residualPMF_real' depends on axioms: [propext, Classical.choice, Quot.sound]
'UnifiedLean.G6.ResidualProgram.common_pmf_tv' depends on axioms: [propext, Classical.choice, Quot.sound]
'UnifiedLean.G6.ResidualProgram.actual_program_common_domination' depends on axioms: [propext,
 Classical.choice,
 Quot.sound]
'UnifiedLean.G6.ResidualProgram.residual_program_common_domination' depends on axioms: [propext,
 sorryAx,
 Classical.choice,
 Quot.sound]
'UnifiedLean.G6.ResidualProgram.history_common_domination' depends on axioms: [propext, Classical.choice, Quot.sound]
'UnifiedLean.G6.ResidualProgram.actual_history_common_domination' depends on axioms: [propext,
 Classical.choice,
 Quot.sound]
'UnifiedLean.G6.ResidualProgram.residual_history_common_domination' depends on axioms: [propext,
 sorryAx,
 Classical.choice,
 Quot.sound]
'UnifiedLean.G6.ResidualProgram.retained_past_joint_history_tv' depends on axioms: [propext,
 sorryAx,
 Classical.choice,
 Quot.sound]
'UnifiedLean.G6.ResidualProgram.retained_past_joint_history_tv_budget' depends on axioms: [propext,
 sorryAx,
 Classical.choice,
 Quot.sound]
