'UnifiedLean.Source.E8PaperGammaAdmission.cross_symmetric' depends on axioms: [propext]
'UnifiedLean.Source.E8PaperGammaAdmission.cross_irrefl' depends on axioms: [propext]
'UnifiedLean.Source.E8PaperGammaAdmission.cross_not_nested' depends on axioms: [propext, Quot.sound]
'UnifiedLean.Source.E8PaperGammaAdmission.endpoints_disjoint_symmetric' does not depend on any axioms
'UnifiedLean.Source.E8PaperGammaAdmission.secondary_union_of_fresh' depends on axioms: [propext,
 Classical.choice,
 Quot.sound]
'UnifiedLean.Source.E8PaperGammaAdmission.common_crossing_neighbor_iff' depends on axioms: [propext,
 Classical.choice,
 Quot.sound]
'UnifiedLean.Source.E8PaperGammaAdmission.bandCore_iff_mainBandCore' depends on axioms: [propext,
 Classical.choice,
 Quot.sound]
'UnifiedLean.Source.E8PaperGammaAdmission.nested_set_has_outer_pair' depends on axioms: [propext,
 Classical.choice,
 Quot.sound]
'UnifiedLean.Source.E8PaperGammaAdmission.band_coverage_is_outer_closed_span' depends on axioms: [propext,
 Classical.choice,
 Quot.sound]
'UnifiedLean.Source.E8PaperGammaAdmission.fresh_implies_pair_disjoint' depends on axioms: [propext,
 Classical.choice,
 Quot.sound]
'UnifiedLean.Source.E8PaperGammaAdmission.extension_recovered' depends on axioms: [propext,
 Classical.choice,
 Quot.sound]
'UnifiedLean.Source.E8PaperGammaAdmission.gamma_extension_unique' depends on axioms: [propext,
 Classical.choice,
 Quot.sound]
'UnifiedLean.Source.E8PaperGammaAdmission.gamma_secondary' depends on axioms: [propext, Classical.choice, Quot.sound]
'UnifiedLean.Source.E8PaperGammaAdmission.gamma_extension_planar' depends on axioms: [propext,
 Classical.choice,
 Quot.sound]
'UnifiedLean.Source.E8PaperGammaAdmission.paperWeight_nonnegative' depends on axioms: [propext,
 Classical.choice,
 Quot.sound]
'UnifiedLean.Source.E8PaperGammaAdmission.paperWeight_positive_iff' depends on axioms: [propext,
 Classical.choice,
 Quot.sound]
'UnifiedLean.Source.E8PaperGammaAdmission.paper_weight_zero_outside_positive' depends on axioms: [propext,
 Classical.choice,
 Quot.sound]
'UnifiedLean.Source.E8PaperGammaAdmission.sum_restrict_positive_paper' depends on axioms: [propext,
 Classical.choice,
 Quot.sound]
'UnifiedLean.Source.E8PaperGammaAdmission.generated_pairs_exclude_scaffold' depends on axioms: [propext,
 Classical.choice,
 Quot.sound]
'UnifiedLean.Source.E8PaperGammaAdmission.admitted_root_in_gamma' depends on axioms: [propext,
 Classical.choice,
 Quot.sound]
'UnifiedLean.Source.E8PaperGammaAdmission.admitted_rendered_root_in_gamma' depends on axioms: [propext,
 Classical.choice,
 Quot.sound]
'UnifiedLean.Source.E8PaperGammaAdmission.admitted_paper_weight_positive' depends on axioms: [propext,
 Classical.choice,
 Quot.sound]
'UnifiedLean.Source.E8PaperGammaAdmission.admittedPositiveOutput_bijective' depends on axioms: [propext,
 Classical.choice,
 Quot.sound]
'UnifiedLean.Source.E8PaperGammaAdmission.admitted_root_selected_class_probability' depends on axioms: [propext,
 Classical.choice,
 Quot.sound]
