G1BlobDegreeBalance.lean:41:0: warning: automatically included section variable(s) unused in theorem `G1BlobDegreeBalance.internal_out_disjoint`:
  [DecidableEq E]
consider restructuring your `variable` declarations so that the variables are not in scope or explicitly omit them:
  omit [DecidableEq E] in theorem ...

Note: This linter can be disabled with `set_option linter.unusedSectionVars false`
G1BlobDegreeBalance.lean:47:0: warning: automatically included section variable(s) unused in theorem `G1BlobDegreeBalance.internal_in_disjoint`:
  [DecidableEq E]
consider restructuring your `variable` declarations so that the variables are not in scope or explicitly omit them:
  omit [DecidableEq E] in theorem ...

Note: This linter can be disabled with `set_option linter.unusedSectionVars false`
G1BlobDegreeBalance.lean:53:0: warning: automatically included section variable(s) unused in theorem `G1BlobDegreeBalance.actual_blob_out_degree_count`:
  [DecidableEq E]
consider restructuring your `variable` declarations so that the variables are not in scope or explicitly omit them:
  omit [DecidableEq E] in theorem ...

Note: This linter can be disabled with `set_option linter.unusedSectionVars false`
G1BlobDegreeBalance.lean:59:0: warning: automatically included section variable(s) unused in theorem `G1BlobDegreeBalance.actual_blob_in_degree_count`:
  [DecidableEq E]
consider restructuring your `variable` declarations so that the variables are not in scope or explicitly omit them:
  omit [DecidableEq E] in theorem ...

Note: This linter can be disabled with `set_option linter.unusedSectionVars false`
G1BlobDegreeBalance.lean:79:0: warning: automatically included section variable(s) unused in theorem `G1BlobDegreeBalance.actual_blob_vertex_partition`:
  [DecidableEq E]
consider restructuring your `variable` declarations so that the variables are not in scope or explicitly omit them:
  omit [DecidableEq E] in theorem ...

Note: This linter can be disabled with `set_option linter.unusedSectionVars false`
G1BlobDegreeBalance.lean:84:0: warning: automatically included section variable(s) unused in theorem `G1BlobDegreeBalance.actual_tree_hybrid_disjoint`:
  [DecidableEq E]
consider restructuring your `variable` declarations so that the variables are not in scope or explicitly omit them:
  omit [DecidableEq E] in theorem ...

Note: This linter can be disabled with `set_option linter.unusedSectionVars false`
G1BlobDegreeBalance.lean:94:0: warning: automatically included section variable(s) unused in theorem `G1BlobDegreeBalance.actual_blob_tree_degrees`:
  [DecidableEq E]
consider restructuring your `variable` declarations so that the variables are not in scope or explicitly omit them:
  omit [DecidableEq E] in theorem ...

Note: This linter can be disabled with `set_option linter.unusedSectionVars false`
G1BlobDegreeBalance.lean:131:0: warning: automatically included section variable(s) unused in theorem `G1BlobDegreeBalance.actual_blob_vertices_nonempty`:
  [DecidableEq E]
consider restructuring your `variable` declarations so that the variables are not in scope or explicitly omit them:
  omit [DecidableEq E] in theorem ...

Note: This linter can be disabled with `set_option linter.unusedSectionVars false`
