/home/runner/work/_temp/g6-cloud-build/CompleteCalendarBinReadout.lean:122:0: warning: automatically included section variable(s) unused in theorem `CloudG3.CompleteCalendarBinReadout.complete_tag_decode_underlying`:
  [DecidableEq E]
consider restructuring your `variable` declarations so that the variables are not in scope or explicitly omit them:
  omit [DecidableEq E] in theorem ...

Note: This linter can be disabled with `set_option linter.unusedSectionVars false`
/home/runner/work/_temp/g6-cloud-build/CompleteCalendarBinReadout.lean:183:2: warning: Try this: 
  letI̵

The goal is a proposition, so `let` is preferred over `letI`.
The difference between `let` and `letI` is that `letI` inlines the value.
But this is not relevant for proofs because of proof irrelevance.

Note: This linter can be disabled with `set_option linter.style.haveILetI false`
'CloudG3.CompleteCalendarBinReadout.map_segment_matrix' depends on axioms: [propext, Classical.choice, Quot.sound]
'CloudG3.CompleteCalendarBinReadout.map_calendar_matrix' depends on axioms: [propext, Classical.choice, Quot.sound]
'CloudG3.CompleteCalendarBinReadout.map_complete_matrix' depends on axioms: [propext, Classical.choice, Quot.sound]
'CloudG3.CompleteCalendarBinReadout.actual_complete_tag_decoder' depends on axioms: [propext,
 Classical.choice,
 Quot.sound]
'CloudG3.CompleteCalendarBinReadout.complete_tag_decode_underlying' depends on axioms: [propext,
 Classical.choice,
 Quot.sound]
'CloudG3.CompleteCalendarBinReadout.calendar_binned_matrix_measurable' depends on axioms: [propext,
 Classical.choice,
 Quot.sound]
'CloudG3.CompleteCalendarBinReadout.calendar_joint_bin_readout_measurable' depends on axioms: [propext,
 Classical.choice,
 Quot.sound]
'CloudG3.CompleteCalendarBinReadout.calendar_joint_probability' depends on axioms: [propext,
 Classical.choice,
 Quot.sound]
'CloudG3.CompleteCalendarBinReadout.complete_binned_matrix_measurable' depends on axioms: [propext,
 Classical.choice,
 Quot.sound]
'CloudG3.CompleteCalendarBinReadout.complete_joint_bin_readout_measurable' depends on axioms: [propext,
 Classical.choice,
 Quot.sound]
