{
  "augmented_states": [
    {
      "birth_order": 7,
      "id": "r000",
      "root_prefix": false,
      "stage_index": 6,
      "state": {
        "aux": {
          "A": [
            "1/16",
            "55108963661/549755813888"
          ],
          "L": [
            "1/16",
            "106648571213/549755813888"
          ],
          "T": [
            "3/32",
            "123828440397/549755813888"
          ]
        },
        "moments": {
          "AA1": [
            "36998497306592627875/73786976294838206464",
            "37873965797911041841/73786976294838206464"
          ],
          "AB1": [
            "14862664407219121833/36893488147419103232",
            "16044873086328809351/36893488147419103232"
          ],
          "AB2": [
            "13544941810605387849/73786976294838206464",
            "7990701125530068679/36893488147419103232"
          ],
          "AC1": [
            "3324861319242793233/9223372036854775808",
            "29187432658896952957/73786976294838206464"
          ],
          "AC2": [
            "10732779193711528159/73786976294838206464",
            "13134537873423648919/73786976294838206464"
          ],
          "BB1": [
            "9331581184910221681/18446744073709551616",
            "18876673704749892639/36893488147419103232"
          ],
          "BC1": [
            "7632221344217064173/18446744073709551616",
            "31739202424572796235/73786976294838206464"
          ],
          "BC2": [
            "14694700847278722055/73786976294838206464",
            "15871163417601597641/73786976294838206464"
          ],
          "CC1": [
            "10548534995588816771/18446744073709551616",
            "21860340094381166491/36893488147419103232"
          ]
        },
        "physical": {
          "g": [
            "1/6",
            "2/3"
          ],
          "h": [
            "1/32",
            "37929094477/549755813888"
          ],
          "rA": [
            "1/2",
            "6"
          ],
          "rAB": [
            "1/2",
            "13/4"
          ],
          "rB": [
            "1/2",
            "6"
          ],
          "rC": [
            "9047145507/8589934592",
            "213998787444908833977/36893488147419103232"
          ],
          "rR": [
            "10589200085/4294967296",
            "6"
          ],
          "u": [
            "1/32",
            "37929094477/549755813888"
          ],
          "v": [
            "1/32",
            "1/8"
          ]
        }
      },
      "status": "AB_budget_or_depth_unresolved"
    },
    {
      "birth_order": 8,
      "id": "r001",
      "root_prefix": false,
      "stage_index": 6,
      "state": {
        "aux": {
          "A": [
            "55108963661/549755813888",
            "37929094477/274877906944"
          ],
          "L": [
            "1/16",
            "29339159885/137438953472"
          ],
          "T": [
            "72288832845/549755813888",
            "33634127181/137438953472"
          ]
        },
        "moments": {
          "AA1": [
            "36998497306592627875/73786976294838206464",
            "37873965797911041841/73786976294838206464"
          ],
          "AB1": [
            "14862664407219121833/36893488147419103232",
            "16044873086328809351/36893488147419103232"
          ],
          "AB2": [
            "13544941810605387849/73786976294838206464",
            "7990701125530068679/36893488147419103232"
          ],
          "AC1": [
            "3324861319242793233/9223372036854775808",
            "29187432658896952957/73786976294838206464"
          ],
          "AC2": [
            "10732779193711528159/73786976294838206464",
            "13134537873423648919/73786976294838206464"
          ],
          "BB1": [
            "9331581184910221681/18446744073709551616",
            "18876673704749892639/36893488147419103232"
          ],
          "BC1": [
            "7632221344217064173/18446744073709551616",
            "31739202424572796235/73786976294838206464"
          ],
          "BC2": [
            "14694700847278722055/73786976294838206464",
            "15871163417601597641/73786976294838206464"
          ],
          "CC1": [
            "10548534995588816771/18446744073709551616",
            "21860340094381166491/36893488147419103232"
          ]
        },
        "physical": {
          "g": [
            "1/6",
            "2/3"
          ],
          "h": [
            "1/32",
            "29339159885/274877906944"
          ],
          "rA": [
            "1/2",
            "6"
          ],
          "rAB": [
            "1/2",
            "13/4"
          ],
          "rB": [
            "1/2",
            "6"
          ],
          "rC": [
            "9047145507/8589934592",
            "213998787444908833977/36893488147419103232"
          ],
          "rR": [
            "10589200085/4294967296",
            "6"
          ],
          "u": [
            "1/32",
            "29339159885/274877906944"
          ],
          "v": [
            "1/32",
            "1/8"
          ]
        }
      },
      "status": "AB_budget_or_depth_unresolved"
    },
    {
      "birth_order": 9,
      "id": "r010",
      "root_prefix": false,
      "stage_index": 6,
      "state": {
        "aux": {
          "A": [
            "1/16",
            "55108963661/549755813888"
          ],
          "L": [
            "1/16",
            "106648571213/549755813888"
          ],
          "T": [
            "3/32",
            "123828440397/549755813888"
          ]
        },
        "moments": {
          "AA1": [
            "36998497306592627875/73786976294838206464",
            "37873965797911041841/73786976294838206464"
          ],
          "AB1": [
            "14862664407219121833/36893488147419103232",
            "16044873086328809351/36893488147419103232"
          ],
          "AB2": [
            "13544941810605387849/73786976294838206464",
            "7990701125530068679/36893488147419103232"
          ],
          "AC1": [
            "3324861319242793233/9223372036854775808",
            "29187432658896952957/73786976294838206464"
          ],
          "AC2": [
            "10732779193711528159/73786976294838206464",
            "13134537873423648919/73786976294838206464"
          ],
          "BB1": [
            "9331581184910221681/18446744073709551616",
            "18876673704749892639/36893488147419103232"
          ],
          "BC1": [
            "7632221344217064173/18446744073709551616",
            "31739202424572796235/73786976294838206464"
          ],
          "BC2": [
            "14694700847278722055/73786976294838206464",
            "15871163417601597641/73786976294838206464"
          ],
          "CC1": [
            "10548534995588816771/18446744073709551616",
            "21860340094381166491/36893488147419103232"
          ]
        },
        "physical": {
          "g": [
            "1/6",
            "2/3"
          ],
          "h": [
            "1/32",
            "37929094477/549755813888"
          ],
          "rA": [
            "1/2",
            "6"
          ],
          "rAB": [
            "13/4",
            "6"
          ],
          "rB": [
            "1/2",
            "6"
          ],
          "rC": [
            "9047145507/8589934592",
            "213998787444908833977/36893488147419103232"
          ],
          "rR": [
            "10589200085/4294967296",
            "6"
          ],
          "u": [
            "1/32",
            "37929094477/549755813888"
          ],
          "v": [
            "1/32",
            "1/8"
          ]
        }
      },
      "status": "AB_budget_or_depth_unresolved"
    },
    {
      "birth_order": 10,
      "id": "r011",
      "root_prefix": false,
      "stage_index": 6,
      "state": {
        "aux": {
          "A": [
            "55108963661/549755813888",
            "37929094477/274877906944"
          ],
          "L": [
            "1/16",
            "29339159885/137438953472"
          ],
          "T": [
            "72288832845/549755813888",
            "33634127181/137438953472"
          ]
        },
        "moments": {
          "AA1": [
            "36998497306592627875/73786976294838206464",
            "37873965797911041841/73786976294838206464"
          ],
          "AB1": [
            "14862664407219121833/36893488147419103232",
            "16044873086328809351/36893488147419103232"
          ],
          "AB2": [
            "13544941810605387849/73786976294838206464",
            "7990701125530068679/36893488147419103232"
          ],
          "AC1": [
            "3324861319242793233/9223372036854775808",
            "29187432658896952957/73786976294838206464"
          ],
          "AC2": [
            "10732779193711528159/73786976294838206464",
            "13134537873423648919/73786976294838206464"
          ],
          "BB1": [
            "9331581184910221681/18446744073709551616",
            "18876673704749892639/36893488147419103232"
          ],
          "BC1": [
            "7632221344217064173/18446744073709551616",
            "31739202424572796235/73786976294838206464"
          ],
          "BC2": [
            "14694700847278722055/73786976294838206464",
            "15871163417601597641/73786976294838206464"
          ],
          "CC1": [
            "10548534995588816771/18446744073709551616",
            "21860340094381166491/36893488147419103232"
          ]
        },
        "physical": {
          "g": [
            "1/6",
            "2/3"
          ],
          "h": [
            "1/32",
            "29339159885/274877906944"
          ],
          "rA": [
            "1/2",
            "6"
          ],
          "rAB": [
            "13/4",
            "6"
          ],
          "rB": [
            "1/2",
            "6"
          ],
          "rC": [
            "9047145507/8589934592",
            "213998787444908833977/36893488147419103232"
          ],
          "rR": [
            "10589200085/4294967296",
            "6"
          ],
          "u": [
            "1/32",
            "29339159885/274877906944"
          ],
          "v": [
            "1/32",
            "1/8"
          ]
        }
      },
      "status": "AB_budget_or_depth_unresolved"
    },
    {
      "birth_order": 11,
      "id": "r100",
      "root_prefix": false,
      "stage_index": 6,
      "state": {
        "aux": {
          "A": [
            "37929094477/274877906944",
            "96607414247/549755813888"
          ],
          "L": [
            "1/16",
            "29339159885/137438953472"
          ],
          "T": [
            "46519029069/274877906944",
            "33634127181/137438953472"
          ]
        },
        "moments": {
          "AA1": [
            "36998497306592627875/73786976294838206464",
            "37873965797911041841/73786976294838206464"
          ],
          "AB1": [
            "14862664407219121833/36893488147419103232",
            "16044873086328809351/36893488147419103232"
          ],
          "AB2": [
            "13544941810605387849/73786976294838206464",
            "7990701125530068679/36893488147419103232"
          ],
          "AC1": [
            "3324861319242793233/9223372036854775808",
            "29187432658896952957/73786976294838206464"
          ],
          "AC2": [
            "10732779193711528159/73786976294838206464",
            "13134537873423648919/73786976294838206464"
          ],
          "BB1": [
            "9331581184910221681/18446744073709551616",
            "18876673704749892639/36893488147419103232"
          ],
          "BC1": [
            "7632221344217064173/18446744073709551616",
            "31739202424572796235/73786976294838206464"
          ],
          "BC2": [
            "14694700847278722055/73786976294838206464",
            "15871163417601597641/73786976294838206464"
          ],
          "CC1": [
            "10548534995588816771/18446744073709551616",
            "21860340094381166491/36893488147419103232"
          ]
        },
        "physical": {
          "g": [
            "1/6",
            "2/3"
          ],
          "h": [
            "1/32",
            "1/8"
          ],
          "rA": [
            "1/2",
            "103374864987318654266602535027/19807040628566084398385987584"
          ],
          "rAB": [
            "1/2",
            "13/4"
          ],
          "rB": [
            "1/2",
            "6"
          ],
          "rC": [
            "9047145507/8589934592",
            "213998787444908833977/36893488147419103232"
          ],
          "rR": [
            "10589200085/4294967296",
            "6"
          ],
          "u": [
            "1/32",
            "1/8"
          ],
          "v": [
            "1/32",
            "29339159885/274877906944"
          ]
        }
      },
      "status": "AB_budget_or_depth_unresolved"
    },
    {
      "birth_order": 12,
      "id": "r101",
      "root_prefix": false,
      "stage_index": 6,
      "state": {
        "aux": {
          "A": [
            "96607414247/549755813888",
            "29339159885/137438953472"
          ],
          "L": [
            "45067806695/549755813888",
            "106648571213/549755813888"
          ],
          "T": [
            "113787283431/549755813888",
            "33634127181/137438953472"
          ]
        },
        "moments": {
          "AA1": [
            "36998497306592627875/73786976294838206464",
            "37873965797911041841/73786976294838206464"
          ],
          "AB1": [
            "14862664407219121833/36893488147419103232",
            "16044873086328809351/36893488147419103232"
          ],
          "AB2": [
            "13544941810605387849/73786976294838206464",
            "7990701125530068679/36893488147419103232"
          ],
          "AC1": [
            "3324861319242793233/9223372036854775808",
            "29187432658896952957/73786976294838206464"
          ],
          "AC2": [
            "10732779193711528159/73786976294838206464",
            "212218581891102854072827/1208925819614629174706176"
          ],
          "BB1": [
            "9331581184910221681/18446744073709551616",
            "18876673704749892639/36893488147419103232"
          ],
          "BC1": [
            "7632221344217064173/18446744073709551616",
            "31739202424572796235/73786976294838206464"
          ],
          "BC2": [
            "14694700847278722055/73786976294838206464",
            "15871163417601597641/73786976294838206464"
          ],
          "CC1": [
            "10548534995588816771/18446744073709551616",
            "21860340094381166491/36893488147419103232"
          ]
        },
        "physical": {
          "g": [
            "1/6",
            "2/3"
          ],
          "h": [
            "27887937511/549755813888",
            "1/8"
          ],
          "rA": [
            "1/2",
            "166123325689119078478072062457/39614081257132168796771975168"
          ],
          "rAB": [
            "1/2",
            "13/4"
          ],
          "rB": [
            "1/2",
            "6"
          ],
          "rC": [
            "9047145507/8589934592",
            "213998787444908833977/36893488147419103232"
          ],
          "rR": [
            "10589200085/4294967296",
            "6"
          ],
          "u": [
            "27887937511/549755813888",
            "1/8"
          ],
          "v": [
            "1/32",
            "37929094477/549755813888"
          ]
        }
      },
      "status": "AB_budget_or_depth_unresolved"
    },
    {
      "birth_order": 13,
      "id": "r110",
      "root_prefix": false,
      "stage_index": 6,
      "state": {
        "aux": {
          "A": [
            "37929094477/274877906944",
            "96607414247/549755813888"
          ],
          "L": [
            "1/16",
            "29339159885/137438953472"
          ],
          "T": [
            "46519029069/274877906944",
            "33634127181/137438953472"
          ]
        },
        "moments": {
          "AA1": [
            "36998497306592627875/73786976294838206464",
            "37873965797911041841/73786976294838206464"
          ],
          "AB1": [
            "14862664407219121833/36893488147419103232",
            "16044873086328809351/36893488147419103232"
          ],
          "AB2": [
            "13544941810605387849/73786976294838206464",
            "7990701125530068679/36893488147419103232"
          ],
          "AC1": [
            "3324861319242793233/9223372036854775808",
            "29187432658896952957/73786976294838206464"
          ],
          "AC2": [
            "10732779193711528159/73786976294838206464",
            "13134537873423648919/73786976294838206464"
          ],
          "BB1": [
            "9331581184910221681/18446744073709551616",
            "18876673704749892639/36893488147419103232"
          ],
          "BC1": [
            "7632221344217064173/18446744073709551616",
            "31739202424572796235/73786976294838206464"
          ],
          "BC2": [
            "14694700847278722055/73786976294838206464",
            "15871163417601597641/73786976294838206464"
          ],
          "CC1": [
            "10548534995588816771/18446744073709551616",
            "21860340094381166491/36893488147419103232"
          ]
        },
        "physical": {
          "g": [
            "1/6",
            "2/3"
          ],
          "h": [
            "1/32",
            "1/8"
          ],
          "rA": [
            "1/2",
            "102729462693843159482356761611/19807040628566084398385987584"
          ],
          "rAB": [
            "13/4",
            "6"
          ],
          "rB": [
            "1/2",
            "6"
          ],
          "rC": [
            "9047145507/8589934592",
            "213998787444908833977/36893488147419103232"
          ],
          "rR": [
            "10589200085/4294967296",
            "6"
          ],
          "u": [
            "1/32",
            "1/8"
          ],
          "v": [
            "1/32",
            "29339159885/274877906944"
          ]
        }
      },
      "status": "AB_budget_or_depth_unresolved"
    },
    {
      "birth_order": 14,
      "id": "r111",
      "root_prefix": false,
      "stage_index": 6,
      "state": {
        "aux": {
          "A": [
            "96607414247/549755813888",
            "29339159885/137438953472"
          ],
          "L": [
            "45067806695/549755813888",
            "106648571213/549755813888"
          ],
          "T": [
            "113787283431/549755813888",
            "33634127181/137438953472"
          ]
        },
        "moments": {
          "AA1": [
            "36998497306592627875/73786976294838206464",
            "37873965797911041841/73786976294838206464"
          ],
          "AB1": [
            "14862664407219121833/36893488147419103232",
            "16044873086328809351/36893488147419103232"
          ],
          "AB2": [
            "13544941810605387849/73786976294838206464",
            "7990701125530068679/36893488147419103232"
          ],
          "AC1": [
            "3324861319242793233/9223372036854775808",
            "29187432658896952957/73786976294838206464"
          ],
          "AC2": [
            "10732779193711528159/73786976294838206464",
            "212218581891102854072827/1208925819614629174706176"
          ],
          "BB1": [
            "9331581184910221681/18446744073709551616",
            "18876673704749892639/36893488147419103232"
          ],
          "BC1": [
            "7632221344217064173/18446744073709551616",
            "31739202424572796235/73786976294838206464"
          ],
          "BC2": [
            "14694700847278722055/73786976294838206464",
            "15871163417601597641/73786976294838206464"
          ],
          "CC1": [
            "10548534995588816771/18446744073709551616",
            "21860340094381166491/36893488147419103232"
          ]
        },
        "physical": {
          "g": [
            "1/6",
            "2/3"
          ],
          "h": [
            "27887937511/549755813888",
            "1/8"
          ],
          "rA": [
            "1/2",
            "20403238598080627898117356751/4951760157141521099596496896"
          ],
          "rAB": [
            "13/4",
            "6"
          ],
          "rB": [
            "1/2",
            "6"
          ],
          "rC": [
            "9047145507/8589934592",
            "213998787444908833977/36893488147419103232"
          ],
          "rR": [
            "10589200085/4294967296",
            "6"
          ],
          "u": [
            "27887937511/549755813888",
            "1/8"
          ],
          "v": [
            "1/32",
            "37929094477/549755813888"
          ]
        }
      },
      "status": "AB_budget_or_depth_unresolved"
    }
  ],
  "details": {
    "authenticated_journal_bytes": 3771661,
    "complete_numeric_replay": true,
    "cross_process_cache_reused": false,
    "exclusions": 0,
    "final_commit_sha256": "b7660bc077a60f16f9ff4d79c7ae8537abcfc92a65bc3c2034b07d5ddc32cf01",
    "inflight_pre_state_retained": false,
    "journal_frames": 206,
    "resource_limited": false,
    "splits": 7,
    "stages_recomputed": 95,
    "stages_started": 95
  },
  "diagnostic_union_width_target_observed": false,
  "mode": "normal_validated",
  "model": "fixed-six-copy-clock-jc-nine-v1",
  "nonempty_cover": true,
  "parameter_accuracy_released": false,
  "physical_cover": [
    {
      "box": {
        "g": [
          "1/6",
          "2/3"
        ],
        "h": [
          "1/32",
          "37929094477/549755813888"
        ],
        "rA": [
          "1/2",
          "6"
        ],
        "rAB": [
          "1/2",
          "13/4"
        ],
        "rB": [
          "1/2",
          "6"
        ],
        "rC": [
          "9047145507/8589934592",
          "213998787444908833977/36893488147419103232"
        ],
        "rR": [
          "10589200085/4294967296",
          "6"
        ],
        "u": [
          "1/32",
          "37929094477/549755813888"
        ],
        "v": [
          "1/32",
          "1/8"
        ]
      },
      "id": "r000"
    },
    {
      "box": {
        "g": [
          "1/6",
          "2/3"
        ],
        "h": [
          "1/32",
          "29339159885/274877906944"
        ],
        "rA": [
          "1/2",
          "6"
        ],
        "rAB": [
          "1/2",
          "13/4"
        ],
        "rB": [
          "1/2",
          "6"
        ],
        "rC": [
          "9047145507/8589934592",
          "213998787444908833977/36893488147419103232"
        ],
        "rR": [
          "10589200085/4294967296",
          "6"
        ],
        "u": [
          "1/32",
          "29339159885/274877906944"
        ],
        "v": [
          "1/32",
          "1/8"
        ]
      },
      "id": "r001"
    },
    {
      "box": {
        "g": [
          "1/6",
          "2/3"
        ],
        "h": [
          "1/32",
          "37929094477/549755813888"
        ],
        "rA": [
          "1/2",
          "6"
        ],
        "rAB": [
          "13/4",
          "6"
        ],
        "rB": [
          "1/2",
          "6"
        ],
        "rC": [
          "9047145507/8589934592",
          "213998787444908833977/36893488147419103232"
        ],
        "rR": [
          "10589200085/4294967296",
          "6"
        ],
        "u": [
          "1/32",
          "37929094477/549755813888"
        ],
        "v": [
          "1/32",
          "1/8"
        ]
      },
      "id": "r010"
    },
    {
      "box": {
        "g": [
          "1/6",
          "2/3"
        ],
        "h": [
          "1/32",
          "29339159885/274877906944"
        ],
        "rA": [
          "1/2",
          "6"
        ],
        "rAB": [
          "13/4",
          "6"
        ],
        "rB": [
          "1/2",
          "6"
        ],
        "rC": [
          "9047145507/8589934592",
          "213998787444908833977/36893488147419103232"
        ],
        "rR": [
          "10589200085/4294967296",
          "6"
        ],
        "u": [
          "1/32",
          "29339159885/274877906944"
        ],
        "v": [
          "1/32",
          "1/8"
        ]
      },
      "id": "r011"
    },
    {
      "box": {
        "g": [
          "1/6",
          "2/3"
        ],
        "h": [
          "1/32",
          "1/8"
        ],
        "rA": [
          "1/2",
          "103374864987318654266602535027/19807040628566084398385987584"
        ],
        "rAB": [
          "1/2",
          "13/4"
        ],
        "rB": [
          "1/2",
          "6"
        ],
        "rC": [
          "9047145507/8589934592",
          "213998787444908833977/36893488147419103232"
        ],
        "rR": [
          "10589200085/4294967296",
          "6"
        ],
        "u": [
          "1/32",
          "1/8"
        ],
        "v": [
          "1/32",
          "29339159885/274877906944"
        ]
      },
      "id": "r100"
    },
    {
      "box": {
        "g": [
          "1/6",
          "2/3"
        ],
        "h": [
          "27887937511/549755813888",
          "1/8"
        ],
        "rA": [
          "1/2",
          "166123325689119078478072062457/39614081257132168796771975168"
        ],
        "rAB": [
          "1/2",
          "13/4"
        ],
        "rB": [
          "1/2",
          "6"
        ],
        "rC": [
          "9047145507/8589934592",
          "213998787444908833977/36893488147419103232"
        ],
        "rR": [
          "10589200085/4294967296",
          "6"
        ],
        "u": [
          "27887937511/549755813888",
          "1/8"
        ],
        "v": [
          "1/32",
          "37929094477/549755813888"
        ]
      },
      "id": "r101"
    },
    {
      "box": {
        "g": [
          "1/6",
          "2/3"
        ],
        "h": [
          "1/32",
          "1/8"
        ],
        "rA": [
          "1/2",
          "102729462693843159482356761611/19807040628566084398385987584"
        ],
        "rAB": [
          "13/4",
          "6"
        ],
        "rB": [
          "1/2",
          "6"
        ],
        "rC": [
          "9047145507/8589934592",
          "213998787444908833977/36893488147419103232"
        ],
        "rR": [
          "10589200085/4294967296",
          "6"
        ],
        "u": [
          "1/32",
          "1/8"
        ],
        "v": [
          "1/32",
          "29339159885/274877906944"
        ]
      },
      "id": "r110"
    },
    {
      "box": {
        "g": [
          "1/6",
          "2/3"
        ],
        "h": [
          "27887937511/549755813888",
          "1/8"
        ],
        "rA": [
          "1/2",
          "20403238598080627898117356751/4951760157141521099596496896"
        ],
        "rAB": [
          "13/4",
          "6"
        ],
        "rB": [
          "1/2",
          "6"
        ],
        "rC": [
          "9047145507/8589934592",
          "213998787444908833977/36893488147419103232"
        ],
        "rR": [
          "10589200085/4294967296",
          "6"
        ],
        "u": [
          "27887937511/549755813888",
          "1/8"
        ],
        "v": [
          "1/32",
          "37929094477/549755813888"
        ]
      },
      "id": "r111"
    }
  ],
  "ranked_histories": null,
  "raw_feature_order": [
    "AC1",
    "AC2",
    "CC1",
    "BC1",
    "BC2",
    "AB1",
    "AB2",
    "AA1",
    "BB1"
  ],
  "recommended_history": null,
  "request_sha256": "8cd369c0bd5af54350b4672e852494d6d191141bc009d9274b1e0a0103d1aec5",
  "schema": "global-triangular-outer-cover-v1",
  "source_feasibility_certified": false,
  "statistical_coverage_verified": false,
  "status": "UNKNOWN_OUTER_COVER",
  "whole_union_width_target_met": false,
  "width_certificate_is_conditional_geometry_only": true,
  "widths": {
    "g": {
      "met": false,
      "normalized_ratio": "1",
      "original": "1/2",
      "pre_fixed": false,
      "tolerance": "1/40",
      "width": "1/2"
    },
    "h": {
      "met": false,
      "normalized_ratio": "1",
      "original": "3/32",
      "pre_fixed": false,
      "tolerance": "3/640",
      "width": "3/32"
    },
    "rA": {
      "met": false,
      "normalized_ratio": "1",
      "original": "11/2",
      "pre_fixed": false,
      "tolerance": "11/40",
      "width": "11/2"
    },
    "rAB": {
      "met": false,
      "normalized_ratio": "1",
      "original": "11/2",
      "pre_fixed": false,
      "tolerance": "11/40",
      "width": "11/2"
    },
    "rB": {
      "met": false,
      "normalized_ratio": "1",
      "original": "11/2",
      "pre_fixed": false,
      "tolerance": "11/40",
      "width": "11/2"
    },
    "rC": {
      "met": false,
      "normalized_ratio": "15921963033653681355/18446744073709551616",
      "original": "11/2",
      "pre_fixed": false,
      "tolerance": "11/40",
      "width": "175141593370190494905/36893488147419103232"
    },
    "rR": {
      "met": false,
      "normalized_ratio": "1380054881/2147483648",
      "original": "11/2",
      "pre_fixed": false,
      "tolerance": "11/40",
      "width": "15180603691/4294967296"
    },
    "u": {
      "met": false,
      "normalized_ratio": "1",
      "original": "3/32",
      "pre_fixed": false,
      "tolerance": "3/640",
      "width": "3/32"
    },
    "v": {
      "met": false,
      "normalized_ratio": "1",
      "original": "3/32",
      "pre_fixed": false,
      "tolerance": "3/640",
      "width": "3/32"
    }
  }
}
