{
  "certificate_issued": false,
  "checkpoint": "state-000205-b7660bc077a60f16f9ff4d79c7ae8537abcfc92a65bc3c2034b07d5ddc32cf01.json",
  "requires_independent_complete_chain_replay": true,
  "schema": "global-triangular-worker-outcome-v1",
  "splits": 7,
  "stages_started": 95,
  "stop_reason": "no_pending_states",
  "whole_union_width_goal_observed": false,
  "widths": {
    "g": {
      "met": false,
      "normalized_ratio": "1",
      "original": "1/2",
      "pre_fixed": false,
      "tolerance": "1/40",
      "width": "1/2"
    },
    "h": {
      "met": false,
      "normalized_ratio": "1",
      "original": "3/32",
      "pre_fixed": false,
      "tolerance": "3/640",
      "width": "3/32"
    },
    "rA": {
      "met": false,
      "normalized_ratio": "1",
      "original": "11/2",
      "pre_fixed": false,
      "tolerance": "11/40",
      "width": "11/2"
    },
    "rAB": {
      "met": false,
      "normalized_ratio": "1",
      "original": "11/2",
      "pre_fixed": false,
      "tolerance": "11/40",
      "width": "11/2"
    },
    "rB": {
      "met": false,
      "normalized_ratio": "1",
      "original": "11/2",
      "pre_fixed": false,
      "tolerance": "11/40",
      "width": "11/2"
    },
    "rC": {
      "met": false,
      "normalized_ratio": "15921963033653681355/18446744073709551616",
      "original": "11/2",
      "pre_fixed": false,
      "tolerance": "11/40",
      "width": "175141593370190494905/36893488147419103232"
    },
    "rR": {
      "met": false,
      "normalized_ratio": "1380054881/2147483648",
      "original": "11/2",
      "pre_fixed": false,
      "tolerance": "11/40",
      "width": "15180603691/4294967296"
    },
    "u": {
      "met": false,
      "normalized_ratio": "1",
      "original": "3/32",
      "pre_fixed": false,
      "tolerance": "3/640",
      "width": "3/32"
    },
    "v": {
      "met": false,
      "normalized_ratio": "1",
      "original": "3/32",
      "pre_fixed": false,
      "tolerance": "3/640",
      "width": "3/32"
    }
  }
}
