{
  "admission_classification": "protocol_fixture",
  "admission_sha256": "4104d2a99744a5e04f52b589e0820f808cec75e70c922c745782de4aef7bff94",
  "analysis_request_sha256": "d348a935da6774278ebf8f93e4a684ff591d7e6d8a3ab7ac104bc84a424575c7",
  "confidence_sha256": "478e05833be418dac0c39d84a2f9c717340f518c25444877cd9cfc47923c4fc3",
  "data_confidence_certificate_issued": false,
  "dataset_sha256": "00fd3b232a9a6bf48d0beae5b300e68201e6b67a15422514ccd7fb5685e43fbd",
  "extraction_sha256": "ca68efb8574a46327dd38d792bca25dafae0e69efaa5fdfad84ccad18a3d0000",
  "extractor_sha256": "11ffc6cbddf3b1e71f2780a61bffe523376b854641c18583734d040f51c32a27",
  "inverse_request_sha256": "e4395d61fdad7a462ddc6e14abb97c04250cff9eaeb81a75cc097b5317248da7",
  "provider_manifest_sha256": "f156c3f82fee8a85bafe6671adb4ed00e6661695018db1e295b28ffeeae87e4e",
  "ranked_histories": null,
  "recommended_history": null,
  "schema": "phased-confidence-preparation-v1",
  "scientific_premises": {
    "A1": "not_asserted_protocol_fixture",
    "A2": "not_asserted_protocol_fixture",
    "A3": "not_asserted_protocol_fixture",
    "A4": "not_asserted_protocol_fixture",
    "A5": "not_asserted_protocol_fixture",
    "A6": "not_asserted_protocol_fixture"
  },
  "status": "COMPLETE_PROTOCOL_PREPARATION",
  "trusted_registry_sha256": "bb75317a350a2d8d24d629154da48cc6d04796dc7e2a8c787fc71a39cf1de860"
}
