ordinary-current-targets exit 0 seconds 3.537
exact-kernel-guard-reuse NanuqActualBridgeQuartetResolution
exact-kernel-guard-reuse NanuqActualQuartetPortBranching
exact-kernel-guard-reuse NanuqCutWalkLocality
exact-kernel-guard-reuse NanuqActualPortCutFibre
exact-kernel-guard-reuse NanuqActualQuartetCutLocality
exact-kernel-guard-reuse NanuqActualQuartetCutLocalization
exact-kernel-guard-reuse NanuqActualFourPortInvariance
exact-kernel-guard-reuse NanuqActualBlobInternalPaths
exact-kernel-guard-reuse NanuqActualSelectedBlobGraph
exact-kernel-guard-reuse NanuqActualBlobSwitchingRestriction
exact-kernel-guard-reuse NanuqActualPortLeafCap
exact-kernel-guard-reuse NanuqActualCappedBlobCutReadout
exact-kernel-guard-reuse NanuqActualCappedQuartetReadout
exact-kernel-guard-reuse NanuqEdgeOccurrenceReadoutEquiv
exact-kernel-guard-reuse NanuqActualLocalChoiceCapGraph
exact-kernel-guard-reuse NanuqActualLocalChoiceQuartetMean
exact-kernel-guard-reuse NanuqActualRootedCapBoundary
exact-kernel-guard-reuse NanuqActualRootedCapIncidence
exact-kernel-guard-reuse NanuqActualRootedCapDegrees
exact-kernel-guard-reuse NanuqActualRootedCapPaths
exact-kernel-guard-reuse NanuqActualRootedCapAdmission
exact-kernel-guard-reuse NanuqActualPortCardinality
exact-kernel-guard-reuse NanuqActualRootedCapSwitching
guard-NanuqActualRootedCapReadout exit 0 seconds 2.866
audit-Owned exit 0 seconds 2.956
Owned 285 223
audit-Closure exit 0 seconds 2.9
Closure 874 627
audit-GuardedOwned exit 0 seconds 2.917
GuardedOwned 285 223
audit-GuardedClosure exit 0 seconds 3.145
GuardedClosure 874 627
default-current-after-guards exit 0 seconds 1.156
TWENTYFOUR_CERTIFICATION_TERMINAL_PASS
