ordinary-current-targets exit 0 seconds 2.919
exact-kernel-guard-reuse NanuqActualBridgeQuartetResolution
exact-kernel-guard-reuse NanuqActualQuartetPortBranching
exact-kernel-guard-reuse NanuqCutWalkLocality
exact-kernel-guard-reuse NanuqActualPortCutFibre
exact-kernel-guard-reuse NanuqActualQuartetCutLocality
exact-kernel-guard-reuse NanuqActualQuartetCutLocalization
exact-kernel-guard-reuse NanuqActualFourPortInvariance
exact-kernel-guard-reuse NanuqActualBlobInternalPaths
exact-kernel-guard-reuse NanuqActualSelectedBlobGraph
exact-kernel-guard-reuse NanuqActualBlobSwitchingRestriction
exact-kernel-guard-reuse NanuqActualPortLeafCap
exact-kernel-guard-reuse NanuqActualCappedBlobCutReadout
exact-kernel-guard-reuse NanuqActualCappedQuartetReadout
exact-kernel-guard-reuse NanuqEdgeOccurrenceReadoutEquiv
exact-kernel-guard-reuse NanuqActualLocalChoiceCapGraph
exact-kernel-guard-reuse NanuqActualLocalChoiceQuartetMean
exact-kernel-guard-reuse NanuqActualRootedCapBoundary
exact-kernel-guard-reuse NanuqActualRootedCapIncidence
exact-kernel-guard-reuse NanuqActualRootedCapDegrees
exact-kernel-guard-reuse NanuqActualRootedCapPaths
exact-kernel-guard-reuse NanuqActualRootedCapAdmission
exact-kernel-guard-reuse NanuqActualPortCardinality
guard-NanuqActualRootedCapSwitching exit 0 seconds 2.295
audit-Owned exit 0 seconds 2.826
Owned 266 209
audit-Closure exit 0 seconds 2.965
Closure 855 613
audit-GuardedOwned exit 0 seconds 2.925
GuardedOwned 266 209
audit-GuardedClosure exit 0 seconds 2.96
GuardedClosure 855 613
default-current-after-guards exit 0 seconds 1.132
TWENTYTHREE_CERTIFICATION_TERMINAL_PASS
