{
  "augmented_states": [
    {
      "birth_order": 0,
      "id": "r",
      "root_prefix": true,
      "stage_index": 0,
      "state": {
        "aux": {
          "A": [
            "1/16",
            "1/4"
          ],
          "L": [
            "1/16",
            "1/4"
          ],
          "T": [
            "3/32",
            "3/8"
          ]
        },
        "moments": {
          "AA1": [
            "36998497306592627875/73786976294838206464",
            "37873965797911041841/73786976294838206464"
          ],
          "AB1": [
            "14862664407219121833/36893488147419103232",
            "16044873086328809351/36893488147419103232"
          ],
          "AB2": [
            "13544941810605387849/73786976294838206464",
            "7990701125530068679/36893488147419103232"
          ],
          "AC1": [
            "3324861319242793233/9223372036854775808",
            "29187432658896952957/73786976294838206464"
          ],
          "AC2": [
            "10732779193711528159/73786976294838206464",
            "13134537873423648919/73786976294838206464"
          ],
          "BB1": [
            "9331581184910221681/18446744073709551616",
            "18876673704749892639/36893488147419103232"
          ],
          "BC1": [
            "7632221344217064173/18446744073709551616",
            "31739202424572796235/73786976294838206464"
          ],
          "BC2": [
            "14694700847278722055/73786976294838206464",
            "15871163417601597641/73786976294838206464"
          ],
          "CC1": [
            "10548534995588816771/18446744073709551616",
            "21860340094381166491/36893488147419103232"
          ]
        },
        "physical": {
          "g": [
            "1/6",
            "2/3"
          ],
          "h": [
            "1/32",
            "1/8"
          ],
          "rA": [
            "1/2",
            "6"
          ],
          "rAB": [
            "1/2",
            "6"
          ],
          "rB": [
            "1/2",
            "6"
          ],
          "rC": [
            "1/2",
            "6"
          ],
          "rR": [
            "1/2",
            "6"
          ],
          "u": [
            "1/32",
            "1/8"
          ],
          "v": [
            "1/32",
            "1/8"
          ]
        }
      },
      "status": "pending"
    }
  ],
  "details": {
    "authenticated_journal_bytes": 2359,
    "complete_numeric_replay": true,
    "cross_process_cache_reused": false,
    "exclusions": 0,
    "final_commit_sha256": "d377a39b6ececc45e3309395be69b71d15f9abe4b912a12a67b388c74a09b43d",
    "inflight_pre_state_retained": false,
    "journal_frames": 1,
    "resource_limited": false,
    "splits": 0,
    "stages_recomputed": 0,
    "stages_started": 0
  },
  "diagnostic_union_width_target_observed": false,
  "mode": "normal_validated",
  "model": "fixed-six-copy-clock-jc-nine-v1",
  "nonempty_cover": true,
  "parameter_accuracy_released": false,
  "physical_cover": [
    {
      "box": {
        "g": [
          "1/6",
          "2/3"
        ],
        "h": [
          "1/32",
          "1/8"
        ],
        "rA": [
          "1/2",
          "6"
        ],
        "rAB": [
          "1/2",
          "6"
        ],
        "rB": [
          "1/2",
          "6"
        ],
        "rC": [
          "1/2",
          "6"
        ],
        "rR": [
          "1/2",
          "6"
        ],
        "u": [
          "1/32",
          "1/8"
        ],
        "v": [
          "1/32",
          "1/8"
        ]
      },
      "id": "r"
    }
  ],
  "ranked_histories": null,
  "raw_feature_order": [
    "AC1",
    "AC2",
    "CC1",
    "BC1",
    "BC2",
    "AB1",
    "AB2",
    "AA1",
    "BB1"
  ],
  "recommended_history": null,
  "request_sha256": "fb529bf5ca9aaa08ab1362bad92de95524cae8b659ff0477352199d4c5851197",
  "schema": "global-triangular-outer-cover-v1",
  "source_feasibility_certified": false,
  "statistical_coverage_verified": false,
  "status": "UNKNOWN_OUTER_COVER",
  "whole_union_width_target_met": false,
  "width_certificate_is_conditional_geometry_only": true,
  "widths": {
    "g": {
      "met": false,
      "normalized_ratio": "1",
      "original": "1/2",
      "pre_fixed": false,
      "tolerance": "1/40",
      "width": "1/2"
    },
    "h": {
      "met": false,
      "normalized_ratio": "1",
      "original": "3/32",
      "pre_fixed": false,
      "tolerance": "3/640",
      "width": "3/32"
    },
    "rA": {
      "met": false,
      "normalized_ratio": "1",
      "original": "11/2",
      "pre_fixed": false,
      "tolerance": "11/40",
      "width": "11/2"
    },
    "rAB": {
      "met": false,
      "normalized_ratio": "1",
      "original": "11/2",
      "pre_fixed": false,
      "tolerance": "11/40",
      "width": "11/2"
    },
    "rB": {
      "met": false,
      "normalized_ratio": "1",
      "original": "11/2",
      "pre_fixed": false,
      "tolerance": "11/40",
      "width": "11/2"
    },
    "rC": {
      "met": false,
      "normalized_ratio": "1",
      "original": "11/2",
      "pre_fixed": false,
      "tolerance": "11/40",
      "width": "11/2"
    },
    "rR": {
      "met": false,
      "normalized_ratio": "1",
      "original": "11/2",
      "pre_fixed": false,
      "tolerance": "11/40",
      "width": "11/2"
    },
    "u": {
      "met": false,
      "normalized_ratio": "1",
      "original": "3/32",
      "pre_fixed": false,
      "tolerance": "3/640",
      "width": "3/32"
    },
    "v": {
      "met": false,
      "normalized_ratio": "1",
      "original": "3/32",
      "pre_fixed": false,
      "tolerance": "3/640",
      "width": "3/32"
    }
  }
}
