info: profile set to minimal
info: default host tuple is x86_64-unknown-linux-gnu
info: syncing channel updates for 1.90.0-x86_64-unknown-linux-gnu
info: latest update on 2025-09-18 for version 1.90.0 (1159e78c4 2025-09-14)
info: downloading 3 components
info: default toolchain set to 1.90.0-x86_64-unknown-linux-gnu

  1.90.0-x86_64-unknown-linux-gnu installed - rustc 1.90.0 (1159e78c4 2025-09-14)


Rust is installed now. Great!

To get started you need Cargo's bin directory 
(<PROJECT_ROOT>/.toolchain/cargo/bin) in your PATH
environment variable. This has not been done automatically.

To configure your current shell, you need to source
the corresponding env file under 
<PROJECT_ROOT>/.toolchain/cargo.

Consider running the right command for your shell (note the leading DOT):
. "<PROJECT_ROOT>/.toolchain/cargo/env" # For 
sh/ash/dash/pdksh/zsh
cargo:rerun-if-env-changed=CC_x86_64-unknown-linux-gnu
CC_x86_64-unknown-linux-gnu = None
cargo:rerun-if-env-changed=CC_x86_64_unknown_linux_gnu
CC_x86_64_unknown_linux_gnu = None
cargo:rerun-if-env-changed=HOST_CC
HOST_CC = None
cargo:rerun-if-env-changed=CC
CC = None
cargo:rerun-if-env-changed=CC_ENABLE_DEBUG_OUTPUT
cargo:rerun-if-env-changed=CRATE_CC_NO_DEFAULTS
CRATE_CC_NO_DEFAULTS = None
cargo:rerun-if-env-changed=CFLAGS
CFLAGS = None
cargo:rerun-if-env-changed=HOST_CFLAGS
HOST_CFLAGS = None
cargo:rerun-if-env-changed=CFLAGS_x86_64_unknown_linux_gnu
CFLAGS_x86_64_unknown_linux_gnu = None
cargo:rerun-if-env-changed=CFLAGS_x86_64-unknown-linux-gnu
CFLAGS_x86_64-unknown-linux-gnu = None
