/home/runner/work/_temp/g6-cloud-build/LiteralSameBinTrace.lean:27:0: warning: automatically included section variable(s) unused in theorem `CloudG3.LiteralSameBinTrace.relation_monotone_refl`:
  [DecidableEq E]
  [Fintype Copy]
consider restructuring your `variable` declarations so that the variables are not in scope or explicitly omit them:
  omit [DecidableEq E] [Fintype Copy] in theorem ...

Note: This linter can be disabled with `set_option linter.unusedSectionVars false`
/home/runner/work/_temp/g6-cloud-build/LiteralSameBinTrace.lean:32:0: warning: automatically included section variable(s) unused in theorem `CloudG3.LiteralSameBinTrace.relation_monotone_trans`:
  [DecidableEq E]
  [Fintype Copy]
consider restructuring your `variable` declarations so that the variables are not in scope or explicitly omit them:
  omit [DecidableEq E] [Fintype Copy] in theorem ...

Note: This linter can be disabled with `set_option linter.unusedSectionVars false`
/home/runner/work/_temp/g6-cloud-build/LiteralSameBinTrace.lean:77:8: error: 'change' tactic failed, pattern
  foldTags N (fun x => tag) n (z 0).2.2 offset (tagUpdate N s (z 0).2.2 tag M)
      (shiftTraceAges N age fun i => z i.succ) =
    foldTags N (fun x => tag) n (z 0).2.2 offset (tagUpdate N s (z 0).2.2 tag M) fun i => z i.succ
is not definitionally equal to target
  (if (z 0).1 = true then
      foldTags N (fun x => tag) n (z 0).2.2 offset (tagUpdate N s (z 0).2.2 tag M) fun i =>
        ((z i.succ).1, age + (z i.succ).2.1, (z i.succ).2.2)
    else foldTags N (fun x => tag) n s offset M fun i => ((z i.succ).1, age + (z i.succ).2.1, (z i.succ).2.2)) =
    foldTags N (fun x => tag) n (z 0).2.2 offset (tagUpdate N s (z 0).2.2 tag M) fun i => z i.succ
/home/runner/work/_temp/g6-cloud-build/LiteralSameBinTrace.lean:84:8: error: 'change' tactic failed, pattern
  foldTags N (fun x => tag) n s offset M (shiftTraceAges N age fun i => z i.succ) =
    foldTags N (fun x => tag) n s offset M fun i => z i.succ
is not definitionally equal to target
  (if (z 0).1 = true then
      foldTags N (fun x => tag) n (z 0).2.2 offset (tagUpdate N s (z 0).2.2 tag M) fun i =>
        ((z i.succ).1, age + (z i.succ).2.1, (z i.succ).2.2)
    else foldTags N (fun x => tag) n s offset M fun i => ((z i.succ).1, age + (z i.succ).2.1, (z i.succ).2.2)) =
    foldTags N (fun x => tag) n s offset M fun i => z i.succ
/home/runner/work/_temp/g6-cloud-build/LiteralSameBinTrace.lean:89:0: warning: automatically included section variable(s) unused in theorem `CloudG3.LiteralSameBinTrace.foldTags_const_empty`:
  [DecidableEq E]
  [Fintype Copy]
consider restructuring your `variable` declarations so that the variables are not in scope or explicitly omit them:
  omit [DecidableEq E] [Fintype Copy] in theorem ...

Note: This linter can be disabled with `set_option linter.unusedSectionVars false`
'CloudG3.LiteralSameBinTrace.relation_monotone_refl' depends on axioms: [propext, Classical.choice, Quot.sound]
'CloudG3.LiteralSameBinTrace.relation_monotone_trans' depends on axioms: [propext, Classical.choice, Quot.sound]
'CloudG3.LiteralSameBinTrace.literal_trace_endpoint_relation_monotone' depends on axioms: [propext,
 Classical.choice,
 Quot.sound]
'CloudG3.LiteralSameBinTrace.foldTags_const_shift_ages' depends on axioms: [propext,
 sorryAx,
 Classical.choice,
 Quot.sound]
'CloudG3.LiteralSameBinTrace.foldTags_const_empty' depends on axioms: [propext, Classical.choice, Quot.sound]
'CloudG3.LiteralSameBinTrace.foldTags_const_prepend' depends on axioms: [propext, sorryAx, Classical.choice, Quot.sound]
'CloudG3.LiteralSameBinTrace.literal_same_bin_endpoint_fold' depends on axioms: [propext,
 sorryAx,
 Classical.choice,
 Quot.sound]
'CloudG3.LiteralSameBinTrace.actual_same_bin_endpoint_fold' depends on axioms: [propext,
 sorryAx,
 Classical.choice,
 Quot.sound]
