{
  "all_cells_meet_requested_mesh": false,
  "all_nine_coordinates": [
    "h",
    "u",
    "v",
    "rA",
    "rB",
    "rC",
    "rAB",
    "rR",
    "g"
  ],
  "cell_mesh_sup_width": "1/64",
  "conditional_coverage": "Contains every x in the authenticated original box whose330 true feature means satisfy all supplied intervals. A probability guarantee requires separate source/data/interval admission.",
  "details": {
    "checkpoint_sha256": "15af7e37a42d77a2c544b628a0240e6881f03d1b3684282c1ad9ea35fa7359f5",
    "evaluations_started": 0,
    "exclusion_witnesses_recomputed": 0,
    "inflight_cell_included": false,
    "inherited_exclusions": false,
    "original_request_authenticated": true,
    "split_count": 0
  },
  "diameter_is_only_geometric": true,
  "mode": "normal_validated",
  "model": "fixed-six-copy-clock-jc-330-v1",
  "parameter_accuracy_released": false,
  "quantity": "shifted_bernoulli_character_mean",
  "ranked_histories": null,
  "recommended_history": null,
  "request_sha256": "513a490174b3748ed9e6598b7bafc9ce04fdad321f1ff60c393fd9557bc085c0",
  "retained_cover": [
    {
      "box": {
        "g": [
          "509/1536",
          "515/1536"
        ],
        "h": [
          "31/512",
          "33/512"
        ],
        "rA": [
          "127/128",
          "129/128"
        ],
        "rAB": [
          "511/128",
          "513/128"
        ],
        "rB": [
          "255/128",
          "257/128"
        ],
        "rC": [
          "383/128",
          "385/128"
        ],
        "rR": [
          "639/128",
          "641/128"
        ],
        "u": [
          "31/512",
          "33/512"
        ],
        "v": [
          "31/512",
          "33/512"
        ]
      },
      "id": "r",
      "status": "pending"
    }
  ],
  "schema": "bounded-msci-outer-cover-v1",
  "statistical_coverage_verified": false,
  "status": "UNKNOWN_OUTER_COVER",
  "union_sup_diameter": "1/64"
}
