G1ReducedCoreCounts.lean:19:0: warning: automatically included section variable(s) unused in theorem `G1ReducedCoreCounts.actual_leaf_blob_count`:
  [DecidableEq E]
consider restructuring your `variable` declarations so that the variables are not in scope or explicitly omit them:
  omit [DecidableEq E] in theorem ...

Note: This linter can be disabled with `set_option linter.unusedSectionVars false`
G1ReducedCoreCounts.lean:23:0: warning: automatically included section variable(s) unused in theorem `G1ReducedCoreCounts.root_not_leaf_blob`:
  [DecidableEq E]
consider restructuring your `variable` declarations so that the variables are not in scope or explicitly omit them:
  omit [DecidableEq E] in theorem ...

Note: This linter can be disabled with `set_option linter.unusedSectionVars false`
G1ReducedCoreCounts.lean:29:0: warning: automatically included section variable(s) unused in theorem `G1ReducedCoreCounts.actual_blob_partition`:
  [DecidableEq E]
consider restructuring your `variable` declarations so that the variables are not in scope or explicitly omit them:
  omit [DecidableEq E] in theorem ...

Note: This linter can be disabled with `set_option linter.unusedSectionVars false`
G1ReducedCoreCounts.lean:41:0: warning: automatically included section variable(s) unused in theorem `G1ReducedCoreCounts.actual_blob_partition_disjoint`:
  [DecidableEq E]
consider restructuring your `variable` declarations so that the variables are not in scope or explicitly omit them:
  omit [DecidableEq E] in theorem ...

Note: This linter can be disabled with `set_option linter.unusedSectionVars false`
