{
  "status": "PASS all22 selected rooted binary skeletons",
  "summary": [
    {
      "A_tips": 1,
      "B_tips": 1,
      "trees": 1,
      "satisfy_calibration_lca": 1
    },
    {
      "A_tips": 1,
      "B_tips": 2,
      "trees": 3,
      "satisfy_calibration_lca": 3
    },
    {
      "A_tips": 2,
      "B_tips": 1,
      "trees": 3,
      "satisfy_calibration_lca": 1
    },
    {
      "A_tips": 2,
      "B_tips": 2,
      "trees": 15,
      "satisfy_calibration_lca": 3
    }
  ],
  "elapsed_seconds": 0.000912217001314275
}
