{
  "status": "PASS",
  "source": {
    "sources": [
      {
        "k": 2,
        "parallel_arcs": false,
        "cherry": false,
        "taxa": 5,
        "nonplanar": true,
        "original_arc_count": 20,
        "bridge_count": 6,
        "max_observed_position_count": 2
      },
      {
        "k": 2,
        "parallel_arcs": false,
        "cherry": true,
        "taxa": 6,
        "nonplanar": true,
        "original_arc_count": 22,
        "bridge_count": 8,
        "max_observed_position_count": 2
      },
      {
        "k": 2,
        "parallel_arcs": true,
        "cherry": false,
        "taxa": 2,
        "nonplanar": false,
        "original_arc_count": 5,
        "bridge_count": 3,
        "max_observed_position_count": 2
      },
      {
        "k": 2,
        "parallel_arcs": true,
        "cherry": true,
        "taxa": 3,
        "nonplanar": false,
        "original_arc_count": 7,
        "bridge_count": 5,
        "max_observed_position_count": 2
      },
      {
        "k": 3,
        "parallel_arcs": false,
        "cherry": false,
        "taxa": 5,
        "nonplanar": true,
        "original_arc_count": 22,
        "bridge_count": 6,
        "max_observed_position_count": 3
      },
      {
        "k": 3,
        "parallel_arcs": false,
        "cherry": true,
        "taxa": 6,
        "nonplanar": true,
        "original_arc_count": 24,
        "bridge_count": 8,
        "max_observed_position_count": 3
      },
      {
        "k": 3,
        "parallel_arcs": true,
        "cherry": false,
        "taxa": 2,
        "nonplanar": false,
        "original_arc_count": 7,
        "bridge_count": 3,
        "max_observed_position_count": 3
      },
      {
        "k": 3,
        "parallel_arcs": true,
        "cherry": true,
        "taxa": 3,
        "nonplanar": false,
        "original_arc_count": 9,
        "bridge_count": 5,
        "max_observed_position_count": 3
      },
      {
        "k": 4,
        "parallel_arcs": false,
        "cherry": false,
        "taxa": 5,
        "nonplanar": true,
        "original_arc_count": 24,
        "bridge_count": 6,
        "max_observed_position_count": 4
      },
      {
        "k": 4,
        "parallel_arcs": false,
        "cherry": true,
        "taxa": 6,
        "nonplanar": true,
        "original_arc_count": 26,
        "bridge_count": 8,
        "max_observed_position_count": 4
      },
      {
        "k": 4,
        "parallel_arcs": true,
        "cherry": false,
        "taxa": 2,
        "nonplanar": false,
        "original_arc_count": 9,
        "bridge_count": 3,
        "max_observed_position_count": 4
      },
      {
        "k": 4,
        "parallel_arcs": true,
        "cherry": true,
        "taxa": 3,
        "nonplanar": false,
        "original_arc_count": 11,
        "bridge_count": 5,
        "max_observed_position_count": 4
      },
      {
        "k": 5,
        "parallel_arcs": false,
        "cherry": false,
        "taxa": 5,
        "nonplanar": true,
        "original_arc_count": 26,
        "bridge_count": 6,
        "max_observed_position_count": 5
      },
      {
        "k": 5,
        "parallel_arcs": false,
        "cherry": true,
        "taxa": 6,
        "nonplanar": true,
        "original_arc_count": 28,
        "bridge_count": 8,
        "max_observed_position_count": 5
      },
      {
        "k": 5,
        "parallel_arcs": true,
        "cherry": false,
        "taxa": 2,
        "nonplanar": false,
        "original_arc_count": 11,
        "bridge_count": 3,
        "max_observed_position_count": 5
      },
      {
        "k": 5,
        "parallel_arcs": true,
        "cherry": true,
        "taxa": 3,
        "nonplanar": false,
        "original_arc_count": 13,
        "bridge_count": 5,
        "max_observed_position_count": 5
      }
    ],
    "original_tip_time_position_checks": 1504,
    "safe_stage_Cartesian_assignment_checks": 368,
    "full_X_k_plus_1_query_chronology_cases": 32
  },
  "versions": {
    "python": "3.12.14",
    "networkx": "3.5"
  },
  "scope": "Finite support controls only; no arbitrary-law germ inversion or statistical lower bound.",
  "checker_sha256": "8941f28a532c6cbc66c5e7487b89818a26542e11e2c9ce8e805c3c74134da72a"
}
