G1OriginalUnrankedActorOpenClose.lean:24:0: warning: automatically included section variable(s) unused in theorem `G1OriginalUnrankedActorOpenClose.actual_option_unranked_prune`:
  [Fintype Copy]
consider restructuring your `variable` declarations so that the variables are not in scope or explicitly omit them:
  omit [Fintype Copy] in theorem ...

Note: This linter can be disabled with `set_option linter.unusedSectionVars false`
G1OriginalUnrankedActorOpenClose.lean:30:0: warning: automatically included section variable(s) unused in theorem `G1OriginalUnrankedActorOpenClose.actual_restrict_original_unranked`:
  [Fintype V]
  [Fintype E]
  [DecidableEq V]
  [DecidableEq E]
consider restructuring your `variable` declarations so that the variables are not in scope or explicitly omit them:
  omit [Fintype V] [Fintype E] [DecidableEq V] [DecidableEq E] in theorem ...

Note: This linter can be disabled with `set_option linter.unusedSectionVars false`
G1OriginalUnrankedActorOpenClose.lean:59:0: warning: automatically included section variable(s) unused in theorem `G1OriginalUnrankedActorOpenClose.actual_split_base_cover`:
  [Fintype Copy]
consider restructuring your `variable` declarations so that the variables are not in scope or explicitly omit them:
  omit [Fintype Copy] in theorem ...

Note: This linter can be disabled with `set_option linter.unusedSectionVars false`
G1OriginalUnrankedActorOpenClose.lean:63:60: warning: This simp argument is unused:
  iff_true

Hint: Omit it from the simp argument list.
  [apply] simp only [Finset.mem_union, Finset.mem_sdiff, hx, true_or]

Note: This linter can be disabled with `set_option linter.unusedSimpArgs false`
'G1OriginalUnrankedActorOpenClose.actual_original_open_close_identity' depends on axioms: [propext,
 Classical.choice,
 Quot.sound]
'G1OriginalUnrankedActorOpenClose.actual_original_actor_close' depends on axioms: [propext,
 Classical.choice,
 Quot.sound]
