{
  "all_nine_coordinates": [
    "h",
    "u",
    "v",
    "rA",
    "rB",
    "rC",
    "rAB",
    "rR",
    "g"
  ],
  "augmented_states": [
    {
      "id": "r",
      "state": {
        "aux": {
          "A": [
            "1048575/8388608",
            "1048577/8388608"
          ],
          "L": [
            "1048575/8388608",
            "1048577/8388608"
          ],
          "T": [
            "3145725/16777216",
            "3145731/16777216"
          ]
        },
        "moments": {
          "AA1": [
            "31622989840644945627/73786976294838206464",
            "7905747460161236407/18446744073709551616"
          ],
          "AB1": [
            "10749672933281695819/36893488147419103232",
            "21499345866563391639/73786976294838206464"
          ],
          "AB2": [
            "9355609562538138945/73786976294838206464",
            "4677804781269069473/36893488147419103232"
          ],
          "AC1": [
            "19180312890132283371/73786976294838206464",
            "4795078222533070843/18446744073709551616"
          ],
          "AC2": [
            "7403103165020602117/73786976294838206464",
            "3701551582510301059/36893488147419103232"
          ],
          "BB1": [
            "14323414896554548067/36893488147419103232",
            "28646829793109096135/73786976294838206464"
          ],
          "BC1": [
            "5427409063897672117/18446744073709551616",
            "21709636255590688469/73786976294838206464"
          ],
          "BC2": [
            "2435456864499286871/18446744073709551616",
            "9741827457997147485/73786976294838206464"
          ],
          "CC1": [
            "31622989840644945627/73786976294838206464",
            "7905747460161236407/18446744073709551616"
          ]
        },
        "physical": {
          "g": [
            "402975273163555933990707/1208925819614629174706176",
            "50371909155774606119093/151115727451828646838272"
          ],
          "h": [
            "1180591620530279123529/18889465931478580854784",
            "9444732967236347860455/151115727451828646838272"
          ],
          "rA": [
            "75557863718402406502465/37778931862957161709568",
            "1208925819734819851773803/604462909807314587353088"
          ],
          "rAB": [
            "2417851638474056749442021/1208925819614629174706176",
            "2417851639984459906390445/1208925819614629174706176"
          ],
          "rB": [
            "2417851639023444596601705/1208925819614629174706176",
            "18889465933086500854341/9444732965739290427392"
          ],
          "rC": [
            "1208925819609166095249651/604462909807314587353088",
            "2417851639240184507619891/1208925819614629174706176"
          ],
          "rR": [
            "2417851639220643580606197/1208925819614629174706176",
            "604462909809468279812823/302231454903657293676544"
          ],
          "u": [
            "75557863706378943360557/1208925819614629174706176",
            "75557863745449702467805/1208925819614629174706176"
          ],
          "v": [
            "37778931854653014461257/604462909807314587353088",
            "75557863742522619068573/1208925819614629174706176"
          ]
        }
      },
      "status": "pending",
      "step": 1
    }
  ],
  "details": {
    "checkpoint_sha256": "7f210d2ece0132490c17de0d3e469db364c1b0b77debd86cf39d34c1e442419c",
    "exclusions": 0,
    "inflight_pre_state_retained": false,
    "operations_recomputed": 1,
    "splits": 0
  },
  "export_is_enlargement_only": true,
  "mode": "normal_validated",
  "parameter_accuracy_released": false,
  "physical_cell_mesh": "188800394618553/151115727451828646838272",
  "physical_cover": [
    {
      "box": {
        "g": [
          "402975273163555933990707/1208925819614629174706176",
          "50371909155774606119093/151115727451828646838272"
        ],
        "h": [
          "1180591620530279123529/18889465931478580854784",
          "9444732967236347860455/151115727451828646838272"
        ],
        "rA": [
          "75557863718402406502465/37778931862957161709568",
          "1208925819734819851773803/604462909807314587353088"
        ],
        "rAB": [
          "2417851638474056749442021/1208925819614629174706176",
          "2417851639984459906390445/1208925819614629174706176"
        ],
        "rB": [
          "2417851639023444596601705/1208925819614629174706176",
          "18889465933086500854341/9444732965739290427392"
        ],
        "rC": [
          "1208925819609166095249651/604462909807314587353088",
          "2417851639240184507619891/1208925819614629174706176"
        ],
        "rR": [
          "2417851639220643580606197/1208925819614629174706176",
          "604462909809468279812823/302231454903657293676544"
        ],
        "u": [
          "75557863706378943360557/1208925819614629174706176",
          "75557863745449702467805/1208925819614629174706176"
        ],
        "v": [
          "37778931854653014461257/604462909807314587353088",
          "75557863742522619068573/1208925819614629174706176"
        ]
      },
      "id": "r"
    }
  ],
  "physical_union_sup_diameter": "188800394618553/151115727451828646838272",
  "ranked_histories": null,
  "recommended_history": null,
  "request_sha256": "0a652153a59e467349ae870fc6e8327fe333fc45a0a516a2fc017becfa6a126e",
  "schema": "joint-interval-target-cover-v1",
  "statistical_coverage_verified": false,
  "status": "UNKNOWN_OUTER_COVER"
}
