REUSED_FRESH_LOCAL QuartetSemantics
REUSED_FRESH_LOCAL QuartetComposition
REUSED_FRESH_LOCAL QuartetCompositionDependent
REUSED_FRESH_LOCAL WeightedAnchor
REUSED_FRESH_LOCAL WeightedCoefficients
REUSED_FRESH_LOCAL WeightedOrderedPairs
REUSED_FRESH_LOCAL WeightedSource
REUSED_FRESH_LOCAL SourceCompositionBridge
REUSED_FRESH_LOCAL AnchorComposition
REUSED_FRESH_LOCAL AnchorPortPatterns
REUSED_FRESH_LOCAL AnchorPortCounts
REUSED_FRESH_LOCAL AnchorPortFibers
REUSED_FRESH_LOCAL SourceNetwork
REUSED_FRESH_LOCAL G2LiveLineageRouting
REUSED_FRESH_LOCAL GraphLeaves
REUSED_FRESH_LOCAL GraphCuts
REUSED_FRESH_LOCAL G5MinimalGraphInterface
REUSED_FRESH_LOCAL G6BridgeCannotEnterHybrid
REUSED_FRESH_LOCAL GraphBlobs
REUSED_FRESH_LOCAL GraphBridgeSplits
REUSED_FRESH_LOCAL GraphSwitching
REUSED_FRESH_LOCAL GraphBlobOrientation
REUSED_FRESH_LOCAL GraphBlobLeaves
REUSED_FRESH_LOCAL GraphSwitchingDegree
REUSED_FRESH_LOCAL GraphQuartetExistence
REUSED_FRESH_LOCAL GraphTreePorts
REUSED_FRESH_LOCAL GraphPorts
REUSED_FRESH_LOCAL GraphBlobPorts
REUSED_FRESH_LOCAL GraphPortConsequences
REUSED_FRESH_LOCAL GraphBlobMedian
REUSED_FRESH_LOCAL GraphGalls
REUSED_FRESH_LOCAL GraphPortTransport
REUSED_FRESH_LOCAL GraphMedianUnique
REUSED_FRESH_LOCAL GraphPortFibers
REUSED_FRESH_LOCAL SourceQuartetRelation
REUSED_FRESH_LOCAL GraphSwitchingExistence
REUSED_FRESH_LOCAL GraphSwitchingFinite
REUSED_FRESH_LOCAL GraphSwitchingCuts
REUSED_FRESH_LOCAL SourceResolve
REUSED_FRESH_LOCAL GraphQuartetBridge
REUSED_FRESH_LOCAL RawSourceAnchorLocalization
REUSED_FRESH_LOCAL NanuqActualQuartetPortBranching
TARGET NanuqActualBridgeQuartetResolution EXIT 0
DEFAULT_LAKE_EXIT 0
