/workspace/shared/g34-common-source-binding-20261009-2044z/ActualUnusedSeedConditioning.lean:23:44: error: Function expected at
  HybridProbabilities
but this term has type
  ?m.1

Note: Expected a function because this term is being applied to the argument
  N

Hint: The identifier `HybridProbabilities` is unknown, and Lean's `autoImplicit` option causes an unknown identifier to be treated as an implicitly bound variable with an unknown type. However, the unknown type cannot be a function, and a function is what Lean expects here. This is often the result of a typo or a missing `import` or `open` statement.
/workspace/shared/g34-common-source-binding-20261009-2044z/ActualUnusedSeedConditioning.lean:36:44: error: Function expected at
  HybridProbabilities
but this term has type
  ?m.1

Note: Expected a function because this term is being applied to the argument
  N

Hint: The identifier `HybridProbabilities` is unknown, and Lean's `autoImplicit` option causes an unknown identifier to be treated as an implicitly bound variable with an unknown type. However, the unknown type cannot be a function, and a function is what Lean expects here. This is often the result of a typo or a missing `import` or `open` statement.
/workspace/shared/g34-common-source-binding-20261009-2044z/ActualUnusedSeedConditioning.lean:52:24: error: Function expected at
  HybridProbabilities
but this term has type
  ?m.1

Note: Expected a function because this term is being applied to the argument
  N

Hint: The identifier `HybridProbabilities` is unknown, and Lean's `autoImplicit` option causes an unknown identifier to be treated as an implicitly bound variable with an unknown type. However, the unknown type cannot be a function, and a function is what Lean expects here. This is often the result of a typo or a missing `import` or `open` statement.
/workspace/shared/g34-common-source-binding-20261009-2044z/ActualUnusedSeedConditioning.lean:64:44: error: Function expected at
  HybridProbabilities
but this term has type
  ?m.1

Note: Expected a function because this term is being applied to the argument
  N

Hint: The identifier `HybridProbabilities` is unknown, and Lean's `autoImplicit` option causes an unknown identifier to be treated as an implicitly bound variable with an unknown type. However, the unknown type cannot be a function, and a function is what Lean expects here. This is often the result of a typo or a missing `import` or `open` statement.
/workspace/shared/g34-common-source-binding-20261009-2044z/ActualUnusedSeedConditioning.lean:79:14: error(lean.unknownIdentifier): Unknown constant `private_seed_bit_mass`
/workspace/shared/g34-common-source-binding-20261009-2044z/ActualUnusedSeedConditioning.lean:80:14: error(lean.unknownIdentifier): Unknown constant `actual_unused_bit_posterior`
/workspace/shared/g34-common-source-binding-20261009-2044z/ActualUnusedSeedConditioning.lean:81:14: error(lean.unknownIdentifier): Unknown constant `actual_unused_seed_event_mass`
/workspace/shared/g34-common-source-binding-20261009-2044z/ActualUnusedSeedConditioning.lean:82:14: error(lean.unknownIdentifier): Unknown constant `actual_unused_seed_posterior`
