/workspace/shared/g34-common-source-binding-20261009-2044z/OriginalRegisterMarginal.lean:17:0: warning: automatically included section variable(s) unused in theorem `DotG34.OriginalRegisterMarginal.actual_original_register_marginal`:
  [DecidableEq E]
consider restructuring your `variable` declarations so that the variables are not in scope or explicitly omit them:
  omit [DecidableEq E] in theorem ...

Note: This linter can be disabled with `set_option linter.unusedSectionVars false`
/workspace/shared/g34-common-source-binding-20261009-2044z/OriginalRegisterMarginal.lean:24:10: warning: This simp argument is unused:
  Function.comp_def

Hint: Omit it from the simp argument list.
  [apply] simp [originalRegister, h.property]

Note: This linter can be disabled with `set_option linter.unusedSimpArgs false`
/workspace/shared/g34-common-source-binding-20261009-2044z/OriginalRegisterMarginal.lean:36:47: warning: This simp argument is unused:
  ← measureReal_def

Hint: Omit it from the simp argument list.
  [apply] simp [bitMeasure, originalGamma, bernoulliMeasure_real_apply]

Note: Simp arguments with `←` have the additional effect of removing the other direction from the simp set, even if the simp argument itself is unused. If the hint above does not work, try replacing `←` with `-` to only get that effect and silence this warning.

Note: This linter can be disabled with `set_option linter.unusedSimpArgs false`
/workspace/shared/g34-common-source-binding-20261009-2044z/OriginalRegisterMarginal.lean:36:66: warning: This simp argument is unused:
  bernoulliMeasure_real_apply

Hint: Omit it from the simp argument list.
  [apply] simp [bitMeasure, originalGamma, ← measureReal_def]

Note: This linter can be disabled with `set_option linter.unusedSimpArgs false`
'DotG34.OriginalRegisterMarginal.actual_original_register_marginal' depends on axioms: [propext,
 Classical.choice,
 Quot.sound]
'DotG34.OriginalRegisterMarginal.actual_original_register_bit_mass' depends on axioms: [propext,
 Classical.choice,
 Quot.sound]
