G1SharpCoreCombDegrees.lean:18:45: warning: Variable name `h` is not explicitly referenced.

Hint: The binding can be removed (if unused) or named `_` (if used implicitly). Alternatively, prefix the name with `_` to silence this warning:
  [apply] _h

Note: This linter can be disabled with `set_option linter.unusedVariables false`
G1SharpCoreCombDegrees.lean:56:4: warning: This simp argument is unused:
  Finset.notMem_empty

Hint: Omit it from the simp argument list.
  [apply] simp only [Finset.mem_filter, Finset.mem_univ, true_and, Finset.mem_insert, Finset.mem_singleton,
    Sum.inl.injEq, Sum.inr_ne_inl, Prod.mk.injEq]

Note: This linter can be disabled with `set_option linter.unusedSimpArgs false`
G1SharpCoreCombDegrees.lean:60:4: warning: This simp argument is unused:
  Sum.inr_ne_inl

Hint: Omit it from the simp argument list.
  [apply] simp_all only [Finset.notMem_empty, Finset.mem_singleton, Sum.inl.injEq, Prod.mk.injEq, Fin.ext_iff,
    Fin.val_mk]

Note: This linter can be disabled with `set_option linter.unusedSimpArgs false`
G1SharpCoreCombDegrees.lean:60:45: warning: This simp argument is unused:
  Fin.val_mk

Hint: Omit it from the simp argument list.
  [apply] simp_all only [Finset.notMem_empty, Finset.mem_singleton, Sum.inl.injEq, Sum.inr_ne_inl, Prod.mk.injEq,
    Fin.ext_iff]

Note: This linter can be disabled with `set_option linter.unusedSimpArgs false`
G1SharpCoreCombDegrees.lean:72:66: warning: This simp argument is unused:
  Finset.mem_singleton

Hint: Omit it from the simp argument list.
  [apply] simp only [Finset.mem_filter, Finset.mem_univ, true_and, Sum.inl_ne_inr, Sum.inr.injEq, Prod.mk.injEq]

Note: This linter can be disabled with `set_option linter.unusedSimpArgs false`
G1SharpCoreCombDegrees.lean:73:33: warning: This simp argument is unused:
  Prod.mk.injEq

Hint: Omit it from the simp argument list.
  [apply] simp only [Finset.mem_filter, Finset.mem_univ, true_and, Finset.mem_singleton, Sum.inl_ne_inr, Sum.inr.injEq]

Note: This linter can be disabled with `set_option linter.unusedSimpArgs false`
G1SharpCoreCombDegrees.lean:74:62: warning: This simp argument is unused:
  Sum.inl_ne_inr

Hint: Omit it from the simp argument list.
  [apply] simp_all only [Finset.mem_singleton, Sum.inr.injEq, Prod.mk.injEq, Fin.ext_iff, Fin.val_mk]

Note: This linter can be disabled with `set_option linter.unusedSimpArgs false`
G1SharpCoreCombDegrees.lean:75:30: warning: This simp argument is unused:
  Fin.val_mk

Hint: Omit it from the simp argument list.
  [apply] simp_all only [Finset.mem_singleton, Sum.inl_ne_inr, Sum.inr.injEq, Prod.mk.injEq, Fin.ext_iff]

Note: This linter can be disabled with `set_option linter.unusedSimpArgs false`
'G1SharpCoreCombDegrees.module_indegree' depends on axioms: [propext, Classical.choice, Quot.sound]
'G1SharpCoreCombDegrees.leaf_degrees' depends on axioms: [propext, Classical.choice, Quot.sound]
