{
  "augmented_states": [],
  "details": {
    "authenticated_journal_bytes": 1252,
    "complete_numeric_replay": true,
    "cross_process_cache_reused": false,
    "exclusions": 0,
    "final_commit_sha256": "048aa49129861e8a85237168cd023f1c1a7ec0c731950978154c7910dbbe70f4",
    "inflight_pre_state_retained": false,
    "journal_frames": 1,
    "resource_limited": false,
    "splits": 0,
    "stages_recomputed": 0,
    "stages_started": 0
  },
  "diagnostic_union_width_target_observed": false,
  "mode": "normal_validated",
  "model": "fixed-six-copy-clock-jc-nine-v1",
  "nonempty_cover": false,
  "parameter_accuracy_released": false,
  "physical_cover": [],
  "ranked_histories": null,
  "raw_feature_order": [
    "AC1",
    "AC2",
    "CC1",
    "BC1",
    "BC2",
    "AB1",
    "AB2",
    "AA1",
    "BB1"
  ],
  "recommended_history": null,
  "request_sha256": "48676a5e039f598695e8ac38b194258a5768b672892fd9ec96669f99d9468728",
  "schema": "global-triangular-outer-cover-v1",
  "source_feasibility_certified": false,
  "statistical_coverage_verified": false,
  "status": "EMPTY_COMPATIBLE_SET",
  "whole_union_width_target_met": false,
  "width_certificate_is_conditional_geometry_only": true,
  "widths": {
    "g": {
      "met": false,
      "normalized_ratio": null,
      "original": "1/2",
      "pre_fixed": false,
      "tolerance": "1/40",
      "width": null
    },
    "h": {
      "met": false,
      "normalized_ratio": null,
      "original": "3/32",
      "pre_fixed": false,
      "tolerance": "3/640",
      "width": null
    },
    "rA": {
      "met": false,
      "normalized_ratio": null,
      "original": "11/2",
      "pre_fixed": false,
      "tolerance": "11/40",
      "width": null
    },
    "rAB": {
      "met": false,
      "normalized_ratio": null,
      "original": "11/2",
      "pre_fixed": false,
      "tolerance": "11/40",
      "width": null
    },
    "rB": {
      "met": false,
      "normalized_ratio": null,
      "original": "11/2",
      "pre_fixed": false,
      "tolerance": "11/40",
      "width": null
    },
    "rC": {
      "met": false,
      "normalized_ratio": null,
      "original": "11/2",
      "pre_fixed": false,
      "tolerance": "11/40",
      "width": null
    },
    "rR": {
      "met": false,
      "normalized_ratio": null,
      "original": "11/2",
      "pre_fixed": false,
      "tolerance": "11/40",
      "width": null
    },
    "u": {
      "met": false,
      "normalized_ratio": null,
      "original": "3/32",
      "pre_fixed": false,
      "tolerance": "3/640",
      "width": null
    },
    "v": {
      "met": false,
      "normalized_ratio": null,
      "original": "3/32",
      "pre_fixed": false,
      "tolerance": "3/640",
      "width": null
    }
  }
}
