{
  "certificate_issued": false,
  "checkpoint": "state-000000-048aa49129861e8a85237168cd023f1c1a7ec0c731950978154c7910dbbe70f4.json",
  "requires_independent_complete_chain_replay": true,
  "schema": "global-triangular-worker-outcome-v1",
  "splits": 0,
  "stages_started": 0,
  "stop_reason": "empty_compatible_cover",
  "whole_union_width_goal_observed": false,
  "widths": {
    "g": {
      "met": false,
      "normalized_ratio": null,
      "original": "1/2",
      "pre_fixed": false,
      "tolerance": "1/40",
      "width": null
    },
    "h": {
      "met": false,
      "normalized_ratio": null,
      "original": "3/32",
      "pre_fixed": false,
      "tolerance": "3/640",
      "width": null
    },
    "rA": {
      "met": false,
      "normalized_ratio": null,
      "original": "11/2",
      "pre_fixed": false,
      "tolerance": "11/40",
      "width": null
    },
    "rAB": {
      "met": false,
      "normalized_ratio": null,
      "original": "11/2",
      "pre_fixed": false,
      "tolerance": "11/40",
      "width": null
    },
    "rB": {
      "met": false,
      "normalized_ratio": null,
      "original": "11/2",
      "pre_fixed": false,
      "tolerance": "11/40",
      "width": null
    },
    "rC": {
      "met": false,
      "normalized_ratio": null,
      "original": "11/2",
      "pre_fixed": false,
      "tolerance": "11/40",
      "width": null
    },
    "rR": {
      "met": false,
      "normalized_ratio": null,
      "original": "11/2",
      "pre_fixed": false,
      "tolerance": "11/40",
      "width": null
    },
    "u": {
      "met": false,
      "normalized_ratio": null,
      "original": "3/32",
      "pre_fixed": false,
      "tolerance": "3/640",
      "width": null
    },
    "v": {
      "met": false,
      "normalized_ratio": null,
      "original": "3/32",
      "pre_fixed": false,
      "tolerance": "3/640",
      "width": null
    }
  }
}
