UnifiedLean/Source/NativePairClockLaw.lean:36:0: warning: automatically included section variable(s) unused in theorem `UnifiedLean.Source.NativePairClockLaw.pairRate_pos`:
  [Fintype E]
  [DecidableEq E]
consider restructuring your `variable` declarations so that the variables are not in scope or explicitly omit them:
  omit [Fintype E] [DecidableEq E] in theorem ...

Note: This linter can be disabled with `set_option linter.unusedSectionVars false`
UnifiedLean/Source/NativePairClockLaw.lean:77:2: warning: Try this: 
  letI̵

The goal is a proposition, so `let` is preferred over `letI`.
The difference between `let` and `letI` is that `letI` inlines the value.
But this is not relevant for proofs because of proof irrelevance.

Note: This linter can be disabled with `set_option linter.style.haveILetI false`
UnifiedLean/Source/NativePairClockLaw.lean:89:2: warning: Try this: 
  letI̵

The goal is a proposition, so `let` is preferred over `letI`.
The difference between `let` and `letI` is that `letI` inlines the value.
But this is not relevant for proofs because of proof irrelevance.

Note: This linter can be disabled with `set_option linter.style.haveILetI false`
'UnifiedLean.Source.NativePairClockLaw.pairRate_pos' depends on axioms: [propext, Classical.choice, Quot.sound]
'UnifiedLean.Source.NativePairClockLaw.noFirstMerger_iff' depends on axioms: [propext, Classical.choice, Quot.sound]
'UnifiedLean.Source.NativePairClockLaw.positive_exp_clock_tail' depends on axioms: [propext,
 Classical.choice,
 Quot.sound]
'UnifiedLean.Source.NativePairClockLaw.original_clock_no_merger_probability' depends on axioms: [propext,
 Classical.choice,
 Quot.sound]
'UnifiedLean.Source.NativePairClockLaw.native_hazard_decomposition' depends on axioms: [propext,
 Classical.choice,
 Quot.sound]
'UnifiedLean.Source.NativePairClockLaw.original_clock_survival_eq_routeSurvival' depends on axioms: [propext,
 Classical.choice,
 Quot.sound]
'UnifiedLean.Source.NativePairClockLaw.below_root_original_clock_law' depends on axioms: [propext,
 Classical.choice,
 Quot.sound]
'UnifiedLean.Source.NativePairClockLaw.compiled_original_pair_probability' depends on axioms: [propext,
 Classical.choice,
 Quot.sound]
