UnifiedLean/Source/NativeIndependentPairMixture.lean:37:0: warning: automatically included section variable(s) unused in theorem `UnifiedLean.Source.NativeIndependentPairMixture.originalCoinMass_positive`:
  [DecidableEq E]
consider restructuring your `variable` declarations so that the variables are not in scope or explicitly omit them:
  omit [DecidableEq E] in theorem ...

Note: This linter can be disabled with `set_option linter.unusedSectionVars false`
UnifiedLean/Source/NativeIndependentPairMixture.lean:45:0: warning: automatically included section variable(s) unused in theorem `UnifiedLean.Source.NativeIndependentPairMixture.originalCoinMass_normalized`:
  [DecidableEq E]
consider restructuring your `variable` declarations so that the variables are not in scope or explicitly omit them:
  omit [DecidableEq E] in theorem ...

Note: This linter can be disabled with `set_option linter.unusedSectionVars false`
UnifiedLean/Source/NativeIndependentPairMixture.lean:121:2: warning: Try this: 
  letI̵

The goal is a proposition, so `let` is preferred over `letI`.
The difference between `let` and `letI` is that `letI` inlines the value.
But this is not relevant for proofs because of proof irrelevance.

Note: This linter can be disabled with `set_option linter.style.haveILetI false`
UnifiedLean/Source/NativeIndependentPairMixture.lean:123:2: warning: Try this: 
  letI̵

The goal is a proposition, so `let` is preferred over `letI`.
The difference between `let` and `letI` is that `letI` inlines the value.
But this is not relevant for proofs because of proof irrelevance.

Note: This linter can be disabled with `set_option linter.style.haveILetI false`
UnifiedLean/Source/NativeIndependentPairMixture.lean:143:2: warning: Try this: 
  letI̵

The goal is a proposition, so `let` is preferred over `letI`.
The difference between `let` and `letI` is that `letI` inlines the value.
But this is not relevant for proofs because of proof irrelevance.

Note: This linter can be disabled with `set_option linter.style.haveILetI false`
UnifiedLean/Source/NativeIndependentPairMixture.lean:145:2: warning: Try this: 
  letI̵

The goal is a proposition, so `let` is preferred over `letI`.
The difference between `let` and `letI` is that `letI` inlines the value.
But this is not relevant for proofs because of proof irrelevance.

Note: This linter can be disabled with `set_option linter.style.haveILetI false`
'UnifiedLean.Source.NativeIndependentPairMixture.originalCoinMass_positive' depends on axioms: [propext,
 Classical.choice,
 Quot.sound]
'UnifiedLean.Source.NativeIndependentPairMixture.originalCoinMass_normalized' depends on axioms: [propext,
 Classical.choice,
 Quot.sound]
'UnifiedLean.Source.NativeIndependentPairMixture.survivingReadoutEvent_section' depends on axioms: [propext,
 Classical.choice,
 Quot.sound]
'UnifiedLean.Source.NativeIndependentPairMixture.native_surviving_readout_mass' depends on axioms: [propext,
 Classical.choice,
 Quot.sound]
'UnifiedLean.Source.NativeIndependentPairMixture.below_root_native_pair_probability' depends on axioms: [propext,
 Classical.choice,
 Quot.sound]
