UnifiedLean/Source/SourceEmbeddedJumpLaw.lean:44:0: warning: automatically included section variable(s) unused in theorem `UnifiedLean.Source.SourceEmbeddedJumpLaw.jumpMass_normalized`:
  [Fintype Copy]
consider restructuring your `variable` declarations so that the variables are not in scope or explicitly omit them:
  omit [Fintype Copy] in theorem ...

Note: This linter can be disabled with `set_option linter.unusedSectionVars false`
UnifiedLean/Source/SourceEmbeddedJumpLaw.lean:75:2: warning: Try this: 
  letI̵

The goal is a proposition, so `let` is preferred over `letI`.
The difference between `let` and `letI` is that `letI` inlines the value.
But this is not relevant for proofs because of proof irrelevance.

Note: This linter can be disabled with `set_option linter.style.haveILetI false`
UnifiedLean/Source/SourceEmbeddedJumpLaw.lean:71:0: warning: automatically included section variable(s) unused in theorem `UnifiedLean.Source.SourceEmbeddedJumpLaw.choice_nonempty_of_nonzero_rate`:
  [Fintype Copy]
consider restructuring your `variable` declarations so that the variables are not in scope or explicitly omit them:
  omit [Fintype Copy] in theorem ...

Note: This linter can be disabled with `set_option linter.unusedSectionVars false`
UnifiedLean/Source/SourceEmbeddedJumpLaw.lean:85:2: warning: Try this: 
  letI̵

The goal is a proposition, so `let` is preferred over `letI`.
The difference between `let` and `letI` is that `letI` inlines the value.
But this is not relevant for proofs because of proof irrelevance.

Note: This linter can be disabled with `set_option linter.style.haveILetI false`
UnifiedLean/Source/SourceEmbeddedJumpLaw.lean:103:8: warning: Try this: 
  letI̵

The goal is a proposition, so `let` is preferred over `letI`.
The difference between `let` and `letI` is that `letI` inlines the value.
But this is not relevant for proofs because of proof irrelevance.

Note: This linter can be disabled with `set_option linter.style.haveILetI false`
'UnifiedLean.Source.SourceEmbeddedJumpLaw.jumpMass_normalized' depends on axioms: [propext,
 Classical.choice,
 Quot.sound]
'UnifiedLean.Source.SourceEmbeddedJumpLaw.original_clock_winner_eq_jump_choice' depends on axioms: [propext,
 Classical.choice,
 Quot.sound]
