'ThueMorseBits.t' depends on axioms: [propext, Quot.sound]
'ThueMorseBits.t_zero' depends on axioms: [propext, Quot.sound]
'ThueMorseBits.t_double' depends on axioms: [propext, Quot.sound]
'ThueMorseBits.t_double_add_one' depends on axioms: [propext, Quot.sound]
'ThueMorseBits.t_one' depends on axioms: [propext, Quot.sound]
'ThueMorseBits.t_dyadic_block' depends on axioms: [propext, Quot.sound]
'ThueMorseBits.index_lt_two_pow' depends on axioms: [propext, Quot.sound]
'ThueMorseBits.t_mul_two_pow' depends on axioms: [propext, Quot.sound]
'ThueMorseBits.t_two_pow' depends on axioms: [propext, Quot.sound]
'ThueMorseBits.t_power_sub_three' depends on axioms: [propext, Quot.sound]
'ThueMorseBits.t_power_sub_two' depends on axioms: [propext, Quot.sound]
'ThueMorseBits.t_twice_power_sub_four' depends on axioms: [propext, Quot.sound]
'ThueMorseBits.t_two' depends on axioms: [propext, Quot.sound]
'ThueMorseBits.t_three' depends on axioms: [propext, Quot.sound]
'ThueMorseBits.t_four' depends on axioms: [propext, Quot.sound]
'ThueMorseBits.t_five' depends on axioms: [propext, Quot.sound]
'ThueMorseBits.t_six' depends on axioms: [propext, Quot.sound]
'ThueMorseBits.t_seven' depends on axioms: [propext, Quot.sound]
'ThueMorseBits.t_eight' depends on axioms: [propext, Quot.sound]
'ThueMorseBits.t_nine' depends on axioms: [propext, Quot.sound]
'ThueMorseBits.t_ten' depends on axioms: [propext, Quot.sound]
'ThueMorseBits.t_eleven' depends on axioms: [propext, Quot.sound]
'ThueMorseBits.t_twelve' depends on axioms: [propext, Quot.sound]
'ThueMorseBits.t_thirteen' depends on axioms: [propext, Quot.sound]
'ThueMorseBits.t_ten_pow_add_one' depends on axioms: [propext, Quot.sound]
'ThueMorseMAP.Run' depends on axioms: [propext, Quot.sound]
'ThueMorseMAP.Mono' depends on axioms: [propext, Quot.sound]
'ThueMorseMAP.FirstMaximum' depends on axioms: [propext, Quot.sound]
'ThueMorseMAP.Center' depends on axioms: [propext, Quot.sound]
'ThueMorseMAP.xor_self' does not depend on any axioms
'ThueMorseMAP.xor_cancel' depends on axioms: [propext]
'ThueMorseMAP.xor_eq_iff' does not depend on any axioms
'ThueMorseMAP.xor_not' does not depend on any axioms
'ThueMorseMAP.pow_pos' depends on axioms: [propext, Classical.choice, Quot.sound]
'ThueMorseMAP.pow_ge_four' depends on axioms: [propext, Quot.sound]
'ThueMorseMAP.equal_adjacent_odd' depends on axioms: [propext, Quot.sound]
'ThueMorseMAP.complement' depends on axioms: [propext, Classical.choice, Quot.sound]
'ThueMorseMAP.center_three' depends on axioms: [propext, Classical.choice, Quot.sound]
'ThueMorseMAP.center_ge_three' depends on axioms: [propext, Quot.sound]
'ThueMorseMAP.run_shift' depends on axioms: [propext, Quot.sound]
'ThueMorseMAP.Block' depends on axioms: [propext, Quot.sound]
'ThueMorseMAP.block_zero' depends on axioms: [propext, Classical.choice, Quot.sound]
'ThueMorseMAP.block_even' depends on axioms: [propext, Quot.sound]
'ThueMorseMAP.block_desubstitute' depends on axioms: [propext, Quot.sound]
'ThueMorseMAP.block_divides' depends on axioms: [propext, Quot.sound]
'ThueMorseMAP.block_cases' depends on axioms: [propext, Classical.choice, Quot.sound]
'ThueMorseMAP.run_at' depends on axioms: [propext, Quot.sound]
'ThueMorseMAP.tail_one' depends on axioms: [propext, Classical.choice, Quot.sound]
'ThueMorseMAP.tail_two' depends on axioms: [propext, Classical.choice, Quot.sound]
'ThueMorseMAP.tail_three' depends on axioms: [propext, Classical.choice, Quot.sound]
'ThueMorseMAP.half_tail_one' depends on axioms: [propext, Classical.choice, Quot.sound]
'ThueMorseMAP.half_tail_two' depends on axioms: [propext, Classical.choice, Quot.sound]
'ThueMorseMAP.odd_minus_witness' depends on axioms: [propext, Classical.choice, Quot.sound]
'ThueMorseMAP.odd_minus_upper' depends on axioms: [propext, Classical.choice, Quot.sound]
'ThueMorseMAP.odd_minus_earliest' depends on axioms: [propext, Classical.choice, Quot.sound]
'ThueMorseMAP.odd_minus_first_maximum' depends on axioms: [propext, Classical.choice, Quot.sound]
'ThueMorseMAP.minus_wrap_impossible' depends on axioms: [propext, Classical.choice, Quot.sound]
'ThueMorseMAP.even_minus_residue' depends on axioms: [propext, Classical.choice, Quot.sound]
'ThueMorseMAP.even_minus_necessary' depends on axioms: [propext, Classical.choice, Quot.sound]
'ThueMorseMAP.even_minus_witness' depends on axioms: [propext, Classical.choice, Quot.sound]
'ThueMorseMAP.even_minus_classification' depends on axioms: [propext, Classical.choice, Quot.sound]
'ThueMorseMAP.even_minus_upper' depends on axioms: [propext, Classical.choice, Quot.sound]
'ThueMorseMAP.even_minus_first_maximum' depends on axioms: [propext, Classical.choice, Quot.sound]
'ThueMorseMAP.plus_before' depends on axioms: [propext, Quot.sound]
'ThueMorseMAP.plus_after' depends on axioms: [propext, Classical.choice, Quot.sound]
'ThueMorseMAP.plus_residue_options' depends on axioms: [propext, Classical.choice, Quot.sound]
'ThueMorseMAP.plus_final_block' depends on axioms: [propext, Classical.choice, Quot.sound]
'ThueMorseMAP.half_plus_one' depends on axioms: [propext, Quot.sound]
'ThueMorseMAP.plus_not_zero' depends on axioms: [propext, Classical.choice, Quot.sound]
'ThueMorseMAP.plus_not_penultimate' depends on axioms: [propext, Classical.choice, Quot.sound]
'ThueMorseMAP.plus_necessary' depends on axioms: [propext, Classical.choice, Quot.sound]
'ThueMorseMAP.plus_witness' depends on axioms: [propext, Classical.choice, Quot.sound]
'ThueMorseMAP.plus_classification' depends on axioms: [propext, Classical.choice, Quot.sound]
'ThueMorseMAP.plus_upper' depends on axioms: [propext, Classical.choice, Quot.sound]
'ThueMorseMAP.plus_first_maximum' depends on axioms: [propext, Classical.choice, Quot.sound]
'ThueMorseMAP.A' depends on axioms: [propext, Classical.choice, Quot.sound]
'ThueMorseMAP.i' depends on axioms: [propext, Classical.choice, Quot.sound]
'ThueMorseMAP.Mono.truncate' depends on axioms: [propext, Quot.sound]
'ThueMorseMAP.FirstMaximum.bindings' depends on axioms: [propext, Classical.choice, Quot.sound]
'ThueMorseMAP.conjecture_3_8_plus' depends on axioms: [propext, Classical.choice, Quot.sound]
'ThueMorseMAP.conjecture_3_8_even_minus' depends on axioms: [propext, Classical.choice, Quot.sound]
'ThueMorseMAP.conjecture_3_8_odd_minus' depends on axioms: [propext, Classical.choice, Quot.sound]
