package/ThueMorseMAP/Plus.lean:142:84: warning: This simp argument is unused:
  Bool.false_xor

Hint: Omit it from the simp argument list.
  [apply] simp only [ht, Bool.xor_false, Bool.xor_true, Bool.true_xor, Bool.not_false, Bool.not_true] at he

Note: This linter can be disabled with `set_option linter.unusedSimpArgs false`
package/ThueMorseMAP/Plus.lean:142:99: warning: This simp argument is unused:
  Bool.true_xor

Hint: Omit it from the simp argument list.
  [apply] simp only [ht, Bool.xor_false, Bool.xor_true, Bool.false_xor, Bool.not_false, Bool.not_true] at he

Note: This linter can be disabled with `set_option linter.unusedSimpArgs false`
package/ThueMorseMAP/Plus.lean:202:110: warning: This simp argument is unused:
  Bool.false_xor

Hint: Omit it from the simp argument list.
  [apply] simp_all only [Bool.xor_false, Bool.xor_true, Bool.true_xor, Bool.not_false, Bool.not_true]

Note: This linter can be disabled with `set_option linter.unusedSimpArgs false`
package/ThueMorseMAP/Plus.lean:202:125: warning: This simp argument is unused:
  Bool.true_xor

Hint: Omit it from the simp argument list.
  [apply] simp_all only [Bool.xor_false, Bool.xor_true, Bool.false_xor, Bool.not_false, Bool.not_true]

Note: This linter can be disabled with `set_option linter.unusedSimpArgs false`
package/ThueMorseMAP/Plus.lean:288:89: warning: This simp argument is unused:
  Nat.add_zero

Hint: Omit it from the simp argument list.
  [apply] simp only [Nat.add_mod, Nat.mul_mod, Nat.mod_self, Nat.zero_mod, Nat.mul_zero, Nat.zero_add, Nat.mod_mod,
    hrem1] at hmod

Note: This linter can be disabled with `set_option linter.unusedSimpArgs false`
package/ThueMorseMAP/Plus.lean:288:102: warning: This simp argument is unused:
  Nat.mod_mod

Hint: Omit it from the simp argument list.
  [apply] simp only [Nat.add_mod, Nat.mul_mod, Nat.mod_self, Nat.zero_mod, Nat.mul_zero, Nat.zero_add, Nat.add_zero,
    hrem1] at hmod

Note: This linter can be disabled with `set_option linter.unusedSimpArgs false`
'ThueMorseMAP.plus_first_maximum' depends on axioms: [propext, Classical.choice, Quot.sound]
