/home/runner/work/_temp/g6-cloud-build/UnifiedLean/G6/RateBankCommon.lean:34:0: warning: automatically included section variable(s) unused in theorem `UnifiedLean.G6.RateBankCommon.copyBound_positive`:
  [DecidableEq Copy]
consider restructuring your `variable` declarations so that the variables are not in scope or explicitly omit them:
  omit [DecidableEq Copy] in theorem ...

Note: This linter can be disabled with `set_option linter.unusedSectionVars false`
/home/runner/work/_temp/g6-cloud-build/UnifiedLean/G6/RateBankCommon.lean:54:0: warning: automatically included section variable(s) unused in theorem `UnifiedLean.G6.RateBankCommon.totalRate_population_sum`:
  [Fintype Copy]
consider restructuring your `variable` declarations so that the variables are not in scope or explicitly omit them:
  omit [Fintype Copy] in theorem ...

Note: This linter can be disabled with `set_option linter.unusedSectionVars false`
/home/runner/work/_temp/g6-cloud-build/UnifiedLean/G6/RateBankCommon.lean:96:0: warning: automatically included section variable(s) unused in theorem `UnifiedLean.G6.RateBankCommon.globalRateBound_bank_lower`:
  [DecidableEq E]
consider restructuring your `variable` declarations so that the variables are not in scope or explicitly omit them:
  omit [DecidableEq E] in theorem ...

Note: This linter can be disabled with `set_option linter.unusedSectionVars false`
/home/runner/work/_temp/g6-cloud-build/UnifiedLean/G6/RateBankCommon.lean:109:0: warning: automatically included section variable(s) unused in theorem `UnifiedLean.G6.RateBankCommon.globalRateBound_bank_upper`:
  [DecidableEq E]
consider restructuring your `variable` declarations so that the variables are not in scope or explicitly omit them:
  omit [DecidableEq E] in theorem ...

Note: This linter can be disabled with `set_option linter.unusedSectionVars false`
'UnifiedLean.G6.RateBankCommon.copyBound_positive' depends on axioms: [propext, Classical.choice, Quot.sound]
'UnifiedLean.G6.RateBankCommon.populationPairCount_le' depends on axioms: [propext, Classical.choice, Quot.sound]
'UnifiedLean.G6.RateBankCommon.holding_coefficient_nonnegative' depends on axioms: [propext,
 Classical.choice,
 Quot.sound]
'UnifiedLean.G6.RateBankCommon.totalRate_population_sum' depends on axioms: [propext, Classical.choice, Quot.sound]
'UnifiedLean.G6.RateBankCommon.holdingNumerator_eq' depends on axioms: [propext, Classical.choice, Quot.sound]
'UnifiedLean.G6.RateBankCommon.holdingNumerator_nonnegative' depends on axioms: [propext, Classical.choice, Quot.sound]
'UnifiedLean.G6.RateBankCommon.holding_choice_formula' depends on axioms: [propext, Classical.choice, Quot.sound]
'UnifiedLean.G6.RateBankCommon.globalRateBound_bank_lower' depends on axioms: [propext, Classical.choice, Quot.sound]
'UnifiedLean.G6.RateBankCommon.globalRateBound_bank_upper' depends on axioms: [propext, Classical.choice, Quot.sound]
'UnifiedLean.G6.RateBankCommon.holdingNumerator_bank_lower' depends on axioms: [propext, Classical.choice, Quot.sound]
'UnifiedLean.G6.RateBankCommon.ratio_bank_lower' depends on axioms: [propext, Classical.choice, Quot.sound]
'UnifiedLean.G6.RateBankCommon.actual_choice_mass_bank_lower' depends on axioms: [propext, Classical.choice, Quot.sound]
'UnifiedLean.G6.RateBankCommon.actual_choice_pmf_bank_lower' depends on axioms: [propext, Classical.choice, Quot.sound]
'UnifiedLean.G6.RateBankCommon.actual_source_step_bank_lower' depends on axioms: [propext, Classical.choice, Quot.sound]
'UnifiedLean.G6.RateBankCommon.actual_source_iteration_bank_lower' depends on axioms: [propext,
 Classical.choice,
 Quot.sound]
'UnifiedLean.G6.RateBankCommon.actual_source_iteration_bank_lower_real' depends on axioms: [propext,
 Classical.choice,
 Quot.sound]
