/home/runner/work/_temp/g6-cloud-build/UnifiedLean/G6/UpperMeanCommon.lean:52:10: warning: this tactic is never executed

Note: This linter can be disabled with `set_option linter.unreachableTactic false`
/home/runner/work/_temp/g6-cloud-build/UnifiedLean/G6/UpperMeanCommon.lean:52:10: warning: Unused tactic linter: `ring` does nothing

Note: This linter can be disabled with `set_option linter.unusedTactic false`
Try this:
  [apply] ring_nf
  
  The `ring` tactic failed to close the goal. Use `ring_nf` to obtain a normal form.
    
  Note that `ring` works primarily in *commutative* rings. If you have a noncommutative ring, abelian group or module, consider using `noncomm_ring`, `abel` or `module` instead.
/home/runner/work/_temp/g6-cloud-build/UnifiedLean/G6/UpperMeanCommon.lean:123:32: error: unsolved goals
a b : ℝ≥0
hab : a ≤ b
K : ℕ
hd : 0 ≤ ↑b - ↑a
hpoly : taylorPrefix (↑b) K - taylorPrefix (↑a) K ≤ (↑b - ↑a) * taylorPrefix (↑b) K
hu : 0 < upperDenominator b K
⊢ 1 - taylorPrefix (↑a) K * (taylorPrefix (↑b) K + taylorTerm (↑b) (1 + K) * 2)⁻¹ =
    -(taylorPrefix (↑a) K * (taylorPrefix (↑b) K + taylorTerm (↑b) (1 + K) * 2)⁻¹) +
        taylorPrefix (↑b) K * (taylorPrefix (↑b) K + taylorTerm (↑b) (1 + K) * 2)⁻¹ +
      taylorTerm (↑b) (1 + K) * (taylorPrefix (↑b) K + taylorTerm (↑b) (1 + K) * 2)⁻¹ * 2
/home/runner/work/_temp/g6-cloud-build/UnifiedLean/G6/UpperMeanCommon.lean:133:2: error: Type mismatch
  add_le_add_right (LE.le.trans hquot hratio) ?m.145
has type
  ?m.145 + (taylorPrefix (↑b) K - taylorPrefix (↑a) K) / upperDenominator b K ≤ ?m.145 + (↑b - ↑a)
but is expected to have type
  (taylorPrefix (↑b) K - taylorPrefix (↑a) K) / upperDenominator b K + errorBound (↑b) K ≤ ↑b - ↑a + errorBound (↑b) K
/home/runner/work/_temp/g6-cloud-build/UnifiedLean/G6/UpperMeanCommon.lean:150:10: warning: this tactic is never executed

Note: This linter can be disabled with `set_option linter.unreachableTactic false`
/home/runner/work/_temp/g6-cloud-build/UnifiedLean/G6/UpperMeanCommon.lean:156:10: warning: this tactic is never executed

Note: This linter can be disabled with `set_option linter.unreachableTactic false`
/home/runner/work/_temp/g6-cloud-build/UnifiedLean/G6/UpperMeanCommon.lean:150:10: warning: Unused tactic linter: `ring` does nothing

Note: This linter can be disabled with `set_option linter.unusedTactic false`
/home/runner/work/_temp/g6-cloud-build/UnifiedLean/G6/UpperMeanCommon.lean:156:10: warning: Unused tactic linter: `ring` does nothing

Note: This linter can be disabled with `set_option linter.unusedTactic false`
'UnifiedLean.G6.UpperMeanCommon.pow_succ_difference_le' depends on axioms: [propext, Classical.choice, Quot.sound]
'UnifiedLean.G6.UpperMeanCommon.taylorTerm_difference_succ_le' depends on axioms: [propext,
 Classical.choice,
 Quot.sound]
'UnifiedLean.G6.UpperMeanCommon.taylorPrefix_mono' depends on axioms: [propext, Classical.choice, Quot.sound]
'UnifiedLean.G6.UpperMeanCommon.taylorPrefix_difference_le' depends on axioms: [propext, Classical.choice, Quot.sound]
'UnifiedLean.G6.UpperMeanCommon.upperDenominator_pos' depends on axioms: [propext, Classical.choice, Quot.sound]
'UnifiedLean.G6.UpperMeanCommon.upperCommonMass_bounds' depends on axioms: [propext, Classical.choice, Quot.sound]
'UnifiedLean.G6.UpperMeanCommon.upperCommonMass_le_prefixMass' depends on axioms: [propext,
 Classical.choice,
 Quot.sound]
'UnifiedLean.G6.UpperMeanCommon.upperCommonMass_deficit_le' depends on axioms: [propext,
 sorryAx,
 Classical.choice,
 Quot.sound]
'UnifiedLean.G6.UpperMeanCommon.upperCommonMass_count_domination' depends on axioms: [propext,
 Classical.choice,
 Quot.sound]
