/home/runner/work/_temp/g6-cloud-build/UnifiedLean/G6/ResidualProgram.lean:183:55: error: don't know how to synthesize placeholder for argument `h1`
context:
V : Type u_1
E : Type u_2
Copy : Type u_3
X : Type u_4
inst✝⁶ : DecidableEq V
inst✝⁵ : DecidableEq E
inst✝⁴ : Fintype V
inst✝³ : Fintype E
inst✝² : Fintype X
inst✝¹ : DecidableEq Copy
inst✝ : Fintype Copy
N : RootedBinary V E X
sample : Copy → X
r : PositivePairRates E
K : ℕ
s d : Code N sample
t : ℝ≥0
⊢ residualMass (↑(globalClockRate r * t)) K ≤ 1
/home/runner/work/_temp/g6-cloud-build/UnifiedLean/G6/ResidualProgram.lean:183:53: error: don't know how to synthesize placeholder for argument `h0`
context:
V : Type u_1
E : Type u_2
Copy : Type u_3
X : Type u_4
inst✝⁶ : DecidableEq V
inst✝⁵ : DecidableEq E
inst✝⁴ : Fintype V
inst✝³ : Fintype E
inst✝² : Fintype X
inst✝¹ : DecidableEq Copy
inst✝ : Fintype Copy
N : RootedBinary V E X
sample : Copy → X
r : PositivePairRates E
K : ℕ
s d : Code N sample
t : ℝ≥0
⊢ 0 ≤ residualMass (↑(globalClockRate r * t)) K
/home/runner/work/_temp/g6-cloud-build/UnifiedLean/G6/ResidualProgram.lean:254:27: error: don't know how to synthesize placeholder for argument `h1`
context:
V : Type u_1
E : Type u_2
Copy : Type u_3
X : Type u_4
inst✝⁶ : DecidableEq V
inst✝⁵ : DecidableEq E
inst✝⁴ : Fintype V
inst✝³ : Fintype E
inst✝² : Fintype X
inst✝¹ : DecidableEq Copy
inst✝ : Fintype Copy
N : RootedBinary V E X
sample : Copy → X
r : PositivePairRates E
K : ℕ
t : ℝ≥0
s d : Code N sample
⊢ residualMass (↑(globalClockRate r * t)) K ≤ 1
/home/runner/work/_temp/g6-cloud-build/UnifiedLean/G6/ResidualProgram.lean:254:25: error: don't know how to synthesize placeholder for argument `h0`
context:
V : Type u_1
E : Type u_2
Copy : Type u_3
X : Type u_4
inst✝⁶ : DecidableEq V
inst✝⁵ : DecidableEq E
inst✝⁴ : Fintype V
inst✝³ : Fintype E
inst✝² : Fintype X
inst✝¹ : DecidableEq Copy
inst✝ : Fintype Copy
N : RootedBinary V E X
sample : Copy → X
r : PositivePairRates E
K : ℕ
t : ℝ≥0
s d : Code N sample
⊢ 0 ≤ residualMass (↑(globalClockRate r * t)) K
'UnifiedLean.G6.ResidualProgram.residualPMF' depends on axioms: [propext, Classical.choice, Quot.sound]
'UnifiedLean.G6.ResidualProgram.residualPMF_real' depends on axioms: [propext, Classical.choice, Quot.sound]
'UnifiedLean.G6.ResidualProgram.common_pmf_tv' depends on axioms: [propext, Classical.choice, Quot.sound]
'UnifiedLean.G6.ResidualProgram.actual_program_common_domination' depends on axioms: [propext,
 Classical.choice,
 Quot.sound]
'UnifiedLean.G6.ResidualProgram.residual_program_common_domination' depends on axioms: [propext,
 sorryAx,
 Classical.choice,
 Quot.sound]
'UnifiedLean.G6.ResidualProgram.history_common_domination' depends on axioms: [propext, Classical.choice, Quot.sound]
'UnifiedLean.G6.ResidualProgram.actual_history_common_domination' depends on axioms: [propext,
 Classical.choice,
 Quot.sound]
'UnifiedLean.G6.ResidualProgram.residual_history_common_domination' depends on axioms: [propext,
 sorryAx,
 Classical.choice,
 Quot.sound]
'UnifiedLean.G6.ResidualProgram.retained_past_joint_history_tv' depends on axioms: [propext,
 sorryAx,
 Classical.choice,
 Quot.sound]
'UnifiedLean.G6.ResidualProgram.retained_past_joint_history_tv_budget' depends on axioms: [propext,
 sorryAx,
 Classical.choice,
 Quot.sound]
