/home/runner/work/_temp/g6-cloud-build/UnifiedLean/G6/InheritanceBankCommon.lean:28:84: error: unsolved goals
case false
gamma : ↑unitInterval
⊢ ↑⟨1 - ↑gamma, ⋯⟩ = ↑(NNReal.mk (1 - ↑gamma) ⋯)

case true
gamma : ↑unitInterval
⊢ ↑⟨↑gamma, ⋯⟩ = ↑(NNReal.mk ↑gamma ⋯)
/home/runner/work/_temp/g6-cloud-build/UnifiedLean/G6/InheritanceBankCommon.lean:49:6: error: Tactic `rewrite` failed: Did not find an occurrence of the pattern
  (Measure.toPMF ?μ) ?x
in the target expression
  (Measure.pi fun x => bitMeasure gamma).toPMF coin = ∏ i, (bitMeasure gamma) {coin i}

Site : Type u_1
inst✝ : Fintype Site
gamma : ↑unitInterval
coin : Site → Bool
⊢ (Measure.pi fun x => bitMeasure gamma).toPMF coin = ∏ i, (bitMeasure gamma) {coin i}

Note: The target expression is not type-correct under the `implicit` transparency level, which may have triggered the failure. This is usually caused by unfolding of semireducible definitions in prior tactic steps. Use `set_option linter.tacticCheckInstances true` to investigate the source of the issue.
Full error:
  Application type mismatch: The argument
    independentCoinMeasure_probability Site gamma
  has type
    @IsProbabilityMeasure (Site → Bool) MeasurableSpace.pi (independentCoinMeasure Site gamma)
  but is expected to have type
    @IsProbabilityMeasure (Site → Bool) MeasurableSpace.pi (Measure.pi fun x => bitMeasure gamma)
  in the application
    @Measure.toPMF (Site → Bool) ⋯ MeasurableSpace.pi ⋯ (Measure.pi fun x => bitMeasure gamma) ⋯
/home/runner/work/_temp/g6-cloud-build/UnifiedLean/G6/InheritanceBankCommon.lean:106:0: warning: automatically included section variable(s) unused in theorem `UnifiedLean.G6.InheritanceBankCommon.actual_original_register_product`:
  [DecidableEq E]
consider restructuring your `variable` declarations so that the variables are not in scope or explicitly omit them:
  omit [DecidableEq E] in theorem ...

Note: This linter can be disabled with `set_option linter.unusedSectionVars false`
'UnifiedLean.G6.InheritanceBankCommon.actual_bit_singleton' depends on axioms: [propext,
 sorryAx,
 Classical.choice,
 Quot.sound]
'UnifiedLean.G6.InheritanceBankCommon.actual_bit_bank_lower' depends on axioms: [propext,
 sorryAx,
 Classical.choice,
 Quot.sound]
'UnifiedLean.G6.InheritanceBankCommon.actual_current_coin_product' depends on axioms: [propext,
 sorryAx,
 Classical.choice,
 Quot.sound]
'UnifiedLean.G6.InheritanceBankCommon.actual_current_coin_bank_lower' depends on axioms: [propext,
 sorryAx,
 Classical.choice,
 Quot.sound]
'UnifiedLean.G6.InheritanceBankCommon.actual_current_owner_count' depends on axioms: [propext,
 Classical.choice,
 Quot.sound]
'UnifiedLean.G6.InheritanceBankCommon.actual_independent_pulse_bank_lower' depends on axioms: [propext,
 sorryAx,
 Classical.choice,
 Quot.sound]
'UnifiedLean.G6.InheritanceBankCommon.actual_independent_pulse_bank_lower_uniform' depends on axioms: [propext,
 sorryAx,
 Classical.choice,
 Quot.sound]
'UnifiedLean.G6.InheritanceBankCommon.actual_original_register_product' depends on axioms: [propext,
 Classical.choice,
 Quot.sound]
'UnifiedLean.G6.InheritanceBankCommon.actual_original_register_coin_bank_lower' depends on axioms: [propext,
 sorryAx,
 Classical.choice,
 Quot.sound]
'UnifiedLean.G6.InheritanceBankCommon.actual_original_register_bank_lower' depends on axioms: [propext,
 sorryAx,
 Classical.choice,
 Quot.sound]
'UnifiedLean.G6.InheritanceBankCommon.actual_natural_initial_code_bank_lower' depends on axioms: [propext,
 sorryAx,
 Classical.choice,
 Quot.sound]
'UnifiedLean.G6.InheritanceBankCommon.actual_joint_register_initial_code_bank_lower' depends on axioms: [propext,
 sorryAx,
 Classical.choice,
 Quot.sound]
