/home/runner/work/_temp/g6-cloud-build/ActualCalendarCutContext.lean:71:11: error: Type mismatch
  measurable_const
has type
  Measurable fun x => ?m.59
but is expected to have type
  Measurable (calendarReadout N bin [] s offset B)
/home/runner/work/_temp/g6-cloud-build/ActualCalendarCutContext.lean:104:10: error: typeclass instance problem is stuck
  IsProbabilityMeasure ?m.80

Note: Lean will not try to resolve this typeclass instance problem because the third type argument to `IsProbabilityMeasure` is a metavariable. This argument must be fully determined before Lean will try to resolve the typeclass.

Hint: Adding type annotations and supplying implicit arguments to functions can give Lean more information for typeclass resolution. For example, if you have a variable `x` that you intend to be a `Nat`, but Lean reports it as having an unresolved type like `?m`, replacing `x` with `(x : Nat)` can get typeclass resolution un-stuck.
/home/runner/work/_temp/g6-cloud-build/ActualCalendarCutContext.lean:113:10: error: typeclass instance problem is stuck
  IsProbabilityMeasure ?m.80

Note: Lean will not try to resolve this typeclass instance problem because the third type argument to `IsProbabilityMeasure` is a metavariable. This argument must be fully determined before Lean will try to resolve the typeclass.

Hint: Adding type annotations and supplying implicit arguments to functions can give Lean more information for typeclass resolution. For example, if you have a variable `x` that you intend to be a `Nat`, but Lean reports it as having an unresolved type like `?m`, replacing `x` with `(x : Nat)` can get typeclass resolution un-stuck.
/home/runner/work/_temp/g6-cloud-build/ActualCalendarCutContext.lean:122:10: error: typeclass instance problem is stuck
  IsProbabilityMeasure ?m.80

Note: Lean will not try to resolve this typeclass instance problem because the third type argument to `IsProbabilityMeasure` is a metavariable. This argument must be fully determined before Lean will try to resolve the typeclass.

Hint: Adding type annotations and supplying implicit arguments to functions can give Lean more information for typeclass resolution. For example, if you have a variable `x` that you intend to be a `Nat`, but Lean reports it as having an unresolved type like `?m`, replacing `x` with `(x : Nat)` can get typeclass resolution un-stuck.
/home/runner/work/_temp/g6-cloud-build/ActualCalendarCutContext.lean:131:10: error: typeclass instance problem is stuck
  IsProbabilityMeasure ?m.73

Note: Lean will not try to resolve this typeclass instance problem because the third type argument to `IsProbabilityMeasure` is a metavariable. This argument must be fully determined before Lean will try to resolve the typeclass.

Hint: Adding type annotations and supplying implicit arguments to functions can give Lean more information for typeclass resolution. For example, if you have a variable `x` that you intend to be a `Nat`, but Lean reports it as having an unresolved type like `?m`, replacing `x` with `(x : Nat)` can get typeclass resolution un-stuck.
/home/runner/work/_temp/g6-cloud-build/ActualCalendarCutContext.lean:140:2: warning: Try this: 
  letI̵

The goal is a proposition, so `let` is preferred over `letI`.
The difference between `let` and `letI` is that `letI` inlines the value.
But this is not relevant for proofs because of proof irrelevance.

Note: This linter can be disabled with `set_option linter.style.haveILetI false`
/home/runner/work/_temp/g6-cloud-build/ActualCalendarCutContext.lean:141:10: error: typeclass instance problem is stuck
  IsProbabilityMeasure ?m.116

Note: Lean will not try to resolve this typeclass instance problem because the third type argument to `IsProbabilityMeasure` is a metavariable. This argument must be fully determined before Lean will try to resolve the typeclass.

Hint: Adding type annotations and supplying implicit arguments to functions can give Lean more information for typeclass resolution. For example, if you have a variable `x` that you intend to be a `Nat`, but Lean reports it as having an unresolved type like `?m`, replacing `x` with `(x : Nat)` can get typeclass resolution un-stuck.
/home/runner/work/_temp/g6-cloud-build/ActualCalendarCutContext.lean:151:2: warning: Try this: 
  letI̵

The goal is a proposition, so `let` is preferred over `letI`.
The difference between `let` and `letI` is that `letI` inlines the value.
But this is not relevant for proofs because of proof irrelevance.

Note: This linter can be disabled with `set_option linter.style.haveILetI false`
/home/runner/work/_temp/g6-cloud-build/ActualCalendarCutContext.lean:152:10: error: typeclass instance problem is stuck
  IsProbabilityMeasure ?m.116

Note: Lean will not try to resolve this typeclass instance problem because the third type argument to `IsProbabilityMeasure` is a metavariable. This argument must be fully determined before Lean will try to resolve the typeclass.

Hint: Adding type annotations and supplying implicit arguments to functions can give Lean more information for typeclass resolution. For example, if you have a variable `x` that you intend to be a `Nat`, but Lean reports it as having an unresolved type like `?m`, replacing `x` with `(x : Nat)` can get typeclass resolution un-stuck.
/home/runner/work/_temp/g6-cloud-build/ActualCalendarCutContext.lean:162:2: warning: Try this: 
  letI̵

The goal is a proposition, so `let` is preferred over `letI`.
The difference between `let` and `letI` is that `letI` inlines the value.
But this is not relevant for proofs because of proof irrelevance.

Note: This linter can be disabled with `set_option linter.style.haveILetI false`
/home/runner/work/_temp/g6-cloud-build/ActualCalendarCutContext.lean:163:10: error: typeclass instance problem is stuck
  IsProbabilityMeasure ?m.116

Note: Lean will not try to resolve this typeclass instance problem because the third type argument to `IsProbabilityMeasure` is a metavariable. This argument must be fully determined before Lean will try to resolve the typeclass.

Hint: Adding type annotations and supplying implicit arguments to functions can give Lean more information for typeclass resolution. For example, if you have a variable `x` that you intend to be a `Nat`, but Lean reports it as having an unresolved type like `?m`, replacing `x` with `(x : Nat)` can get typeclass resolution un-stuck.
/home/runner/work/_temp/g6-cloud-build/ActualCalendarCutContext.lean:173:2: warning: Try this: 
  letI̵

The goal is a proposition, so `let` is preferred over `letI`.
The difference between `let` and `letI` is that `letI` inlines the value.
But this is not relevant for proofs because of proof irrelevance.

Note: This linter can be disabled with `set_option linter.style.haveILetI false`
/home/runner/work/_temp/g6-cloud-build/ActualCalendarCutContext.lean:174:10: error: typeclass instance problem is stuck
  IsProbabilityMeasure ?m.109

Note: Lean will not try to resolve this typeclass instance problem because the third type argument to `IsProbabilityMeasure` is a metavariable. This argument must be fully determined before Lean will try to resolve the typeclass.

Hint: Adding type annotations and supplying implicit arguments to functions can give Lean more information for typeclass resolution. For example, if you have a variable `x` that you intend to be a `Nat`, but Lean reports it as having an unresolved type like `?m`, replacing `x` with `(x : Nat)` can get typeclass resolution un-stuck.
/home/runner/work/_temp/g6-cloud-build/ActualCalendarCutContext.lean:201:8: error: Tactic `rewrite` failed: Did not find an occurrence of the pattern
  Measure.map (Prod.map obs id) ((μ.restrict {a | e a = s}).prod (ν s))
in the target expression
  Measure.map (fun z => g (obs z.1, z.2)) ((μ.restrict {a | e a = s}).prod (ν s)) =
    Measure.map g ((Measure.map obs (μ.restrict {a | e a = s})).prod (ν s))

A : Type u_1
S : Type u_2
O : Type u_3
β : Type u_4
R : Type u_5
inst✝¹² : MeasurableSpace A
inst✝¹¹ : MeasurableSpace S
inst✝¹⁰ : MeasurableSpace O
inst✝⁹ : MeasurableSpace β
inst✝⁸ : MeasurableSpace R
inst✝⁷ : Fintype S
inst✝⁶ : Fintype O
inst✝⁵ : Fintype R
inst✝⁴ : MeasurableSingletonClass S
inst✝³ : MeasurableSingletonClass O
inst✝² : MeasurableSingletonClass R
μ : Measure A
inst✝¹ : IsFiniteMeasure μ
e : A → S
obs : A → O
k : O → S
he : Measurable e
ho : Measurable obs
hk : Measurable k
hcompat : ∀ (a : A), k (obs a) = e a
ν : S → Measure β
inst✝ : ∀ (s : S), SFinite (ν s)
Gamma : PMF O
hGamma : Measure.map obs μ = Gamma.toMeasure
g : O × β → R
hg : Measurable g
row : O → PMF R
hrow : ∀ (q : O), (row q).toMeasure = Measure.map (fun z => g (q, z)) (ν (k q))
hG : Measurable (g ∘ Prod.map obs id)
s : S
a✝ : s ∈ Finset.univ
⊢ Measure.map (fun z => g (obs z.1, z.2)) ((μ.restrict {a | e a = s}).prod (ν s)) =
    Measure.map g ((Measure.map obs (μ.restrict {a | e a = s})).prod (ν s))
/home/runner/work/_temp/g6-cloud-build/ActualCalendarCutContext.lean:213:49: error: Tactic `rewrite` failed: Did not find an occurrence of the pattern
  Measure.map (fun z => g (q, z)) (ν (k q))
in the target expression
  Gamma q • Measure.map (g ∘ Prod.mk q) (ν (k q)) = Gamma q • (row q).toMeasure

A : Type u_1
S : Type u_2
O : Type u_3
β : Type u_4
R : Type u_5
inst✝¹² : MeasurableSpace A
inst✝¹¹ : MeasurableSpace S
inst✝¹⁰ : MeasurableSpace O
inst✝⁹ : MeasurableSpace β
inst✝⁸ : MeasurableSpace R
inst✝⁷ : Fintype S
inst✝⁶ : Fintype O
inst✝⁵ : Fintype R
inst✝⁴ : MeasurableSingletonClass S
inst✝³ : MeasurableSingletonClass O
inst✝² : MeasurableSingletonClass R
μ : Measure A
inst✝¹ : IsFiniteMeasure μ
e : A → S
obs : A → O
k : O → S
he : Measurable e
ho : Measurable obs
hk : Measurable k
hcompat : ∀ (a : A), k (obs a) = e a
ν : S → Measure β
inst✝ : ∀ (s : S), SFinite (ν s)
Gamma : PMF O
hGamma : Measure.map obs μ = Gamma.toMeasure
g : O × β → R
hg : Measurable g
row : O → PMF R
hrow : ∀ (q : O), (row q).toMeasure = Measure.map (fun z => g (q, z)) (ν (k q))
hG : Measurable (g ∘ Prod.map obs id)
hfirst :
  ∑ s, Measure.map (fun z => g (obs z.1, z.2)) ((μ.restrict {a | e a = s}).prod (ν s)) =
    ∑ s, Measure.map g ((Measure.map obs (μ.restrict {a | e a = s})).prod (ν s))
hcoarse :
  ∑ s, Measure.map g ((Measure.map obs (μ.restrict {x | e x = s})).prod (ν (id s))) =
    ∑ q, Measure.map g ((Gamma.toMeasure.restrict {z | k z = q}).prod (ν q))
hfine :
  ∑ s, Measure.map g ((Measure.map id (Gamma.toMeasure.restrict {x | id x = s})).prod (ν (k s))) =
    ∑ q, Measure.map g ((Gamma.toMeasure.restrict {z | k z = q}).prod (ν q))
q : O
⊢ Gamma q • Measure.map (g ∘ Prod.mk q) (ν (k q)) = Gamma q • (row q).toMeasure
/home/runner/work/_temp/g6-cloud-build/ActualCalendarCutContext.lean:235:2: warning: Try this: 
  letI̵

The goal is a proposition, so `let` is preferred over `letI`.
The difference between `let` and `letI` is that `letI` inlines the value.
But this is not relevant for proofs because of proof irrelevance.

Note: This linter can be disabled with `set_option linter.style.haveILetI false`
/home/runner/work/_temp/g6-cloud-build/ActualCalendarCutContext.lean:236:2: warning: Try this: 
  letI̵

The goal is a proposition, so `let` is preferred over `letI`.
The difference between `let` and `letI` is that `letI` inlines the value.
But this is not relevant for proofs because of proof irrelevance.

Note: This linter can be disabled with `set_option linter.style.haveILetI false`
/home/runner/work/_temp/g6-cloud-build/ActualCalendarCutContext.lean:278:2: warning: Try this: 
  letI̵

The goal is a proposition, so `let` is preferred over `letI`.
The difference between `let` and `letI` is that `letI` inlines the value.
But this is not relevant for proofs because of proof irrelevance.

Note: This linter can be disabled with `set_option linter.style.haveILetI false`
/home/runner/work/_temp/g6-cloud-build/ActualCalendarCutContext.lean:279:2: warning: Try this: 
  letI̵

The goal is a proposition, so `let` is preferred over `letI`.
The difference between `let` and `letI` is that `letI` inlines the value.
But this is not relevant for proofs because of proof irrelevance.

Note: This linter can be disabled with `set_option linter.style.haveILetI false`
/home/runner/work/_temp/g6-cloud-build/ActualCalendarCutContext.lean:312:10: error: Tactic `rewrite` failed: Did not find an occurrence of the pattern
  calendarEnd N ops s past
in the target expression
  (traceEndpoint N (Fintype.card Copy) d z.2,
      foldTags N bin (Fintype.card Copy) d (offset + ↑(programDuration N ops)) (calendarTags N bin ops s offset B past)
        z.2) =
    (traceEndpoint N (Fintype.card Copy) (Prod.map (calendarReadout N bin ops s offset B) id (past, z)).1.1
        (Prod.map (calendarReadout N bin ops s offset B) id (past, z)).2.2,
      foldTags N bin (Fintype.card Copy) (Prod.map (calendarReadout N bin ops s offset B) id (past, z)).1.1
        (offset + ↑(programDuration N ops)) (Prod.map (calendarReadout N bin ops s offset B) id (past, z)).1.2
        (Prod.map (calendarReadout N bin ops s offset B) id (past, z)).2.2)

V : Type u
E : Type v
Copy : Type w
X : Type x
Tag : Type y
inst✝⁹ : DecidableEq V
inst✝⁸ : DecidableEq E
inst✝⁷ : Fintype V
inst✝⁶ : Fintype E
inst✝⁵ : Fintype X
inst✝⁴ : DecidableEq Copy
inst✝³ : Fintype Copy
inst✝² : Fintype Tag
inst✝¹ : MeasurableSpace Tag
inst✝ : MeasurableSingletonClass Tag
N : RootedBinary V E X
sample : Copy → X
r : PositivePairRates E
bin : ℝ → Tag
hbin : Measurable bin
ops : List (ProgramStep N)
s : Code N sample
offset : ℝ
B : Copy → Copy → Tag
this✝ : IsProbabilityMeasure (actualCalendarTraceLaw N r ops s) := actual_calendar_trace_probability N r ops s
this : ∀ (d : Code N sample), IsProbabilityMeasure (completeAncestralTraceLaw N r d) :=
  fun d => complete_ancestral_trace_probability N r d
g : TaggedEndpoint N sample × Bool × ClockTrace N sample (Fintype.card Copy) → TaggedEndpoint N sample :=
  fun z => tailTraceReadout N bin z.1.1 (offset + ↑(programDuration N ops)) z.1.2 z.2
hg : Measurable g
d : Code N sample
a✝ : d ∈ Finset.univ
hinsert : Measurable fun z => (d, z)
hf : Measurable (completeReadout N bin ops s offset B ∘ fun z => (d, z))
hr : Measurable (g ∘ Prod.map (calendarReadout N bin ops s offset B) id)
past : Fin ops.length → SegmentRecord N sample
hp : calendarEnd N ops s past = d
z : Bool × ClockTrace N sample (Fintype.card Copy)
⊢ (traceEndpoint N (Fintype.card Copy) d z.2,
      foldTags N bin (Fintype.card Copy) d (offset + ↑(programDuration N ops)) (calendarTags N bin ops s offset B past)
        z.2) =
    (traceEndpoint N (Fintype.card Copy) (Prod.map (calendarReadout N bin ops s offset B) id (past, z)).1.1
        (Prod.map (calendarReadout N bin ops s offset B) id (past, z)).2.2,
      foldTags N bin (Fintype.card Copy) (Prod.map (calendarReadout N bin ops s offset B) id (past, z)).1.1
        (offset + ↑(programDuration N ops)) (Prod.map (calendarReadout N bin ops s offset B) id (past, z)).1.2
        (Prod.map (calendarReadout N bin ops s offset B) id (past, z)).2.2)
/home/runner/work/_temp/g6-cloud-build/ActualCalendarCutContext.lean:330:2: warning: Try this: 
  letI̵

The goal is a proposition, so `let` is preferred over `letI`.
The difference between `let` and `letI` is that `letI` inlines the value.
But this is not relevant for proofs because of proof irrelevance.

Note: This linter can be disabled with `set_option linter.style.haveILetI false`
/home/runner/work/_temp/g6-cloud-build/ActualCalendarCutContext.lean:331:2: warning: Try this: 
  letI̵

The goal is a proposition, so `let` is preferred over `letI`.
The difference between `let` and `letI` is that `letI` inlines the value.
But this is not relevant for proofs because of proof irrelevance.

Note: This linter can be disabled with `set_option linter.style.haveILetI false`
/home/runner/work/_temp/g6-cloud-build/ActualCalendarCutContext.lean:348:2: error: Type mismatch
  finite_observed_fibre_kernel (actualMarkedTraceLaw N r (Fintype.card Copy) s ↑t)
    (fun h => traceEndpoint N (Fintype.card Copy) s h.2) (tailTraceReadout N bin s offset B) Prod.fst
    (raw_tail_endpoint_measurable N s) (tail_trace_readout_measurable N bin hbin s offset B) measurable_fst
    (fun x => rfl) (fun d => completeAncestralTraceLaw N r d)
    (segmentJoint N r bin hbin (ProgramStep.interval t) s offset B) hGamma g hg
    (fun q => tailJoint N r bin hbin q.1 (offset + ↑t) q.2) fun q =>
    tail_joint_toMeasure N r bin hbin q.1 (offset + ↑t) q.2
has type
  ∑ s_1,
      Measure.map (fun z => g (tailTraceReadout N bin s offset B z.1, z.2))
        (((actualMarkedTraceLaw N r (Fintype.card Copy) s ↑t).restrict
              {a | traceEndpoint N (Fintype.card Copy) s a.2 = s_1}).prod
          (completeAncestralTraceLaw N r s_1)) =
    ((segmentJoint N r bin hbin (ProgramStep.interval t) s offset B).bind fun q =>
        tailJoint N r bin hbin q.1 (offset + ↑t) q.2).toMeasure
but is expected to have type
  ∑ x,
      Measure.map (prefixTailReadout N bin s x offset (↑t) B)
        (((actualMarkedTraceLaw N r (Fintype.card Copy) s ↑t).restrict
              {h | traceEndpoint N (Fintype.card Copy) s h.2 = x}).prod
          (completeAncestralTraceLaw N r x)) =
    ((segmentJoint N r bin hbin (ProgramStep.interval t) s offset B).bind fun q =>
        tailJoint N r bin hbin q.1 (offset + ↑t) q.2).toMeasure
/home/runner/work/_temp/g6-cloud-build/ActualCalendarCutContext.lean:360:66: error: unsolved goals
V : Type u
E : Type v
Copy : Type w
X : Type x
Tag : Type y
inst✝⁹ : DecidableEq V
inst✝⁸ : DecidableEq E
inst✝⁷ : Fintype V
inst✝⁶ : Fintype E
inst✝⁵ : Fintype X
inst✝⁴ : DecidableEq Copy
inst✝³ : Fintype Copy
inst✝² : Fintype Tag
inst✝¹ : MeasurableSpace Tag
inst✝ : MeasurableSingletonClass Tag
N : RootedBinary V E X
sample : Copy → X
r : PositivePairRates E
bin : ℝ → Tag
hbin : Measurable bin
s : Code N sample
offset : ℝ
B : Copy → Copy → Tag
⊢ Measure.dirac (s, B) = (PMF.pure (s, B)).toMeasure
/home/runner/work/_temp/g6-cloud-build/ActualCalendarCutContext.lean:365:0: warning: automatically included section variable(s) unused in theorem `CloudG3.ActualCalendarCutContext.program_duration_append`:
  [DecidableEq E]
consider restructuring your `variable` declarations so that the variables are not in scope or explicitly omit them:
  omit [DecidableEq E] in theorem ...

Note: This linter can be disabled with `set_option linter.unusedSectionVars false`
/home/runner/work/_temp/g6-cloud-build/ActualCalendarCutContext.lean:383:49: error: Tactic `rewrite` failed: Did not find an occurrence of the pattern
  calendarJoint N r bin hbin (ops ++ more) ?s ?offset ?B
in the target expression
  ((segmentJoint N r bin hbin op s offset B).bind fun q =>
      calendarJoint N r bin hbin (ops ++ more) q.1 (segmentOffset N op offset) q.2) =
    (calendarJoint N r bin hbin (op :: ops) s offset B).bind fun q =>
      calendarJoint N r bin hbin more q.1 (offset + ↑(programDuration N (op :: ops))) q.2

case cons
V : Type u
E : Type v
Copy : Type w
X : Type x
Tag : Type y
inst✝⁹ : DecidableEq V
inst✝⁸ : DecidableEq E
inst✝⁷ : Fintype V
inst✝⁶ : Fintype E
inst✝⁵ : Fintype X
inst✝⁴ : DecidableEq Copy
inst✝³ : Fintype Copy
inst✝² : Fintype Tag
inst✝¹ : MeasurableSpace Tag
inst✝ : MeasurableSingletonClass Tag
N : RootedBinary V E X
sample : Copy → X
r : PositivePairRates E
bin : ℝ → Tag
hbin : Measurable bin
more : List (ProgramStep N)
op : ProgramStep N
ops : List (ProgramStep N)
ih :
  ∀ (s : Code N sample) (offset : ℝ) (B : Copy → Copy → Tag),
    calendarJoint N r bin hbin (ops ++ more) s offset B =
      (calendarJoint N r bin hbin ops s offset B).bind fun q =>
        calendarJoint N r bin hbin more q.1 (offset + ↑(programDuration N ops)) q.2
s : Code N sample
offset : ℝ
B : Copy → Copy → Tag
⊢ ((segmentJoint N r bin hbin op s offset B).bind fun q =>
      calendarJoint N r bin hbin (ops ++ more) q.1 (segmentOffset N op offset) q.2) =
    (calendarJoint N r bin hbin (op :: ops) s offset B).bind fun q =>
      calendarJoint N r bin hbin more q.1 (offset + ↑(programDuration N (op :: ops))) q.2
/home/runner/work/_temp/g6-cloud-build/ActualCalendarCutContext.lean:415:2: error: Tactic `apply` failed: could not unify the conclusion of `@funext`
  ∀ {g : (x : ?α) → ?β x}, (∀ (x : ?α), ?f x = g x) → ?f = g
with the goal
  Measurable bin

Note: The full type of `@funext` is
  ∀ {α : Sort ?u.164} {β : α → Sort ?u.163} {f g : (x : α) → β x}, (∀ (x : α), f x = g x) → f = g

case hbin
V : Type u
E : Type v
Copy : Type w
X : Type x
Tag : Type y
inst✝⁹ : DecidableEq V
inst✝⁸ : DecidableEq E
inst✝⁷ : Fintype V
inst✝⁶ : Fintype E
inst✝⁵ : Fintype X
inst✝⁴ : DecidableEq Copy
inst✝³ : Fintype Copy
inst✝² : Fintype Tag
inst✝¹ : MeasurableSpace Tag
inst✝ : MeasurableSingletonClass Tag
N : RootedBinary V E X
sample : Copy → X
r : PositivePairRates E
bin : ℝ → Tag
hbin : Measurable bin
ops : List (ProgramStep N)
s : Code N sample
offset : ℝ
t : ℝ≥0
B : Copy → Copy → Tag
⊢ Measurable bin
'CloudG3.ActualCalendarCutContext.segment_readout_measurable' depends on axioms: [propext, Classical.choice, Quot.sound]
'CloudG3.ActualCalendarCutContext.calendar_readout_measurable' depends on axioms: [propext,
 sorryAx,
 Classical.choice,
 Quot.sound]
'CloudG3.ActualCalendarCutContext.complete_readout_measurable' depends on axioms: [propext,
 sorryAx,
 Classical.choice,
 Quot.sound]
'CloudG3.ActualCalendarCutContext.segment_joint_toMeasure' depends on axioms: [propext,
 sorryAx,
 Classical.choice,
 Quot.sound]
'CloudG3.ActualCalendarCutContext.calendar_joint_toMeasure' depends on axioms: [propext,
 sorryAx,
 Classical.choice,
 Quot.sound]
'CloudG3.ActualCalendarCutContext.completed_joint_toMeasure' depends on axioms: [propext,
 sorryAx,
 Classical.choice,
 Quot.sound]
'CloudG3.ActualCalendarCutContext.tail_joint_toMeasure' depends on axioms: [propext,
 sorryAx,
 Classical.choice,
 Quot.sound]
'CloudG3.ActualCalendarCutContext.finite_observed_fibre_kernel' depends on axioms: [propext,
 sorryAx,
 Classical.choice,
 Quot.sound]
'CloudG3.ActualCalendarCutContext.calendar_joint_cons' depends on axioms: [propext,
 sorryAx,
 Classical.choice,
 Quot.sound]
'CloudG3.ActualCalendarCutContext.completed_joint_bind_calendar' depends on axioms: [propext,
 sorryAx,
 Classical.choice,
 Quot.sound]
'CloudG3.ActualCalendarCutContext.tail_joint_cut_bind' depends on axioms: [propext,
 sorryAx,
 Classical.choice,
 Quot.sound]
'CloudG3.ActualCalendarCutContext.calendar_joint_nil' depends on axioms: [propext,
 sorryAx,
 Classical.choice,
 Quot.sound]
'CloudG3.ActualCalendarCutContext.program_duration_append' depends on axioms: [propext, Classical.choice, Quot.sound]
'CloudG3.ActualCalendarCutContext.calendar_joint_append' depends on axioms: [propext,
 sorryAx,
 Classical.choice,
 Quot.sound]
'CloudG3.ActualCalendarCutContext.calendar_joint_single' depends on axioms: [propext,
 sorryAx,
 Classical.choice,
 Quot.sound]
'CloudG3.ActualCalendarCutContext.actual_complete_calendar_cut_refinement' depends on axioms: [propext,
 sorryAx,
 Classical.choice,
 Quot.sound]
