Try this:
  [apply] ring_nf
  
  The `ring` tactic failed to close the goal. Use `ring_nf` to obtain a normal form.
    
  Note that `ring` works primarily in *commutative* rings. If you have a noncommutative ring, abelian group or module, consider using `noncomm_ring`, `abel` or `module` instead.
Try this:
  [apply] ring_nf
  
  The `ring` tactic failed to close the goal. Use `ring_nf` to obtain a normal form.
    
  Note that `ring` works primarily in *commutative* rings. If you have a noncommutative ring, abelian group or module, consider using `noncomm_ring`, `abel` or `module` instead.
Try this:
  [apply] ring_nf
  
  The `ring` tactic failed to close the goal. Use `ring_nf` to obtain a normal form.
    
  Note that `ring` works primarily in *commutative* rings. If you have a noncommutative ring, abelian group or module, consider using `noncomm_ring`, `abel` or `module` instead.
Try this:
  [apply] ring_nf
  
  The `ring` tactic failed to close the goal. Use `ring_nf` to obtain a normal form.
    
  Note that `ring` works primarily in *commutative* rings. If you have a noncommutative ring, abelian group or module, consider using `noncomm_ring`, `abel` or `module` instead.
Try this:
  [apply] ring_nf
  
  The `ring` tactic failed to close the goal. Use `ring_nf` to obtain a normal form.
    
  Note that `ring` works primarily in *commutative* rings. If you have a noncommutative ring, abelian group or module, consider using `noncomm_ring`, `abel` or `module` instead.
Try this:
  [apply] ring_nf
  
  The `ring` tactic failed to close the goal. Use `ring_nf` to obtain a normal form.
    
  Note that `ring` works primarily in *commutative* rings. If you have a noncommutative ring, abelian group or module, consider using `noncomm_ring`, `abel` or `module` instead.
Try this:
  [apply] ring_nf
  
  The `ring` tactic failed to close the goal. Use `ring_nf` to obtain a normal form.
    
  Note that `ring` works primarily in *commutative* rings. If you have a noncommutative ring, abelian group or module, consider using `noncomm_ring`, `abel` or `module` instead.
Try this:
  [apply] ring_nf
  
  The `ring` tactic failed to close the goal. Use `ring_nf` to obtain a normal form.
    
  Note that `ring` works primarily in *commutative* rings. If you have a noncommutative ring, abelian group or module, consider using `noncomm_ring`, `abel` or `module` instead.
Try this:
  [apply] ring_nf
  
  The `ring` tactic failed to close the goal. Use `ring_nf` to obtain a normal form.
    
  Note that `ring` works primarily in *commutative* rings. If you have a noncommutative ring, abelian group or module, consider using `noncomm_ring`, `abel` or `module` instead.
Try this:
  [apply] ring_nf
  
  The `ring` tactic failed to close the goal. Use `ring_nf` to obtain a normal form.
    
  Note that `ring` works primarily in *commutative* rings. If you have a noncommutative ring, abelian group or module, consider using `noncomm_ring`, `abel` or `module` instead.
Try this:
  [apply] ring_nf
  
  The `ring` tactic failed to close the goal. Use `ring_nf` to obtain a normal form.
    
  Note that `ring` works primarily in *commutative* rings. If you have a noncommutative ring, abelian group or module, consider using `noncomm_ring`, `abel` or `module` instead.
Try this:
  [apply] ring_nf
  
  The `ring` tactic failed to close the goal. Use `ring_nf` to obtain a normal form.
    
  Note that `ring` works primarily in *commutative* rings. If you have a noncommutative ring, abelian group or module, consider using `noncomm_ring`, `abel` or `module` instead.
Try this:
  [apply] ring_nf
  
  The `ring` tactic failed to close the goal. Use `ring_nf` to obtain a normal form.
    
  Note that `ring` works primarily in *commutative* rings. If you have a noncommutative ring, abelian group or module, consider using `noncomm_ring`, `abel` or `module` instead.
Try this:
  [apply] ring_nf
  
  The `ring` tactic failed to close the goal. Use `ring_nf` to obtain a normal form.
    
  Note that `ring` works primarily in *commutative* rings. If you have a noncommutative ring, abelian group or module, consider using `noncomm_ring`, `abel` or `module` instead.
Try this:
  [apply] ring_nf
  
  The `ring` tactic failed to close the goal. Use `ring_nf` to obtain a normal form.
    
  Note that `ring` works primarily in *commutative* rings. If you have a noncommutative ring, abelian group or module, consider using `noncomm_ring`, `abel` or `module` instead.
Try this:
  [apply] ring_nf
  
  The `ring` tactic failed to close the goal. Use `ring_nf` to obtain a normal form.
    
  Note that `ring` works primarily in *commutative* rings. If you have a noncommutative ring, abelian group or module, consider using `noncomm_ring`, `abel` or `module` instead.
Try this:
  [apply] ring_nf
  
  The `ring` tactic failed to close the goal. Use `ring_nf` to obtain a normal form.
    
  Note that `ring` works primarily in *commutative* rings. If you have a noncommutative ring, abelian group or module, consider using `noncomm_ring`, `abel` or `module` instead.
Try this:
  [apply] ring_nf
  
  The `ring` tactic failed to close the goal. Use `ring_nf` to obtain a normal form.
    
  Note that `ring` works primarily in *commutative* rings. If you have a noncommutative ring, abelian group or module, consider using `noncomm_ring`, `abel` or `module` instead.
Try this:
  [apply] ring_nf
  
  The `ring` tactic failed to close the goal. Use `ring_nf` to obtain a normal form.
    
  Note that `ring` works primarily in *commutative* rings. If you have a noncommutative ring, abelian group or module, consider using `noncomm_ring`, `abel` or `module` instead.
Try this:
  [apply] ring_nf
  
  The `ring` tactic failed to close the goal. Use `ring_nf` to obtain a normal form.
    
  Note that `ring` works primarily in *commutative* rings. If you have a noncommutative ring, abelian group or module, consider using `noncomm_ring`, `abel` or `module` instead.
Try this:
  [apply] ring_nf
  
  The `ring` tactic failed to close the goal. Use `ring_nf` to obtain a normal form.
    
  Note that `ring` works primarily in *commutative* rings. If you have a noncommutative ring, abelian group or module, consider using `noncomm_ring`, `abel` or `module` instead.
Try this:
  [apply] ring_nf
  
  The `ring` tactic failed to close the goal. Use `ring_nf` to obtain a normal form.
    
  Note that `ring` works primarily in *commutative* rings. If you have a noncommutative ring, abelian group or module, consider using `noncomm_ring`, `abel` or `module` instead.
Try this:
  [apply] ring_nf
  
  The `ring` tactic failed to close the goal. Use `ring_nf` to obtain a normal form.
    
  Note that `ring` works primarily in *commutative* rings. If you have a noncommutative ring, abelian group or module, consider using `noncomm_ring`, `abel` or `module` instead.
Try this:
  [apply] ring_nf
  
  The `ring` tactic failed to close the goal. Use `ring_nf` to obtain a normal form.
    
  Note that `ring` works primarily in *commutative* rings. If you have a noncommutative ring, abelian group or module, consider using `noncomm_ring`, `abel` or `module` instead.
Try this:
  [apply] ring_nf
  
  The `ring` tactic failed to close the goal. Use `ring_nf` to obtain a normal form.
    
  Note that `ring` works primarily in *commutative* rings. If you have a noncommutative ring, abelian group or module, consider using `noncomm_ring`, `abel` or `module` instead.
/home/runner/work/_temp/cloud-g5-build/CloudG5/G5FrozenTripleAnalyticSupport.lean:46:88: error: unsolved goals
case «0».«0»
q : ℝ
⊢ 0 = 4 → q = 0

case «0».«1»
q : ℝ
⊢ 0 = 4 → 0 = if 1 = 4 then q ^ 3 * (1 / 2) else q ^ 3 * (-1 / 2)

case «0».«2»
q : ℝ
⊢ 0 = 4 → 0 = if ⟨2, ⋯⟩ = 4 then q ^ 3 * (1 / 2) else q ^ 3 * (-1 / 2)

case «0».«3»
q : ℝ
⊢ 0 = 4 → 0 = if ⟨3, ⋯⟩ = 4 then q ^ 3 * (1 / 2) else q ^ 3 * (-1 / 2)

case «0».«4»
q : ℝ
⊢ 0 = 4 → 0 = if ⟨4, ⋯⟩ = 4 then q ^ 3 * (1 / 2) else q ^ 3 * (-1 / 2)

case «1».«0»
q : ℝ
⊢ (if 1 = 4 then q ^ 3 else q) = (if 1 = 4 then 0 else q) + if 1 = 4 then q ^ 3 else 0

case «1».«1»
q : ℝ
⊢ (if 1 = 4 then if 1 = 4 then 1 + q * (-3 / 2) + q ^ 3 * (1 / 2) else q * (1 / 2) + q ^ 3 * (-1 / 2) else 1 - q) =
    ((if 1 = 4 then if 1 = 4 then 1 else 0 else 1) +
        if 1 = 4 then if 1 = 4 then q * (-3 / 2) else q * (1 / 2) else -q) +
      if 1 = 4 then if 1 = 4 then q ^ 3 * (1 / 2) else q ^ 3 * (-1 / 2) else 0

case «1».«2»
q : ℝ
⊢ (if 1 = 4 then if ⟨2, ⋯⟩ = 4 then 1 + q * (-3 / 2) + q ^ 3 * (1 / 2) else q * (1 / 2) + q ^ 3 * (-1 / 2) else 0) =
    ((if 1 = 4 then if ⟨2, ⋯⟩ = 4 then 1 else 0 else 0) +
        if 1 = 4 then if ⟨2, ⋯⟩ = 4 then q * (-3 / 2) else q * (1 / 2) else 0) +
      if 1 = 4 then if ⟨2, ⋯⟩ = 4 then q ^ 3 * (1 / 2) else q ^ 3 * (-1 / 2) else 0

case «1».«3»
q : ℝ
⊢ (if 1 = 4 then if ⟨3, ⋯⟩ = 4 then 1 + q * (-3 / 2) + q ^ 3 * (1 / 2) else q * (1 / 2) + q ^ 3 * (-1 / 2) else 0) =
    ((if 1 = 4 then if ⟨3, ⋯⟩ = 4 then 1 else 0 else 0) +
        if 1 = 4 then if ⟨3, ⋯⟩ = 4 then q * (-3 / 2) else q * (1 / 2) else 0) +
      if 1 = 4 then if ⟨3, ⋯⟩ = 4 then q ^ 3 * (1 / 2) else q ^ 3 * (-1 / 2) else 0

case «1».«4»
q : ℝ
⊢ (if 1 = 4 then if ⟨4, ⋯⟩ = 4 then 1 + q * (-3 / 2) + q ^ 3 * (1 / 2) else q * (1 / 2) + q ^ 3 * (-1 / 2) else 0) =
    ((if 1 = 4 then if ⟨4, ⋯⟩ = 4 then 1 else 0 else 0) +
        if 1 = 4 then if ⟨4, ⋯⟩ = 4 then q * (-3 / 2) else q * (1 / 2) else 0) +
      if 1 = 4 then if ⟨4, ⋯⟩ = 4 then q ^ 3 * (1 / 2) else q ^ 3 * (-1 / 2) else 0

case «2».«0»
q : ℝ
⊢ (if ⟨2, ⋯⟩ = 4 then q ^ 3 else q) = (if ⟨2, ⋯⟩ = 4 then 0 else q) + if ⟨2, ⋯⟩ = 4 then q ^ 3 else 0

case «2».«1»
q : ℝ
⊢ (if ⟨2, ⋯⟩ = 4 then if 1 = 4 then 1 + q * (-3 / 2) + q ^ 3 * (1 / 2) else q * (1 / 2) + q ^ 3 * (-1 / 2) else 0) =
    ((if ⟨2, ⋯⟩ = 4 then if 1 = 4 then 1 else 0 else 0) +
        if ⟨2, ⋯⟩ = 4 then if 1 = 4 then q * (-3 / 2) else q * (1 / 2) else 0) +
      if ⟨2, ⋯⟩ = 4 then if 1 = 4 then q ^ 3 * (1 / 2) else q ^ 3 * (-1 / 2) else 0

case «2».«2»
q : ℝ
⊢ (if ⟨2, ⋯⟩ = 4 then if ⟨2, ⋯⟩ = 4 then 1 + q * (-3 / 2) + q ^ 3 * (1 / 2) else q * (1 / 2) + q ^ 3 * (-1 / 2)
    else 1 - q) =
    ((if ⟨2, ⋯⟩ = 4 then if ⟨2, ⋯⟩ = 4 then 1 else 0 else 1) +
        if ⟨2, ⋯⟩ = 4 then if ⟨2, ⋯⟩ = 4 then q * (-3 / 2) else q * (1 / 2) else -q) +
      if ⟨2, ⋯⟩ = 4 then if ⟨2, ⋯⟩ = 4 then q ^ 3 * (1 / 2) else q ^ 3 * (-1 / 2) else 0

case «2».«3»
q : ℝ
⊢ (if ⟨2, ⋯⟩ = 4 then if ⟨3, ⋯⟩ = 4 then 1 + q * (-3 / 2) + q ^ 3 * (1 / 2) else q * (1 / 2) + q ^ 3 * (-1 / 2)
    else 0) =
    ((if ⟨2, ⋯⟩ = 4 then if ⟨3, ⋯⟩ = 4 then 1 else 0 else 0) +
        if ⟨2, ⋯⟩ = 4 then if ⟨3, ⋯⟩ = 4 then q * (-3 / 2) else q * (1 / 2) else 0) +
      if ⟨2, ⋯⟩ = 4 then if ⟨3, ⋯⟩ = 4 then q ^ 3 * (1 / 2) else q ^ 3 * (-1 / 2) else 0

case «2».«4»
q : ℝ
⊢ (if ⟨2, ⋯⟩ = 4 then if ⟨4, ⋯⟩ = 4 then 1 + q * (-3 / 2) + q ^ 3 * (1 / 2) else q * (1 / 2) + q ^ 3 * (-1 / 2)
    else 0) =
    ((if ⟨2, ⋯⟩ = 4 then if ⟨4, ⋯⟩ = 4 then 1 else 0 else 0) +
        if ⟨2, ⋯⟩ = 4 then if ⟨4, ⋯⟩ = 4 then q * (-3 / 2) else q * (1 / 2) else 0) +
      if ⟨2, ⋯⟩ = 4 then if ⟨4, ⋯⟩ = 4 then q ^ 3 * (1 / 2) else q ^ 3 * (-1 / 2) else 0

case «3».«0»
q : ℝ
⊢ (if ⟨3, ⋯⟩ = 4 then q ^ 3 else q) = (if ⟨3, ⋯⟩ = 4 then 0 else q) + if ⟨3, ⋯⟩ = 4 then q ^ 3 else 0

case «3».«1»
q : ℝ
⊢ (if ⟨3, ⋯⟩ = 4 then if 1 = 4 then 1 + q * (-3 / 2) + q ^ 3 * (1 / 2) else q * (1 / 2) + q ^ 3 * (-1 / 2) else 0) =
    ((if ⟨3, ⋯⟩ = 4 then if 1 = 4 then 1 else 0 else 0) +
        if ⟨3, ⋯⟩ = 4 then if 1 = 4 then q * (-3 / 2) else q * (1 / 2) else 0) +
      if ⟨3, ⋯⟩ = 4 then if 1 = 4 then q ^ 3 * (1 / 2) else q ^ 3 * (-1 / 2) else 0

case «3».«2»
q : ℝ
⊢ (if ⟨3, ⋯⟩ = 4 then if ⟨2, ⋯⟩ = 4 then 1 + q * (-3 / 2) + q ^ 3 * (1 / 2) else q * (1 / 2) + q ^ 3 * (-1 / 2)
    else 0) =
    ((if ⟨3, ⋯⟩ = 4 then if ⟨2, ⋯⟩ = 4 then 1 else 0 else 0) +
        if ⟨3, ⋯⟩ = 4 then if ⟨2, ⋯⟩ = 4 then q * (-3 / 2) else q * (1 / 2) else 0) +
      if ⟨3, ⋯⟩ = 4 then if ⟨2, ⋯⟩ = 4 then q ^ 3 * (1 / 2) else q ^ 3 * (-1 / 2) else 0

case «3».«3»
q : ℝ
⊢ (if ⟨3, ⋯⟩ = 4 then if ⟨3, ⋯⟩ = 4 then 1 + q * (-3 / 2) + q ^ 3 * (1 / 2) else q * (1 / 2) + q ^ 3 * (-1 / 2)
    else 1 - q) =
    ((if ⟨3, ⋯⟩ = 4 then if ⟨3, ⋯⟩ = 4 then 1 else 0 else 1) +
        if ⟨3, ⋯⟩ = 4 then if ⟨3, ⋯⟩ = 4 then q * (-3 / 2) else q * (1 / 2) else -q) +
      if ⟨3, ⋯⟩ = 4 then if ⟨3, ⋯⟩ = 4 then q ^ 3 * (1 / 2) else q ^ 3 * (-1 / 2) else 0

case «3».«4»
q : ℝ
⊢ (if ⟨3, ⋯⟩ = 4 then if ⟨4, ⋯⟩ = 4 then 1 + q * (-3 / 2) + q ^ 3 * (1 / 2) else q * (1 / 2) + q ^ 3 * (-1 / 2)
    else 0) =
    ((if ⟨3, ⋯⟩ = 4 then if ⟨4, ⋯⟩ = 4 then 1 else 0 else 0) +
        if ⟨3, ⋯⟩ = 4 then if ⟨4, ⋯⟩ = 4 then q * (-3 / 2) else q * (1 / 2) else 0) +
      if ⟨3, ⋯⟩ = 4 then if ⟨4, ⋯⟩ = 4 then q ^ 3 * (1 / 2) else q ^ 3 * (-1 / 2) else 0

case «4».«0»
q : ℝ
⊢ (if ⟨4, ⋯⟩ = 4 then q ^ 3 else q) = (if ⟨4, ⋯⟩ = 4 then 0 else q) + if ⟨4, ⋯⟩ = 4 then q ^ 3 else 0

case «4».«1»
q : ℝ
⊢ (if ⟨4, ⋯⟩ = 4 then if 1 = 4 then 1 + q * (-3 / 2) + q ^ 3 * (1 / 2) else q * (1 / 2) + q ^ 3 * (-1 / 2) else 0) =
    ((if ⟨4, ⋯⟩ = 4 then if 1 = 4 then 1 else 0 else 0) +
        if ⟨4, ⋯⟩ = 4 then if 1 = 4 then q * (-3 / 2) else q * (1 / 2) else 0) +
      if ⟨4, ⋯⟩ = 4 then if 1 = 4 then q ^ 3 * (1 / 2) else q ^ 3 * (-1 / 2) else 0

case «4».«2»
q : ℝ
⊢ (if ⟨4, ⋯⟩ = 4 then if ⟨2, ⋯⟩ = 4 then 1 + q * (-3 / 2) + q ^ 3 * (1 / 2) else q * (1 / 2) + q ^ 3 * (-1 / 2)
    else 0) =
    ((if ⟨4, ⋯⟩ = 4 then if ⟨2, ⋯⟩ = 4 then 1 else 0 else 0) +
        if ⟨4, ⋯⟩ = 4 then if ⟨2, ⋯⟩ = 4 then q * (-3 / 2) else q * (1 / 2) else 0) +
      if ⟨4, ⋯⟩ = 4 then if ⟨2, ⋯⟩ = 4 then q ^ 3 * (1 / 2) else q ^ 3 * (-1 / 2) else 0

case «4».«3»
q : ℝ
⊢ (if ⟨4, ⋯⟩ = 4 then if ⟨3, ⋯⟩ = 4 then 1 + q * (-3 / 2) + q ^ 3 * (1 / 2) else q * (1 / 2) + q ^ 3 * (-1 / 2)
    else 0) =
    ((if ⟨4, ⋯⟩ = 4 then if ⟨3, ⋯⟩ = 4 then 1 else 0 else 0) +
        if ⟨4, ⋯⟩ = 4 then if ⟨3, ⋯⟩ = 4 then q * (-3 / 2) else q * (1 / 2) else 0) +
      if ⟨4, ⋯⟩ = 4 then if ⟨3, ⋯⟩ = 4 then q ^ 3 * (1 / 2) else q ^ 3 * (-1 / 2) else 0

case «4».«4»
q : ℝ
⊢ (if ⟨4, ⋯⟩ = 4 then if ⟨4, ⋯⟩ = 4 then 1 + q * (-3 / 2) + q ^ 3 * (1 / 2) else q * (1 / 2) + q ^ 3 * (-1 / 2)
    else 1 - q) =
    ((if ⟨4, ⋯⟩ = 4 then if ⟨4, ⋯⟩ = 4 then 1 else 0 else 1) +
        if ⟨4, ⋯⟩ = 4 then if ⟨4, ⋯⟩ = 4 then q * (-3 / 2) else q * (1 / 2) else -q) +
      if ⟨4, ⋯⟩ = 4 then if ⟨4, ⋯⟩ = 4 then q ^ 3 * (1 / 2) else q ^ 3 * (-1 / 2) else 0
/home/runner/work/_temp/cloud-g5-build/CloudG5/G5FrozenTripleAnalyticSupport.lean:66:45: error: Type mismatch
  zero_mul ?m.69
has type
  0 * ?m.69 = 0
but is expected to have type
  x✝ ∈ Finsupp.support ?m.63 ∪ Finsupp.support ?m.64 → ?m.65 x✝ 0 = 0
/home/runner/work/_temp/cloud-g5-build/CloudG5/G5FrozenTripleAnalyticSupport.lean:67:20: error: Type mismatch
  add_mul ?m.78 ?m.79 ?m.80
has type
  (?m.78 + ?m.79) * ?m.80 = ?m.78 * ?m.80 + ?m.79 * ?m.80
but is expected to have type
  ∀ (b₂ : ?m.58), ?m.65 x✝² (x✝ + b₂) = ?m.65 x✝² x✝ + ?m.65 x✝² b₂
/home/runner/work/_temp/cloud-g5-build/CloudG5/G5FrozenTripleAnalyticSupport.lean:67:61: error: Application type mismatch: The argument
  zero_mul ?m.67
has type
  0 * ?m.67 = 0
but is expected to have type
  ?m.64 ?m.62 0 = 0
in the application
  Finsupp.sum_single_index (zero_mul ?m.67)
/home/runner/work/_temp/cloud-g5-build/CloudG5/G5FrozenTripleAnalyticSupport.lean:59:50: error: unsolved goals
rate u : ℝ
occupancy gene : Fin 5
hc : Real.exp (-rate * u) ^ 3 = Real.exp (-3 * rate * u)
⊢ ((Finsupp.single 0 (row 0 occupancy gene) + Finsupp.single (-rate) (linearCoefficient occupancy gene) +
          Finsupp.single (-3 * rate) (cubicCoefficient occupancy gene)).sum
      fun rate weight => weight * Real.exp (rate * u)) =
    row 0 occupancy gene + linearCoefficient occupancy gene * Real.exp (-rate * u) +
      cubicCoefficient occupancy gene * Real.exp (-3 * rate * u)
/home/runner/work/_temp/cloud-g5-build/CloudG5/G5FrozenTripleAnalyticSupport.lean:68:4: warning: This simp argument is unused:
  zero_mul

Hint: Omit it from the simp argument list.
  [apply] simp only [Finsupp.sum_add_index (fun _ => zero_mul _) (fun _ _ _ => add_mul _ _ _),
    Finsupp.sum_single_index (zero_mul _), Real.exp_zero, mul_one, hc]

Note: This linter can be disabled with `set_option linter.unusedSimpArgs false`
/home/runner/work/_temp/cloud-g5-build/CloudG5/G5FrozenTripleAnalyticSupport.lean:68:14: warning: This simp argument is unused:
  Real.exp_zero

Hint: Omit it from the simp argument list.
  [apply] simp only [Finsupp.sum_add_index (fun _ => zero_mul _) (fun _ _ _ => add_mul _ _ _),
    Finsupp.sum_single_index (zero_mul _), zero_mul, mul_one, hc]

Note: This linter can be disabled with `set_option linter.unusedSimpArgs false`
/home/runner/work/_temp/cloud-g5-build/CloudG5/G5FrozenTripleAnalyticSupport.lean:68:29: warning: This simp argument is unused:
  mul_one

Hint: Omit it from the simp argument list.
  [apply] simp only [Finsupp.sum_add_index (fun _ => zero_mul _) (fun _ _ _ => add_mul _ _ _),
    Finsupp.sum_single_index (zero_mul _), zero_mul, Real.exp_zero, hc]

Note: This linter can be disabled with `set_option linter.unusedSimpArgs false`
'GProgram.G5.FrozenTripleAnalyticSupport.exp_parameter_bounds' depends on axioms: [propext,
 Classical.choice,
 Quot.sound]
'GProgram.G5.FrozenTripleAnalyticSupport.exp_parameter_decay' depends on axioms: [propext, Classical.choice, Quot.sound]
'GProgram.G5.FrozenTripleAnalyticSupport.row_polynomial' depends on axioms: [propext,
 sorryAx,
 Classical.choice,
 Quot.sound]
'GProgram.G5.FrozenTripleAnalyticSupport.row_coefficients_evaluation' depends on axioms: [propext,
 sorryAx,
 Classical.choice,
 Quot.sound]
'GProgram.G5.FrozenTripleAnalyticSupport.frozen_coefficients_evaluation' depends on axioms: [propext,
 sorryAx,
 Classical.choice,
 Quot.sound]
'GProgram.G5.FrozenTripleAnalyticSupport.frozen_mixture_limit' depends on axioms: [propext,
 Classical.choice,
 Quot.sound]
'GProgram.G5.FrozenTripleAnalyticSupport.frozen_mixtures_eq_of_right_germ' depends on axioms: [propext,
 sorryAx,
 Classical.choice,
 Quot.sound]
'GProgram.G5.FrozenTripleAnalyticSupport.occupancy_masses_eq_of_right_germ' depends on axioms: [propext,
 sorryAx,
 Classical.choice,
 Quot.sound]
'GProgram.G5.FrozenTripleAnalyticSupport.occupancy_support_eq_of_right_germ' depends on axioms: [propext,
 sorryAx,
 Classical.choice,
 Quot.sound]
