/home/runner/work/_temp/g6-cloud-build/NaturalCalendarPastAdmission.lean:68:63: error: Function expected at
  firstOriginalDate
but this term has type
  ?m.2

Note: Expected a function because this term is being applied to the argument
  N

Hint: The identifier `firstOriginalDate` is unknown, and Lean's `autoImplicit` option causes an unknown identifier to be treated as an implicitly bound variable with an unknown type. However, the unknown type cannot be a function, and a function is what Lean expects here. This is often the result of a typo or a missing `import` or `open` statement.
/home/runner/work/_temp/g6-cloud-build/NaturalCalendarPastAdmission.lean:72:41: error: Function expected at
  firstOriginalDate
but this term has type
  x✝

Note: Expected a function because this term is being applied to the argument
  N
/home/runner/work/_temp/g6-cloud-build/NaturalCalendarPastAdmission.lean:80:24: error: Invalid argument name `Tag` for function
/home/runner/work/_temp/g6-cloud-build/NaturalCalendarPastAdmission.lean:83:7: error(lean.unknownIdentifier): Unknown identifier `firstOriginalDate`
/home/runner/work/_temp/g6-cloud-build/NaturalCalendarPastAdmission.lean:91:53: error: Invalid argument name `Tag` for function
/home/runner/work/_temp/g6-cloud-build/NaturalCalendarPastAdmission.lean:93:44: error(lean.unknownIdentifier): Unknown identifier `firstOriginalDate`
/home/runner/work/_temp/g6-cloud-build/NaturalCalendarPastAdmission.lean:103:6: error: don't know how to synthesize implicit argument `TaggedEndpoint`
  @naturalPastJoint V E Copy X Tag inst✝⁹ inst✝⁷ inst✝⁶ inst✝⁵ inst✝¹ (?m.67 N C P sample p r bin hbin ops)
    (?m.68 N C P sample p r bin hbin ops) N C sample p r bin ⋯ ops
context:
V : Type u
E : Type v
Copy : Type w
X : Type x
Tag : Type y
inst✝⁹ : DecidableEq V
inst✝⁸ : DecidableEq E
inst✝⁷ : Fintype V
inst✝⁶ : Fintype E
inst✝⁵ : Fintype X
inst✝⁴ : DecidableEq Copy
inst✝³ : Fintype Copy
inst✝² : Fintype Tag
inst✝¹ : MeasurableSpace Tag
inst✝ : MeasurableSingletonClass Tag
N : RootedBinary V E X
C : Calendar N.graph
P : Finset V
sample : Copy → X
p : HybridProbabilities N
r : PositivePairRates E
bin : ℝ → Tag
hbin : Measurable bin
ops : List (ProgramStep N)
⊢ ?m.67 N C P sample p r bin hbin ops

Note: All parameter types and holes (e.g., `_`) in the header of a theorem are resolved before the proof is processed; information from the proof cannot be used to infer what these values should be
/home/runner/work/_temp/g6-cloud-build/NaturalCalendarPastAdmission.lean:103:6: error: don't know how to synthesize implicit argument
  @naturalPastJoint V E Copy X Tag inst✝⁹ inst✝⁷ inst✝⁶ inst✝⁵ inst✝¹ (?m.67 N C P sample p r bin hbin ops)
    (?m.68 N C P sample p r bin hbin ops) N C sample p r bin ⋯ ops
context:
V : Type u
E : Type v
Copy : Type w
X : Type x
Tag : Type y
inst✝⁹ : DecidableEq V
inst✝⁸ : DecidableEq E
inst✝⁷ : Fintype V
inst✝⁶ : Fintype E
inst✝⁵ : Fintype X
inst✝⁴ : DecidableEq Copy
inst✝³ : Fintype Copy
inst✝² : Fintype Tag
inst✝¹ : MeasurableSpace Tag
inst✝ : MeasurableSingletonClass Tag
N : RootedBinary V E X
C : Calendar N.graph
P : Finset V
sample : Copy → X
p : HybridProbabilities N
r : PositivePairRates E
bin : ℝ → Tag
hbin : Measurable bin
ops : List (ProgramStep N)
⊢ Sort ?u.72

Note: All parameter types and holes (e.g., `_`) in the header of a theorem are resolved before the proof is processed; information from the proof cannot be used to infer what these values should be
/home/runner/work/_temp/g6-cloud-build/NaturalCalendarPastAdmission.lean:102:5: error: don't know how to synthesize implicit argument `TaggedEndpoint`
  @naturalSeedPastJoint V E Copy X Tag inst✝⁹ inst✝⁸ inst✝⁷ inst✝⁶ inst✝⁵ inst✝⁴ inst✝³ inst✝¹
    (?m.65 N C P sample p r bin hbin ops) (?m.66 N C P sample p r bin hbin ops) N C P sample p r bin ⋯ ops
context:
V : Type u
E : Type v
Copy : Type w
X : Type x
Tag : Type y
inst✝⁹ : DecidableEq V
inst✝⁸ : DecidableEq E
inst✝⁷ : Fintype V
inst✝⁶ : Fintype E
inst✝⁵ : Fintype X
inst✝⁴ : DecidableEq Copy
inst✝³ : Fintype Copy
inst✝² : Fintype Tag
inst✝¹ : MeasurableSpace Tag
inst✝ : MeasurableSingletonClass Tag
N : RootedBinary V E X
C : Calendar N.graph
P : Finset V
sample : Copy → X
p : HybridProbabilities N
r : PositivePairRates E
bin : ℝ → Tag
hbin : Measurable bin
ops : List (ProgramStep N)
⊢ ?m.65 N C P sample p r bin hbin ops

Note: All parameter types and holes (e.g., `_`) in the header of a theorem are resolved before the proof is processed; information from the proof cannot be used to infer what these values should be
/home/runner/work/_temp/g6-cloud-build/NaturalCalendarPastAdmission.lean:102:5: error: don't know how to synthesize implicit argument
  @naturalSeedPastJoint V E Copy X Tag inst✝⁹ inst✝⁸ inst✝⁷ inst✝⁶ inst✝⁵ inst✝⁴ inst✝³ inst✝¹
    (?m.65 N C P sample p r bin hbin ops) (?m.66 N C P sample p r bin hbin ops) N C P sample p r bin ⋯ ops
context:
V : Type u
E : Type v
Copy : Type w
X : Type x
Tag : Type y
inst✝⁹ : DecidableEq V
inst✝⁸ : DecidableEq E
inst✝⁷ : Fintype V
inst✝⁶ : Fintype E
inst✝⁵ : Fintype X
inst✝⁴ : DecidableEq Copy
inst✝³ : Fintype Copy
inst✝² : Fintype Tag
inst✝¹ : MeasurableSpace Tag
inst✝ : MeasurableSingletonClass Tag
N : RootedBinary V E X
C : Calendar N.graph
P : Finset V
sample : Copy → X
p : HybridProbabilities N
r : PositivePairRates E
bin : ℝ → Tag
hbin : Measurable bin
ops : List (ProgramStep N)
⊢ Sort ?u.61

Note: All parameter types and holes (e.g., `_`) in the header of a theorem are resolved before the proof is processed; information from the proof cannot be used to infer what these values should be
/home/runner/work/_temp/g6-cloud-build/NaturalCalendarPastAdmission.lean:105:47: error(lean.unknownIdentifier): Unknown identifier `firstOriginalDate`
/home/runner/work/_temp/g6-cloud-build/NaturalCalendarPastAdmission.lean:107:45: error(lean.unknownIdentifier): Unknown identifier `firstOriginalDate`
/home/runner/work/_temp/g6-cloud-build/NaturalCalendarPastAdmission.lean:111:6: warning: declaration uses `sorry`
/home/runner/work/_temp/g6-cloud-build/NaturalCalendarPastAdmission.lean:112:2: warning: declaration uses `sorry`
/home/runner/work/_temp/g6-cloud-build/NaturalCalendarPastAdmission.lean:127:15: error: Function expected at
  firstOriginalDate
but this term has type
  ?m.2

Note: Expected a function because this term is being applied to the argument
  N

Hint: The identifier `firstOriginalDate` is unknown, and Lean's `autoImplicit` option causes an unknown identifier to be treated as an implicitly bound variable with an unknown type. However, the unknown type cannot be a function, and a function is what Lean expects here. This is often the result of a typo or a missing `import` or `open` statement.
/home/runner/work/_temp/g6-cloud-build/NaturalCalendarPastAdmission.lean:130:9: error: Function expected at
  firstOriginalDate
but this term has type
  x✝

Note: Expected a function because this term is being applied to the argument
  N
/home/runner/work/_temp/g6-cloud-build/NaturalCalendarPastAdmission.lean:134:13: error: Function expected at
  firstOriginalDate
but this term has type
  x✝

Note: Expected a function because this term is being applied to the argument
  N
/home/runner/work/_temp/g6-cloud-build/NaturalCalendarPastAdmission.lean:140:7: error: Function expected at
  firstOriginalDate
but this term has type
  x✝

Note: Expected a function because this term is being applied to the argument
  N
/home/runner/work/_temp/g6-cloud-build/NaturalCalendarPastAdmission.lean:158:41: error: Function expected at
  firstOriginalDate
but this term has type
  ?m.2

Note: Expected a function because this term is being applied to the argument
  N

Hint: The identifier `firstOriginalDate` is unknown, and Lean's `autoImplicit` option causes an unknown identifier to be treated as an implicitly bound variable with an unknown type. However, the unknown type cannot be a function, and a function is what Lean expects here. This is often the result of a typo or a missing `import` or `open` statement.
/home/runner/work/_temp/g6-cloud-build/NaturalCalendarPastAdmission.lean:166:7: error: Function expected at
  firstOriginalDate
but this term has type
  x✝

Note: Expected a function because this term is being applied to the argument
  N
/home/runner/work/_temp/g6-cloud-build/NaturalCalendarPastAdmission.lean:182:11: error: Function expected at
  firstOriginalDate
but this term has type
  ?m.2

Note: Expected a function because this term is being applied to the argument
  N

Hint: The identifier `firstOriginalDate` is unknown, and Lean's `autoImplicit` option causes an unknown identifier to be treated as an implicitly bound variable with an unknown type. However, the unknown type cannot be a function, and a function is what Lean expects here. This is often the result of a typo or a missing `import` or `open` statement.
/home/runner/work/_temp/g6-cloud-build/NaturalCalendarPastAdmission.lean:184:45: error: Function expected at
  firstOriginalDate
but this term has type
  x✝

Note: Expected a function because this term is being applied to the argument
  N
/home/runner/work/_temp/g6-cloud-build/NaturalCalendarPastAdmission.lean:186:42: error: Function expected at
  firstOriginalDate
but this term has type
  x✝

Note: Expected a function because this term is being applied to the argument
  N
/home/runner/work/_temp/g6-cloud-build/NaturalCalendarPastAdmission.lean:197:0: warning: automatically included section variable(s) unused in theorem `CloudG6.NaturalCalendarPastAdmission.cutRefines_noPrivateWordRead`:
  [DecidableEq E]
consider restructuring your `variable` declarations so that the variables are not in scope or explicitly omit them:
  omit [DecidableEq E] in theorem ...

Note: This linter can be disabled with `set_option linter.unusedSectionVars false`
/home/runner/work/_temp/g6-cloud-build/NaturalCalendarPastAdmission.lean:218:0: warning: automatically included section variable(s) unused in theorem `CloudG6.NaturalCalendarPastAdmission.endpointStepTags_erasure`:
  [Fintype Tag]
  [MeasurableSpace Tag]
  [MeasurableSingletonClass Tag]
consider restructuring your `variable` declarations so that the variables are not in scope or explicitly omit them:
  omit [Fintype Tag] [MeasurableSpace Tag] [MeasurableSingletonClass Tag] in theorem ...

Note: This linter can be disabled with `set_option linter.unusedSectionVars false`
/home/runner/work/_temp/g6-cloud-build/NaturalCalendarPastAdmission.lean:237:68: error(lean.synthInstanceFailed): failed to synthesize instance of type class
  OfNat (Fin (physicalOps N (q :: word)).length) 0
numerals are polymorphic in Lean, but the numeral `0` cannot be used in a context where the expected type is
  Fin (physicalOps N (q :: word)).length
due to the absence of the instance above

Hint: Type class instance resolution failures can be inspected with the `set_option trace.Meta.synthInstance true` command.
/home/runner/work/_temp/g6-cloud-build/NaturalCalendarPastAdmission.lean:239:35: error(lean.synthInstanceFailed): failed to synthesize instance of type class
  OfNat (Fin (physicalOps N (q :: word)).length) 0
numerals are polymorphic in Lean, but the numeral `0` cannot be used in a context where the expected type is
  Fin (physicalOps N (q :: word)).length
due to the absence of the instance above

Hint: Type class instance resolution failures can be inspected with the `set_option trace.Meta.synthInstance true` command.
/home/runner/work/_temp/g6-cloud-build/NaturalCalendarPastAdmission.lean:259:41: error: Function expected at
  firstOriginalDate
but this term has type
  ?m.2

Note: Expected a function because this term is being applied to the argument
  N

Hint: The identifier `firstOriginalDate` is unknown, and Lean's `autoImplicit` option causes an unknown identifier to be treated as an implicitly bound variable with an unknown type. However, the unknown type cannot be a function, and a function is what Lean expects here. This is often the result of a typo or a missing `import` or `open` statement.
/home/runner/work/_temp/g6-cloud-build/NaturalCalendarPastAdmission.lean:265:47: error: Function expected at
  firstOriginalDate
but this term has type
  ?m.2

Note: Expected a function because this term is being applied to the argument
  N

Hint: The identifier `firstOriginalDate` is unknown, and Lean's `autoImplicit` option causes an unknown identifier to be treated as an implicitly bound variable with an unknown type. However, the unknown type cannot be a function, and a function is what Lean expects here. This is often the result of a typo or a missing `import` or `open` statement.
/home/runner/work/_temp/g6-cloud-build/NaturalCalendarPastAdmission.lean:273:7: error: Function expected at
  firstOriginalDate
but this term has type
  x✝

Note: Expected a function because this term is being applied to the argument
  N
/home/runner/work/_temp/g6-cloud-build/NaturalCalendarPastAdmission.lean:283:45: error: Function expected at
  firstOriginalDate
but this term has type
  x✝

Note: Expected a function because this term is being applied to the argument
  N
/home/runner/work/_temp/g6-cloud-build/NaturalCalendarPastAdmission.lean:287:4: error: Tactic `assumption` failed

V : Type u
E : Type v
Copy : Type w
X : Type x
Tag : Type y
inst✝⁹ : DecidableEq V
inst✝⁸ : DecidableEq E
inst✝⁷ : Fintype V
inst✝⁶ : Fintype E
inst✝⁵ : Fintype X
inst✝⁴ : DecidableEq Copy
inst✝³ : Fintype Copy
inst✝² : Fintype Tag
inst✝¹ : MeasurableSpace Tag
inst✝ : MeasurableSingletonClass Tag
x✝ : Sort u_1
firstOriginalDate : x✝
N : RootedBinary V E X
C : Calendar N.graph
P : Finset V
sample : Copy → X
p : HybridProbabilities N
r : PositivePairRates E
bin : ℝ → Tag
hbin : Measurable bin
ops : List (ProgramStep N)
word : List (ProgramStep N × Tag)
href : CutRefines N ops (physicalOps N word)
hword : wordBinContract N bin word sorry
hops : NoPrivateWordRead N P ops
read : Code N sample × (Fin (physicalOps N word).length → Code N sample) →
  CloudG3.ActualCutJointLaw.TaggedEndpoint N sample :=
  fun a => endpointHistoryReadout N word a.1 (fun x y => bin (leafAgeMatrix N C sample x y)) a.2
hgamma :
  ∀ (s : Code N sample),
    calendarJointPMF N r bin hbin ops s sorry (leafAgeMatrix N C sample) =
      PMF.map (endpointHistoryReadout N word s fun a b => bin (leafAgeMatrix N C sample a b))
        (sourceHistoryLaw N r (physicalOps N word) s)
hn : sorry
⊢ ((outsideInitialCodeLaw N P sample p).bind fun a =>
      PMF.map (fun x => read (a, x)) (sourceHistoryLaw N r (physicalOps N word) a)) =
    (outsideInitialCodeLaw N P sample p).bind fun s =>
      PMF.map (endpointHistoryReadout N word s fun a b => bin (leafAgeMatrix N C sample a b))
        (sourceHistoryLaw N r (physicalOps N word) s)
/home/runner/work/_temp/g6-cloud-build/NaturalCalendarPastAdmission.lean:324:41: error: Function expected at
  firstOriginalDate
but this term has type
  ?m.2

Note: Expected a function because this term is being applied to the argument
  N

Hint: The identifier `firstOriginalDate` is unknown, and Lean's `autoImplicit` option causes an unknown identifier to be treated as an implicitly bound variable with an unknown type. However, the unknown type cannot be a function, and a function is what Lean expects here. This is often the result of a typo or a missing `import` or `open` statement.
/home/runner/work/_temp/g6-cloud-build/NaturalCalendarPastAdmission.lean:338:15: error: Function expected at
  firstOriginalDate
but this term has type
  ?m.2

Note: Expected a function because this term is being applied to the argument
  N

Hint: The identifier `firstOriginalDate` is unknown, and Lean's `autoImplicit` option causes an unknown identifier to be treated as an implicitly bound variable with an unknown type. However, the unknown type cannot be a function, and a function is what Lean expects here. This is often the result of a typo or a missing `import` or `open` statement.
/home/runner/work/_temp/g6-cloud-build/NaturalCalendarPastAdmission.lean:339:8: error(lean.unknownIdentifier): Unknown identifier `actual_private_seed_old_bin_product`
'CloudG6.NaturalCalendarPastAdmission.actual_leaf_initialCode_decorates' depends on axioms: [propext,
 Classical.choice,
 Quot.sound]
'CloudG6.NaturalCalendarPastAdmission.actual_leaf_calendar_matrix_decorates' depends on axioms: [propext,
 sorryAx,
 Classical.choice,
 Quot.sound]
'CloudG6.NaturalCalendarPastAdmission.actual_natural_seed_past_marginal' depends on axioms: [propext,
 sorryAx,
 Classical.choice,
 Quot.sound]
'CloudG6.NaturalCalendarPastAdmission.actual_natural_past_joint_toMeasure' depends on axioms: [propext,
 sorryAx,
 Classical.choice,
 Quot.sound]
'CloudG6.NaturalCalendarPastAdmission.actual_natural_past_endpoint_history' does not depend on any axioms
'CloudG6.NaturalCalendarPastAdmission.actual_natural_past_append' does not depend on any axioms
'CloudG6.NaturalCalendarPastAdmission.cutRefines_noPrivateWordRead' depends on axioms: [propext,
 Classical.choice,
 Quot.sound]
'CloudG6.NaturalCalendarPastAdmission.endpointStepTags_erasure' depends on axioms: [propext,
 Classical.choice,
 Quot.sound]
'CloudG6.NaturalCalendarPastAdmission.endpointHistoryReadout_erasure' depends on axioms: [propext,
 sorryAx,
 Classical.choice,
 Quot.sound]
/home/runner/work/_temp/g6-cloud-build/NaturalCalendarPastAdmission.lean:352:14: error(lean.unknownIdentifier): Unknown constant `actual_private_seed_old_bin_product`
/home/runner/work/_temp/g6-cloud-build/NaturalCalendarPastAdmission.lean:353:14: error(lean.unknownIdentifier): Unknown constant `actual_guarded_private_seed_old_bin_product`
