/home/runner/work/_temp/g6-cloud-build/UnifiedLean/G6/PrivateRegisterCalendar.lean:33:11: warning: try 'simp' instead of 'simpa'

Note: This linter can be disabled with `set_option linter.unnecessarySimpa false`
/home/runner/work/_temp/g6-cloud-build/UnifiedLean/G6/PrivateRegisterCalendar.lean:230:6: error: No goals to be solved
/home/runner/work/_temp/g6-cloud-build/UnifiedLean/G6/PrivateRegisterCalendar.lean:226:26: warning: This simp argument is unused:
  List.append_assoc

Hint: Omit it from the simp argument list.
  [apply] simp only [List.nil_append, calendarTail, List.append_nil, List.cons_append]

Note: This linter can be disabled with `set_option linter.unusedSimpArgs false`
'UnifiedLean.G6.PrivateRegisterCalendar.originalNodeOperation_noPrivateRead' depends on axioms: [propext,
 Classical.choice,
 Quot.sound]
'UnifiedLean.G6.PrivateRegisterCalendar.boundaryOperations_noPrivateWordRead' depends on axioms: [propext,
 Classical.choice,
 Quot.sound]
'UnifiedLean.G6.PrivateRegisterCalendar.calendarTail_noPrivateWordRead' depends on axioms: [propext,
 Classical.choice,
 Quot.sound]
'UnifiedLean.G6.PrivateRegisterCalendar.original_dates_suffix_gt' depends on axioms: [propext,
 Classical.choice,
 Quot.sound]
'UnifiedLean.G6.PrivateRegisterCalendar.actual_calendar_suffix_noPrivateWordRead' depends on axioms: [propext,
 Classical.choice,
 Quot.sound]
'UnifiedLean.G6.PrivateRegisterCalendar.actual_boundary_and_suffix_noPrivateWordRead' depends on axioms: [propext,
 Classical.choice,
 Quot.sound]
'UnifiedLean.G6.PrivateRegisterCalendar.actual_guarded_suffix_exists' depends on axioms: [propext,
 Classical.choice,
 Quot.sound]
'UnifiedLean.G6.PrivateRegisterCalendar.calendarTail_split_after_boundary' depends on axioms: [propext,
 sorryAx,
 Classical.choice,
 Quot.sound]
