/home/runner/work/_temp/g6-cloud-build/NaturalCalendarPastAdmission.lean:199:0: warning: automatically included section variable(s) unused in theorem `CloudG6.NaturalCalendarPastAdmission.cutRefines_noPrivateWordRead`:
  [DecidableEq E]
consider restructuring your `variable` declarations so that the variables are not in scope or explicitly omit them:
  omit [DecidableEq E] in theorem ...

Note: This linter can be disabled with `set_option linter.unusedSectionVars false`
/home/runner/work/_temp/g6-cloud-build/NaturalCalendarPastAdmission.lean:220:0: warning: automatically included section variable(s) unused in theorem `CloudG6.NaturalCalendarPastAdmission.endpointStepTags_erasure`:
  [Fintype Tag]
  [MeasurableSpace Tag]
  [MeasurableSingletonClass Tag]
consider restructuring your `variable` declarations so that the variables are not in scope or explicitly omit them:
  omit [Fintype Tag] [MeasurableSpace Tag] [MeasurableSingletonClass Tag] in theorem ...

Note: This linter can be disabled with `set_option linter.unusedSectionVars false`
/home/runner/work/_temp/g6-cloud-build/NaturalCalendarPastAdmission.lean:282:4: warning: try 'simp' instead of 'simpa'

Note: This linter can be disabled with `set_option linter.unnecessarySimpa false`
/home/runner/work/_temp/g6-cloud-build/NaturalCalendarPastAdmission.lean:290:4: warning: try 'simp' instead of 'simpa'

Note: This linter can be disabled with `set_option linter.unnecessarySimpa false`
'CloudG6.NaturalCalendarPastAdmission.actual_leaf_initialCode_decorates' depends on axioms: [propext,
 Classical.choice,
 Quot.sound]
'CloudG6.NaturalCalendarPastAdmission.actual_leaf_calendar_matrix_decorates' depends on axioms: [propext,
 Classical.choice,
 Quot.sound]
'CloudG6.NaturalCalendarPastAdmission.actual_natural_seed_past_marginal' depends on axioms: [propext,
 Classical.choice,
 Quot.sound]
'CloudG6.NaturalCalendarPastAdmission.actual_natural_past_joint_toMeasure' depends on axioms: [propext,
 Classical.choice,
 Quot.sound]
'CloudG6.NaturalCalendarPastAdmission.actual_natural_past_endpoint_history' depends on axioms: [propext,
 Classical.choice,
 Quot.sound]
'CloudG6.NaturalCalendarPastAdmission.actual_natural_past_append' depends on axioms: [propext,
 Classical.choice,
 Quot.sound]
'CloudG6.NaturalCalendarPastAdmission.cutRefines_noPrivateWordRead' depends on axioms: [propext,
 Classical.choice,
 Quot.sound]
'CloudG6.NaturalCalendarPastAdmission.endpointStepTags_erasure' depends on axioms: [propext,
 Classical.choice,
 Quot.sound]
'CloudG6.NaturalCalendarPastAdmission.endpointHistoryReadout_erasure' depends on axioms: [propext,
 Classical.choice,
 Quot.sound]
'CloudG6.NaturalCalendarPastAdmission.actual_private_seed_old_bin_product' depends on axioms: [propext,
 Classical.choice,
 Quot.sound]
'CloudG6.NaturalCalendarPastAdmission.actual_guarded_private_seed_old_bin_product' depends on axioms: [propext,
 Classical.choice,
 Quot.sound]
