'CloudG3.ApproximateMomentBarrier.approximate_coupled_barrier' depends on axioms: [propext,
 Classical.choice,
 Quot.sound]
'UnifiedLean.G6.FiniteProbability.tv' depends on axioms: [propext, Classical.choice, Quot.sound]
'UnifiedLean.G6.FiniteProbability.common_subprobability_tv' depends on axioms: [propext, Classical.choice, Quot.sound]
'UnifiedLean.G6.FiniteProbability.common_subprobability_mass' depends on axioms: [propext, Classical.choice, Quot.sound]
'UnifiedLean.G6.FiniteProbability.common_subprobability_event' depends on axioms: [propext,
 Classical.choice,
 Quot.sound]
'UnifiedLean.G6.FiniteProbability.scaled_domination_tv' depends on axioms: [propext, Classical.choice, Quot.sound]
'UnifiedLean.G6.FiniteProbability.pmf_sum_real' depends on axioms: [propext, Classical.choice, Quot.sound]
'UnifiedLean.G6.FiniteProbability.pmfTV' depends on axioms: [propext, Classical.choice, Quot.sound]
'UnifiedLean.G6.FiniteProbability.pmf_scaled_domination_tv' depends on axioms: [propext, Classical.choice, Quot.sound]
'UnifiedLean.G6.FiniteProbability.pmf_scaled_domination_event' depends on axioms: [propext,
 Classical.choice,
 Quot.sound]
'UnifiedLean.G6.Conditioning.retainedMass' depends on axioms: [propext, Classical.choice, Quot.sound]
'UnifiedLean.G6.Conditioning.retainedMass_ne_zero' depends on axioms: [propext, Classical.choice, Quot.sound]
'UnifiedLean.G6.Conditioning.retainedMass_ne_top' depends on axioms: [propext, Classical.choice, Quot.sound]
'UnifiedLean.G6.Conditioning.retainedMass_le_one' depends on axioms: [propext, Classical.choice, Quot.sound]
'UnifiedLean.G6.Conditioning.filter_scaled' depends on axioms: [propext, Classical.choice, Quot.sound]
'UnifiedLean.G6.Conditioning.filtered_bind_domination' depends on axioms: [propext, Classical.choice, Quot.sound]
'UnifiedLean.G6.Conditioning.filtered_bind_domination_real' depends on axioms: [propext, Classical.choice, Quot.sound]
'UnifiedLean.G6.Conditioning.retainedMass_real_bounds' depends on axioms: [propext, Classical.choice, Quot.sound]
'UnifiedLean.G6.Conditioning.retainedMass_finset' depends on axioms: [propext, Classical.choice, Quot.sound]
'UnifiedLean.G6.Conditioning.conditioned_mixture_tv' depends on axioms: [propext, Classical.choice, Quot.sound]
'UnifiedLean.G6.Conditioning.conditioned_joint_observation_tv' depends on axioms: [propext,
 Classical.choice,
 Quot.sound]
'UnifiedLean.G6.Conditioning.conditioned_joint_observation_event' depends on axioms: [propext,
 Classical.choice,
 Quot.sound]
'UnifiedLean.G6.SourcePrefix.taylorTerm' depends on axioms: [propext, Classical.choice, Quot.sound]
'UnifiedLean.G6.SourcePrefix.taylorPrefix' depends on axioms: [propext, Classical.choice, Quot.sound]
'UnifiedLean.G6.SourcePrefix.count_zero_ne_zero' depends on axioms: [propext, Classical.choice, Quot.sound]
'UnifiedLean.G6.SourcePrefix.prefix_has_support' depends on axioms: [propext, Classical.choice, Quot.sound]
'UnifiedLean.G6.SourcePrefix.prefixCount' depends on axioms: [propext, Classical.choice, Quot.sound]
'UnifiedLean.G6.SourcePrefix.prefixMass' depends on axioms: [propext, Classical.choice, Quot.sound]
'UnifiedLean.G6.SourcePrefix.prefixCount_support' depends on axioms: [propext, Classical.choice, Quot.sound]
'UnifiedLean.G6.SourcePrefix.prefixMass_bounds' depends on axioms: [propext, Classical.choice, Quot.sound]
'UnifiedLean.G6.SourcePrefix.prefixMass_taylor' depends on axioms: [propext, Classical.choice, Quot.sound]
'UnifiedLean.G6.SourcePrefix.taylorPrefix_pos' depends on axioms: [propext, Classical.choice, Quot.sound]
'UnifiedLean.G6.SourcePrefix.prefixCount_real' depends on axioms: [propext, Classical.choice, Quot.sound]
'UnifiedLean.G6.SourcePrefix.finiteSourcePrefix' depends on axioms: [propext, Classical.choice, Quot.sound]
'UnifiedLean.G6.SourcePrefix.actual_source_prefix_domination' depends on axioms: [propext, Classical.choice, Quot.sound]
'UnifiedLean.G6.SourcePrefix.actual_source_prefix_tv' depends on axioms: [propext, Classical.choice, Quot.sound]
'UnifiedLean.G6.SourcePrefix.actual_source_joint_readout_tv' depends on axioms: [propext, Classical.choice, Quot.sound]
'UnifiedLean.G6.SourcePrefix.actual_source_joint_readout_event' depends on axioms: [propext,
 Classical.choice,
 Quot.sound]
'UnifiedLean.G6.ProgramPrefix.bind_scaled_domination' depends on axioms: [propext, Classical.choice, Quot.sound]
'UnifiedLean.G6.ProgramPrefix.map_scaled_domination' depends on axioms: [propext, Classical.choice, Quot.sound]
'UnifiedLean.G6.ProgramPrefix.stepMass' depends on axioms: [propext, Classical.choice, Quot.sound]
'UnifiedLean.G6.ProgramPrefix.programMass' depends on axioms: [propext, Classical.choice, Quot.sound]
'UnifiedLean.G6.ProgramPrefix.finiteProgramStep' depends on axioms: [propext, Classical.choice, Quot.sound]
'UnifiedLean.G6.ProgramPrefix.finiteProgram' depends on axioms: [propext, Classical.choice, Quot.sound]
'UnifiedLean.G6.ProgramPrefix.stepMass_le_one' depends on axioms: [propext, Classical.choice, Quot.sound]
'UnifiedLean.G6.ProgramPrefix.programMass_le_one' depends on axioms: [propext, Classical.choice, Quot.sound]
'UnifiedLean.G6.ProgramPrefix.program_deficit_le_sum' depends on axioms: [propext, Classical.choice, Quot.sound]
'UnifiedLean.G6.ProgramPrefix.actual_step_domination' depends on axioms: [propext, Classical.choice, Quot.sound]
'UnifiedLean.G6.ProgramPrefix.actual_program_domination' depends on axioms: [propext, Classical.choice, Quot.sound]
'UnifiedLean.G6.ProgramPrefix.same_initial_distribution_domination' depends on axioms: [propext,
 Classical.choice,
 Quot.sound]
'UnifiedLean.G6.ProgramPrefix.same_initial_distribution_tv' depends on axioms: [propext, Classical.choice, Quot.sound]
'UnifiedLean.G6.ProgramPrefix.same_initial_joint_readout_tv' depends on axioms: [propext, Classical.choice, Quot.sound]
'UnifiedLean.G6.ProgramPrefix.same_initial_joint_readout_event' depends on axioms: [propext,
 Classical.choice,
 Quot.sound]
'UnifiedLean.G6.ProgramPrefix.same_initial_distribution_tv_budget' depends on axioms: [propext,
 Classical.choice,
 Quot.sound]
'UnifiedLean.G6.ProgramPrefix.same_initial_joint_readout_tv_budget' depends on axioms: [propext,
 Classical.choice,
 Quot.sound]
'UnifiedLean.G6.TaylorCertificate.taylorTerm_nonneg' depends on axioms: [propext, Classical.choice, Quot.sound]
'UnifiedLean.G6.TaylorCertificate.taylorTerm_succ' depends on axioms: [propext, Classical.choice, Quot.sound]
'UnifiedLean.G6.TaylorCertificate.taylor_hasSum' depends on axioms: [propext, Classical.choice, Quot.sound]
'UnifiedLean.G6.TaylorCertificate.taylor_tail_geometric' depends on axioms: [propext, Classical.choice, Quot.sound]
'UnifiedLean.G6.TaylorCertificate.taylor_tail_bound' depends on axioms: [propext, Classical.choice, Quot.sound]
'UnifiedLean.G6.TaylorCertificate.exp_le_taylor_enclosure' depends on axioms: [propext, Classical.choice, Quot.sound]
'UnifiedLean.G6.TaylorCertificate.errorBound' depends on axioms: [propext, Classical.choice, Quot.sound]
'UnifiedLean.G6.TaylorCertificate.prefix_deficit_le_certificate' depends on axioms: [propext,
 Classical.choice,
 Quot.sound]
'UnifiedLean.G6.TaylorCertificate.actual_source_prefix_tv_certificate' depends on axioms: [propext,
 Classical.choice,
 Quot.sound]
'UnifiedLean.G6.TaylorCertificate.actual_source_joint_readout_tv_certificate' depends on axioms: [propext,
 Classical.choice,
 Quot.sound]
'GProgram.G5.FrozenTripleAnalyticSupport.expParameter' depends on axioms: [propext, Classical.choice, Quot.sound]
'GProgram.G5.FrozenTripleAnalyticSupport.exp_parameter_bounds' depends on axioms: [propext,
 Classical.choice,
 Quot.sound]
'GProgram.G5.FrozenTripleAnalyticSupport.exp_parameter_decay' depends on axioms: [propext, Classical.choice, Quot.sound]
'GProgram.G5.FrozenTripleAnalyticSupport.linearCoefficient' depends on axioms: [propext, Classical.choice, Quot.sound]
'GProgram.G5.FrozenTripleAnalyticSupport.cubicCoefficient' depends on axioms: [propext, Classical.choice, Quot.sound]
'GProgram.G5.FrozenTripleAnalyticSupport.row_polynomial' depends on axioms: [propext, Classical.choice, Quot.sound]
'GProgram.G5.FrozenTripleAnalyticSupport.rowCoefficients' depends on axioms: [propext, Classical.choice, Quot.sound]
'GProgram.G5.FrozenTripleAnalyticSupport.row_coefficients_evaluation' depends on axioms: [propext,
 Classical.choice,
 Quot.sound]
'GProgram.G5.FrozenTripleAnalyticSupport.frozenMixture' depends on axioms: [propext, Classical.choice, Quot.sound]
'GProgram.G5.FrozenTripleAnalyticSupport.frozenCoefficients' depends on axioms: [propext, Classical.choice, Quot.sound]
'GProgram.G5.FrozenTripleAnalyticSupport.frozen_coefficients_evaluation' depends on axioms: [propext,
 Classical.choice,
 Quot.sound]
'GProgram.G5.FrozenTripleAnalyticSupport.frozen_mixture_limit' depends on axioms: [propext,
 Classical.choice,
 Quot.sound]
'GProgram.G5.FrozenTripleAnalyticSupport.frozen_mixtures_eq_of_right_germ' depends on axioms: [propext,
 Classical.choice,
 Quot.sound]
'GProgram.G5.FrozenTripleAnalyticSupport.occupancy_masses_eq_of_right_germ' depends on axioms: [propext,
 Classical.choice,
 Quot.sound]
'GProgram.G5.FrozenTripleAnalyticSupport.occupancy_support_eq_of_right_germ' depends on axioms: [propext,
 Classical.choice,
 Quot.sound]
