/home/runner/work/_temp/g6-cloud-build/UnifiedLean/G6/RationalResidualCertificate.lean:54:26: warning: Used `tac1 <;> tac2` where `(tac1; tac2)` would suffice

Note: This linter can be disabled with `set_option linter.unnecessarySeqFocus false`
'UnifiedLean.G6.RationalResidualCertificate.rationalDenominator' depends on axioms: [propext,
 Classical.choice,
 Quot.sound]
'UnifiedLean.G6.RationalResidualCertificate.rationalRetained' depends on axioms: [propext, Classical.choice, Quot.sound]
'UnifiedLean.G6.RationalResidualCertificate.rationalResidualCount' depends on axioms: [propext,
 Classical.choice,
 Quot.sound]
'UnifiedLean.G6.RationalResidualCertificate.rationalDenominator_pos' depends on axioms: [propext,
 Classical.choice,
 Quot.sound]
'UnifiedLean.G6.RationalResidualCertificate.rationalRetained_bounds' depends on axioms: [propext,
 Classical.choice,
 Quot.sound]
'UnifiedLean.G6.RationalResidualCertificate.rationalRetained_deficit' depends on axioms: [propext,
 Classical.choice,
 Quot.sound]
'UnifiedLean.G6.RationalResidualCertificate.rationalResidualCount_nonneg' depends on axioms: [propext,
 Classical.choice,
 Quot.sound]
'UnifiedLean.G6.RationalResidualCertificate.rationalResidualCount_support' depends on axioms: [propext,
 Classical.choice,
 Quot.sound]
'UnifiedLean.G6.RationalResidualCertificate.rationalResidualCount_sum' depends on axioms: [propext,
 Classical.choice,
 Quot.sound]
'UnifiedLean.G6.RationalResidualCertificate.rationalDenominator_real' depends on axioms: [propext,
 Classical.choice,
 Quot.sound]
'UnifiedLean.G6.RationalResidualCertificate.rationalRetained_real' depends on axioms: [propext,
 Classical.choice,
 Quot.sound]
'UnifiedLean.G6.RationalResidualCertificate.rationalResidualCount_actual' depends on axioms: [propext,
 Classical.choice,
 Quot.sound]
'UnifiedLean.G6.RationalResidualCertificate.cutoff_residual_deficit' depends on axioms: [propext,
 Classical.choice,
 Quot.sound]
'UnifiedLean.G6.RationalResidualCertificate.actual_source_residual_tv_cutoff' depends on axioms: [propext,
 Classical.choice,
 Quot.sound]
