{
  "all_nine_coordinates": [
    "h",
    "u",
    "v",
    "rA",
    "rB",
    "rC",
    "rAB",
    "rR",
    "g"
  ],
  "augmented_states": [
    {
      "id": "r",
      "state": {
        "aux": {
          "A": [
            "1/16",
            "43/256"
          ],
          "L": [
            "1/16",
            "43/256"
          ],
          "T": [
            "93/512",
            "51/256"
          ]
        },
        "moments": {
          "AA1": [
            "36998497306592627875/73786976294838206464",
            "9249624326648156969/18446744073709551616"
          ],
          "AB1": [
            "32089746172657618701/73786976294838206464",
            "16044873086328809351/36893488147419103232"
          ],
          "AB2": [
            "15981402251060137357/73786976294838206464",
            "7990701125530068679/36893488147419103232"
          ],
          "AC1": [
            "7296858164724238239/18446744073709551616",
            "29187432658896952957/73786976294838206464"
          ],
          "AC2": [
            "6567268936711824459/36893488147419103232",
            "13134537873423648919/73786976294838206464"
          ],
          "BB1": [
            "9331581184910221681/18446744073709551616",
            "37326324739640886725/73786976294838206464"
          ],
          "BC1": [
            "15869601212286398117/36893488147419103232",
            "31739202424572796235/73786976294838206464"
          ],
          "BC2": [
            "1983895427200199705/9223372036854775808",
            "15871163417601597641/73786976294838206464"
          ],
          "CC1": [
            "10548534995588816771/18446744073709551616",
            "42194139982355267085/73786976294838206464"
          ]
        },
        "physical": {
          "g": [
            "1/6",
            "2/3"
          ],
          "h": [
            "1/32",
            "1/8"
          ],
          "rA": [
            "1/2",
            "6"
          ],
          "rAB": [
            "1/2",
            "6"
          ],
          "rB": [
            "1/2",
            "6"
          ],
          "rC": [
            "1/2",
            "6"
          ],
          "rR": [
            "159/32",
            "85/16"
          ],
          "u": [
            "1/32",
            "1/8"
          ],
          "v": [
            "1/32",
            "1/8"
          ]
        }
      },
      "status": "pending",
      "step": 48
    }
  ],
  "details": {
    "checkpoint_sha256": "162927916182081b43fc8a5fd465cbb0ae4927ab40333c2e3cffba600cc36536",
    "exclusions": 0,
    "inflight_pre_state_retained": false,
    "operations_recomputed": 48,
    "splits": 0
  },
  "export_is_enlargement_only": true,
  "mode": "normal_validated",
  "parameter_accuracy_released": false,
  "physical_cell_mesh": "11/2",
  "physical_cover": [
    {
      "box": {
        "g": [
          "1/6",
          "2/3"
        ],
        "h": [
          "1/32",
          "1/8"
        ],
        "rA": [
          "1/2",
          "6"
        ],
        "rAB": [
          "1/2",
          "6"
        ],
        "rB": [
          "1/2",
          "6"
        ],
        "rC": [
          "1/2",
          "6"
        ],
        "rR": [
          "159/32",
          "85/16"
        ],
        "u": [
          "1/32",
          "1/8"
        ],
        "v": [
          "1/32",
          "1/8"
        ]
      },
      "id": "r"
    }
  ],
  "physical_union_sup_diameter": "11/2",
  "ranked_histories": null,
  "recommended_history": null,
  "request_sha256": "c890d6ae95ac50d4fb6084f42c9923df23c65b902b1b1f87dcb0430511f1b123",
  "schema": "joint-nine-outer-cover-v1",
  "statistical_coverage_verified": false,
  "status": "UNKNOWN_OUTER_COVER"
}
