{
  "all_nine_coordinates": [
    "h",
    "u",
    "v",
    "rA",
    "rB",
    "rC",
    "rAB",
    "rR",
    "g"
  ],
  "augmented_states": [
    {
      "id": "r",
      "state": {
        "aux": {
          "A": [
            "1/16",
            "1/4"
          ],
          "L": [
            "1/16",
            "1/4"
          ],
          "T": [
            "3/32",
            "3/8"
          ]
        },
        "moments": {
          "AA1": [
            "0",
            "1"
          ],
          "AB1": [
            "0",
            "1"
          ],
          "AB2": [
            "0",
            "1"
          ],
          "AC1": [
            "0",
            "1"
          ],
          "AC2": [
            "0",
            "1"
          ],
          "BB1": [
            "0",
            "1"
          ],
          "BC1": [
            "0",
            "1"
          ],
          "BC2": [
            "0",
            "1"
          ],
          "CC1": [
            "0",
            "1"
          ]
        },
        "physical": {
          "g": [
            "1/6",
            "2/3"
          ],
          "h": [
            "1/32",
            "1/8"
          ],
          "rA": [
            "1/2",
            "6"
          ],
          "rAB": [
            "1/2",
            "6"
          ],
          "rB": [
            "1/2",
            "6"
          ],
          "rC": [
            "1/2",
            "6"
          ],
          "rR": [
            "1/2",
            "6"
          ],
          "u": [
            "1/32",
            "1/8"
          ],
          "v": [
            "1/32",
            "1/8"
          ]
        }
      },
      "status": "pending",
      "step": 1
    }
  ],
  "details": {
    "checkpoint_sha256": "8bc6105f8ebcfd72d9cb70f7c93daf0189ad290157e8698f3d7aadf55a258f47",
    "exclusions": 0,
    "inflight_pre_state_retained": false,
    "operations_recomputed": 1,
    "splits": 0
  },
  "export_is_enlargement_only": true,
  "mode": "normal_validated",
  "parameter_accuracy_released": false,
  "physical_cell_mesh": "11/2",
  "physical_cover": [
    {
      "box": {
        "g": [
          "1/6",
          "2/3"
        ],
        "h": [
          "1/32",
          "1/8"
        ],
        "rA": [
          "1/2",
          "6"
        ],
        "rAB": [
          "1/2",
          "6"
        ],
        "rB": [
          "1/2",
          "6"
        ],
        "rC": [
          "1/2",
          "6"
        ],
        "rR": [
          "1/2",
          "6"
        ],
        "u": [
          "1/32",
          "1/8"
        ],
        "v": [
          "1/32",
          "1/8"
        ]
      },
      "id": "r"
    }
  ],
  "physical_union_sup_diameter": "11/2",
  "ranked_histories": null,
  "recommended_history": null,
  "request_sha256": "54df8caea842d673f4b284eec7d7eadd766ecb80c1f7b724352eb76b35fab773",
  "schema": "joint-interval-target-cover-v1",
  "statistical_coverage_verified": false,
  "status": "UNKNOWN_OUTER_COVER"
}
