UnifiedLean/Source/SourceExponentialResiduals.lean:20:2: warning: Try this: 
  letI̵

The goal is a proposition, so `let` is preferred over `letI`.
The difference between `let` and `letI` is that `letI` inlines the value.
But this is not relevant for proofs because of proof irrelevance.

Note: This linter can be disabled with `set_option linter.style.haveILetI false`
UnifiedLean/Source/SourceExponentialResiduals.lean:26:2: warning: Try this: 
  letI̵

The goal is a proposition, so `let` is preferred over `letI`.
The difference between `let` and `letI` is that `letI` inlines the value.
But this is not relevant for proofs because of proof irrelevance.

Note: This linter can be disabled with `set_option linter.style.haveILetI false`
UnifiedLean/Source/SourceExponentialResiduals.lean:41:2: warning: Try this: 
  letI̵

The goal is a proposition, so `let` is preferred over `letI`.
The difference between `let` and `letI` is that `letI` inlines the value.
But this is not relevant for proofs because of proof irrelevance.

Note: This linter can be disabled with `set_option linter.style.haveILetI false`
UnifiedLean/Source/SourceExponentialResiduals.lean:74:2: warning: Try this: 
  letI̵

The goal is a proposition, so `let` is preferred over `letI`.
The difference between `let` and `letI` is that `letI` inlines the value.
But this is not relevant for proofs because of proof irrelevance.

Note: This linter can be disabled with `set_option linter.style.haveILetI false`
UnifiedLean/Source/SourceExponentialResiduals.lean:78:2: warning: Try this: 
  letI̵

The goal is a proposition, so `let` is preferred over `letI`.
The difference between `let` and `letI` is that `letI` inlines the value.
But this is not relevant for proofs because of proof irrelevance.

Note: This linter can be disabled with `set_option linter.style.haveILetI false`
'UnifiedLean.Source.SourceExponentialResiduals.actual_exponential_residual_measure' depends on axioms: [propext,
 Classical.choice,
 Quot.sound]
'UnifiedLean.Source.SourceExponentialResiduals.actual_exponential_product_residual_measure' depends on axioms: [propext,
 Classical.choice,
 Quot.sound]
'UnifiedLean.Source.SourceExponentialResiduals.actual_survivor_residual_event' depends on axioms: [propext,
 Classical.choice,
 Quot.sound]
