UnifiedLean/Source/SourceRaceWinnerSelection.lean:21:0: warning: automatically included section variable(s) unused in theorem `UnifiedLean.Source.SourceRaceWinnerSelection.winning_coordinate_unique`:
  [Fintype I]
consider restructuring your `variable` declarations so that the variables are not in scope or explicitly omit them:
  omit [Fintype I] in theorem ...

Note: This linter can be disabled with `set_option linter.unusedSectionVars false`
UnifiedLean/Source/SourceRaceWinnerSelection.lean:50:0: warning: automatically included section variable(s) unused in theorem `UnifiedLean.Source.SourceRaceWinnerSelection.selectedWinner_none_preimage`:
  [DecidableEq I]
consider restructuring your `variable` declarations so that the variables are not in scope or explicitly omit them:
  omit [DecidableEq I] in theorem ...

Note: This linter can be disabled with `set_option linter.unusedSectionVars false`
UnifiedLean/Source/SourceRaceWinnerSelection.lean:74:2: warning: Try this: 
  letI̵

The goal is a proposition, so `let` is preferred over `letI`.
The difference between `let` and `letI` is that `letI` inlines the value.
But this is not relevant for proofs because of proof irrelevance.

Note: This linter can be disabled with `set_option linter.style.haveILetI false`
UnifiedLean/Source/SourceRaceWinnerSelection.lean:76:2: warning: Try this: 
  letI̵

The goal is a proposition, so `let` is preferred over `letI`.
The difference between `let` and `letI` is that `letI` inlines the value.
But this is not relevant for proofs because of proof irrelevance.

Note: This linter can be disabled with `set_option linter.style.haveILetI false`
UnifiedLean/Source/SourceRaceWinnerSelection.lean:90:2: warning: Try this: 
  letI̵

The goal is a proposition, so `let` is preferred over `letI`.
The difference between `let` and `letI` is that `letI` inlines the value.
But this is not relevant for proofs because of proof irrelevance.

Note: This linter can be disabled with `set_option linter.style.haveILetI false`
'UnifiedLean.Source.SourceRaceWinnerSelection.selectedWinner_measurable' depends on axioms: [propext,
 Classical.choice,
 Quot.sound]
'UnifiedLean.Source.SourceRaceWinnerSelection.actual_no_winner_null' depends on axioms: [propext,
 Classical.choice,
 Quot.sound]
