G1BigonFootprint.lean:86:0: warning: automatically included section variable(s) unused in theorem `G1BigonFootprint.actual_upper_hybrid_distinct`:
  [DecidableEq E]
consider restructuring your `variable` declarations so that the variables are not in scope or explicitly omit them:
  omit [DecidableEq E] in theorem ...

Note: This linter can be disabled with `set_option linter.unusedSectionVars false`
G1BigonFootprint.lean:93:0: warning: automatically included section variable(s) unused in theorem `G1BigonFootprint.actual_external_interface_vertices`:
  [DecidableEq E]
consider restructuring your `variable` declarations so that the variables are not in scope or explicitly omit them:
  omit [DecidableEq E] in theorem ...

Note: This linter can be disabled with `set_option linter.unusedSectionVars false`
G1BigonFootprint.lean:103:0: warning: automatically included section variable(s) unused in theorem `G1BigonFootprint.actual_root_vertex_retained`:
  [DecidableEq E]
consider restructuring your `variable` declarations so that the variables are not in scope or explicitly omit them:
  omit [DecidableEq E] in theorem ...

Note: This linter can be disabled with `set_option linter.unusedSectionVars false`
G1BigonFootprint.lean:110:0: warning: automatically included section variable(s) unused in theorem `G1BigonFootprint.actual_taxon_vertices_retained`:
  [DecidableEq E]
consider restructuring your `variable` declarations so that the variables are not in scope or explicitly omit them:
  omit [DecidableEq E] in theorem ...

Note: This linter can be disabled with `set_option linter.unusedSectionVars false`
G1BigonFootprint.lean:118:0: warning: automatically included section variable(s) unused in theorem `G1BigonFootprint.actual_entry_child_distinct`:
  [DecidableEq E]
consider restructuring your `variable` declarations so that the variables are not in scope or explicitly omit them:
  omit [DecidableEq E] in theorem ...

Note: This linter can be disabled with `set_option linter.unusedSectionVars false`
