G1SharpCoreCombRootedness.lean:39:32: warning: This simp argument is unused:
  Fin.val_ofNat

Hint: Omit it from the simp argument list.
  [apply] simp only [graph, target, show (7 : Nat) % 8 = 7 from rfl]

Note: This linter can be disabled with `set_option linter.unusedSimpArgs false`
G1SharpCoreCombRootedness.lean:39:46: warning: This simp argument is unused:
  show (7 : Nat) % 8 = 7 from rfl

Hint: Omit it from the simp argument list.
  [apply] simp only [graph, target, Fin.val_ofNat]

Note: This linter can be disabled with `set_option linter.unusedSimpArgs false`
G1SharpCoreCombRootedness.lean:62:32: warning: This simp argument is unused:
  Fin.val_ofNat

Hint: Omit it from the simp argument list.
  [apply] simp only [graph, target, show (7 : Nat) % 8 = 7 from rfl]

Note: This linter can be disabled with `set_option linter.unusedSimpArgs false`
G1SharpCoreCombRootedness.lean:62:46: warning: This simp argument is unused:
  show (7 : Nat) % 8 = 7 from rfl

Hint: Omit it from the simp argument list.
  [apply] simp only [graph, target, Fin.val_ofNat]

Note: This linter can be disabled with `set_option linter.unusedSimpArgs false`
'G1SharpCoreCombRootedness.original_rooted' depends on axioms: [propext, Classical.choice, Quot.sound]
