'CloudG6.PrivateSeedHistoryFactorization.independentPMF_apply' depends on axioms: [propext,
 Classical.choice,
 Quot.sound]
'CloudG6.PrivateSeedHistoryFactorization.independentPMF_toMeasure' depends on axioms: [propext,
 Classical.choice,
 Quot.sound]
'CloudG6.PrivateSeedHistoryFactorization.natural_joint_toMeasure' depends on axioms: [propext,
 Classical.choice,
 Quot.sound]
'CloudG6.PrivateSeedHistoryFactorization.actual_natural_joint_initial_product' depends on axioms: [propext,
 Classical.choice,
 Quot.sound]
'CloudG6.PrivateSeedHistoryFactorization.initialized_history_independent' depends on axioms: [propext,
 Classical.choice,
 Quot.sound]
'CloudG6.PrivateSeedHistoryFactorization.actual_private_seed_erased_history_product' depends on axioms: [propext,
 Classical.choice,
 Quot.sound]
'CloudG6.PrivateSeedHistoryFactorization.actual_private_seed_erased_history_measure' depends on axioms: [propext,
 Classical.choice,
 Quot.sound]
'CloudG6.PrivateSeedHistoryFactorization.initializedEndpointLaw_nil' depends on axioms: [propext,
 Classical.choice,
 Quot.sound]
'CloudG6.PrivateSeedHistoryFactorization.actual_private_seed_erased_history_nil' depends on axioms: [propext,
 Classical.choice,
 Quot.sound]
'CloudG6.PrivateSeedHistoryFactorization.actual_private_seed_erased_history_readout' depends on axioms: [propext,
 Classical.choice,
 Quot.sound]
