/home/runner/work/_temp/g6-cloud-build/UnifiedLean/G6/AncestralRateFree.lean:68:4: warning: Try this: 
  letI̵

The goal is a proposition, so `let` is preferred over `letI`.
The difference between `let` and `letI` is that `letI` inlines the value.
But this is not relevant for proofs because of proof irrelevance.

Note: This linter can be disabled with `set_option linter.style.haveILetI false`
'UnifiedLean.G6.AncestralRateFree.ancestral_choice_population' depends on axioms: [propext,
 Classical.choice,
 Quot.sound]
'UnifiedLean.G6.AncestralRateFree.ancestral_choice_rate' depends on axioms: [propext, Classical.choice, Quot.sound]
'UnifiedLean.G6.AncestralRateFree.ancestral_total_rate' depends on axioms: [propext, Classical.choice, Quot.sound]
'UnifiedLean.G6.AncestralRateFree.ancestral_jump_mass' depends on axioms: [propext, Classical.choice, Quot.sound]
'UnifiedLean.G6.AncestralRateFree.rational_ancestral_choice_mass_actual' depends on axioms: [propext,
 Classical.choice,
 Quot.sound]
'UnifiedLean.G6.AncestralRateFree.ancestral_jump_choice_rate_invariant' depends on axioms: [propext,
 Classical.choice,
 Quot.sound]
'UnifiedLean.G6.AncestralRateFree.ancestral_jump_step_rate_invariant' depends on axioms: [propext,
 Classical.choice,
 Quot.sound]
'UnifiedLean.G6.AncestralRateFree.ancestral_completion_rate_invariant' depends on axioms: [propext,
 Classical.choice,
 Quot.sound]
'UnifiedLean.G6.AncestralRateFree.completion_kernel_rate_invariant' depends on axioms: [propext,
 Classical.choice,
 Quot.sound]
