/home/runner/work/_temp/g6-cloud-build/FiniteTagDecoder.lean:56:0: warning: automatically included section variable(s) unused in theorem `CloudG3.FiniteTagDecoder.decodeTags_map_decode`:
  [Fintype Copy]
  [DecidableEq Copy]
consider restructuring your `variable` declarations so that the variables are not in scope or explicitly omit them:
  omit [Fintype Copy] [DecidableEq Copy] in theorem ...

Note: This linter can be disabled with `set_option linter.unusedSectionVars false`
/home/runner/work/_temp/g6-cloud-build/FiniteTagDecoder.lean:108:0: warning: automatically included section variable(s) unused in theorem `CloudG3.FiniteTagDecoder.underlying_toTaggedTree`:
  [Fintype Copy]
  [DecidableEq Copy]
consider restructuring your `variable` declarations so that the variables are not in scope or explicitly omit them:
  omit [Fintype Copy] [DecidableEq Copy] in theorem ...

Note: This linter can be disabled with `set_option linter.unusedSectionVars false`
/home/runner/work/_temp/g6-cloud-build/FiniteTagDecoder.lean:117:0: warning: automatically included section variable(s) unused in theorem `CloudG3.FiniteTagDecoder.underlying_mapTags`:
  [Fintype Copy]
  [DecidableEq Copy]
consider restructuring your `variable` declarations so that the variables are not in scope or explicitly omit them:
  omit [Fintype Copy] [DecidableEq Copy] in theorem ...

Note: This linter can be disabled with `set_option linter.unusedSectionVars false`
/home/runner/work/_temp/g6-cloud-build/FiniteTagDecoder.lean:126:0: warning: automatically included section variable(s) unused in theorem `CloudG3.FiniteTagDecoder.toTaggedTree_mapBinDecoration`:
  [Fintype Copy]
  [DecidableEq Copy]
consider restructuring your `variable` declarations so that the variables are not in scope or explicitly omit them:
  omit [Fintype Copy] [DecidableEq Copy] in theorem ...

Note: This linter can be disabled with `set_option linter.unusedSectionVars false`
/home/runner/work/_temp/g6-cloud-build/FiniteTagDecoder.lean:150:0: warning: automatically included section variable(s) unused in theorem `CloudG3.FiniteTagDecoder.taggedEquiv_underlying`:
  [Fintype Copy]
  [DecidableEq Copy]
consider restructuring your `variable` declarations so that the variables are not in scope or explicitly omit them:
  omit [Fintype Copy] [DecidableEq Copy] in theorem ...

Note: This linter can be disabled with `set_option linter.unusedSectionVars false`
/home/runner/work/_temp/g6-cloud-build/FiniteTagDecoder.lean:160:0: warning: automatically included section variable(s) unused in theorem `CloudG3.FiniteTagDecoder.mapTags_respects`:
  [Fintype Copy]
  [DecidableEq Copy]
consider restructuring your `variable` declarations so that the variables are not in scope or explicitly omit them:
  omit [Fintype Copy] [DecidableEq Copy] in theorem ...

Note: This linter can be disabled with `set_option linter.unusedSectionVars false`
/home/runner/work/_temp/g6-cloud-build/FiniteTagDecoder.lean:174:0: warning: automatically included section variable(s) unused in theorem `CloudG3.FiniteTagDecoder.decodedTaggedTree_graft_swap`:
  [Fintype Copy]
  [DecidableEq Copy]
consider restructuring your `variable` declarations so that the variables are not in scope or explicitly omit them:
  omit [Fintype Copy] [DecidableEq Copy] in theorem ...

Note: This linter can be disabled with `set_option linter.unusedSectionVars false`
'CloudG3.FiniteTagDecoder.decodeTags_map_decode' depends on axioms: [propext, Classical.choice, Quot.sound]
'CloudG3.FiniteTagDecoder.decodeTags_bin_pairAge' depends on axioms: [propext, Classical.choice, Quot.sound]
'CloudG3.FiniteTagDecoder.decodeTags_bin_of_pair_agreement' depends on axioms: [propext, Classical.choice, Quot.sound]
'CloudG3.FiniteTagDecoder.underlying_toTaggedTree' depends on axioms: [propext, Classical.choice, Quot.sound]
'CloudG3.FiniteTagDecoder.underlying_mapTags' depends on axioms: [propext, Classical.choice, Quot.sound]
'CloudG3.FiniteTagDecoder.toTaggedTree_mapBinDecoration' depends on axioms: [propext, Classical.choice, Quot.sound]
'CloudG3.FiniteTagDecoder.taggedEquiv_underlying' depends on axioms: [propext, Classical.choice, Quot.sound]
'CloudG3.FiniteTagDecoder.mapTags_respects' depends on axioms: [propext, Classical.choice, Quot.sound]
'CloudG3.FiniteTagDecoder.decodedTaggedTree_graft_swap' depends on axioms: [propext, Classical.choice, Quot.sound]
'CloudG3.FiniteTagDecoder.decodedTaggedTree_actual' depends on axioms: [propext, Classical.choice, Quot.sound]
'CloudG3.FiniteTagDecoder.actual_decoder_unordered' depends on axioms: [propext, Classical.choice, Quot.sound]
