{
  "certificate_issued": false,
  "checkpoint": "state-000255-3a95a022d25f4703f15713ceecb0db1d91585b1786757a4a660700d0ffcd8e73.json",
  "requires_independent_complete_chain_replay": true,
  "schema": "global-triangular-worker-outcome-v1",
  "splits": 12,
  "stages_started": 122,
  "stop_reason": "wall_budget",
  "whole_union_width_goal_observed": false,
  "widths": {
    "g": {
      "met": true,
      "normalized_ratio": "161115251/604462909807314587353088",
      "original": "1/2",
      "pre_fixed": false,
      "tolerance": "1/40",
      "width": "161115251/1208925819614629174706176"
    },
    "h": {
      "met": true,
      "normalized_ratio": "3951/9223372036854775808",
      "original": "3/32",
      "pre_fixed": false,
      "tolerance": "3/640",
      "width": "11853/295147905179352825856"
    },
    "rA": {
      "met": false,
      "normalized_ratio": "1698573909/2147483648",
      "original": "11/2",
      "pre_fixed": false,
      "tolerance": "11/40",
      "width": "18684312999/4294967296"
    },
    "rAB": {
      "met": false,
      "normalized_ratio": "2587165353684534525/4611686018427387904",
      "original": "11/2",
      "pre_fixed": false,
      "tolerance": "11/40",
      "width": "28458818890529879775/9223372036854775808"
    },
    "rB": {
      "met": false,
      "normalized_ratio": "2275908053/4294967296",
      "original": "11/2",
      "pre_fixed": false,
      "tolerance": "11/40",
      "width": "25034988583/8589934592"
    },
    "rC": {
      "met": true,
      "normalized_ratio": "1/2305843009213693952",
      "original": "11/2",
      "pre_fixed": false,
      "tolerance": "11/40",
      "width": "11/4611686018427387904"
    },
    "rR": {
      "met": true,
      "normalized_ratio": "1/2305843009213693952",
      "original": "11/2",
      "pre_fixed": false,
      "tolerance": "11/40",
      "width": "11/4611686018427387904"
    },
    "u": {
      "met": false,
      "normalized_ratio": "13155895118792726364148692260586910835/21267647932558653966460912964485513216",
      "original": "3/32",
      "pre_fixed": false,
      "tolerance": "3/640",
      "width": "39467685356378179092446076781760732505/680564733841876926926749214863536422912"
    },
    "v": {
      "met": false,
      "normalized_ratio": "13155895118792717357525898271898334323/21267647932558653966460912964485513216",
      "original": "3/32",
      "pre_fixed": false,
      "tolerance": "3/640",
      "width": "39467685356378152072577694815695002969/680564733841876926926749214863536422912"
    }
  }
}
