{
  "complete_output_differentials": 39,
  "invalid_inputs": 22,
  "reference_sha256": "4708f1cf0fbafc704209dd110e919666c73125b78aaa292d3b6fb3a70d9ad3e4",
  "results": [
    {
      "actual": {
        "K": 1,
        "S": "5/3",
        "T": "2/9",
        "U": "19/9",
        "a": "2/3",
        "delta": "4/19",
        "epsilon": "3/7",
        "inspected": 2,
        "law": "normalized_prefix",
        "status": "CERTIFIED"
      },
      "arguments": [
        "2/3",
        "3/7",
        "--max-steps",
        "128"
      ],
      "exit": 0,
      "expected": {
        "K": 1,
        "S": "5/3",
        "T": "2/9",
        "U": "19/9",
        "a": "2/3",
        "delta": "4/19",
        "epsilon": "3/7",
        "inspected": 2,
        "law": "normalized_prefix",
        "status": "CERTIFIED"
      }
    },
    {
      "actual": {
        "K": 1,
        "S": "5/3",
        "T": "2/9",
        "U": "19/9",
        "a": "2/3",
        "delta": "4/19",
        "epsilon": "3/7",
        "inspected": 2,
        "law": "normalized_prefix",
        "status": "CERTIFIED",
        "weights": [
          "3/5",
          "2/5"
        ]
      },
      "arguments": [
        "2/3",
        "3/7",
        "--max-steps",
        "128",
        "--weights"
      ],
      "exit": 0,
      "expected": {
        "K": 1,
        "S": "5/3",
        "T": "2/9",
        "U": "19/9",
        "a": "2/3",
        "delta": "4/19",
        "epsilon": "3/7",
        "inspected": 2,
        "law": "normalized_prefix",
        "status": "CERTIFIED",
        "weights": [
          "3/5",
          "2/5"
        ]
      }
    },
    {
      "actual": {
        "a": "2/3",
        "epsilon": "3/7",
        "inspected": 1,
        "law": "normalized_prefix",
        "next_K": 1,
        "status": "RESOURCE_LIMIT"
      },
      "arguments": [
        "2/3",
        "3/7",
        "--max-steps",
        "1",
        "--weights"
      ],
      "exit": 0,
      "expected": {
        "a": "2/3",
        "epsilon": "3/7",
        "inspected": 1,
        "law": "normalized_prefix",
        "next_K": 1,
        "status": "RESOURCE_LIMIT"
      }
    },
    {
      "actual": {
        "K": 1,
        "S": "5/3",
        "T": "2/9",
        "U": "19/9",
        "a": "2/3",
        "delta": "4/19",
        "epsilon": "3/7",
        "inspected": 2,
        "law": "normalized_prefix",
        "status": "CERTIFIED",
        "weights": [
          "3/5",
          "2/5"
        ]
      },
      "arguments": [
        "2/3",
        "3/7",
        "--max-steps",
        "2",
        "--weights"
      ],
      "exit": 0,
      "expected": {
        "K": 1,
        "S": "5/3",
        "T": "2/9",
        "U": "19/9",
        "a": "2/3",
        "delta": "4/19",
        "epsilon": "3/7",
        "inspected": 2,
        "law": "normalized_prefix",
        "status": "CERTIFIED",
        "weights": [
          "3/5",
          "2/5"
        ]
      }
    },
    {
      "actual": {
        "K": 6,
        "S": "1071641/104976",
        "T": "117649/1574640",
        "U": "16309913/1574640",
        "a": "7/3",
        "delta": "235298/16309913",
        "epsilon": "1/37",
        "inspected": 7,
        "law": "normalized_prefix",
        "status": "CERTIFIED"
      },
      "arguments": [
        "7/3",
        "1/37",
        "--max-steps",
        "128"
      ],
      "exit": 0,
      "expected": {
        "K": 6,
        "S": "1071641/104976",
        "T": "117649/1574640",
        "U": "16309913/1574640",
        "a": "7/3",
        "delta": "235298/16309913",
        "epsilon": "1/37",
        "inspected": 7,
        "law": "normalized_prefix",
        "status": "CERTIFIED"
      }
    },
    {
      "actual": {
        "K": 6,
        "S": "1071641/104976",
        "T": "117649/1574640",
        "U": "16309913/1574640",
        "a": "7/3",
        "delta": "235298/16309913",
        "epsilon": "1/37",
        "inspected": 7,
        "law": "normalized_prefix",
        "status": "CERTIFIED",
        "weights": [
          "104976/1071641",
          "244944/1071641",
          "285768/1071641",
          "222264/1071641",
          "129654/1071641",
          "302526/5358205",
          "117649/5358205"
        ]
      },
      "arguments": [
        "7/3",
        "1/37",
        "--max-steps",
        "128",
        "--weights"
      ],
      "exit": 0,
      "expected": {
        "K": 6,
        "S": "1071641/104976",
        "T": "117649/1574640",
        "U": "16309913/1574640",
        "a": "7/3",
        "delta": "235298/16309913",
        "epsilon": "1/37",
        "inspected": 7,
        "law": "normalized_prefix",
        "status": "CERTIFIED",
        "weights": [
          "104976/1071641",
          "244944/1071641",
          "285768/1071641",
          "222264/1071641",
          "129654/1071641",
          "302526/5358205",
          "117649/5358205"
        ]
      }
    },
    {
      "actual": {
        "a": "7/3",
        "epsilon": "1/37",
        "inspected": 6,
        "law": "normalized_prefix",
        "next_K": 6,
        "status": "RESOURCE_LIMIT"
      },
      "arguments": [
        "7/3",
        "1/37",
        "--max-steps",
        "6",
        "--weights"
      ],
      "exit": 0,
      "expected": {
        "a": "7/3",
        "epsilon": "1/37",
        "inspected": 6,
        "law": "normalized_prefix",
        "next_K": 6,
        "status": "RESOURCE_LIMIT"
      }
    },
    {
      "actual": {
        "K": 6,
        "S": "1071641/104976",
        "T": "117649/1574640",
        "U": "16309913/1574640",
        "a": "7/3",
        "delta": "235298/16309913",
        "epsilon": "1/37",
        "inspected": 7,
        "law": "normalized_prefix",
        "status": "CERTIFIED",
        "weights": [
          "104976/1071641",
          "244944/1071641",
          "285768/1071641",
          "222264/1071641",
          "129654/1071641",
          "302526/5358205",
          "117649/5358205"
        ]
      },
      "arguments": [
        "7/3",
        "1/37",
        "--max-steps",
        "7",
        "--weights"
      ],
      "exit": 0,
      "expected": {
        "K": 6,
        "S": "1071641/104976",
        "T": "117649/1574640",
        "U": "16309913/1574640",
        "a": "7/3",
        "delta": "235298/16309913",
        "epsilon": "1/37",
        "inspected": 7,
        "law": "normalized_prefix",
        "status": "CERTIFIED",
        "weights": [
          "104976/1071641",
          "244944/1071641",
          "285768/1071641",
          "222264/1071641",
          "129654/1071641",
          "302526/5358205",
          "117649/5358205"
        ]
      }
    },
    {
      "actual": {
        "K": 8,
        "S": "67719960641/2642411520",
        "T": "10604499373/95126814720",
        "U": "1229563790911/47563407360",
        "a": "13/4",
        "delta": "10604499373/1229563790911",
        "epsilon": "3/256",
        "inspected": 9,
        "law": "normalized_prefix",
        "status": "CERTIFIED"
      },
      "arguments": [
        "13/4",
        "3/256",
        "--max-steps",
        "128"
      ],
      "exit": 0,
      "expected": {
        "K": 8,
        "S": "67719960641/2642411520",
        "T": "10604499373/95126814720",
        "U": "1229563790911/47563407360",
        "a": "13/4",
        "delta": "10604499373/1229563790911",
        "epsilon": "3/256",
        "inspected": 9,
        "law": "normalized_prefix",
        "status": "CERTIFIED"
      }
    },
    {
      "actual": {
        "K": 8,
        "S": "67719960641/2642411520",
        "T": "10604499373/95126814720",
        "U": "1229563790911/47563407360",
        "a": "13/4",
        "delta": "10604499373/1229563790911",
        "epsilon": "3/256",
        "inspected": 9,
        "law": "normalized_prefix",
        "status": "CERTIFIED",
        "weights": [
          "2642411520/67719960641",
          "8587837440/67719960641",
          "13955235840/67719960641",
          "15118172160/67719960641",
          "12283514880/67719960641",
          "7984284672/67719960641",
          "4324820864/67719960641",
          "2007952544/67719960641",
          "815730721/67719960641"
        ]
      },
      "arguments": [
        "13/4",
        "3/256",
        "--max-steps",
        "128",
        "--weights"
      ],
      "exit": 0,
      "expected": {
        "K": 8,
        "S": "67719960641/2642411520",
        "T": "10604499373/95126814720",
        "U": "1229563790911/47563407360",
        "a": "13/4",
        "delta": "10604499373/1229563790911",
        "epsilon": "3/256",
        "inspected": 9,
        "law": "normalized_prefix",
        "status": "CERTIFIED",
        "weights": [
          "2642411520/67719960641",
          "8587837440/67719960641",
          "13955235840/67719960641",
          "15118172160/67719960641",
          "12283514880/67719960641",
          "7984284672/67719960641",
          "4324820864/67719960641",
          "2007952544/67719960641",
          "815730721/67719960641"
        ]
      }
    },
    {
      "actual": {
        "a": "13/4",
        "epsilon": "3/256",
        "inspected": 8,
        "law": "normalized_prefix",
        "next_K": 8,
        "status": "RESOURCE_LIMIT"
      },
      "arguments": [
        "13/4",
        "3/256",
        "--max-steps",
        "8",
        "--weights"
      ],
      "exit": 0,
      "expected": {
        "a": "13/4",
        "epsilon": "3/256",
        "inspected": 8,
        "law": "normalized_prefix",
        "next_K": 8,
        "status": "RESOURCE_LIMIT"
      }
    },
    {
      "actual": {
        "K": 8,
        "S": "67719960641/2642411520",
        "T": "10604499373/95126814720",
        "U": "1229563790911/47563407360",
        "a": "13/4",
        "delta": "10604499373/1229563790911",
        "epsilon": "3/256",
        "inspected": 9,
        "law": "normalized_prefix",
        "status": "CERTIFIED",
        "weights": [
          "2642411520/67719960641",
          "8587837440/67719960641",
          "13955235840/67719960641",
          "15118172160/67719960641",
          "12283514880/67719960641",
          "7984284672/67719960641",
          "4324820864/67719960641",
          "2007952544/67719960641",
          "815730721/67719960641"
        ]
      },
      "arguments": [
        "13/4",
        "3/256",
        "--max-steps",
        "9",
        "--weights"
      ],
      "exit": 0,
      "expected": {
        "K": 8,
        "S": "67719960641/2642411520",
        "T": "10604499373/95126814720",
        "U": "1229563790911/47563407360",
        "a": "13/4",
        "delta": "10604499373/1229563790911",
        "epsilon": "3/256",
        "inspected": 9,
        "law": "normalized_prefix",
        "status": "CERTIFIED",
        "weights": [
          "2642411520/67719960641",
          "8587837440/67719960641",
          "13955235840/67719960641",
          "15118172160/67719960641",
          "12283514880/67719960641",
          "7984284672/67719960641",
          "4324820864/67719960641",
          "2007952544/67719960641",
          "815730721/67719960641"
        ]
      }
    },
    {
      "actual": {
        "K": 11,
        "S": "2085316434290101/69609375000000",
        "T": "582622237229761/116943750000000000",
        "U": "1752248427040914601/58471875000000000",
        "a": "17/5",
        "delta": "582622237229761/1752248427040914601",
        "epsilon": "1/1024",
        "inspected": 12,
        "law": "normalized_prefix",
        "status": "CERTIFIED"
      },
      "arguments": [
        "17/5",
        "1/1024",
        "--max-steps",
        "128"
      ],
      "exit": 0,
      "expected": {
        "K": 11,
        "S": "2085316434290101/69609375000000",
        "T": "582622237229761/116943750000000000",
        "U": "1752248427040914601/58471875000000000",
        "a": "17/5",
        "delta": "582622237229761/1752248427040914601",
        "epsilon": "1/1024",
        "inspected": 12,
        "law": "normalized_prefix",
        "status": "CERTIFIED"
      }
    },
    {
      "actual": {
        "K": 11,
        "S": "2085316434290101/69609375000000",
        "T": "582622237229761/116943750000000000",
        "U": "1752248427040914601/58471875000000000",
        "a": "17/5",
        "delta": "582622237229761/1752248427040914601",
        "epsilon": "1/1024",
        "inspected": 12,
        "law": "normalized_prefix",
        "status": "CERTIFIED",
        "weights": [
          "69609375000000/2085316434290101",
          "236671875000000/2085316434290101",
          "402342187500000/2085316434290101",
          "455987812500000/2085316434290101",
          "387589640625000/2085316434290101",
          "263560955625000/2085316434290101",
          "149351208187500/2085316434290101",
          "507794107837500/14597215040030707",
          "431624991661875/29194430080061414",
          "163058330183375/29194430080061414",
          "110879664524695/58388860160122828",
          "34271896307633/58388860160122828"
        ]
      },
      "arguments": [
        "17/5",
        "1/1024",
        "--max-steps",
        "128",
        "--weights"
      ],
      "exit": 0,
      "expected": {
        "K": 11,
        "S": "2085316434290101/69609375000000",
        "T": "582622237229761/116943750000000000",
        "U": "1752248427040914601/58471875000000000",
        "a": "17/5",
        "delta": "582622237229761/1752248427040914601",
        "epsilon": "1/1024",
        "inspected": 12,
        "law": "normalized_prefix",
        "status": "CERTIFIED",
        "weights": [
          "69609375000000/2085316434290101",
          "236671875000000/2085316434290101",
          "402342187500000/2085316434290101",
          "455987812500000/2085316434290101",
          "387589640625000/2085316434290101",
          "263560955625000/2085316434290101",
          "149351208187500/2085316434290101",
          "507794107837500/14597215040030707",
          "431624991661875/29194430080061414",
          "163058330183375/29194430080061414",
          "110879664524695/58388860160122828",
          "34271896307633/58388860160122828"
        ]
      }
    },
    {
      "actual": {
        "a": "17/5",
        "epsilon": "1/1024",
        "inspected": 11,
        "law": "normalized_prefix",
        "next_K": 11,
        "status": "RESOURCE_LIMIT"
      },
      "arguments": [
        "17/5",
        "1/1024",
        "--max-steps",
        "11",
        "--weights"
      ],
      "exit": 0,
      "expected": {
        "a": "17/5",
        "epsilon": "1/1024",
        "inspected": 11,
        "law": "normalized_prefix",
        "next_K": 11,
        "status": "RESOURCE_LIMIT"
      }
    },
    {
      "actual": {
        "K": 11,
        "S": "2085316434290101/69609375000000",
        "T": "582622237229761/116943750000000000",
        "U": "1752248427040914601/58471875000000000",
        "a": "17/5",
        "delta": "582622237229761/1752248427040914601",
        "epsilon": "1/1024",
        "inspected": 12,
        "law": "normalized_prefix",
        "status": "CERTIFIED",
        "weights": [
          "69609375000000/2085316434290101",
          "236671875000000/2085316434290101",
          "402342187500000/2085316434290101",
          "455987812500000/2085316434290101",
          "387589640625000/2085316434290101",
          "263560955625000/2085316434290101",
          "149351208187500/2085316434290101",
          "507794107837500/14597215040030707",
          "431624991661875/29194430080061414",
          "163058330183375/29194430080061414",
          "110879664524695/58388860160122828",
          "34271896307633/58388860160122828"
        ]
      },
      "arguments": [
        "17/5",
        "1/1024",
        "--max-steps",
        "12",
        "--weights"
      ],
      "exit": 0,
      "expected": {
        "K": 11,
        "S": "2085316434290101/69609375000000",
        "T": "582622237229761/116943750000000000",
        "U": "1752248427040914601/58471875000000000",
        "a": "17/5",
        "delta": "582622237229761/1752248427040914601",
        "epsilon": "1/1024",
        "inspected": 12,
        "law": "normalized_prefix",
        "status": "CERTIFIED",
        "weights": [
          "69609375000000/2085316434290101",
          "236671875000000/2085316434290101",
          "402342187500000/2085316434290101",
          "455987812500000/2085316434290101",
          "387589640625000/2085316434290101",
          "263560955625000/2085316434290101",
          "149351208187500/2085316434290101",
          "507794107837500/14597215040030707",
          "431624991661875/29194430080061414",
          "163058330183375/29194430080061414",
          "110879664524695/58388860160122828",
          "34271896307633/58388860160122828"
        ]
      }
    },
    {
      "actual": {
        "K": 5,
        "S": "5711/1280",
        "T": "81/5120",
        "U": "11503/2560",
        "a": "3/2",
        "delta": "81/11503",
        "epsilon": "1/37",
        "inspected": 6,
        "law": "normalized_prefix",
        "status": "CERTIFIED"
      },
      "arguments": [
        "3/2",
        "1/37",
        "--max-steps",
        "128"
      ],
      "exit": 0,
      "expected": {
        "K": 5,
        "S": "5711/1280",
        "T": "81/5120",
        "U": "11503/2560",
        "a": "3/2",
        "delta": "81/11503",
        "epsilon": "1/37",
        "inspected": 6,
        "law": "normalized_prefix",
        "status": "CERTIFIED"
      }
    },
    {
      "actual": {
        "K": 5,
        "S": "5711/1280",
        "T": "81/5120",
        "U": "11503/2560",
        "a": "3/2",
        "delta": "81/11503",
        "epsilon": "1/37",
        "inspected": 6,
        "law": "normalized_prefix",
        "status": "CERTIFIED",
        "weights": [
          "1280/5711",
          "1920/5711",
          "1440/5711",
          "720/5711",
          "270/5711",
          "81/5711"
        ]
      },
      "arguments": [
        "3/2",
        "1/37",
        "--max-steps",
        "128",
        "--weights"
      ],
      "exit": 0,
      "expected": {
        "K": 5,
        "S": "5711/1280",
        "T": "81/5120",
        "U": "11503/2560",
        "a": "3/2",
        "delta": "81/11503",
        "epsilon": "1/37",
        "inspected": 6,
        "law": "normalized_prefix",
        "status": "CERTIFIED",
        "weights": [
          "1280/5711",
          "1920/5711",
          "1440/5711",
          "720/5711",
          "270/5711",
          "81/5711"
        ]
      }
    },
    {
      "actual": {
        "a": "3/2",
        "epsilon": "1/37",
        "inspected": 5,
        "law": "normalized_prefix",
        "next_K": 5,
        "status": "RESOURCE_LIMIT"
      },
      "arguments": [
        "3/2",
        "1/37",
        "--max-steps",
        "5",
        "--weights"
      ],
      "exit": 0,
      "expected": {
        "a": "3/2",
        "epsilon": "1/37",
        "inspected": 5,
        "law": "normalized_prefix",
        "next_K": 5,
        "status": "RESOURCE_LIMIT"
      }
    },
    {
      "actual": {
        "K": 5,
        "S": "5711/1280",
        "T": "81/5120",
        "U": "11503/2560",
        "a": "3/2",
        "delta": "81/11503",
        "epsilon": "1/37",
        "inspected": 6,
        "law": "normalized_prefix",
        "status": "CERTIFIED",
        "weights": [
          "1280/5711",
          "1920/5711",
          "1440/5711",
          "720/5711",
          "270/5711",
          "81/5711"
        ]
      },
      "arguments": [
        "3/2",
        "1/37",
        "--max-steps",
        "6",
        "--weights"
      ],
      "exit": 0,
      "expected": {
        "K": 5,
        "S": "5711/1280",
        "T": "81/5120",
        "U": "11503/2560",
        "a": "3/2",
        "delta": "81/11503",
        "epsilon": "1/37",
        "inspected": 6,
        "law": "normalized_prefix",
        "status": "CERTIFIED",
        "weights": [
          "1280/5711",
          "1920/5711",
          "1440/5711",
          "720/5711",
          "270/5711",
          "81/5711"
        ]
      }
    },
    {
      "actual": {
        "K": 2,
        "S": "17/9",
        "T": "4/81",
        "U": "161/81",
        "a": "2/3",
        "delta": "8/161",
        "epsilon": "1/7",
        "inspected": 3,
        "law": "normalized_prefix",
        "status": "CERTIFIED"
      },
      "arguments": [
        "0002/0003",
        "2/14",
        "--max-steps",
        "128"
      ],
      "exit": 0,
      "expected": {
        "K": 2,
        "S": "17/9",
        "T": "4/81",
        "U": "161/81",
        "a": "2/3",
        "delta": "8/161",
        "epsilon": "1/7",
        "inspected": 3,
        "law": "normalized_prefix",
        "status": "CERTIFIED"
      }
    },
    {
      "actual": {
        "K": 2,
        "S": "17/9",
        "T": "4/81",
        "U": "161/81",
        "a": "2/3",
        "delta": "8/161",
        "epsilon": "1/7",
        "inspected": 3,
        "law": "normalized_prefix",
        "status": "CERTIFIED",
        "weights": [
          "9/17",
          "6/17",
          "2/17"
        ]
      },
      "arguments": [
        "0002/0003",
        "2/14",
        "--max-steps",
        "128",
        "--weights"
      ],
      "exit": 0,
      "expected": {
        "K": 2,
        "S": "17/9",
        "T": "4/81",
        "U": "161/81",
        "a": "2/3",
        "delta": "8/161",
        "epsilon": "1/7",
        "inspected": 3,
        "law": "normalized_prefix",
        "status": "CERTIFIED",
        "weights": [
          "9/17",
          "6/17",
          "2/17"
        ]
      }
    },
    {
      "actual": {
        "a": "2/3",
        "epsilon": "1/7",
        "inspected": 2,
        "law": "normalized_prefix",
        "next_K": 2,
        "status": "RESOURCE_LIMIT"
      },
      "arguments": [
        "0002/0003",
        "2/14",
        "--max-steps",
        "2",
        "--weights"
      ],
      "exit": 0,
      "expected": {
        "a": "2/3",
        "epsilon": "1/7",
        "inspected": 2,
        "law": "normalized_prefix",
        "next_K": 2,
        "status": "RESOURCE_LIMIT"
      }
    },
    {
      "actual": {
        "K": 2,
        "S": "17/9",
        "T": "4/81",
        "U": "161/81",
        "a": "2/3",
        "delta": "8/161",
        "epsilon": "1/7",
        "inspected": 3,
        "law": "normalized_prefix",
        "status": "CERTIFIED",
        "weights": [
          "9/17",
          "6/17",
          "2/17"
        ]
      },
      "arguments": [
        "0002/0003",
        "2/14",
        "--max-steps",
        "3",
        "--weights"
      ],
      "exit": 0,
      "expected": {
        "K": 2,
        "S": "17/9",
        "T": "4/81",
        "U": "161/81",
        "a": "2/3",
        "delta": "8/161",
        "epsilon": "1/7",
        "inspected": 3,
        "law": "normalized_prefix",
        "status": "CERTIFIED",
        "weights": [
          "9/17",
          "6/17",
          "2/17"
        ]
      }
    },
    {
      "actual": {
        "K": 0,
        "S": "1",
        "T": "0",
        "U": "1",
        "a": "0",
        "delta": "0",
        "epsilon": "1/9",
        "inspected": 1,
        "law": "normalized_prefix",
        "status": "CERTIFIED"
      },
      "arguments": [
        "-0",
        "1/9",
        "--max-steps",
        "128"
      ],
      "exit": 0,
      "expected": {
        "K": 0,
        "S": "1",
        "T": "0",
        "U": "1",
        "a": "0",
        "delta": "0",
        "epsilon": "1/9",
        "inspected": 1,
        "law": "normalized_prefix",
        "status": "CERTIFIED"
      }
    },
    {
      "actual": {
        "K": 0,
        "S": "1",
        "T": "0",
        "U": "1",
        "a": "0",
        "delta": "0",
        "epsilon": "1/9",
        "inspected": 1,
        "law": "normalized_prefix",
        "status": "CERTIFIED",
        "weights": [
          "1"
        ]
      },
      "arguments": [
        "-0",
        "1/9",
        "--max-steps",
        "128",
        "--weights"
      ],
      "exit": 0,
      "expected": {
        "K": 0,
        "S": "1",
        "T": "0",
        "U": "1",
        "a": "0",
        "delta": "0",
        "epsilon": "1/9",
        "inspected": 1,
        "law": "normalized_prefix",
        "status": "CERTIFIED",
        "weights": [
          "1"
        ]
      }
    },
    {
      "actual": {
        "a": "0",
        "epsilon": "1/9",
        "inspected": 0,
        "law": "normalized_prefix",
        "next_K": 0,
        "status": "RESOURCE_LIMIT"
      },
      "arguments": [
        "-0",
        "1/9",
        "--max-steps",
        "0",
        "--weights"
      ],
      "exit": 0,
      "expected": {
        "a": "0",
        "epsilon": "1/9",
        "inspected": 0,
        "law": "normalized_prefix",
        "next_K": 0,
        "status": "RESOURCE_LIMIT"
      }
    },
    {
      "actual": {
        "K": 0,
        "S": "1",
        "T": "0",
        "U": "1",
        "a": "0",
        "delta": "0",
        "epsilon": "1/9",
        "inspected": 1,
        "law": "normalized_prefix",
        "status": "CERTIFIED",
        "weights": [
          "1"
        ]
      },
      "arguments": [
        "-0",
        "1/9",
        "--max-steps",
        "1",
        "--weights"
      ],
      "exit": 0,
      "expected": {
        "K": 0,
        "S": "1",
        "T": "0",
        "U": "1",
        "a": "0",
        "delta": "0",
        "epsilon": "1/9",
        "inspected": 1,
        "law": "normalized_prefix",
        "status": "CERTIFIED",
        "weights": [
          "1"
        ]
      }
    },
    {
      "actual": {
        "K": 0,
        "S": "1",
        "T": "1",
        "U": "3",
        "a": "1",
        "delta": "2/3",
        "epsilon": "2/3",
        "inspected": 1,
        "law": "normalized_prefix",
        "status": "CERTIFIED"
      },
      "arguments": [
        "1",
        "2/3",
        "--max-steps",
        "128"
      ],
      "exit": 0,
      "expected": {
        "K": 0,
        "S": "1",
        "T": "1",
        "U": "3",
        "a": "1",
        "delta": "2/3",
        "epsilon": "2/3",
        "inspected": 1,
        "law": "normalized_prefix",
        "status": "CERTIFIED"
      }
    },
    {
      "actual": {
        "K": 0,
        "S": "1",
        "T": "1",
        "U": "3",
        "a": "1",
        "delta": "2/3",
        "epsilon": "2/3",
        "inspected": 1,
        "law": "normalized_prefix",
        "status": "CERTIFIED",
        "weights": [
          "1"
        ]
      },
      "arguments": [
        "1",
        "2/3",
        "--max-steps",
        "128",
        "--weights"
      ],
      "exit": 0,
      "expected": {
        "K": 0,
        "S": "1",
        "T": "1",
        "U": "3",
        "a": "1",
        "delta": "2/3",
        "epsilon": "2/3",
        "inspected": 1,
        "law": "normalized_prefix",
        "status": "CERTIFIED",
        "weights": [
          "1"
        ]
      }
    },
    {
      "actual": {
        "a": "1",
        "epsilon": "2/3",
        "inspected": 0,
        "law": "normalized_prefix",
        "next_K": 0,
        "status": "RESOURCE_LIMIT"
      },
      "arguments": [
        "1",
        "2/3",
        "--max-steps",
        "0",
        "--weights"
      ],
      "exit": 0,
      "expected": {
        "a": "1",
        "epsilon": "2/3",
        "inspected": 0,
        "law": "normalized_prefix",
        "next_K": 0,
        "status": "RESOURCE_LIMIT"
      }
    },
    {
      "actual": {
        "K": 0,
        "S": "1",
        "T": "1",
        "U": "3",
        "a": "1",
        "delta": "2/3",
        "epsilon": "2/3",
        "inspected": 1,
        "law": "normalized_prefix",
        "status": "CERTIFIED",
        "weights": [
          "1"
        ]
      },
      "arguments": [
        "1",
        "2/3",
        "--max-steps",
        "1",
        "--weights"
      ],
      "exit": 0,
      "expected": {
        "K": 0,
        "S": "1",
        "T": "1",
        "U": "3",
        "a": "1",
        "delta": "2/3",
        "epsilon": "2/3",
        "inspected": 1,
        "law": "normalized_prefix",
        "status": "CERTIFIED",
        "weights": [
          "1"
        ]
      }
    },
    {
      "actual": {
        "K": 2,
        "S": "5",
        "T": "4/3",
        "U": "23/3",
        "a": "2",
        "delta": "8/23",
        "epsilon": "4/11",
        "inspected": 3,
        "law": "normalized_prefix",
        "status": "CERTIFIED"
      },
      "arguments": [
        "2",
        "4/11",
        "--max-steps",
        "128"
      ],
      "exit": 0,
      "expected": {
        "K": 2,
        "S": "5",
        "T": "4/3",
        "U": "23/3",
        "a": "2",
        "delta": "8/23",
        "epsilon": "4/11",
        "inspected": 3,
        "law": "normalized_prefix",
        "status": "CERTIFIED"
      }
    },
    {
      "actual": {
        "K": 2,
        "S": "5",
        "T": "4/3",
        "U": "23/3",
        "a": "2",
        "delta": "8/23",
        "epsilon": "4/11",
        "inspected": 3,
        "law": "normalized_prefix",
        "status": "CERTIFIED",
        "weights": [
          "1/5",
          "2/5",
          "2/5"
        ]
      },
      "arguments": [
        "2",
        "4/11",
        "--max-steps",
        "128",
        "--weights"
      ],
      "exit": 0,
      "expected": {
        "K": 2,
        "S": "5",
        "T": "4/3",
        "U": "23/3",
        "a": "2",
        "delta": "8/23",
        "epsilon": "4/11",
        "inspected": 3,
        "law": "normalized_prefix",
        "status": "CERTIFIED",
        "weights": [
          "1/5",
          "2/5",
          "2/5"
        ]
      }
    },
    {
      "actual": {
        "a": "2",
        "epsilon": "4/11",
        "inspected": 2,
        "law": "normalized_prefix",
        "next_K": 2,
        "status": "RESOURCE_LIMIT"
      },
      "arguments": [
        "2",
        "4/11",
        "--max-steps",
        "2",
        "--weights"
      ],
      "exit": 0,
      "expected": {
        "a": "2",
        "epsilon": "4/11",
        "inspected": 2,
        "law": "normalized_prefix",
        "next_K": 2,
        "status": "RESOURCE_LIMIT"
      }
    },
    {
      "actual": {
        "K": 2,
        "S": "5",
        "T": "4/3",
        "U": "23/3",
        "a": "2",
        "delta": "8/23",
        "epsilon": "4/11",
        "inspected": 3,
        "law": "normalized_prefix",
        "status": "CERTIFIED",
        "weights": [
          "1/5",
          "2/5",
          "2/5"
        ]
      },
      "arguments": [
        "2",
        "4/11",
        "--max-steps",
        "3",
        "--weights"
      ],
      "exit": 0,
      "expected": {
        "K": 2,
        "S": "5",
        "T": "4/3",
        "U": "23/3",
        "a": "2",
        "delta": "8/23",
        "epsilon": "4/11",
        "inspected": 3,
        "law": "normalized_prefix",
        "status": "CERTIFIED",
        "weights": [
          "1/5",
          "2/5",
          "2/5"
        ]
      }
    },
    {
      "actual": {
        "a": "0",
        "epsilon": "1/3",
        "inspected": 0,
        "law": "normalized_prefix",
        "next_K": 0,
        "status": "RESOURCE_LIMIT"
      },
      "arguments": [
        "0",
        "1/3",
        "--max-steps",
        "0"
      ],
      "exit": 0,
      "expected": {
        "a": "0",
        "epsilon": "1/3",
        "inspected": 0,
        "law": "normalized_prefix",
        "next_K": 0,
        "status": "RESOURCE_LIMIT"
      }
    },
    {
      "actual": {
        "K": 0,
        "S": "1",
        "T": "0",
        "U": "1",
        "a": "0",
        "delta": "0",
        "epsilon": "1/3",
        "inspected": 1,
        "law": "normalized_prefix",
        "status": "CERTIFIED"
      },
      "arguments": [
        "0",
        "1/3",
        "--max-steps",
        "18446744073709551615"
      ],
      "exit": 0,
      "expected": {
        "K": 0,
        "S": "1",
        "T": "0",
        "U": "1",
        "a": "0",
        "delta": "0",
        "epsilon": "1/3",
        "inspected": 1,
        "law": "normalized_prefix",
        "status": "CERTIFIED"
      }
    },
    {
      "actual": {
        "K": 0,
        "S": "1",
        "T": "0",
        "U": "1",
        "a": "0",
        "delta": "0",
        "epsilon": "1/3",
        "inspected": 1,
        "law": "normalized_prefix",
        "status": "CERTIFIED",
        "weights": [
          "1"
        ]
      },
      "arguments": [
        "0",
        "1/3",
        "--weights"
      ],
      "exit": 0,
      "expected": {
        "K": 0,
        "S": "1",
        "T": "0",
        "U": "1",
        "a": "0",
        "delta": "0",
        "epsilon": "1/3",
        "inspected": 1,
        "law": "normalized_prefix",
        "status": "CERTIFIED",
        "weights": [
          "1"
        ]
      }
    },
    {
      "actual": {
        "error": "NUMERICAL_DOMAIN",
        "status": "INVALID_INPUT"
      },
      "arguments": [
        "-1",
        "1/2"
      ],
      "exit": 2
    },
    {
      "actual": {
        "error": "NUMERICAL_DOMAIN",
        "status": "INVALID_INPUT"
      },
      "arguments": [
        "1",
        "0"
      ],
      "exit": 2
    },
    {
      "actual": {
        "error": "NUMERICAL_DOMAIN",
        "status": "INVALID_INPUT"
      },
      "arguments": [
        "1",
        "1"
      ],
      "exit": 2
    },
    {
      "actual": {
        "error": "NUMERICAL_DOMAIN",
        "status": "INVALID_INPUT"
      },
      "arguments": [
        "1",
        "-1/2"
      ],
      "exit": 2
    },
    {
      "actual": {
        "error": "RATIONAL_SYNTAX_OR_BITS",
        "status": "INVALID_INPUT"
      },
      "arguments": [
        "1/0",
        "1/2"
      ],
      "exit": 2
    },
    {
      "actual": {
        "error": "RATIONAL_SYNTAX_OR_BITS",
        "status": "INVALID_INPUT"
      },
      "arguments": [
        "1/-2",
        "1/2"
      ],
      "exit": 2
    },
    {
      "actual": {
        "error": "RATIONAL_SYNTAX_OR_BITS",
        "status": "INVALID_INPUT"
      },
      "arguments": [
        "+1",
        "1/2"
      ],
      "exit": 2
    },
    {
      "actual": {
        "error": "RATIONAL_SYNTAX_OR_BITS",
        "status": "INVALID_INPUT"
      },
      "arguments": [
        " 1",
        "1/2"
      ],
      "exit": 2
    },
    {
      "actual": {
        "error": "RATIONAL_SYNTAX_OR_BITS",
        "status": "INVALID_INPUT"
      },
      "arguments": [
        "1 ",
        "1/2"
      ],
      "exit": 2
    },
    {
      "actual": {
        "error": "RATIONAL_SYNTAX_OR_BITS",
        "status": "INVALID_INPUT"
      },
      "arguments": [
        "1.0",
        "1/2"
      ],
      "exit": 2
    },
    {
      "actual": {
        "error": "RATIONAL_SYNTAX_OR_BITS",
        "status": "INVALID_INPUT"
      },
      "arguments": [
        "1e-1000000000",
        "1/2"
      ],
      "exit": 2
    },
    {
      "actual": {
        "error": "RATIONAL_SYNTAX_OR_BITS",
        "status": "INVALID_INPUT"
      },
      "arguments": [
        "1/2/3",
        "1/2"
      ],
      "exit": 2
    },
    {
      "actual": {
        "error": "RATIONAL_SYNTAX_OR_BITS",
        "status": "INVALID_INPUT"
      },
      "arguments": [
        "",
        "1/2"
      ],
      "exit": 2
    },
    {
      "actual": {
        "error": "RATIONAL_SYNTAX_OR_BITS",
        "status": "INVALID_INPUT"
      },
      "arguments": [
        "1\u00b2",
        "1/2"
      ],
      "exit": 2
    },
    {
      "actual": {
        "error": "RATIONAL_SYNTAX_OR_BITS",
        "status": "INVALID_INPUT"
      },
      "arguments": [
        "999999999999999999999999999999999999999999999999999999999999999999999999999999999999999999999999999999999999999999999999999999999999999999999999999999999999999",
        "1/2"
      ],
      "exit": 2
    },
    {
      "actual": {
        "error": "RATIONAL_SYNTAX_OR_BITS",
        "status": "INVALID_INPUT"
      },
      "arguments": [
        "115792089237316195423570985008687907853269984665640564039457584007913129639936",
        "1/2"
      ],
      "exit": 2
    },
    {
      "actual": {
        "error": "RATIONAL_SYNTAX_OR_BITS",
        "status": "INVALID_INPUT"
      },
      "arguments": [
        "1/115792089237316195423570985008687907853269984665640564039457584007913129639936",
        "1/2"
      ],
      "exit": 2
    },
    {
      "actual": {
        "error": "ARGUMENTS",
        "status": "INVALID_INPUT"
      },
      "arguments": [
        "1",
        "1/2",
        "--max-steps",
        "18446744073709551616"
      ],
      "exit": 2
    },
    {
      "actual": {
        "error": "ARGUMENTS",
        "status": "INVALID_INPUT"
      },
      "arguments": [
        "1",
        "1/2",
        "--max-steps",
        "-1"
      ],
      "exit": 2
    },
    {
      "actual": {
        "error": "ARGUMENTS",
        "status": "INVALID_INPUT"
      },
      "arguments": [
        "1",
        "1/2",
        "--max-steps",
        " 1"
      ],
      "exit": 2
    },
    {
      "actual": {
        "error": "ARGUMENTS",
        "status": "INVALID_INPUT"
      },
      "arguments": [
        "1",
        "1/2",
        "--weights",
        "--weights"
      ],
      "exit": 2
    },
    {
      "actual": {
        "error": "ARGUMENTS",
        "status": "INVALID_INPUT"
      },
      "arguments": [
        "1",
        "1/2",
        "--unknown"
      ],
      "exit": 2
    }
  ],
  "scope": "scalar count ABI/CLI only; no JC/source/statistical inference",
  "status": "PASS"
}
