/workspace/scratch/281dd7169401/methods-tools-audit-0002z/SyntheticCertificate.lean:7:35: error(lean.synthInstanceFailed): failed to synthesize instance of type class
  LE ℝ

Hint: Type class instance resolution failures can be inspected with the `set_option trace.Meta.synthInstance true` command.
/workspace/scratch/281dd7169401/methods-tools-audit-0002z/SyntheticCertificate.lean:7:54: error(lean.synthInstanceFailed): failed to synthesize instance of type class
  OfNat ℝ 2
numerals are polymorphic in Lean, but the numeral `2` cannot be used in a context where the expected type is
  ℝ
due to the absence of the instance above

Hint: Type class instance resolution failures can be inspected with the `set_option trace.Meta.synthInstance true` command.
/workspace/scratch/281dd7169401/methods-tools-audit-0002z/SyntheticCertificate.lean:8:5: error(lean.synthInstanceFailed): failed to synthesize instance of type class
  OfNat ℝ 141421356
numerals are polymorphic in Lean, but the numeral `141421356` cannot be used in a context where the expected type is
  ℝ
due to the absence of the instance above

Hint: Type class instance resolution failures can be inspected with the `set_option trace.Meta.synthInstance true` command.
/workspace/scratch/281dd7169401/methods-tools-audit-0002z/SyntheticCertificate.lean:8:4: error(lean.synthInstanceFailed): failed to synthesize instance of type class
  LT ℝ

Hint: Type class instance resolution failures can be inspected with the `set_option trace.Meta.synthInstance true` command.
/workspace/scratch/281dd7169401/methods-tools-audit-0002z/SyntheticCertificate.lean:8:41: error(lean.synthInstanceFailed): failed to synthesize instance of type class
  OfNat ℝ 141421357
numerals are polymorphic in Lean, but the numeral `141421357` cannot be used in a context where the expected type is
  ℝ
due to the absence of the instance above

Hint: Type class instance resolution failures can be inspected with the `set_option trace.Meta.synthInstance true` command.
/workspace/scratch/281dd7169401/methods-tools-audit-0002z/SyntheticCertificate.lean:8:36: error(lean.synthInstanceFailed): failed to synthesize instance of type class
  LT ℝ

Hint: Type class instance resolution failures can be inspected with the `set_option trace.Meta.synthInstance true` command.
/workspace/scratch/281dd7169401/methods-tools-audit-0002z/SyntheticCertificate.lean:7:35: error(lean.synthInstanceFailed): failed to synthesize instance of type class
  OfNat ℝ 0
numerals are polymorphic in Lean, but the numeral `0` cannot be used in a context where the expected type is
  ℝ
due to the absence of the instance above

Hint: Type class instance resolution failures can be inspected with the `set_option trace.Meta.synthInstance true` command.
/workspace/scratch/281dd7169401/methods-tools-audit-0002z/SyntheticCertificate.lean:7:48: error(lean.synthInstanceFailed): failed to synthesize instance of type class
  HPow ℝ ℕ ℝ

Hint: Type class instance resolution failures can be inspected with the `set_option trace.Meta.synthInstance true` command.
/workspace/scratch/281dd7169401/methods-tools-audit-0002z/SyntheticCertificate.lean:8:4: error(lean.synthInstanceFailed): failed to synthesize instance of type class
  HDiv ℝ ℕ ℝ

Hint: Type class instance resolution failures can be inspected with the `set_option trace.Meta.synthInstance true` command.
/workspace/scratch/281dd7169401/methods-tools-audit-0002z/SyntheticCertificate.lean:8:40: error(lean.synthInstanceFailed): failed to synthesize instance of type class
  HDiv ℝ ℕ ℝ

Hint: Type class instance resolution failures can be inspected with the `set_option trace.Meta.synthInstance true` command.
/workspace/scratch/281dd7169401/methods-tools-audit-0002z/SyntheticCertificate.lean:11:20: error(lean.synthInstanceFailed): failed to synthesize instance of type class
  OfNat ℝ 141421356
numerals are polymorphic in Lean, but the numeral `141421356` cannot be used in a context where the expected type is
  ℝ
due to the absence of the instance above

Hint: Type class instance resolution failures can be inspected with the `set_option trace.Meta.synthInstance true` command.
/workspace/scratch/281dd7169401/methods-tools-audit-0002z/SyntheticCertificate.lean:11:15: error(lean.synthInstanceFailed): failed to synthesize instance of type class
  LE ℝ

Hint: Type class instance resolution failures can be inspected with the `set_option trace.Meta.synthInstance true` command.
/workspace/scratch/281dd7169401/methods-tools-audit-0002z/SyntheticCertificate.lean:11:19: error(lean.synthInstanceFailed): failed to synthesize instance of type class
  HDiv ℝ ℕ ℝ

Hint: Type class instance resolution failures can be inspected with the `set_option trace.Meta.synthInstance true` command.
/workspace/scratch/281dd7169401/methods-tools-audit-0002z/SyntheticCertificate.lean:14:16: error(lean.synthInstanceFailed): failed to synthesize instance of type class
  OfNat ℝ 141421357
numerals are polymorphic in Lean, but the numeral `141421357` cannot be used in a context where the expected type is
  ℝ
due to the absence of the instance above

Hint: Type class instance resolution failures can be inspected with the `set_option trace.Meta.synthInstance true` command.
/workspace/scratch/281dd7169401/methods-tools-audit-0002z/SyntheticCertificate.lean:14:15: error(lean.synthInstanceFailed): failed to synthesize instance of type class
  LE ℝ

Hint: Type class instance resolution failures can be inspected with the `set_option trace.Meta.synthInstance true` command.
/workspace/scratch/281dd7169401/methods-tools-audit-0002z/SyntheticCertificate.lean:14:15: error(lean.synthInstanceFailed): failed to synthesize instance of type class
  HDiv ℝ ℕ ℝ

Hint: Type class instance resolution failures can be inspected with the `set_option trace.Meta.synthInstance true` command.
'SyntheticCertificate.expanded_cube' depends on axioms: [propext, Classical.choice, Quot.sound]
/workspace/scratch/281dd7169401/methods-tools-audit-0002z/SyntheticCertificate.lean:17:14: error(lean.unknownIdentifier): Unknown constant `root_bracket`
