G4PathResolvedMeasurement.lean:54:0: warning: automatically included section variable(s) unused in theorem `GProgram.G4.PathResolved.itineraryMass_pos`:
  [DecidableEq Site]
consider restructuring your `variable` declarations so that the variables are not in scope or explicitly omit them:
  omit [DecidableEq Site] in theorem ...

Note: This linter can be disabled with `set_option linter.unusedSectionVars false`
G4PathResolvedMeasurement.lean:71:0: warning: automatically included section variable(s) unused in theorem `GProgram.G4.PathResolved.original_source_joint_itinerary_likelihood`:
  [DecidableEq Site]
consider restructuring your `variable` declarations so that the variables are not in scope or explicitly omit them:
  omit [DecidableEq Site] in theorem ...

Note: This linter can be disabled with `set_option linter.unusedSectionVars false`
G4PathResolvedMeasurement.lean:107:0: warning: automatically included section variable(s) unused in theorem `GProgram.G4.PathResolved.totalNoMerger_pos`:
  [DecidableEq Site]
consider restructuring your `variable` declarations so that the variables are not in scope or explicitly omit them:
  omit [DecidableEq Site] in theorem ...

Note: This linter can be disabled with `set_option linter.unusedSectionVars false`
G4PathResolvedMeasurement.lean:111:0: warning: automatically included section variable(s) unused in theorem `GProgram.G4.PathResolved.totalNoMerger_lt_one`:
  [DecidableEq Site]
consider restructuring your `variable` declarations so that the variables are not in scope or explicitly omit them:
  omit [DecidableEq Site] in theorem ...

Note: This linter can be disabled with `set_option linter.unusedSectionVars false`
G4PathResolvedMeasurement.lean:199:0: warning: automatically included section variable(s) unused in theorem `GProgram.G4.PathResolved.complete_original_parent_readout_injective`:
  [Fintype Site]
  [DecidableEq Site]
  [DecidableEq E]
consider restructuring your `variable` declarations so that the variables are not in scope or explicitly omit them:
  omit [Fintype Site] [DecidableEq Site] [DecidableEq E] in theorem ...

Note: This linter can be disabled with `set_option linter.unusedSectionVars false`
G4PathResolvedMeasurement.lean:296:0: warning: automatically included section variable(s) unused in theorem `GProgram.G4.PathResolved.cycle_term_factor`:
  [DecidableEq Site]
consider restructuring your `variable` declarations so that the variables are not in scope or explicitly omit them:
  omit [DecidableEq Site] in theorem ...

Note: This linter can be disabled with `set_option linter.unusedSectionVars false`
G4PathResolvedMeasurement.lean:387:0: warning: automatically included section variable(s) unused in theorem `GProgram.G4.PathResolved.ordinaryScalar_pos`:
  [DecidableEq Site]
consider restructuring your `variable` declarations so that the variables are not in scope or explicitly omit them:
  omit [DecidableEq Site] in theorem ...

Note: This linter can be disabled with `set_option linter.unusedSectionVars false`
G4PathResolvedMeasurement.lean:391:0: warning: automatically included section variable(s) unused in theorem `GProgram.G4.PathResolved.totalNoMerger_factorization`:
  [DecidableEq Site]
consider restructuring your `variable` declarations so that the variables are not in scope or explicitly omit them:
  omit [DecidableEq Site] in theorem ...

Note: This linter can be disabled with `set_option linter.unusedSectionVars false`
G4PathResolvedMeasurement.lean:486:4: warning: Try this: 
  letI̵

The goal is a proposition, so `let` is preferred over `letI`.
The difference between `let` and `letI` is that `letI` inlines the value.
But this is not relevant for proofs because of proof irrelevance.

Note: This linter can be disabled with `set_option linter.style.haveILetI false`
G4PathResolvedMeasurement.lean:492:4: warning: Try this: 
  letI̵

The goal is a proposition, so `let` is preferred over `letI`.
The difference between `let` and `letI` is that `letI` inlines the value.
But this is not relevant for proofs because of proof irrelevance.

Note: This linter can be disabled with `set_option linter.style.haveILetI false`
'GProgram.G4.PathResolved.original_all_input_arm_clock_likelihood' depends on axioms: [propext,
 Classical.choice,
 Quot.sound]
'GProgram.G4.PathResolved.original_two_live_root_clock_branch' depends on axioms: [propext,
 Classical.choice,
 Quot.sound]
'GProgram.G4.PathResolved.joint_record_cons_recursion' depends on axioms: [propext, Classical.choice, Quot.sound]
'GProgram.G4.PathResolved.failure_cons_recursion' depends on axioms: [propext, Classical.choice, Quot.sound]
'GProgram.G4.PathResolved.path_resolved_ordinary_detection' depends on axioms: [propext, Classical.choice, Quot.sound]
'GProgram.G4.PathResolved.normalized_PMF_data_C4_reconstruction' depends on axioms: [propext,
 Classical.choice,
 Quot.sound]
'GProgram.G4.PathResolved.sourceC4_strict_of_genuine_bigon' depends on axioms: [propext, Classical.choice, Quot.sound]
'GProgram.G4.PathResolved.ordinary_no_bigon_scalar' depends on axioms: [propext, Classical.choice, Quot.sound]
'GProgram.G4.PathResolved.sourceC4_word_factorization' depends on axioms: [propext, Classical.choice, Quot.sound]
'GProgram.G4.PathResolved.positive_bigon_C4_strict' depends on axioms: [propext, Classical.choice, Quot.sound]
'GProgram.G4.PathResolved.sourcePairPMF_joint_record' depends on axioms: [propext, Classical.choice, Quot.sound]
'GProgram.G4.PathResolved.all_input_edge_clock_survival' depends on axioms: [propext, Classical.choice, Quot.sound]
'GProgram.G4.PathResolved.observed_mass_cons_recursion' depends on axioms: [propext, Classical.choice, Quot.sound]
'GProgram.G4.PathResolved.complete_original_parent_readout_injective' depends on axioms: [propext,
 Classical.choice,
 Quot.sound]
'GProgram.G4.PathResolved.original_source_joint_itinerary_likelihood' depends on axioms: [propext,
 Classical.choice,
 Quot.sound]
'GProgram.G4.PathResolved.complete_joint_no_merger_mass' depends on axioms: [propext, Classical.choice, Quot.sound]
'GProgram.G4.PathResolved.reconstructed_kernel_eq_original' depends on axioms: [propext, Classical.choice, Quot.sound]
'GProgram.G4.PathResolved.path_resolved_C4_reconstruction' depends on axioms: [propext, Classical.choice, Quot.sound]
