{
  "augmented_states": [
    {
      "birth_order": 0,
      "id": "r",
      "root_prefix": true,
      "stage_index": 2,
      "state": {
        "aux": {
          "A": [
            "1/16",
            "1/4"
          ],
          "L": [
            "1/16",
            "1/4"
          ],
          "T": [
            "3/32",
            "3/8"
          ]
        },
        "moments": {
          "AA1": [
            "2283/32768",
            "1"
          ],
          "AB1": [
            "2283/32768",
            "1"
          ],
          "AB2": [
            "2283/32768",
            "1"
          ],
          "AC1": [
            "2283/32768",
            "162954064902308044912543/302231454903657293676544"
          ],
          "AC2": [
            "2283/32768",
            "194095740418543351347397/604462909807314587353088"
          ],
          "BB1": [
            "2283/32768",
            "1"
          ],
          "BC1": [
            "2283/32768",
            "1"
          ],
          "BC2": [
            "2283/32768",
            "1"
          ],
          "CC1": [
            "2283/32768",
            "1"
          ]
        },
        "physical": {
          "g": [
            "1/6",
            "2/3"
          ],
          "h": [
            "1/32",
            "1/8"
          ],
          "rA": [
            "1/2",
            "6"
          ],
          "rAB": [
            "1/2",
            "6"
          ],
          "rB": [
            "1/2",
            "6"
          ],
          "rC": [
            "1/2",
            "6"
          ],
          "rR": [
            "1/2",
            "6"
          ],
          "u": [
            "1/32",
            "1/8"
          ],
          "v": [
            "1/32",
            "1/8"
          ]
        }
      },
      "status": "pending"
    }
  ],
  "details": {
    "authenticated_journal_bytes": 35578,
    "complete_numeric_replay": true,
    "cross_process_cache_reused": false,
    "exclusions": 0,
    "final_commit_sha256": "0b87d8adff9a20fd42e8060873e2317c826dc86627d1fbace0909f04957f1b59",
    "inflight_pre_state_retained": false,
    "journal_frames": 5,
    "resource_limited": false,
    "splits": 0,
    "stages_recomputed": 2,
    "stages_started": 2
  },
  "diagnostic_union_width_target_observed": false,
  "mode": "normal_validated",
  "model": "fixed-six-copy-clock-jc-nine-v1",
  "nonempty_cover": true,
  "parameter_accuracy_released": false,
  "physical_cover": [
    {
      "box": {
        "g": [
          "1/6",
          "2/3"
        ],
        "h": [
          "1/32",
          "1/8"
        ],
        "rA": [
          "1/2",
          "6"
        ],
        "rAB": [
          "1/2",
          "6"
        ],
        "rB": [
          "1/2",
          "6"
        ],
        "rC": [
          "1/2",
          "6"
        ],
        "rR": [
          "1/2",
          "6"
        ],
        "u": [
          "1/32",
          "1/8"
        ],
        "v": [
          "1/32",
          "1/8"
        ]
      },
      "id": "r"
    }
  ],
  "ranked_histories": null,
  "raw_feature_order": [
    "AC1",
    "AC2",
    "CC1",
    "BC1",
    "BC2",
    "AB1",
    "AB2",
    "AA1",
    "BB1"
  ],
  "recommended_history": null,
  "request_sha256": "dca6bd4ad4b9323f484e9bb3cd9e2e5d797db20d5039343379d33c1a35188115",
  "schema": "global-triangular-outer-cover-v1",
  "source_feasibility_certified": false,
  "statistical_coverage_verified": false,
  "status": "UNKNOWN_OUTER_COVER",
  "whole_union_width_target_met": false,
  "width_certificate_is_conditional_geometry_only": true,
  "widths": {
    "g": {
      "met": false,
      "normalized_ratio": "1",
      "original": "1/2",
      "pre_fixed": false,
      "tolerance": "1/40",
      "width": "1/2"
    },
    "h": {
      "met": false,
      "normalized_ratio": "1",
      "original": "3/32",
      "pre_fixed": false,
      "tolerance": "3/640",
      "width": "3/32"
    },
    "rA": {
      "met": false,
      "normalized_ratio": "1",
      "original": "11/2",
      "pre_fixed": false,
      "tolerance": "11/40",
      "width": "11/2"
    },
    "rAB": {
      "met": false,
      "normalized_ratio": "1",
      "original": "11/2",
      "pre_fixed": false,
      "tolerance": "11/40",
      "width": "11/2"
    },
    "rB": {
      "met": false,
      "normalized_ratio": "1",
      "original": "11/2",
      "pre_fixed": false,
      "tolerance": "11/40",
      "width": "11/2"
    },
    "rC": {
      "met": false,
      "normalized_ratio": "1",
      "original": "11/2",
      "pre_fixed": false,
      "tolerance": "11/40",
      "width": "11/2"
    },
    "rR": {
      "met": false,
      "normalized_ratio": "1",
      "original": "11/2",
      "pre_fixed": false,
      "tolerance": "11/40",
      "width": "11/2"
    },
    "u": {
      "met": false,
      "normalized_ratio": "1",
      "original": "3/32",
      "pre_fixed": false,
      "tolerance": "3/640",
      "width": "3/32"
    },
    "v": {
      "met": false,
      "normalized_ratio": "1",
      "original": "3/32",
      "pre_fixed": false,
      "tolerance": "3/640",
      "width": "3/32"
    }
  }
}
