/home/runner/work/_temp/g6-cloud-build/UnifiedLean/G6/BinHistory.lean:27:0: warning: automatically included section variable(s) unused in theorem `UnifiedLean.G6.BinHistory.map_coded_age_update`:
  [DecidableEq E]
  [Fintype Copy]
consider restructuring your `variable` declarations so that the variables are not in scope or explicitly omit them:
  omit [DecidableEq E] [Fintype Copy] in theorem ...

Note: This linter can be disabled with `set_option linter.unusedSectionVars false`
/home/runner/work/_temp/g6-cloud-build/UnifiedLean/G6/BinHistory.lean:43:0: warning: automatically included section variable(s) unused in theorem `UnifiedLean.G6.BinHistory.same_bin_update_comp`:
  [DecidableEq E]
  [Fintype Copy]
consider restructuring your `variable` declarations so that the variables are not in scope or explicitly omit them:
  omit [DecidableEq E] [Fintype Copy] in theorem ...

Note: This linter can be disabled with `set_option linter.unusedSectionVars false`
/home/runner/work/_temp/g6-cloud-build/UnifiedLean/G6/BinHistory.lean:55:0: warning: automatically included section variable(s) unused in theorem `UnifiedLean.G6.BinHistory.tag_update_self`:
  [DecidableEq E]
  [Fintype Copy]
consider restructuring your `variable` declarations so that the variables are not in scope or explicitly omit them:
  omit [DecidableEq E] [Fintype Copy] in theorem ...

Note: This linter can be disabled with `set_option linter.unusedSectionVars false`
'UnifiedLean.G6.BinHistory.map_coded_age_update' depends on axioms: [propext, Classical.choice, Quot.sound]
'UnifiedLean.G6.BinHistory.same_bin_update_comp' depends on axioms: [propext, Classical.choice, Quot.sound]
'UnifiedLean.G6.BinHistory.tag_update_self' depends on axioms: [propext, Classical.choice, Quot.sound]
'UnifiedLean.G6.BinHistory.actual_destination_relation_monotone' depends on axioms: [propext,
 Classical.choice,
 Quot.sound]
'UnifiedLean.G6.BinHistory.two_actual_mergers_same_bin' depends on axioms: [propext, Classical.choice, Quot.sound]
