Matched frozen source providers 160
G1OriginalEpochPanelSilence PASS 2.878s
G1OriginalEpochPanelCompression PASS 2.932s
G1OriginalNodeBatchBinding PASS 2.935s
G1OriginalExitBatchBinding PASS 2.960s
G1CanonicalThreeEpochList PASS 3.891s
G1CompactSourceComposition PASS 2.892s
G1OriginalComponentNodeIdentity PASS 2.817s
G1CanonicalEpochBlockBinding PASS 8.331s
G1CanonicalEpochSpecialization PASS 3.259s
G1CompactComponentBlockRows PASS 2.837s
G1CanonicalCompactComponentRow PASS 3.110s
G1CanonicalSingleExitSupport PASS 2.713s
G1CanonicalCompactCompletedReplacement PASS 2.826s
G1CanonicalCompactExteriorHistory PASS 3.026s
axioms PASS 127
dependencies PASS 127
combined-axioms PASS 3627
combined-dependencies PASS 3627
Actual transitive modules 5288 artifacts 25744
All frozen providers stable; no inherited source recompiled.
