ordinary-current-targets exit 0 seconds 27.536
exact-kernel-guard-reuse NanuqActualBridgeQuartetResolution
exact-kernel-guard-reuse NanuqActualQuartetPortBranching
exact-kernel-guard-reuse NanuqCutWalkLocality
exact-kernel-guard-reuse NanuqActualPortCutFibre
exact-kernel-guard-reuse NanuqActualQuartetCutLocality
exact-kernel-guard-reuse NanuqActualQuartetCutLocalization
exact-kernel-guard-reuse NanuqActualFourPortInvariance
exact-kernel-guard-reuse NanuqActualBlobInternalPaths
exact-kernel-guard-reuse NanuqActualSelectedBlobGraph
exact-kernel-guard-reuse NanuqActualBlobSwitchingRestriction
exact-kernel-guard-reuse NanuqActualPortLeafCap
exact-kernel-guard-reuse NanuqActualCappedBlobCutReadout
exact-kernel-guard-reuse NanuqActualCappedQuartetReadout
exact-kernel-guard-reuse NanuqEdgeOccurrenceReadoutEquiv
exact-kernel-guard-reuse NanuqActualLocalChoiceCapGraph
exact-kernel-guard-reuse NanuqActualLocalChoiceQuartetMean
exact-kernel-guard-reuse NanuqActualRootedCapBoundary
exact-kernel-guard-reuse NanuqActualRootedCapIncidence
exact-kernel-guard-reuse NanuqActualRootedCapDegrees
exact-kernel-guard-reuse NanuqActualRootedCapPaths
exact-kernel-guard-reuse NanuqActualRootedCapAdmission
exact-kernel-guard-reuse NanuqActualPortCardinality
exact-kernel-guard-reuse NanuqActualRootedCapSwitching
exact-kernel-guard-reuse NanuqActualRootedCapReadout
exact-kernel-guard-reuse NanuqActualPortPairQuartet
exact-kernel-guard-reuse NanuqActualAnchorPatterns
exact-kernel-guard-reuse NanuqActualDistinctAnchor
exact-kernel-guard-reuse NanuqActualFullAnchor
exact-kernel-guard-reuse NanuqActualWeightedAnchorComposition
exact-kernel-guard-reuse NanuqActualQuartetWitnessSymmetry
exact-kernel-guard-reuse NanuqActualNanuqAnchorBridge
exact-kernel-guard-reuse NanuqActualGalledHybridBoundary
exact-kernel-guard-reuse NanuqLeafEdgeWalkErase
exact-kernel-guard-reuse NanuqActualGalledChildBridge
exact-kernel-guard-reuse NanuqActualCappedHybridTips
exact-kernel-guard-reuse NanuqActualRootSkeleton
exact-kernel-guard-reuse NanuqActualOpenedHybridTree
exact-kernel-guard-reuse NanuqActualOpenedIncidence
exact-kernel-guard-reuse NanuqActualHybridChildTaxa
exact-kernel-guard-reuse NanuqActualOpenedTipMultiplicity
exact-kernel-guard-reuse NanuqActualOpenedBinaryDegrees
exact-kernel-guard-reuse NanuqActualOpenedRootedAdmission
exact-kernel-guard-reuse NanuqActualOpenedSelection
exact-kernel-guard-reuse NanuqActualOpenedCutProjection
exact-kernel-guard-reuse NanuqActualOpenedQuartetReadout
exact-kernel-guard-reuse NanuqActualIndependentParentChoices
exact-kernel-guard-reuse NanuqActualOpenedChoiceFamily
guard-NanuqActualCurveOpening exit 0 seconds 3.954
guard-NanuqOriginalPlanarCurvesInterface exit 0 seconds 3.216
guard-NanuqActualOriginalCurveAdapter exit 0 seconds 2.726
guard-NanuqActualCurveCycle exit 0 seconds 5.032
guard-NanuqActualCurveWalk exit 0 seconds 14.517
guard-NanuqActualSourceCycleCurve exit 0 seconds 2.601
audit-Owned exit 0 seconds 3.443
Owned 833 603
audit-Closure exit 0 seconds 3.644
Closure 1422 1007
audit-GuardedOwned exit 0 seconds 3.873
GuardedOwned 833 603
audit-GuardedClosure exit 0 seconds 3.871
GuardedClosure 1422 1007
default-current-after-guards exit 0 seconds 1.628
FIFTYTHREE_CERTIFICATION_TERMINAL_PASS
