G3FiniteMomentBarrier.lean:74:18: warning: Variable name `hQ` is not explicitly referenced.

Hint: The binding can be removed (if unused) or named `_` (if used implicitly). Alternatively, prefix the name with `_` to silence this warning:
  [apply] _hQ

Note: This linter can be disabled with `set_option linter.unusedVariables false`
G3FiniteMomentBarrier.lean:74:44: warning: Variable name `hU` is not explicitly referenced.

Hint: The binding can be removed (if unused) or named `_` (if used implicitly). Alternatively, prefix the name with `_` to silence this warning:
  [apply] _hU

Note: This linter can be disabled with `set_option linter.unusedVariables false`
G3FiniteMomentBarrier.lean:75:18: warning: Variable name `hB0` is not explicitly referenced.

Hint: The binding can be removed (if unused) or named `_` (if used implicitly). Alternatively, prefix the name with `_` to silence this warning:
  [apply] _hB0

Note: This linter can be disabled with `set_option linter.unusedVariables false`
G3FiniteMomentBarrier.lean:76:5: warning: Variable name `hg` is not explicitly referenced.

Hint: The binding can be removed (if unused) or named `_` (if used implicitly). Alternatively, prefix the name with `_` to silence this warning:
  [apply] _hg

Note: This linter can be disabled with `set_option linter.unusedVariables false`
G3FiniteMomentBarrier.lean:76:18: warning: Variable name `hK` is not explicitly referenced.

Hint: The binding can be removed (if unused) or named `_` (if used implicitly). Alternatively, prefix the name with `_` to silence this warning:
  [apply] _hK

Note: This linter can be disabled with `set_option linter.unusedVariables false`
G3FiniteMomentBarrier.lean:76:31: warning: Variable name `hC` is not explicitly referenced.

Hint: The binding can be removed (if unused) or named `_` (if used implicitly). Alternatively, prefix the name with `_` to silence this warning:
  [apply] _hC

Note: This linter can be disabled with `set_option linter.unusedVariables false`
'GProgram.G3.MomentBarrier.coupled_barrier_minimal' depends on axioms: [propext, Classical.choice, Quot.sound]
'GProgram.G3.MomentBarrier.exact_double_sum' depends on axioms: [propext, Classical.choice, Quot.sound]
'GProgram.G3.MomentBarrier.finite_moment_inequality' depends on axioms: [propext, Classical.choice, Quot.sound]
'GProgram.G3.MomentBarrier.coupled_barrier' depends on axioms: [propext, Classical.choice, Quot.sound]
