G4IndependentRoutingBridge.lean:83:49: warning: This simp argument is unused:
  Fintype.sum_bool

Hint: Omit it from the simp argument list.
  [apply] simp [routingWeight_cons, ← Finset.mul_sum, ih, bitWeight]

Note: This linter can be disabled with `set_option linter.unusedSimpArgs false`
G4IndependentRoutingBridge.lean:157:4: warning: try 'simp' instead of 'simpa'

Note: This linter can be disabled with `set_option linter.unnecessarySimpa false`
G4IndependentRoutingBridge.lean:163:71: warning: This simp argument is unused:
  hc

Hint: Omit it from the simp argument list.
  [apply] simp [GProgram.G2.OriginalHybridParents.parent, H.different, H.different.symm]

Note: This linter can be disabled with `set_option linter.unusedSimpArgs false`
G4IndependentRoutingBridge.lean:164:4: warning: This simp argument is unused:
  H.different

Hint: Omit it from the simp argument list.
  [apply] simp [GProgram.G2.OriginalHybridParents.parent, hc, H.different.symm]

Note: This linter can be disabled with `set_option linter.unusedSimpArgs false`
G4IndependentRoutingBridge.lean:172:4: warning: try 'simp' instead of 'simpa'

Note: This linter can be disabled with `set_option linter.unnecessarySimpa false`
G4IndependentRoutingBridge.lean:178:71: warning: This simp argument is unused:
  hc

Hint: Omit it from the simp argument list.
  [apply] simp [GProgram.G2.OriginalHybridParents.parent, H.different, H.different.symm]

Note: This linter can be disabled with `set_option linter.unusedSimpArgs false`
G4IndependentRoutingBridge.lean:179:16: warning: This simp argument is unused:
  H.different.symm

Hint: Omit it from the simp argument list.
  [apply] simp [GProgram.G2.OriginalHybridParents.parent, hc, H.different]

Note: This linter can be disabled with `set_option linter.unusedSimpArgs false`
'GProgram.G4.IndependentRouting.exponential_model_original_coordinates' depends on axioms: [propext,
 Classical.choice,
 Quot.sound]
'GProgram.G4.IndependentRouting.original_source_coordinates' depends on axioms: [propext, Classical.choice, Quot.sound]
'GProgram.G4.IndependentRouting.exponential_four_root_arm_law' depends on axioms: [propext,
 Classical.choice,
 Quot.sound]
'GProgram.G4.IndependentRouting.actual_parent0_count' depends on axioms: [propext, Classical.choice, Quot.sound]
'GProgram.G4.IndependentRouting.generic_two' depends on axioms: [propext, Classical.choice, Quot.sound]
'GProgram.G4.IndependentRouting.generic_three' depends on axioms: [propext, Classical.choice, Quot.sound]
'GProgram.G4.IndependentRouting.generic_four' depends on axioms: [propext, Classical.choice, Quot.sound]
'GProgram.G4.IndependentRouting.routingWeight_normalized' depends on axioms: [propext, Classical.choice, Quot.sound]
