KingmanFiniteChernoff.lean:44:58: warning: Used `tac1 <;> tac2` where `(tac1; tac2)` would suffice

Note: This linter can be disabled with `set_option linter.unnecessarySeqFocus false`
KingmanFiniteChernoff.lean:56:2: warning: Try this: 
  letI̵

The goal is a proposition, so `let` is preferred over `letI`.
The difference between `let` and `letI` is that `letI` inlines the value.
But this is not relevant for proofs because of proof irrelevance.

Note: This linter can be disabled with `set_option linter.style.haveILetI false`
KingmanFiniteChernoff.lean:67:2: warning: Try this: 
  letI̵

The goal is a proposition, so `let` is preferred over `letI`.
The difference between `let` and `letI` is that `letI` inlines the value.
But this is not relevant for proofs because of proof irrelevance.

Note: This linter can be disabled with `set_option linter.style.haveILetI false`
KingmanFiniteChernoff.lean:108:24: warning: Used `tac1 <;> tac2` where `(tac1; tac2)` would suffice

Note: This linter can be disabled with `set_option linter.unnecessarySeqFocus false`
KingmanFiniteChernoff.lean:123:15: warning: `Set.mem_setOf_eq` has been deprecated: Use `Set.mem_ofPred_eq` instead
'GProgram.Kingman.FiniteChernoff.finite_mgf_exact' depends on axioms: [propext, Classical.choice, Quot.sound]
'GProgram.Kingman.FiniteChernoff.product_bound' depends on axioms: [propext, Classical.choice, Quot.sound]
'GProgram.Kingman.FiniteChernoff.uniform_chernoff_tail' depends on axioms: [propext, Classical.choice, Quot.sound]
