'GProgram.Kingman.ClockMoments.exponential_positivePart_integral' depends on axioms: [propext,
 Classical.choice,
 Quot.sound]
'GProgram.Kingman.ClockMoments.exponential_first_moment' depends on axioms: [propext, Classical.choice, Quot.sound]
'GProgram.Kingman.ClockMoments.exponential_transform' depends on axioms: [propext, Classical.choice, Quot.sound]
'GProgram.G1.pairSurvival_eq_exp' depends on axioms: [propext, Classical.choice, Quot.sound]
'GProgram.G1.pairSurvival_log_two' depends on axioms: [propext, Classical.choice, Quot.sound]
'GProgram.G1.pairSurvival_log_four' depends on axioms: [propext, Classical.choice, Quot.sound]
'GProgram.G1.shared_register_exact_counterexample' depends on axioms: [propext, Classical.choice, Quot.sound]
'GProgram.G1.retained_register_joint_normalized' depends on axioms: [propext, Classical.choice, Quot.sound]
'GProgram.G1.retained_register_joint_nonnegative' depends on axioms: [propext, Classical.choice, Quot.sound]
'GProgram.G1.resampling_changes_exposed_context' depends on axioms: [propext, Classical.choice, Quot.sound]
'GProgram.G1.exposed_event_preserved_iff_equal_conditionals' depends on axioms: [propext, Classical.choice, Quot.sound]
'GProgram.G2.coalesced_copies_cannot_split' depends on axioms: [propext, Classical.choice, Quot.sound]
'GProgram.G2.routed_parent_eq_iff_live_coin_eq' depends on axioms: [propext, Classical.choice, Quot.sound]
'GProgram.G2.opposite_copy_bits_are_not_a_live_pulse' does not depend on any axioms
'GProgram.G2.wrong_pulse_split_mass' depends on axioms: [propext, Classical.choice, Quot.sound]
'GProgram.G2.fair_copy_pulse_splits_merged_ancestor' depends on axioms: [propext, Classical.choice, Quot.sound]
'GProgram.G3.AllResidue.normal_sum' depends on axioms: [propext, Classical.choice, Quot.sound]
'GProgram.G3.AllResidue.normal_drift' depends on axioms: [propext, Classical.choice, Quot.sound]
'GProgram.G3.AllResidue.normal_residue_value' depends on axioms: [propext, Classical.choice, Quot.sound]
'GProgram.G3.AllResidue.normal_residue_derivative' depends on axioms: [propext, Classical.choice, Quot.sound]
'GProgram.G3.AllResidue.normal_square_value' depends on axioms: [propext, Classical.choice, Quot.sound]
'GProgram.G3.AllResidue.normal_square_derivative' depends on axioms: [propext, Classical.choice, Quot.sound]
'GProgram.G3.AllResidue.normal_mass_pos' depends on axioms: [propext, Classical.choice, Quot.sound]
'GProgram.G3.AllResidue.normal_mass_ne_zero' depends on axioms: [propext, Classical.choice, Quot.sound]
'GProgram.G3.AllResidue.quadratic_factor_pos' depends on axioms: [propext, Classical.choice, Quot.sound]
'GProgram.G3.AllResidue.exceptionalJ_exact' depends on axioms: [propext, Classical.choice, Quot.sound]
'GProgram.G3.AllResidue.exceptional_remainder_nonneg' depends on axioms: [propext, Classical.choice, Quot.sound]
'GProgram.G3.AllResidue.exceptionalJ_pos' depends on axioms: [propext, Classical.choice, Quot.sound]
'GProgram.G3.AllResidue.critical_gcd_product_pos' depends on axioms: [propext, Classical.choice, Quot.sound]
'GProgram.G3.AllResidue.source_denominator_pos' depends on axioms: [propext, Classical.choice, Quot.sound]
'GProgram.G3.AllResidue.clear_p_response' depends on axioms: [propext, Classical.choice, Quot.sound]
'GProgram.G3.AllResidue.clear_q_response' depends on axioms: [propext, Classical.choice, Quot.sound]
'GProgram.G3.AllResidue.p_response_zero_iff' depends on axioms: [propext, Classical.choice, Quot.sound]
'GProgram.G3.AllResidue.q_response_zero_iff' depends on axioms: [propext, Classical.choice, Quot.sound]
'GProgram.G3.AllResidue.bernoulli_factor_pos' depends on axioms: [propext, Classical.choice, Quot.sound]
'GProgram.G3.AllResidue.bernoulli_factor_lt_one' depends on axioms: [propext, Classical.choice, Quot.sound]
'GProgram.G3.AllResidue.hasDerivAt_bernoulliFactor_p' depends on axioms: [propext, Classical.choice, Quot.sound]
'GProgram.G3.AllResidue.hasDerivAt_bernoulliFactor_q' depends on axioms: [propext, Classical.choice, Quot.sound]
'GProgram.G3.AllResidue.hasDerivAt_bernoulliLog_p' depends on axioms: [propext, Classical.choice, Quot.sound]
'GProgram.G3.AllResidue.hasDerivAt_bernoulliLog_q' depends on axioms: [propext, Classical.choice, Quot.sound]
'GProgram.G3.CapSix.LU_eq_J0' depends on axioms: [propext, Classical.choice, Quot.sound]
'GProgram.G3.CapSix.det_L' depends on axioms: [propext, Classical.choice, Quot.sound]
'GProgram.G3.CapSix.det_U' depends on axioms: [propext, Classical.choice, Quot.sound]
'GProgram.G3.CapSix.exact_determinant' depends on axioms: [propext, Classical.choice, Quot.sound]
'GProgram.G3.CapSix.J0_nonsingular' depends on axioms: [propext, Classical.choice, Quot.sound]
'GProgram.G3.CapSix.scaled_J_nonsingular' depends on axioms: [propext, Classical.choice, Quot.sound]
'GProgram.G3.MomentBarrier.coupled_barrier_minimal' depends on axioms: [propext, Classical.choice, Quot.sound]
'GProgram.G3.MomentBarrier.exact_double_sum' depends on axioms: [propext, Classical.choice, Quot.sound]
'GProgram.G3.MomentBarrier.finite_moment_inequality' depends on axioms: [propext, Classical.choice, Quot.sound]
'GProgram.G3.MomentBarrier.coupled_barrier' depends on axioms: [propext, Classical.choice, Quot.sound]
'GProgram.G4.BinomialCompression.original_all_root_binomial_sum' depends on axioms: [propext,
 Classical.choice,
 Quot.sound]
'GProgram.G4.BinomialCompression.original_all_root_exponential_coefficients' depends on axioms: [propext,
 Classical.choice,
 Quot.sound]
'GProgram.G4.BinomialCompression.rootSetEquiv' depends on axioms: [propext, Classical.choice, Quot.sound]
'GProgram.G4.BinomialCompression.all_root_binomial_sum' depends on axioms: [propext, Classical.choice, Quot.sound]
'GProgram.G4.PairClocks.private_arms_no_first_merge' depends on axioms: [propext, Classical.choice, Quot.sound]
'GProgram.G4.PairClocks.livePair_card' depends on axioms: [propext, Classical.choice, Quot.sound]
'GProgram.G4.PairClocks.all_root_no_first_merge' depends on axioms: [propext, Classical.choice, Quot.sound]
'GProgram.G4.PairClocks.product_clock_eq_holding_model' depends on axioms: [propext, Classical.choice, Quot.sound]
'GProgram.G4.balanced_residual_identity' depends on axioms: [propext, Classical.choice, Quot.sound]
'GProgram.G4.balanced_coordinate_separates_cap4' depends on axioms: [propext, Classical.choice, Quot.sound]
'GProgram.G4.ordinary_balanced_positive' depends on axioms: [propext, Classical.choice, Quot.sound]
'GProgram.G4.FourRoot.exact_defect_factorization' depends on axioms: [propext, Classical.choice, Quot.sound]
'GProgram.G4.FourRoot.zero_delta_forces_negative_defect3' depends on axioms: [propext, Classical.choice, Quot.sound]
'GProgram.G4.FourRoot.no_common_moment_signature' depends on axioms: [propext, Classical.choice, Quot.sound]
'GProgram.G4.FourRoot.rational_cap3_scalar_witness' depends on axioms: [propext, Classical.choice, Quot.sound]
'GProgram.G4.IndependentRouting.exponential_model_original_coordinates' depends on axioms: [propext,
 Classical.choice,
 Quot.sound]
'GProgram.G4.IndependentRouting.original_source_coordinates' depends on axioms: [propext, Classical.choice, Quot.sound]
'GProgram.G4.IndependentRouting.exponential_four_root_arm_law' depends on axioms: [propext,
 Classical.choice,
 Quot.sound]
'GProgram.G4.IndependentRouting.actual_parent0_count' depends on axioms: [propext, Classical.choice, Quot.sound]
'GProgram.G4.IndependentRouting.generic_two' depends on axioms: [propext, Classical.choice, Quot.sound]
'GProgram.G4.IndependentRouting.generic_three' depends on axioms: [propext, Classical.choice, Quot.sound]
'GProgram.G4.IndependentRouting.generic_four' depends on axioms: [propext, Classical.choice, Quot.sound]
'GProgram.G4.IndependentRouting.routingWeight_normalized' depends on axioms: [propext, Classical.choice, Quot.sound]
'GProgram.G4.Hankel.choose_two_add' depends on axioms: [propext, Quot.sound]
'GProgram.G4.Hankel.shiftedHankel_factorization' depends on axioms: [propext, Classical.choice, Quot.sound]
'GProgram.G4.Hankel.shiftedHankel_det_ne_zero' depends on axioms: [propext, Classical.choice, Quot.sound]
'GProgram.G4.Hankel.finite_window_coefficients_zero' depends on axioms: [propext, Classical.choice, Quot.sound]
'GProgram.G4.Hankel.eventual_recurrence_coefficients_zero' depends on axioms: [propext, Classical.choice, Quot.sound]
'GProgram.G4.Hankel.pairClockSurvival_eq' depends on axioms: [propext, Classical.choice, Quot.sound]
'GProgram.G4.Hankel.source_clock_eventual_recurrence_coefficients_zero' depends on axioms: [propext,
 Classical.choice,
 Quot.sound]
'G4TwoRootSourceStopping.bareSurvival_eq' depends on axioms: [propext, Classical.choice, Quot.sound]
'G4TwoRootSourceStopping.rootedACladeResponse_injective' depends on axioms: [propext, Classical.choice, Quot.sound]
'G4TwoRootSourceStopping.observable_finite_length_certificate' depends on axioms: [propext,
 Classical.choice,
 Quot.sound]
'GProgram.G5.BoundedSupport.bounded_unary_obstruction' depends on axioms: [propext, Classical.choice, Quot.sound]
'GProgram.G5.BoundedSupport.exact_block_small_obstruction' depends on axioms: [propext, Classical.choice, Quot.sound]
'GProgram.G5.BoundedSupport.exact_block_iff_local' depends on axioms: [propext, Classical.choice, Quot.sound]
'GProgram.G5.bridge_target_component_iff_descendant' depends on axioms: [propext, Classical.choice, Quot.sound]
'GProgram.G5.unique_child_edge' depends on axioms: [propext, Classical.choice, Quot.sound]
'GProgram.G5.descendant_via_unique_child' depends on axioms: [propext, Classical.choice, Quot.sound]
'GProgram.G5.hybrid_descendant_component' depends on axioms: [propext, Classical.choice, Quot.sound]
'GProgram.G5.ComponentEntries.bridge_targets_sameBlob_iff_eq' depends on axioms: [propext, Classical.choice, Quot.sound]
'GProgram.G5.ComponentEntries.bridge_target_not_root_component' does not depend on any axioms
'GProgram.G5.ComponentEntries.nonroot_component_has_incoming_bridge' depends on axioms: [propext,
 Classical.choice,
 Quot.sound]
'GProgram.G5.ComponentEntries.nonroot_component_unique_entry' depends on axioms: [propext, Classical.choice, Quot.sound]
'GProgram.G5.bridge_mem_every_descendant_route' depends on axioms: [propext, Classical.choice, Quot.sound]
'GProgram.G5.original_tip_route_exists' depends on axioms: [propext, Classical.choice, Quot.sound]
'GProgram.G5.EdgePath.active_unique' depends on axioms: [propext, Classical.choice, Quot.sound]
'GProgram.G5.protective_edge_active_on_every_route' depends on axioms: [propext, Classical.choice, Quot.sound]
'GProgram.G5.protective_edge_absent_on_outside_route' depends on axioms: [propext, Classical.choice, Quot.sound]
'GProgram.G5.protective_interval_nonempty' depends on axioms: [propext, Classical.choice, Quot.sound]
'GProgram.G5.younger_side_open_interval_has_no_first' depends on axioms: [propext, Classical.choice, Quot.sound]
'GProgram.G5.QuartetKernel.selectorWitness_iff_blockWitness' depends on axioms: [propext, Classical.choice, Quot.sound]
'GProgram.G5.QuartetKernel.pairCount_four_iff' depends on axioms: [propext, Classical.choice, Quot.sound]
'GProgram.G5.QuartetKernel.pairCount_one_split' depends on axioms: [propext, Classical.choice, Quot.sound]
'GProgram.G5.CutChildTest.source' depends on axioms: [propext, Classical.choice, Quot.sound]
'GProgram.G5.CutChildTest.tips_contemporary' depends on axioms: [propext, Classical.choice, Quot.sound]
'GProgram.G5.CutChildTest.actual_weaker_source_counterexample' depends on axioms: [propext,
 Classical.choice,
 Quot.sound]
'GProgram.G5.CutChildTest.actual_protective_route_failure' depends on axioms: [propext, Classical.choice, Quot.sound]
'GProgram.G5.ExponentialGerm.coefficient_zero_of_grid' depends on axioms: [propext, Classical.choice, Quot.sound]
'GProgram.G5.ExponentialGerm.coefficients_eq_of_right_germ' depends on axioms: [propext, Classical.choice, Quot.sound]
'GProgram.G5.ExponentialGerm.constant_coefficient_eq_of_right_germ' depends on axioms: [propext,
 Classical.choice,
 Quot.sound]
'GProgram.G5.QuartetKernel.meetingChoices_card' depends on axioms: [propext, Classical.choice, Quot.sound]
'GProgram.G5.QuartetKernel.fairMeetingMass_eq_count' depends on axioms: [propext, Classical.choice, Quot.sound]
'GProgram.G5.Minimal.root_source_side_of_rooted_acyclic' does not depend on any axioms
'GProgram.G5.Minimal.bridge_component_iff_descendant' depends on axioms: [propext, Classical.choice, Quot.sound]
'GProgram.G5.NonbridgeRoutes.UpPath.unique_from_kept_source' does not depend on any axioms
'GProgram.G5.NonbridgeRoutes.UpPath.unique_of_same_first' does not depend on any axioms
'GProgram.G5.NonbridgeRoutes.cut_child_nonbridge_incoming_unique' depends on axioms: [propext,
 Classical.choice,
 Quot.sound]
'GProgram.G5.NonbridgeRoutes.original_nonbridge_route_unique_of_first' depends on axioms: [propext,
 Classical.choice,
 Quot.sound]
'GProgram.G5.NonbridgeRoutes.finite_nonbridge_route_family_card_le_indegree' depends on axioms: [propext,
 Classical.choice,
 Quot.sound]
'GProgram.G5.NonbridgeRoutes.hybrid_nonbridge_route_family_card_le_two' depends on axioms: [propext,
 Classical.choice,
 Quot.sound]
'GProgram.G5.NonbridgeRoutes.ordinary_nonbridge_route_family_card_le_one' depends on axioms: [propext,
 Classical.choice,
 Quot.sound]
'GProgram.G5.QuartetKernel.pairCount_zero_iff' depends on axioms: [propext]
'GProgram.G5.QuartetKernel.pairCount_two_iff' depends on axioms: [propext, Classical.choice, Quot.sound]
'GProgram.G5.QuartetKernel.pairCount_one_iff' depends on axioms: [propext, Classical.choice, Quot.sound]
'GProgram.G5.routeFamily_exists' depends on axioms: [propext, Classical.choice, Quot.sound]
'GProgram.G5.protective_population_block_eq' depends on axioms: [propext, Classical.choice, Quot.sound]
'GProgram.G5.QuartetKernel.threeGroup_absence_iff' depends on axioms: [propext, Quot.sound]
'GProgram.G5.ExponentialGerm.finite_coefficients_zero_of_right_germ' depends on axioms: [propext,
 Classical.choice,
 Quot.sound]
'GProgram.G5.ExponentialGerm.finite_coefficients_eq_of_right_germ' depends on axioms: [propext,
 Classical.choice,
 Quot.sound]
'GProgram.G5.ExponentialGerm.finite_constant_mass_eq_of_right_germ' depends on axioms: [propext,
 Classical.choice,
 Quot.sound]
'GProgram.G6.BridgeEntry.bridge_targets_injective' depends on axioms: [propext, Classical.choice, Quot.sound]
'GProgram.G6.BridgeEntry.bridge_incoming_unique' depends on axioms: [propext, Classical.choice, Quot.sound]
'GProgram.G6.BridgeEntry.bridge_target_indegree_one' depends on axioms: [propext, Classical.choice, Quot.sound]
'GProgram.G6.BridgeEntry.two_incoming_occurrences_not_bridge' depends on axioms: [propext, Classical.choice, Quot.sound]
'GProgram.G6.BridgeEntry.original_bridge_target_not_hybrid' depends on axioms: [propext, Classical.choice, Quot.sound]
'GProgram.G6.BridgeEntry.original_hybrid_parents_nonbridge' depends on axioms: [propext, Classical.choice, Quot.sound]
'GProgram.G7.sum_inDegree' depends on axioms: [propext, Classical.choice, Quot.sound]
'GProgram.G7.sum_outDegree' depends on axioms: [propext, Classical.choice, Quot.sound]
'GProgram.G7.original_census' depends on axioms: [propext, Classical.choice, Quot.sound]
'GProgram.Kingman.FiniteChernoff.finite_mgf_exact' depends on axioms: [propext, Classical.choice, Quot.sound]
'GProgram.Kingman.FiniteChernoff.product_bound' depends on axioms: [propext, Classical.choice, Quot.sound]
'GProgram.Kingman.FiniteChernoff.uniform_chernoff_tail' depends on axioms: [propext, Classical.choice, Quot.sound]
'GProgram.Kingman.FiniteClockTail.uniform_markov_tail' depends on axioms: [propext, Classical.choice, Quot.sound]
'GProgram.Kingman.FiniteClockTail.reciprocalSum_exact' depends on axioms: [propext, Classical.choice, Quot.sound]
'GProgram.Kingman.FiniteClockTail.finite_clock_mean' depends on axioms: [propext, Classical.choice, Quot.sound]
'RepresentationPilot.recoding_preserves_collision' does not depend on any axioms
'RepresentationPilot.target_fiber_constancy_iff_of_decoder' does not depend on any axioms
'RepresentationPilot.incidence_injective' depends on axioms: [propext, Classical.choice, Quot.sound]
'RepresentationPilot.joint_incidence_injective' depends on axioms: [propext, Classical.choice, Quot.sound]
'RepresentationPilot.full_haar_leftInverse' depends on axioms: [propext, Classical.choice, Quot.sound]
'RepresentationPilot.full_haar_injective' depends on axioms: [propext, Classical.choice, Quot.sound]
'RepresentationPilot.dropping_detail_collides' depends on axioms: [propext, Classical.choice, Quot.sound]
