G1BinaryCoreBudgets.lean:14:0: warning: automatically included section variable(s) unused in theorem `G1BinaryCoreBudgets.actual_leaf_vertex_count`:
  [DecidableEq E]
consider restructuring your `variable` declarations so that the variables are not in scope or explicitly omit them:
  omit [DecidableEq E] in theorem ...

Note: This linter can be disabled with `set_option linter.unusedSectionVars false`
G1BinaryCoreBudgets.lean:18:0: warning: automatically included section variable(s) unused in theorem `G1BinaryCoreBudgets.mem_leafVertices`:
  [DecidableEq E]
consider restructuring your `variable` declarations so that the variables are not in scope or explicitly omit them:
  omit [DecidableEq E] in theorem ...

Note: This linter can be disabled with `set_option linter.unusedSectionVars false`
G1BinaryCoreBudgets.lean:21:0: warning: automatically included section variable(s) unused in theorem `G1BinaryCoreBudgets.actual_in_degree_pointwise`:
  [DecidableEq E]
consider restructuring your `variable` declarations so that the variables are not in scope or explicitly omit them:
  omit [DecidableEq E] in theorem ...

Note: This linter can be disabled with `set_option linter.unusedSectionVars false`
G1BinaryCoreBudgets.lean:54:0: warning: automatically included section variable(s) unused in theorem `G1BinaryCoreBudgets.actual_total_indegree`:
  [DecidableEq E]
consider restructuring your `variable` declarations so that the variables are not in scope or explicitly omit them:
  omit [DecidableEq E] in theorem ...

Note: This linter can be disabled with `set_option linter.unusedSectionVars false`
G1BinaryCoreBudgets.lean:60:0: warning: automatically included section variable(s) unused in theorem `G1BinaryCoreBudgets.actual_total_outdegree`:
  [DecidableEq E]
consider restructuring your `variable` declarations so that the variables are not in scope or explicitly omit them:
  omit [DecidableEq E] in theorem ...

Note: This linter can be disabled with `set_option linter.unusedSectionVars false`
