/home/runner/work/_temp/g6-cloud-build/ActualCalendarCutContext.lean:146:2: warning: Try this: 
  letI̵

The goal is a proposition, so `let` is preferred over `letI`.
The difference between `let` and `letI` is that `letI` inlines the value.
But this is not relevant for proofs because of proof irrelevance.

Note: This linter can be disabled with `set_option linter.style.haveILetI false`
/home/runner/work/_temp/g6-cloud-build/ActualCalendarCutContext.lean:147:2: warning: Try this: 
  letI̵

The goal is a proposition, so `let` is preferred over `letI`.
The difference between `let` and `letI` is that `letI` inlines the value.
But this is not relevant for proofs because of proof irrelevance.

Note: This linter can be disabled with `set_option linter.style.haveILetI false`
/home/runner/work/_temp/g6-cloud-build/ActualCalendarCutContext.lean:158:2: warning: Try this: 
  letI̵

The goal is a proposition, so `let` is preferred over `letI`.
The difference between `let` and `letI` is that `letI` inlines the value.
But this is not relevant for proofs because of proof irrelevance.

Note: This linter can be disabled with `set_option linter.style.haveILetI false`
/home/runner/work/_temp/g6-cloud-build/ActualCalendarCutContext.lean:159:2: warning: Try this: 
  letI̵

The goal is a proposition, so `let` is preferred over `letI`.
The difference between `let` and `letI` is that `letI` inlines the value.
But this is not relevant for proofs because of proof irrelevance.

Note: This linter can be disabled with `set_option linter.style.haveILetI false`
/home/runner/work/_temp/g6-cloud-build/ActualCalendarCutContext.lean:170:2: warning: Try this: 
  letI̵

The goal is a proposition, so `let` is preferred over `letI`.
The difference between `let` and `letI` is that `letI` inlines the value.
But this is not relevant for proofs because of proof irrelevance.

Note: This linter can be disabled with `set_option linter.style.haveILetI false`
/home/runner/work/_temp/g6-cloud-build/ActualCalendarCutContext.lean:171:2: warning: Try this: 
  letI̵

The goal is a proposition, so `let` is preferred over `letI`.
The difference between `let` and `letI` is that `letI` inlines the value.
But this is not relevant for proofs because of proof irrelevance.

Note: This linter can be disabled with `set_option linter.style.haveILetI false`
/home/runner/work/_temp/g6-cloud-build/ActualCalendarCutContext.lean:182:2: warning: Try this: 
  letI̵

The goal is a proposition, so `let` is preferred over `letI`.
The difference between `let` and `letI` is that `letI` inlines the value.
But this is not relevant for proofs because of proof irrelevance.

Note: This linter can be disabled with `set_option linter.style.haveILetI false`
/home/runner/work/_temp/g6-cloud-build/ActualCalendarCutContext.lean:183:2: warning: Try this: 
  letI̵

The goal is a proposition, so `let` is preferred over `letI`.
The difference between `let` and `letI` is that `letI` inlines the value.
But this is not relevant for proofs because of proof irrelevance.

Note: This linter can be disabled with `set_option linter.style.haveILetI false`
/home/runner/work/_temp/g6-cloud-build/ActualCalendarCutContext.lean:248:2: warning: Try this: 
  letI̵

The goal is a proposition, so `let` is preferred over `letI`.
The difference between `let` and `letI` is that `letI` inlines the value.
But this is not relevant for proofs because of proof irrelevance.

Note: This linter can be disabled with `set_option linter.style.haveILetI false`
/home/runner/work/_temp/g6-cloud-build/ActualCalendarCutContext.lean:249:2: warning: Try this: 
  letI̵

The goal is a proposition, so `let` is preferred over `letI`.
The difference between `let` and `letI` is that `letI` inlines the value.
But this is not relevant for proofs because of proof irrelevance.

Note: This linter can be disabled with `set_option linter.style.haveILetI false`
/home/runner/work/_temp/g6-cloud-build/ActualCalendarCutContext.lean:291:2: warning: Try this: 
  letI̵

The goal is a proposition, so `let` is preferred over `letI`.
The difference between `let` and `letI` is that `letI` inlines the value.
But this is not relevant for proofs because of proof irrelevance.

Note: This linter can be disabled with `set_option linter.style.haveILetI false`
/home/runner/work/_temp/g6-cloud-build/ActualCalendarCutContext.lean:292:2: warning: Try this: 
  letI̵

The goal is a proposition, so `let` is preferred over `letI`.
The difference between `let` and `letI` is that `letI` inlines the value.
But this is not relevant for proofs because of proof irrelevance.

Note: This linter can be disabled with `set_option linter.style.haveILetI false`
/home/runner/work/_temp/g6-cloud-build/ActualCalendarCutContext.lean:346:2: warning: Try this: 
  letI̵

The goal is a proposition, so `let` is preferred over `letI`.
The difference between `let` and `letI` is that `letI` inlines the value.
But this is not relevant for proofs because of proof irrelevance.

Note: This linter can be disabled with `set_option linter.style.haveILetI false`
/home/runner/work/_temp/g6-cloud-build/ActualCalendarCutContext.lean:347:2: warning: Try this: 
  letI̵

The goal is a proposition, so `let` is preferred over `letI`.
The difference between `let` and `letI` is that `letI` inlines the value.
But this is not relevant for proofs because of proof irrelevance.

Note: This linter can be disabled with `set_option linter.style.haveILetI false`
/home/runner/work/_temp/g6-cloud-build/ActualCalendarCutContext.lean:405:0: warning: automatically included section variable(s) unused in theorem `CloudG3.ActualCalendarCutContext.program_duration_append`:
  [DecidableEq E]
consider restructuring your `variable` declarations so that the variables are not in scope or explicitly omit them:
  omit [DecidableEq E] in theorem ...

Note: This linter can be disabled with `set_option linter.unusedSectionVars false`
/home/runner/work/_temp/g6-cloud-build/ActualCalendarCutContext.lean:455:4: error: Tactic `rewrite` failed: Did not find an occurrence of the pattern
  completedJoint N r bin hbin (ops ++ [?m.226]) s offset B
in the target expression
  ((calendarJoint N r bin hbin ops s offset B).bind fun q =>
      tailJoint N r bin hbin q.1 (offset + ↑(programDuration N ops)) q.2) =
    completedJoint N r bin hbin (ops ++ [ProgramStep.interval t]) s offset B

V : Type u
E : Type v
Copy : Type w
X : Type x
Tag : Type y
inst✝⁹ : DecidableEq V
inst✝⁸ : DecidableEq E
inst✝⁷ : Fintype V
inst✝⁶ : Fintype E
inst✝⁵ : Fintype X
inst✝⁴ : DecidableEq Copy
inst✝³ : Fintype Copy
inst✝² : Fintype Tag
inst✝¹ : MeasurableSpace Tag
inst✝ : MeasurableSingletonClass Tag
N : RootedBinary V E X
sample : Copy → X
r : PositivePairRates E
bin : ℝ → Tag
hbin : Measurable bin
ops : List (ProgramStep N)
s : Code N sample
offset : ℝ
t : ℝ≥0
B : Copy → Copy → Tag
⊢ ((calendarJoint N r bin hbin ops s offset B).bind fun q =>
      tailJoint N r bin hbin q.1 (offset + ↑(programDuration N ops)) q.2) =
    completedJoint N r bin hbin (ops ++ [ProgramStep.interval t]) s offset B
'CloudG3.ActualCalendarCutContext.segment_readout_measurable' depends on axioms: [propext, Classical.choice, Quot.sound]
'CloudG3.ActualCalendarCutContext.calendar_readout_measurable' depends on axioms: [propext,
 Classical.choice,
 Quot.sound]
'CloudG3.ActualCalendarCutContext.complete_readout_measurable' depends on axioms: [propext,
 Classical.choice,
 Quot.sound]
'CloudG3.ActualCalendarCutContext.segment_joint_toMeasure' depends on axioms: [propext, Classical.choice, Quot.sound]
'CloudG3.ActualCalendarCutContext.calendar_joint_toMeasure' depends on axioms: [propext, Classical.choice, Quot.sound]
'CloudG3.ActualCalendarCutContext.completed_joint_toMeasure' depends on axioms: [propext, Classical.choice, Quot.sound]
'CloudG3.ActualCalendarCutContext.tail_joint_toMeasure' depends on axioms: [propext, Classical.choice, Quot.sound]
'CloudG3.ActualCalendarCutContext.finite_observed_fibre_kernel' depends on axioms: [propext,
 Classical.choice,
 Quot.sound]
'CloudG3.ActualCalendarCutContext.calendar_joint_cons' depends on axioms: [propext, Classical.choice, Quot.sound]
'CloudG3.ActualCalendarCutContext.completed_joint_bind_calendar' depends on axioms: [propext,
 Classical.choice,
 Quot.sound]
'CloudG3.ActualCalendarCutContext.tail_joint_cut_bind' depends on axioms: [propext, Classical.choice, Quot.sound]
'CloudG3.ActualCalendarCutContext.calendar_joint_nil' depends on axioms: [propext, Classical.choice, Quot.sound]
'CloudG3.ActualCalendarCutContext.program_duration_append' depends on axioms: [propext, Classical.choice, Quot.sound]
'CloudG3.ActualCalendarCutContext.calendar_joint_append' depends on axioms: [propext, Classical.choice, Quot.sound]
'CloudG3.ActualCalendarCutContext.calendar_joint_single' depends on axioms: [propext, Classical.choice, Quot.sound]
'CloudG3.ActualCalendarCutContext.actual_complete_calendar_cut_refinement' depends on axioms: [propext,
 sorryAx,
 Classical.choice,
 Quot.sound]
