/home/runner/work/_temp/g6-cloud-build/ActualCutTagRefinement.lean:45:0: warning: automatically included section variable(s) unused in theorem `CloudG3.ActualCutTagRefinement.fold_tags_eq_active_records`:
  [DecidableEq E]
  [Fintype Copy]
consider restructuring your `variable` declarations so that the variables are not in scope or explicitly omit them:
  omit [DecidableEq E] [Fintype Copy] in theorem ...

Note: This linter can be disabled with `set_option linter.unusedSectionVars false`
/home/runner/work/_temp/g6-cloud-build/ActualCutTagRefinement.lean:65:0: warning: automatically included section variable(s) unused in theorem `CloudG3.ActualCutTagRefinement.fold_tag_records_append`:
  [DecidableEq E]
  [Fintype Copy]
consider restructuring your `variable` declarations so that the variables are not in scope or explicitly omit them:
  omit [DecidableEq E] [Fintype Copy] in theorem ...

Note: This linter can be disabled with `set_option linter.unusedSectionVars false`
/home/runner/work/_temp/g6-cloud-build/ActualCutTagRefinement.lean:78:0: warning: automatically included section variable(s) unused in theorem `CloudG3.ActualCutTagRefinement.fold_tag_records_shift`:
  [DecidableEq E]
  [Fintype Copy]
consider restructuring your `variable` declarations so that the variables are not in scope or explicitly omit them:
  omit [DecidableEq E] [Fintype Copy] in theorem ...

Note: This linter can be disabled with `set_option linter.unusedSectionVars false`
'CloudG3.ActualCutTagRefinement.fold_tags_eq_active_records' depends on axioms: [propext, Classical.choice, Quot.sound]
'CloudG3.ActualCutTagRefinement.fold_tag_records_append' depends on axioms: [propext, Classical.choice, Quot.sound]
'CloudG3.ActualCutTagRefinement.fold_tag_records_shift' depends on axioms: [propext, Classical.choice, Quot.sound]
'CloudG3.ActualCutTagRefinement.retained_cut_prefix_record_endpoint' depends on axioms: [propext,
 Classical.choice,
 Quot.sound]
'CloudG3.ActualCutTagRefinement.same_clock_tag_cut_refinement' depends on axioms: [propext,
 Classical.choice,
 Quot.sound]
'CloudG3.ActualCutTagRefinement.same_clock_complete_active_cut_refinement' depends on axioms: [propext,
 Classical.choice,
 Quot.sound]
'CloudG3.ActualCutTagRefinement.complete_raw_endpoint_eq_records' depends on axioms: [propext,
 Classical.choice,
 Quot.sound]
'CloudG3.ActualCutTagRefinement.same_clock_complete_endpoint_cut_refinement' depends on axioms: [propext,
 Classical.choice,
 Quot.sound]
'CloudG3.ActualCutTagRefinement.same_clock_complete_joint_readout_cut_refinement' depends on axioms: [propext,
 Classical.choice,
 Quot.sound]
