'CloudG3.ApproximateMomentBarrier.approximate_coupled_barrier' depends on axioms: [propext,
 Classical.choice,
 Quot.sound]
'UnifiedLean.G6.FiniteProbability.tv' depends on axioms: [propext, Classical.choice, Quot.sound]
'UnifiedLean.G6.FiniteProbability.common_subprobability_tv' depends on axioms: [propext, Classical.choice, Quot.sound]
'UnifiedLean.G6.FiniteProbability.common_subprobability_mass' depends on axioms: [propext, Classical.choice, Quot.sound]
'UnifiedLean.G6.FiniteProbability.common_subprobability_event' depends on axioms: [propext,
 Classical.choice,
 Quot.sound]
'UnifiedLean.G6.FiniteProbability.scaled_domination_tv' depends on axioms: [propext, Classical.choice, Quot.sound]
'UnifiedLean.G6.FiniteProbability.pmf_sum_real' depends on axioms: [propext, Classical.choice, Quot.sound]
'UnifiedLean.G6.FiniteProbability.pmfTV' depends on axioms: [propext, Classical.choice, Quot.sound]
'UnifiedLean.G6.FiniteProbability.pmf_scaled_domination_tv' depends on axioms: [propext, Classical.choice, Quot.sound]
'UnifiedLean.G6.FiniteProbability.pmf_scaled_domination_event' depends on axioms: [propext,
 Classical.choice,
 Quot.sound]
'UnifiedLean.G6.Conditioning.retainedMass' depends on axioms: [propext, Classical.choice, Quot.sound]
'UnifiedLean.G6.Conditioning.retainedMass_ne_zero' depends on axioms: [propext, Classical.choice, Quot.sound]
'UnifiedLean.G6.Conditioning.retainedMass_ne_top' depends on axioms: [propext, Classical.choice, Quot.sound]
'UnifiedLean.G6.Conditioning.retainedMass_le_one' depends on axioms: [propext, Classical.choice, Quot.sound]
'UnifiedLean.G6.Conditioning.filter_scaled' depends on axioms: [propext, Classical.choice, Quot.sound]
'UnifiedLean.G6.Conditioning.filtered_bind_domination' depends on axioms: [propext, Classical.choice, Quot.sound]
'UnifiedLean.G6.Conditioning.filtered_bind_domination_real' depends on axioms: [propext, Classical.choice, Quot.sound]
'UnifiedLean.G6.Conditioning.retainedMass_real_bounds' depends on axioms: [propext, Classical.choice, Quot.sound]
'UnifiedLean.G6.Conditioning.retainedMass_finset' depends on axioms: [propext, Classical.choice, Quot.sound]
'UnifiedLean.G6.Conditioning.conditioned_mixture_tv' depends on axioms: [propext, Classical.choice, Quot.sound]
'UnifiedLean.G6.Conditioning.conditioned_joint_observation_tv' depends on axioms: [propext,
 Classical.choice,
 Quot.sound]
'UnifiedLean.G6.Conditioning.conditioned_joint_observation_event' depends on axioms: [propext,
 Classical.choice,
 Quot.sound]
'UnifiedLean.G6.SourcePrefix.taylorTerm' depends on axioms: [propext, Classical.choice, Quot.sound]
'UnifiedLean.G6.SourcePrefix.taylorPrefix' depends on axioms: [propext, Classical.choice, Quot.sound]
'UnifiedLean.G6.SourcePrefix.count_zero_ne_zero' depends on axioms: [propext, Classical.choice, Quot.sound]
'UnifiedLean.G6.SourcePrefix.prefix_has_support' depends on axioms: [propext, Classical.choice, Quot.sound]
'UnifiedLean.G6.SourcePrefix.prefixCount' depends on axioms: [propext, Classical.choice, Quot.sound]
'UnifiedLean.G6.SourcePrefix.prefixMass' depends on axioms: [propext, Classical.choice, Quot.sound]
'UnifiedLean.G6.SourcePrefix.prefixCount_support' depends on axioms: [propext, Classical.choice, Quot.sound]
'UnifiedLean.G6.SourcePrefix.prefixMass_bounds' depends on axioms: [propext, Classical.choice, Quot.sound]
'UnifiedLean.G6.SourcePrefix.prefixMass_taylor' depends on axioms: [propext, Classical.choice, Quot.sound]
'UnifiedLean.G6.SourcePrefix.taylorPrefix_pos' depends on axioms: [propext, Classical.choice, Quot.sound]
'UnifiedLean.G6.SourcePrefix.prefixCount_real' depends on axioms: [propext, Classical.choice, Quot.sound]
'UnifiedLean.G6.SourcePrefix.finiteSourcePrefix' depends on axioms: [propext, Classical.choice, Quot.sound]
'UnifiedLean.G6.SourcePrefix.actual_source_prefix_domination' depends on axioms: [propext, Classical.choice, Quot.sound]
'UnifiedLean.G6.SourcePrefix.actual_source_prefix_tv' depends on axioms: [propext, Classical.choice, Quot.sound]
'UnifiedLean.G6.SourcePrefix.actual_source_joint_readout_tv' depends on axioms: [propext, Classical.choice, Quot.sound]
'UnifiedLean.G6.SourcePrefix.actual_source_joint_readout_event' depends on axioms: [propext,
 Classical.choice,
 Quot.sound]
'UnifiedLean.G6.ProgramPrefix.bind_scaled_domination' depends on axioms: [propext, Classical.choice, Quot.sound]
'UnifiedLean.G6.ProgramPrefix.map_scaled_domination' depends on axioms: [propext, Classical.choice, Quot.sound]
'UnifiedLean.G6.ProgramPrefix.stepMass' depends on axioms: [propext, Classical.choice, Quot.sound]
'UnifiedLean.G6.ProgramPrefix.programMass' depends on axioms: [propext, Classical.choice, Quot.sound]
'UnifiedLean.G6.ProgramPrefix.finiteProgramStep' depends on axioms: [propext, Classical.choice, Quot.sound]
'UnifiedLean.G6.ProgramPrefix.finiteProgram' depends on axioms: [propext, Classical.choice, Quot.sound]
'UnifiedLean.G6.ProgramPrefix.stepMass_le_one' depends on axioms: [propext, Classical.choice, Quot.sound]
'UnifiedLean.G6.ProgramPrefix.programMass_le_one' depends on axioms: [propext, Classical.choice, Quot.sound]
'UnifiedLean.G6.ProgramPrefix.program_deficit_le_sum' depends on axioms: [propext, Classical.choice, Quot.sound]
'UnifiedLean.G6.ProgramPrefix.actual_step_domination' depends on axioms: [propext, Classical.choice, Quot.sound]
'UnifiedLean.G6.ProgramPrefix.actual_program_domination' depends on axioms: [propext, Classical.choice, Quot.sound]
'UnifiedLean.G6.ProgramPrefix.same_initial_distribution_domination' depends on axioms: [propext,
 Classical.choice,
 Quot.sound]
'UnifiedLean.G6.ProgramPrefix.same_initial_distribution_tv' depends on axioms: [propext, Classical.choice, Quot.sound]
'UnifiedLean.G6.ProgramPrefix.same_initial_joint_readout_tv' depends on axioms: [propext, Classical.choice, Quot.sound]
'UnifiedLean.G6.ProgramPrefix.same_initial_joint_readout_event' depends on axioms: [propext,
 Classical.choice,
 Quot.sound]
'UnifiedLean.G6.ProgramPrefix.same_initial_distribution_tv_budget' depends on axioms: [propext,
 Classical.choice,
 Quot.sound]
'UnifiedLean.G6.ProgramPrefix.same_initial_joint_readout_tv_budget' depends on axioms: [propext,
 Classical.choice,
 Quot.sound]
'UnifiedLean.G6.TaylorCertificate.taylorTerm_nonneg' depends on axioms: [propext, Classical.choice, Quot.sound]
'UnifiedLean.G6.TaylorCertificate.taylorTerm_succ' depends on axioms: [propext, Classical.choice, Quot.sound]
'UnifiedLean.G6.TaylorCertificate.taylor_hasSum' depends on axioms: [propext, Classical.choice, Quot.sound]
'UnifiedLean.G6.TaylorCertificate.taylor_tail_geometric' depends on axioms: [propext, Classical.choice, Quot.sound]
'UnifiedLean.G6.TaylorCertificate.taylor_tail_bound' depends on axioms: [propext, Classical.choice, Quot.sound]
'UnifiedLean.G6.TaylorCertificate.exp_le_taylor_enclosure' depends on axioms: [propext, Classical.choice, Quot.sound]
'UnifiedLean.G6.TaylorCertificate.errorBound' depends on axioms: [propext, Classical.choice, Quot.sound]
'UnifiedLean.G6.TaylorCertificate.prefix_deficit_le_certificate' depends on axioms: [propext,
 Classical.choice,
 Quot.sound]
'UnifiedLean.G6.TaylorCertificate.actual_source_prefix_tv_certificate' depends on axioms: [propext,
 Classical.choice,
 Quot.sound]
'UnifiedLean.G6.TaylorCertificate.actual_source_joint_readout_tv_certificate' depends on axioms: [propext,
 Classical.choice,
 Quot.sound]
'UnifiedLean.G6.HistoryPrefix.finiteHistoryLaw' depends on axioms: [propext, Classical.choice, Quot.sound]
'UnifiedLean.G6.HistoryPrefix.actual_history_domination' depends on axioms: [propext, Classical.choice, Quot.sound]
'UnifiedLean.G6.HistoryPrefix.same_initial_history_domination' depends on axioms: [propext,
 Classical.choice,
 Quot.sound]
'UnifiedLean.G6.HistoryPrefix.same_initial_history_tv' depends on axioms: [propext, Classical.choice, Quot.sound]
'UnifiedLean.G6.HistoryPrefix.same_initial_history_tv_budget' depends on axioms: [propext, Classical.choice, Quot.sound]
'UnifiedLean.G6.HistoryPrefix.same_initial_joint_history_readout_tv' depends on axioms: [propext,
 Classical.choice,
 Quot.sound]
'UnifiedLean.G6.HistoryPrefix.retainPast' depends on axioms: [propext, Classical.choice, Quot.sound]
'UnifiedLean.G6.HistoryPrefix.retained_past_history_domination' depends on axioms: [propext,
 Classical.choice,
 Quot.sound]
'UnifiedLean.G6.HistoryPrefix.retained_past_joint_history_tv' depends on axioms: [propext, Classical.choice, Quot.sound]
'UnifiedLean.G6.HistoryPrefix.retained_past_joint_history_tv_budget' depends on axioms: [propext,
 Classical.choice,
 Quot.sound]
'UnifiedLean.G6.RationalCertificate.rationalTerm' depends on axioms: [propext, Classical.choice, Quot.sound]
'UnifiedLean.G6.RationalCertificate.rationalPrefix' depends on axioms: [propext, Classical.choice, Quot.sound]
'UnifiedLean.G6.RationalCertificate.rationalError' depends on axioms: [propext, Classical.choice, Quot.sound]
'UnifiedLean.G6.RationalCertificate.rationalCount' depends on axioms: [propext, Classical.choice, Quot.sound]
'UnifiedLean.G6.RationalCertificate.rationalTerm_real' depends on axioms: [propext, Classical.choice, Quot.sound]
'UnifiedLean.G6.RationalCertificate.rationalPrefix_real' depends on axioms: [propext, Classical.choice, Quot.sound]
'UnifiedLean.G6.RationalCertificate.rationalError_real' depends on axioms: [propext, Classical.choice, Quot.sound]
'UnifiedLean.G6.RationalCertificate.rationalTerm_nonneg' depends on axioms: [propext, Classical.choice, Quot.sound]
'UnifiedLean.G6.RationalCertificate.rationalPrefix_one_le' depends on axioms: [propext, Classical.choice, Quot.sound]
'UnifiedLean.G6.RationalCertificate.rationalCount_actual' depends on axioms: [propext, Classical.choice, Quot.sound]
'UnifiedLean.G6.RationalCertificate.certificate_le_twice_term' depends on axioms: [propext,
 Classical.choice,
 Quot.sound]
'UnifiedLean.G6.RationalCertificate.accepts' depends on axioms: [propext, Classical.choice, Quot.sound]
'UnifiedLean.G6.RationalCertificate.certificate_exists' depends on axioms: [propext, Classical.choice, Quot.sound]
'UnifiedLean.G6.RationalCertificate.cutoff' depends on axioms: [propext, Classical.choice, Quot.sound]
'UnifiedLean.G6.RationalCertificate.cutoff_accepts' depends on axioms: [propext, Classical.choice, Quot.sound]
'UnifiedLean.G6.RationalCertificate.cutoff_minimal' depends on axioms: [propext, Classical.choice, Quot.sound]
'UnifiedLean.G6.RationalCertificate.cutoff_prefix_deficit' depends on axioms: [propext, Classical.choice, Quot.sound]
'UnifiedLean.G6.BinHistory.tagUpdate' depends on axioms: [propext, Classical.choice, Quot.sound]
'UnifiedLean.G6.BinHistory.map_coded_age_update' depends on axioms: [propext, Classical.choice, Quot.sound]
'UnifiedLean.G6.BinHistory.RelationMonotone' depends on axioms: [propext, Classical.choice, Quot.sound]
'UnifiedLean.G6.BinHistory.same_bin_update_comp' depends on axioms: [propext, Classical.choice, Quot.sound]
'UnifiedLean.G6.BinHistory.tag_update_self' depends on axioms: [propext, Classical.choice, Quot.sound]
'UnifiedLean.G6.BinHistory.actual_destination_relation_monotone' depends on axioms: [propext,
 Classical.choice,
 Quot.sound]
'UnifiedLean.G6.BinHistory.two_actual_mergers_same_bin' depends on axioms: [propext, Classical.choice, Quot.sound]
'UnifiedLean.G6.BinFold.foldTags' depends on axioms: [propext, Classical.choice, Quot.sound]
'UnifiedLean.G6.BinFold.map_actual_age_fold' depends on axioms: [propext, Classical.choice, Quot.sound]
'UnifiedLean.G6.BinFold.bin_constant_active_fold' depends on axioms: [propext, Classical.choice, Quot.sound]
'GProgram.G5.FrozenTripleAnalyticSupport.expParameter' depends on axioms: [propext, Classical.choice, Quot.sound]
'GProgram.G5.FrozenTripleAnalyticSupport.exp_parameter_bounds' depends on axioms: [propext,
 Classical.choice,
 Quot.sound]
'GProgram.G5.FrozenTripleAnalyticSupport.exp_parameter_decay' depends on axioms: [propext, Classical.choice, Quot.sound]
'GProgram.G5.FrozenTripleAnalyticSupport.linearCoefficient' depends on axioms: [propext, Classical.choice, Quot.sound]
'GProgram.G5.FrozenTripleAnalyticSupport.cubicCoefficient' depends on axioms: [propext, Classical.choice, Quot.sound]
'GProgram.G5.FrozenTripleAnalyticSupport.row_polynomial' depends on axioms: [propext, Classical.choice, Quot.sound]
'GProgram.G5.FrozenTripleAnalyticSupport.rowCoefficients' depends on axioms: [propext, Classical.choice, Quot.sound]
'GProgram.G5.FrozenTripleAnalyticSupport.row_coefficients_evaluation' depends on axioms: [propext,
 Classical.choice,
 Quot.sound]
'GProgram.G5.FrozenTripleAnalyticSupport.frozenMixture' depends on axioms: [propext, Classical.choice, Quot.sound]
'GProgram.G5.FrozenTripleAnalyticSupport.frozenCoefficients' depends on axioms: [propext, Classical.choice, Quot.sound]
'GProgram.G5.FrozenTripleAnalyticSupport.frozen_coefficients_evaluation' depends on axioms: [propext,
 Classical.choice,
 Quot.sound]
'GProgram.G5.FrozenTripleAnalyticSupport.frozen_mixture_limit' depends on axioms: [propext,
 Classical.choice,
 Quot.sound]
'GProgram.G5.FrozenTripleAnalyticSupport.frozen_mixtures_eq_of_right_germ' depends on axioms: [propext,
 Classical.choice,
 Quot.sound]
'GProgram.G5.FrozenTripleAnalyticSupport.occupancy_masses_eq_of_right_germ' depends on axioms: [propext,
 Classical.choice,
 Quot.sound]
'GProgram.G5.FrozenTripleAnalyticSupport.occupancy_support_eq_of_right_germ' depends on axioms: [propext,
 Classical.choice,
 Quot.sound]
'CloudG3.FiniteTagDecoder.TagDecoration' does not depend on any axioms
'CloudG3.FiniteTagDecoder.mapBinDecoration' depends on axioms: [propext, Classical.choice, Quot.sound]
'CloudG3.FiniteTagDecoder.decodeTags' does not depend on any axioms
'CloudG3.FiniteTagDecoder.decodeTags_map_decode' depends on axioms: [propext, Classical.choice, Quot.sound]
'CloudG3.FiniteTagDecoder.decodeTags_bin_pairAge' depends on axioms: [propext, Classical.choice, Quot.sound]
'CloudG3.FiniteTagDecoder.decodeTags_bin_of_pair_agreement' depends on axioms: [propext, Classical.choice, Quot.sound]
'CloudG3.FiniteTagDecoder.underlying' does not depend on any axioms
'CloudG3.FiniteTagDecoder.toTaggedTree' does not depend on any axioms
'CloudG3.FiniteTagDecoder.toAgeTree' depends on axioms: [propext, Classical.choice, Quot.sound]
'CloudG3.FiniteTagDecoder.mapTags' does not depend on any axioms
'CloudG3.FiniteTagDecoder.underlying_toTaggedTree' depends on axioms: [propext, Classical.choice, Quot.sound]
'CloudG3.FiniteTagDecoder.underlying_mapTags' depends on axioms: [propext, Classical.choice, Quot.sound]
'CloudG3.FiniteTagDecoder.toTaggedTree_mapBinDecoration' depends on axioms: [propext, Classical.choice, Quot.sound]
'CloudG3.FiniteTagDecoder.taggedEquiv_underlying' depends on axioms: [propext, Classical.choice, Quot.sound]
'CloudG3.FiniteTagDecoder.mapTags_respects' depends on axioms: [propext, Classical.choice, Quot.sound]
'CloudG3.FiniteTagDecoder.decodedTaggedTree' does not depend on any axioms
'CloudG3.FiniteTagDecoder.decodedTaggedTree_graft_swap' depends on axioms: [propext, Classical.choice, Quot.sound]
'CloudG3.FiniteTagDecoder.decodedTaggedTree_actual' depends on axioms: [propext, Classical.choice, Quot.sound]
'CloudG3.FiniteTagDecoder.actual_decoder_unordered' depends on axioms: [propext, Classical.choice, Quot.sound]
'UnifiedLean.G6.BinClock.active_coordinate_mem' depends on axioms: [propext, Classical.choice, Quot.sound]
'UnifiedLean.G6.BinClock.actual_active_coordinate_bounds' depends on axioms: [propext, Classical.choice, Quot.sound]
'UnifiedLean.G6.BinClock.actual_bin_constant_fold' depends on axioms: [propext, Classical.choice, Quot.sound]
'CloudG3.LiteralSameBinTrace.relation_monotone_refl' depends on axioms: [propext, Classical.choice, Quot.sound]
'CloudG3.LiteralSameBinTrace.relation_monotone_trans' depends on axioms: [propext, Classical.choice, Quot.sound]
'CloudG3.LiteralSameBinTrace.literal_trace_endpoint_relation_monotone' depends on axioms: [propext,
 Classical.choice,
 Quot.sound]
'CloudG3.LiteralSameBinTrace.foldTags_const_shift_ages' depends on axioms: [propext, Classical.choice, Quot.sound]
'CloudG3.LiteralSameBinTrace.foldTags_const_empty' depends on axioms: [propext, Classical.choice, Quot.sound]
'CloudG3.LiteralSameBinTrace.foldTags_const_prepend' depends on axioms: [propext, Classical.choice, Quot.sound]
'CloudG3.LiteralSameBinTrace.literal_same_bin_endpoint_fold' depends on axioms: [propext, Classical.choice, Quot.sound]
'CloudG3.LiteralSameBinTrace.actual_same_bin_endpoint_fold' depends on axioms: [propext, Classical.choice, Quot.sound]
'UnifiedLean.G6.ResidualPrefix.residualMass' depends on axioms: [propext, Classical.choice, Quot.sound]
'UnifiedLean.G6.ResidualPrefix.residualMass_bounds' depends on axioms: [propext, Classical.choice, Quot.sound]
'UnifiedLean.G6.ResidualPrefix.residualMass_deficit' depends on axioms: [propext, Classical.choice, Quot.sound]
'UnifiedLean.G6.ResidualPrefix.residualMass_le_prefixMass' depends on axioms: [propext, Classical.choice, Quot.sound]
'UnifiedLean.G6.ResidualPrefix.residualVector' depends on axioms: [propext, Classical.choice, Quot.sound]
'UnifiedLean.G6.ResidualPrefix.residualVector_nonneg' depends on axioms: [propext, Classical.choice, Quot.sound]
'UnifiedLean.G6.ResidualPrefix.residualVector_sum' depends on axioms: [propext, Classical.choice, Quot.sound]
'UnifiedLean.G6.ResidualPrefix.residualVector_tv' depends on axioms: [propext, Classical.choice, Quot.sound]
'UnifiedLean.G6.ResidualPrefix.residualCountReal' depends on axioms: [propext, Classical.choice, Quot.sound]
'UnifiedLean.G6.ResidualPrefix.residualCountReal_coefficients' depends on axioms: [propext,
 Classical.choice,
 Quot.sound]
'UnifiedLean.G6.ResidualPrefix.residualSourceVector' depends on axioms: [propext, Classical.choice, Quot.sound]
'UnifiedLean.G6.ResidualPrefix.actual_source_residual_tv' depends on axioms: [propext, Classical.choice, Quot.sound]
'UnifiedLean.G6.ResidualPrefix.actual_source_joint_residual_tv' depends on axioms: [propext,
 Classical.choice,
 Quot.sound]
'UnifiedLean.G6.MeanEnclosure.tv_triangle' depends on axioms: [propext, Classical.choice, Quot.sound]
'UnifiedLean.G6.MeanEnclosure.count_mean_domination_real' depends on axioms: [propext, Classical.choice, Quot.sound]
'UnifiedLean.G6.MeanEnclosure.count_mean_domination' depends on axioms: [propext, Classical.choice, Quot.sound]
'UnifiedLean.G6.MeanEnclosure.count_bind_mean_domination' depends on axioms: [propext, Classical.choice, Quot.sound]
'UnifiedLean.G6.MeanEnclosure.count_bind_mean_tv' depends on axioms: [propext, Classical.choice, Quot.sound]
'UnifiedLean.G6.MeanEnclosure.count_bind_prefix_enclosure_tv' depends on axioms: [propext, Classical.choice, Quot.sound]
'UnifiedLean.G6.MeanEnclosure.count_bind_residual_enclosure_tv' depends on axioms: [propext,
 Classical.choice,
 Quot.sound]
'UnifiedLean.G6.MeanEnclosure.finiteMeanPrefix' depends on axioms: [propext, Classical.choice, Quot.sound]
'UnifiedLean.G6.MeanEnclosure.actual_source_enclosed_prefix_tv' depends on axioms: [propext,
 Classical.choice,
 Quot.sound]
'UnifiedLean.G6.MeanEnclosure.actual_source_joint_enclosed_prefix_tv' depends on axioms: [propext,
 Classical.choice,
 Quot.sound]
'UnifiedLean.G6.MeanEnclosure.actual_source_joint_enclosed_residual_tv' depends on axioms: [propext,
 Classical.choice,
 Quot.sound]
'UnifiedLean.G6.ResidualProgram.residualPMF' depends on axioms: [propext, Classical.choice, Quot.sound]
'UnifiedLean.G6.ResidualProgram.residualPMF_real' depends on axioms: [propext, Classical.choice, Quot.sound]
'UnifiedLean.G6.ResidualProgram.ofReal_scaled_domination' depends on axioms: [propext, Classical.choice, Quot.sound]
'UnifiedLean.G6.ResidualProgram.residualPMF_domination' depends on axioms: [propext, Classical.choice, Quot.sound]
'UnifiedLean.G6.ResidualProgram.common_pmf_tv' depends on axioms: [propext, Classical.choice, Quot.sound]
'UnifiedLean.G6.ResidualProgram.StepBudget' depends on axioms: [propext, Classical.choice, Quot.sound]
'UnifiedLean.G6.ResidualProgram.residualStepMass' depends on axioms: [propext, Classical.choice, Quot.sound]
'UnifiedLean.G6.ResidualProgram.residualProgramMass' depends on axioms: [propext, Classical.choice, Quot.sound]
'UnifiedLean.G6.ResidualProgram.residualStepError' depends on axioms: [propext, Classical.choice, Quot.sound]
'UnifiedLean.G6.ResidualProgram.residualProgramStep' depends on axioms: [propext, Classical.choice, Quot.sound]
'UnifiedLean.G6.ResidualProgram.residualProgram' depends on axioms: [propext, Classical.choice, Quot.sound]
'UnifiedLean.G6.ResidualProgram.residualStepMass_le_one' depends on axioms: [propext, Classical.choice, Quot.sound]
'UnifiedLean.G6.ResidualProgram.residualProgramMass_le_one' depends on axioms: [propext, Classical.choice, Quot.sound]
'UnifiedLean.G6.ResidualProgram.residual_step_deficit' depends on axioms: [propext, Classical.choice, Quot.sound]
'UnifiedLean.G6.ResidualProgram.residual_program_deficit_le_sum' depends on axioms: [propext,
 Classical.choice,
 Quot.sound]
'UnifiedLean.G6.ResidualProgram.actual_step_common_domination' depends on axioms: [propext,
 Classical.choice,
 Quot.sound]
'UnifiedLean.G6.ResidualProgram.residual_step_common_domination' depends on axioms: [propext,
 Classical.choice,
 Quot.sound]
'UnifiedLean.G6.ResidualProgram.actual_program_common_domination' depends on axioms: [propext,
 Classical.choice,
 Quot.sound]
'UnifiedLean.G6.ResidualProgram.residual_program_common_domination' depends on axioms: [propext,
 Classical.choice,
 Quot.sound]
'UnifiedLean.G6.ResidualProgram.same_initial_program_tv' depends on axioms: [propext, Classical.choice, Quot.sound]
'UnifiedLean.G6.ResidualProgram.same_initial_program_tv_budget' depends on axioms: [propext,
 Classical.choice,
 Quot.sound]
'UnifiedLean.G6.ResidualProgram.residual_interval_real' depends on axioms: [propext, Classical.choice, Quot.sound]
'UnifiedLean.G6.ResidualProgram.same_initial_common_domination' depends on axioms: [propext,
 Classical.choice,
 Quot.sound]
'UnifiedLean.G6.ResidualProgram.same_initial_joint_program_tv' depends on axioms: [propext,
 Classical.choice,
 Quot.sound]
'UnifiedLean.G6.ResidualProgram.same_initial_joint_program_tv_budget' depends on axioms: [propext,
 Classical.choice,
 Quot.sound]
'UnifiedLean.G6.ResidualProgram.residualHistoryLaw' depends on axioms: [propext, Classical.choice, Quot.sound]
'UnifiedLean.G6.ResidualProgram.history_common_domination' depends on axioms: [propext, Classical.choice, Quot.sound]
'UnifiedLean.G6.ResidualProgram.actual_history_common_domination' depends on axioms: [propext,
 Classical.choice,
 Quot.sound]
'UnifiedLean.G6.ResidualProgram.residual_history_common_domination' depends on axioms: [propext,
 Classical.choice,
 Quot.sound]
'UnifiedLean.G6.ResidualProgram.same_initial_history_tv' depends on axioms: [propext, Classical.choice, Quot.sound]
'UnifiedLean.G6.ResidualProgram.same_initial_history_tv_budget' depends on axioms: [propext,
 Classical.choice,
 Quot.sound]
'UnifiedLean.G6.ResidualProgram.retained_past_common_domination' depends on axioms: [propext,
 Classical.choice,
 Quot.sound]
'UnifiedLean.G6.ResidualProgram.retained_past_joint_history_tv' depends on axioms: [propext,
 Classical.choice,
 Quot.sound]
'UnifiedLean.G6.ResidualProgram.retained_past_joint_history_tv_budget' depends on axioms: [propext,
 Classical.choice,
 Quot.sound]
'CloudG3.CompleteCalendarBinReadout.segmentTags' depends on axioms: [propext, Classical.choice, Quot.sound]
'CloudG3.CompleteCalendarBinReadout.calendarTags' depends on axioms: [propext, Classical.choice, Quot.sound]
'CloudG3.CompleteCalendarBinReadout.completeTags' depends on axioms: [propext, Classical.choice, Quot.sound]
'CloudG3.CompleteCalendarBinReadout.map_segment_matrix' depends on axioms: [propext, Classical.choice, Quot.sound]
'CloudG3.CompleteCalendarBinReadout.map_calendar_matrix' depends on axioms: [propext, Classical.choice, Quot.sound]
'CloudG3.CompleteCalendarBinReadout.map_complete_matrix' depends on axioms: [propext, Classical.choice, Quot.sound]
'CloudG3.CompleteCalendarBinReadout.actual_complete_tag_decoder' depends on axioms: [propext,
 Classical.choice,
 Quot.sound]
'CloudG3.CompleteCalendarBinReadout.complete_tag_decode_underlying' depends on axioms: [propext,
 Classical.choice,
 Quot.sound]
'CloudG3.CompleteCalendarBinReadout.calendar_binned_matrix_measurable' depends on axioms: [propext,
 Classical.choice,
 Quot.sound]
'CloudG3.CompleteCalendarBinReadout.calendar_joint_bin_readout_measurable' depends on axioms: [propext,
 Classical.choice,
 Quot.sound]
'CloudG3.CompleteCalendarBinReadout.calendarJointLaw' depends on axioms: [propext, Classical.choice, Quot.sound]
'CloudG3.CompleteCalendarBinReadout.calendar_joint_probability' depends on axioms: [propext,
 Classical.choice,
 Quot.sound]
'CloudG3.CompleteCalendarBinReadout.complete_binned_matrix_measurable' depends on axioms: [propext,
 Classical.choice,
 Quot.sound]
'CloudG3.CompleteCalendarBinReadout.complete_joint_bin_readout_measurable' depends on axioms: [propext,
 Classical.choice,
 Quot.sound]
'CloudG3.ActualTailBinRow.fold_tags_joint_measurable' depends on axioms: [propext, Classical.choice, Quot.sound]
'CloudG3.ActualTailBinRow.raw_tail_endpoint_measurable' depends on axioms: [propext, Classical.choice, Quot.sound]
'CloudG3.ActualTailBinRow.actual_tail_bin_fold_all_horizons' depends on axioms: [propext, Classical.choice, Quot.sound]
'CloudG3.ActualTailBinRow.actual_complete_tail_bin_fold' depends on axioms: [propext, Classical.choice, Quot.sound]
'CloudG3.ActualTailBinRow.actual_tail_joint_source_law' depends on axioms: [propext, Classical.choice, Quot.sound]
'CloudG3.CompleteCalendarJointLaw.calendarJointPMF' depends on axioms: [propext, Classical.choice, Quot.sound]
'CloudG3.CompleteCalendarJointLaw.calendar_joint_pmf_toMeasure' depends on axioms: [propext,
 Classical.choice,
 Quot.sound]
'CloudG3.CompleteCalendarJointLaw.jointTailKernel' depends on axioms: [propext, Classical.choice, Quot.sound]
'CloudG3.CompleteCalendarJointLaw.pmf_singleton_restrict' depends on axioms: [propext, Classical.choice, Quot.sound]
'CloudG3.CompleteCalendarJointLaw.finite_joint_kernel_measure' depends on axioms: [propext,
 Classical.choice,
 Quot.sound]
'CloudG3.CompleteCalendarJointLaw.complete_branch_joint_source_law' depends on axioms: [propext,
 Classical.choice,
 Quot.sound]
'CloudG3.CompleteCalendarJointLaw.actual_complete_joint_source_law' depends on axioms: [propext,
 Classical.choice,
 Quot.sound]
'UnifiedLean.G6.UpperMeanCommon.pow_succ_difference_le' depends on axioms: [propext, Classical.choice, Quot.sound]
'UnifiedLean.G6.UpperMeanCommon.taylorTerm_difference_succ_le' depends on axioms: [propext,
 Classical.choice,
 Quot.sound]
'UnifiedLean.G6.UpperMeanCommon.taylorPrefix_mono' depends on axioms: [propext, Classical.choice, Quot.sound]
'UnifiedLean.G6.UpperMeanCommon.taylorPrefix_difference_le' depends on axioms: [propext, Classical.choice, Quot.sound]
'UnifiedLean.G6.UpperMeanCommon.upperDenominator' depends on axioms: [propext, Classical.choice, Quot.sound]
'UnifiedLean.G6.UpperMeanCommon.upperCommonMass' depends on axioms: [propext, Classical.choice, Quot.sound]
'UnifiedLean.G6.UpperMeanCommon.upperDenominator_pos' depends on axioms: [propext, Classical.choice, Quot.sound]
'UnifiedLean.G6.UpperMeanCommon.upperCommonMass_bounds' depends on axioms: [propext, Classical.choice, Quot.sound]
'UnifiedLean.G6.UpperMeanCommon.upperCommonMass_le_prefixMass' depends on axioms: [propext,
 Classical.choice,
 Quot.sound]
'UnifiedLean.G6.UpperMeanCommon.upperCommonMass_deficit_le' depends on axioms: [propext, Classical.choice, Quot.sound]
'UnifiedLean.G6.UpperMeanCommon.upperCommonMass_count_domination' depends on axioms: [propext,
 Classical.choice,
 Quot.sound]
'UnifiedLean.G6.AncestralRateFree.ancestral_choice_population' depends on axioms: [propext,
 Classical.choice,
 Quot.sound]
'UnifiedLean.G6.AncestralRateFree.ancestral_choice_rate' depends on axioms: [propext, Classical.choice, Quot.sound]
'UnifiedLean.G6.AncestralRateFree.ancestral_total_rate' depends on axioms: [propext, Classical.choice, Quot.sound]
'UnifiedLean.G6.AncestralRateFree.ancestralChoiceMass' depends on axioms: [propext, Classical.choice, Quot.sound]
'UnifiedLean.G6.AncestralRateFree.ancestral_jump_mass' depends on axioms: [propext, Classical.choice, Quot.sound]
'UnifiedLean.G6.AncestralRateFree.rationalAncestralChoiceMass' depends on axioms: [propext,
 Classical.choice,
 Quot.sound]
'UnifiedLean.G6.AncestralRateFree.rational_ancestral_choice_mass_actual' depends on axioms: [propext,
 Classical.choice,
 Quot.sound]
'UnifiedLean.G6.AncestralRateFree.ancestral_jump_choice_rate_invariant' depends on axioms: [propext,
 Classical.choice,
 Quot.sound]
'UnifiedLean.G6.AncestralRateFree.ancestral_jump_step_rate_invariant' depends on axioms: [propext,
 Classical.choice,
 Quot.sound]
'UnifiedLean.G6.AncestralRateFree.ancestral_completion_rate_invariant' depends on axioms: [propext,
 Classical.choice,
 Quot.sound]
'UnifiedLean.G6.AncestralRateFree.completion_kernel_rate_invariant' depends on axioms: [propext,
 Classical.choice,
 Quot.sound]
'UnifiedLean.G6.RateBankCommon.copyBound' depends on axioms: [propext, Classical.choice, Quot.sound]
'UnifiedLean.G6.RateBankCommon.populationPairCount' depends on axioms: [propext, Classical.choice, Quot.sound]
'UnifiedLean.G6.RateBankCommon.copyBound_positive' depends on axioms: [propext, Classical.choice, Quot.sound]
'UnifiedLean.G6.RateBankCommon.populationPairCount_le' depends on axioms: [propext, Classical.choice, Quot.sound]
'UnifiedLean.G6.RateBankCommon.holding_coefficient_nonnegative' depends on axioms: [propext,
 Classical.choice,
 Quot.sound]
'UnifiedLean.G6.RateBankCommon.totalRate_population_sum' depends on axioms: [propext, Classical.choice, Quot.sound]
'UnifiedLean.G6.RateBankCommon.holdingNumerator' depends on axioms: [propext, Classical.choice, Quot.sound]
'UnifiedLean.G6.RateBankCommon.holdingNumerator_eq' depends on axioms: [propext, Classical.choice, Quot.sound]
'UnifiedLean.G6.RateBankCommon.holdingNumerator_nonnegative' depends on axioms: [propext, Classical.choice, Quot.sound]
'UnifiedLean.G6.RateBankCommon.holding_choice_formula' depends on axioms: [propext, Classical.choice, Quot.sound]
'UnifiedLean.G6.RateBankCommon.globalRateBound_bank_lower' depends on axioms: [propext, Classical.choice, Quot.sound]
'UnifiedLean.G6.RateBankCommon.globalRateBound_bank_upper' depends on axioms: [propext, Classical.choice, Quot.sound]
'UnifiedLean.G6.RateBankCommon.holdingNumerator_bank_lower' depends on axioms: [propext, Classical.choice, Quot.sound]
'UnifiedLean.G6.RateBankCommon.ratio_bank_lower' depends on axioms: [propext, Classical.choice, Quot.sound]
'UnifiedLean.G6.RateBankCommon.actual_choice_mass_bank_lower' depends on axioms: [propext, Classical.choice, Quot.sound]
'UnifiedLean.G6.RateBankCommon.actual_choice_pmf_bank_lower' depends on axioms: [propext, Classical.choice, Quot.sound]
'UnifiedLean.G6.RateBankCommon.actual_source_step_bank_lower' depends on axioms: [propext, Classical.choice, Quot.sound]
'UnifiedLean.G6.RateBankCommon.actual_source_iteration_bank_lower' depends on axioms: [propext,
 Classical.choice,
 Quot.sound]
'UnifiedLean.G6.RateBankCommon.actual_source_iteration_bank_lower_real' depends on axioms: [propext,
 Classical.choice,
 Quot.sound]
'UnifiedLean.G6.InheritanceBankCommon.actual_bit_singleton' depends on axioms: [propext, Classical.choice, Quot.sound]
'UnifiedLean.G6.InheritanceBankCommon.actual_bit_bank_lower' depends on axioms: [propext, Classical.choice, Quot.sound]
'UnifiedLean.G6.InheritanceBankCommon.actual_current_coin_product' depends on axioms: [propext,
 Classical.choice,
 Quot.sound]
'UnifiedLean.G6.InheritanceBankCommon.actual_current_coin_bank_lower' depends on axioms: [propext,
 Classical.choice,
 Quot.sound]
'UnifiedLean.G6.InheritanceBankCommon.actual_current_owner_count' depends on axioms: [propext,
 Classical.choice,
 Quot.sound]
'UnifiedLean.G6.InheritanceBankCommon.actual_independent_pulse_bank_lower' depends on axioms: [propext,
 Classical.choice,
 Quot.sound]
'UnifiedLean.G6.InheritanceBankCommon.actual_independent_pulse_bank_lower_uniform' depends on axioms: [propext,
 Classical.choice,
 Quot.sound]
'UnifiedLean.G6.InheritanceBankCommon.actual_original_register_product' depends on axioms: [propext,
 Classical.choice,
 Quot.sound]
'UnifiedLean.G6.InheritanceBankCommon.actual_original_register_coin_bank_lower' depends on axioms: [propext,
 Classical.choice,
 Quot.sound]
'UnifiedLean.G6.InheritanceBankCommon.actual_original_register_bank_lower' depends on axioms: [propext,
 Classical.choice,
 Quot.sound]
'UnifiedLean.G6.InheritanceBankCommon.actual_natural_initial_code_bank_lower' depends on axioms: [propext,
 Classical.choice,
 Quot.sound]
'UnifiedLean.G6.InheritanceBankCommon.actual_joint_register_initial_code_bank_lower' depends on axioms: [propext,
 Classical.choice,
 Quot.sound]
'UnifiedLean.G6.UpperRateSourceCommon.rateRatio_nonnegative' depends on axioms: [propext, Classical.choice, Quot.sound]
'UnifiedLean.G6.UpperRateSourceCommon.rateRatio_le_one' depends on axioms: [propext, Classical.choice, Quot.sound]
'UnifiedLean.G6.UpperRateSourceCommon.rateRatioENN_le_one' depends on axioms: [propext, Classical.choice, Quot.sound]
'UnifiedLean.G6.UpperRateSourceCommon.prefixCount_eq_zero_of_gt' depends on axioms: [propext,
 Classical.choice,
 Quot.sound]
'UnifiedLean.G6.UpperRateSourceCommon.upperCount_mass_domination' depends on axioms: [propext,
 Classical.choice,
 Quot.sound]
'UnifiedLean.G6.UpperRateSourceCommon.upperRateResidualSource' depends on axioms: [propext,
 Classical.choice,
 Quot.sound]
'UnifiedLean.G6.UpperRateSourceCommon.upper_rate_prefix_domination' depends on axioms: [propext,
 Classical.choice,
 Quot.sound]
'UnifiedLean.G6.UpperRateSourceCommon.numerical_interval_common_domination' depends on axioms: [propext,
 Classical.choice,
 Quot.sound]
'UnifiedLean.G6.UpperRateSourceCommon.actual_interval_common_domination' depends on axioms: [propext,
 Classical.choice,
 Quot.sound]
'UnifiedLean.G6.UpperRateSourceCommon.actual_upper_rate_interval_tv' depends on axioms: [propext,
 Classical.choice,
 Quot.sound]
'UnifiedLean.G6.UpperRateSourceCommon.actual_upper_rate_joint_readout_tv' depends on axioms: [propext,
 Classical.choice,
 Quot.sound]
'CloudG3.ActualCutTagRefinement.foldTagRecords' depends on axioms: [propext, Classical.choice, Quot.sound]
'CloudG3.ActualCutTagRefinement.fold_tags_eq_active_records' depends on axioms: [propext, Classical.choice, Quot.sound]
'CloudG3.ActualCutTagRefinement.fold_tag_records_append' depends on axioms: [propext, Classical.choice, Quot.sound]
'CloudG3.ActualCutTagRefinement.fold_tag_records_shift' depends on axioms: [propext, Classical.choice, Quot.sound]
'CloudG3.ActualCutTagRefinement.retained_cut_prefix_record_endpoint' depends on axioms: [propext,
 Classical.choice,
 Quot.sound]
'CloudG3.ActualCutTagRefinement.same_clock_tag_cut_refinement' depends on axioms: [propext,
 Classical.choice,
 Quot.sound]
'CloudG3.ActualCutTagRefinement.same_clock_complete_active_cut_refinement' depends on axioms: [propext,
 Classical.choice,
 Quot.sound]
'CloudG3.ActualCutTagRefinement.complete_raw_endpoint_eq_records' depends on axioms: [propext,
 Classical.choice,
 Quot.sound]
'CloudG3.ActualCutTagRefinement.same_clock_complete_endpoint_cut_refinement' depends on axioms: [propext,
 Classical.choice,
 Quot.sound]
'CloudG3.ActualCutTagRefinement.same_clock_complete_joint_readout_cut_refinement' depends on axioms: [propext,
 Classical.choice,
 Quot.sound]
'CloudG3.ActualCutJointLaw.tailTraceReadout' depends on axioms: [propext, Classical.choice, Quot.sound]
'CloudG3.ActualCutJointLaw.tail_trace_readout_measurable' depends on axioms: [propext, Classical.choice, Quot.sound]
'CloudG3.ActualCutJointLaw.cutCompleteReadout' depends on axioms: [propext, Classical.choice, Quot.sound]
'CloudG3.ActualCutJointLaw.cut_complete_readout_measurable' depends on axioms: [propext, Classical.choice, Quot.sound]
'CloudG3.ActualCutJointLaw.prefixTailReadout' depends on axioms: [propext, Classical.choice, Quot.sound]
'CloudG3.ActualCutJointLaw.prefix_tail_readout_measurable' depends on axioms: [propext, Classical.choice, Quot.sound]
'CloudG3.ActualCutJointLaw.complete_cut_fibre_joint_source_law' depends on axioms: [propext,
 Classical.choice,
 Quot.sound]
'CloudG3.ActualCutJointLaw.decoded_raw_endpoint_restrict' depends on axioms: [propext, Classical.choice, Quot.sound]
'CloudG3.ActualCalendarCutContext.segmentReadout' depends on axioms: [propext, Classical.choice, Quot.sound]
'CloudG3.ActualCalendarCutContext.calendarReadout' depends on axioms: [propext, Classical.choice, Quot.sound]
'CloudG3.ActualCalendarCutContext.completeReadout' depends on axioms: [propext, Classical.choice, Quot.sound]
'CloudG3.ActualCalendarCutContext.segment_readout_measurable' depends on axioms: [propext, Classical.choice, Quot.sound]
'CloudG3.ActualCalendarCutContext.calendar_readout_measurable' depends on axioms: [propext,
 Classical.choice,
 Quot.sound]
'CloudG3.ActualCalendarCutContext.complete_readout_measurable' depends on axioms: [propext,
 Classical.choice,
 Quot.sound]
'CloudG3.ActualCalendarCutContext.segmentJoint' depends on axioms: [propext, Classical.choice, Quot.sound]
'CloudG3.ActualCalendarCutContext.calendarJoint' depends on axioms: [propext, Classical.choice, Quot.sound]
'CloudG3.ActualCalendarCutContext.completedJoint' depends on axioms: [propext, Classical.choice, Quot.sound]
'CloudG3.ActualCalendarCutContext.tailJoint' depends on axioms: [propext, Classical.choice, Quot.sound]
'CloudG3.ActualCalendarCutContext.segment_joint_toMeasure' depends on axioms: [propext, Classical.choice, Quot.sound]
'CloudG3.ActualCalendarCutContext.calendar_joint_toMeasure' depends on axioms: [propext, Classical.choice, Quot.sound]
'CloudG3.ActualCalendarCutContext.completed_joint_toMeasure' depends on axioms: [propext, Classical.choice, Quot.sound]
'CloudG3.ActualCalendarCutContext.tail_joint_toMeasure' depends on axioms: [propext, Classical.choice, Quot.sound]
'CloudG3.ActualCalendarCutContext.finite_observed_fibre_kernel' depends on axioms: [propext,
 Classical.choice,
 Quot.sound]
'CloudG3.ActualCalendarCutContext.calendar_joint_cons' depends on axioms: [propext, Classical.choice, Quot.sound]
'CloudG3.ActualCalendarCutContext.completed_joint_bind_calendar' depends on axioms: [propext,
 Classical.choice,
 Quot.sound]
'CloudG3.ActualCalendarCutContext.tail_joint_cut_bind' depends on axioms: [propext, Classical.choice, Quot.sound]
'CloudG3.ActualCalendarCutContext.calendar_joint_nil' depends on axioms: [propext, Classical.choice, Quot.sound]
'CloudG3.ActualCalendarCutContext.program_duration_append' depends on axioms: [propext, Classical.choice, Quot.sound]
'CloudG3.ActualCalendarCutContext.calendar_joint_append' depends on axioms: [propext, Classical.choice, Quot.sound]
'CloudG3.ActualCalendarCutContext.calendar_joint_single' depends on axioms: [propext, Classical.choice, Quot.sound]
'CloudG3.ActualCalendarCutContext.actual_complete_calendar_cut_refinement' depends on axioms: [propext,
 Classical.choice,
 Quot.sound]
