{
  "augmented_states": [
    {
      "birth_order": 0,
      "id": "r",
      "root_prefix": true,
      "stage_index": 1,
      "state": {
        "aux": {
          "A": [
            "1/16",
            "643/4096"
          ],
          "L": [
            "1/16",
            "643/4096"
          ],
          "T": [
            "1533/8192",
            "771/4096"
          ]
        },
        "moments": {
          "AA1": [
            "36998497306592627875/73786976294838206464",
            "9249624326648156969/18446744073709551616"
          ],
          "AB1": [
            "32089746172657618701/73786976294838206464",
            "16044873086328809351/36893488147419103232"
          ],
          "AB2": [
            "15981402251060137357/73786976294838206464",
            "7990701125530068679/36893488147419103232"
          ],
          "AC1": [
            "7296858164724238239/18446744073709551616",
            "29187432658896952957/73786976294838206464"
          ],
          "AC2": [
            "6567268936711824459/36893488147419103232",
            "13134537873423648919/73786976294838206464"
          ],
          "BB1": [
            "9331581184910221681/18446744073709551616",
            "37326324739640886725/73786976294838206464"
          ],
          "BC1": [
            "15869601212286398117/36893488147419103232",
            "31739202424572796235/73786976294838206464"
          ],
          "BC2": [
            "1983895427200199705/9223372036854775808",
            "15871163417601597641/73786976294838206464"
          ],
          "CC1": [
            "10548534995588816771/18446744073709551616",
            "42194139982355267085/73786976294838206464"
          ]
        },
        "physical": {
          "g": [
            "1/6",
            "2/3"
          ],
          "h": [
            "1/32",
            "1/8"
          ],
          "rA": [
            "1/2",
            "6"
          ],
          "rAB": [
            "1/2",
            "6"
          ],
          "rB": [
            "1/2",
            "6"
          ],
          "rC": [
            "1/2",
            "6"
          ],
          "rR": [
            "2555/512",
            "1283/256"
          ],
          "u": [
            "1/32",
            "1/8"
          ],
          "v": [
            "1/32",
            "1/8"
          ]
        }
      },
      "status": "pending"
    }
  ],
  "details": {
    "authenticated_journal_bytes": 11933,
    "complete_numeric_replay": true,
    "cross_process_cache_reused": false,
    "exclusions": 0,
    "final_commit_sha256": "f864a619370c337e954040d68d746757c1b5581d42cd1d73d6c0d042b41a6289",
    "inflight_pre_state_retained": false,
    "journal_frames": 3,
    "resource_limited": false,
    "splits": 0,
    "stages_recomputed": 1,
    "stages_started": 1
  },
  "diagnostic_union_width_target_observed": false,
  "mode": "normal_validated",
  "model": "fixed-six-copy-clock-jc-nine-v1",
  "nonempty_cover": true,
  "parameter_accuracy_released": false,
  "physical_cover": [
    {
      "box": {
        "g": [
          "1/6",
          "2/3"
        ],
        "h": [
          "1/32",
          "1/8"
        ],
        "rA": [
          "1/2",
          "6"
        ],
        "rAB": [
          "1/2",
          "6"
        ],
        "rB": [
          "1/2",
          "6"
        ],
        "rC": [
          "1/2",
          "6"
        ],
        "rR": [
          "2555/512",
          "1283/256"
        ],
        "u": [
          "1/32",
          "1/8"
        ],
        "v": [
          "1/32",
          "1/8"
        ]
      },
      "id": "r"
    }
  ],
  "ranked_histories": null,
  "raw_feature_order": [
    "AC1",
    "AC2",
    "CC1",
    "BC1",
    "BC2",
    "AB1",
    "AB2",
    "AA1",
    "BB1"
  ],
  "recommended_history": null,
  "request_sha256": "62c196b4093b6625fedb067954d253e17025bfc3967e30afc7d62899db6d9ea3",
  "schema": "global-triangular-outer-cover-v1",
  "source_feasibility_certified": false,
  "statistical_coverage_verified": false,
  "status": "UNKNOWN_OUTER_COVER",
  "whole_union_width_target_met": false,
  "width_certificate_is_conditional_geometry_only": true,
  "widths": {
    "g": {
      "met": false,
      "normalized_ratio": "1",
      "original": "1/2",
      "pre_fixed": false,
      "tolerance": "1/40",
      "width": "1/2"
    },
    "h": {
      "met": false,
      "normalized_ratio": "1",
      "original": "3/32",
      "pre_fixed": false,
      "tolerance": "3/640",
      "width": "3/32"
    },
    "rA": {
      "met": false,
      "normalized_ratio": "1",
      "original": "11/2",
      "pre_fixed": false,
      "tolerance": "11/40",
      "width": "11/2"
    },
    "rAB": {
      "met": false,
      "normalized_ratio": "1",
      "original": "11/2",
      "pre_fixed": false,
      "tolerance": "11/40",
      "width": "11/2"
    },
    "rB": {
      "met": false,
      "normalized_ratio": "1",
      "original": "11/2",
      "pre_fixed": false,
      "tolerance": "11/40",
      "width": "11/2"
    },
    "rC": {
      "met": false,
      "normalized_ratio": "1",
      "original": "11/2",
      "pre_fixed": false,
      "tolerance": "11/40",
      "width": "11/2"
    },
    "rR": {
      "met": true,
      "normalized_ratio": "1/256",
      "original": "11/2",
      "pre_fixed": false,
      "tolerance": "11/40",
      "width": "11/512"
    },
    "u": {
      "met": false,
      "normalized_ratio": "1",
      "original": "3/32",
      "pre_fixed": false,
      "tolerance": "3/640",
      "width": "3/32"
    },
    "v": {
      "met": false,
      "normalized_ratio": "1",
      "original": "3/32",
      "pre_fixed": false,
      "tolerance": "3/640",
      "width": "3/32"
    }
  }
}
