/home/runner/work/_temp/g6-cloud-build/ActualFiniteCutJointLaw.lean:66:0: warning: automatically included section variable(s) unused in theorem `CloudG3.ActualFiniteCutJointLaw.same_clock_finite_joint_cut_refinement`:
  [Fintype Tag]
  [MeasurableSpace Tag]
  [MeasurableSingletonClass Tag]
consider restructuring your `variable` declarations so that the variables are not in scope or explicitly omit them:
  omit [Fintype Tag] [MeasurableSpace Tag] [MeasurableSingletonClass Tag] in theorem ...

Note: This linter can be disabled with `set_option linter.unusedSectionVars false`
/home/runner/work/_temp/g6-cloud-build/ActualFiniteCutJointLaw.lean:135:6: warning: Try this: 
  letI̵

The goal is a proposition, so `let` is preferred over `letI`.
The difference between `let` and `letI` is that `letI` inlines the value.
But this is not relevant for proofs because of proof irrelevance.

Note: This linter can be disabled with `set_option linter.style.haveILetI false`
/home/runner/work/_temp/g6-cloud-build/ActualFiniteCutJointLaw.lean:174:2: warning: Try this: 
  letI̵

The goal is a proposition, so `let` is preferred over `letI`.
The difference between `let` and `letI` is that `letI` inlines the value.
But this is not relevant for proofs because of proof irrelevance.

Note: This linter can be disabled with `set_option linter.style.haveILetI false`
/home/runner/work/_temp/g6-cloud-build/ActualFiniteCutJointLaw.lean:175:2: warning: Try this: 
  letI̵

The goal is a proposition, so `let` is preferred over `letI`.
The difference between `let` and `letI` is that `letI` inlines the value.
But this is not relevant for proofs because of proof irrelevance.

Note: This linter can be disabled with `set_option linter.style.haveILetI false`
'CloudG3.ActualFiniteCutJointLaw.cut_interval_readout_measurable' depends on axioms: [propext,
 Classical.choice,
 Quot.sound]
'CloudG3.ActualFiniteCutJointLaw.same_clock_finite_joint_cut_refinement' depends on axioms: [propext,
 Classical.choice,
 Quot.sound]
'CloudG3.ActualFiniteCutJointLaw.interval_cut_fibre_joint_source_law' depends on axioms: [propext,
 Classical.choice,
 Quot.sound]
'CloudG3.ActualFiniteCutJointLaw.interval_segment_joint_toMeasure' depends on axioms: [propext,
 Classical.choice,
 Quot.sound]
'CloudG3.ActualFiniteCutJointLaw.interval_joint_cut_bind' depends on axioms: [propext, Classical.choice, Quot.sound]
'CloudG3.ActualFiniteCutJointLaw.calendar_joint_interval_refinement' depends on axioms: [propext,
 Classical.choice,
 Quot.sound]
'CloudG3.ActualFiniteCutJointLaw.calendar_joint_refinement_in_context' depends on axioms: [propext,
 Classical.choice,
 Quot.sound]
