/home/runner/work/_temp/g6-cloud-build/UnifiedLean/G6/UpperMeanCommon.lean:52:10: warning: this tactic is never executed

Note: This linter can be disabled with `set_option linter.unreachableTactic false`
/home/runner/work/_temp/g6-cloud-build/UnifiedLean/G6/UpperMeanCommon.lean:52:10: warning: Unused tactic linter: `ring` does nothing

Note: This linter can be disabled with `set_option linter.unusedTactic false`
/home/runner/work/_temp/g6-cloud-build/UnifiedLean/G6/UpperMeanCommon.lean:128:4: warning: Used `tac1 <;> tac2` where `(tac1; tac2)` would suffice

Note: This linter can be disabled with `set_option linter.unnecessarySeqFocus false`
/home/runner/work/_temp/g6-cloud-build/UnifiedLean/G6/UpperMeanCommon.lean:152:10: warning: this tactic is never executed

Note: This linter can be disabled with `set_option linter.unreachableTactic false`
/home/runner/work/_temp/g6-cloud-build/UnifiedLean/G6/UpperMeanCommon.lean:158:10: warning: this tactic is never executed

Note: This linter can be disabled with `set_option linter.unreachableTactic false`
/home/runner/work/_temp/g6-cloud-build/UnifiedLean/G6/UpperMeanCommon.lean:152:10: warning: Unused tactic linter: `ring` does nothing

Note: This linter can be disabled with `set_option linter.unusedTactic false`
/home/runner/work/_temp/g6-cloud-build/UnifiedLean/G6/UpperMeanCommon.lean:158:10: warning: Unused tactic linter: `ring` does nothing

Note: This linter can be disabled with `set_option linter.unusedTactic false`
'UnifiedLean.G6.UpperMeanCommon.pow_succ_difference_le' depends on axioms: [propext, Classical.choice, Quot.sound]
'UnifiedLean.G6.UpperMeanCommon.taylorTerm_difference_succ_le' depends on axioms: [propext,
 Classical.choice,
 Quot.sound]
'UnifiedLean.G6.UpperMeanCommon.taylorPrefix_mono' depends on axioms: [propext, Classical.choice, Quot.sound]
'UnifiedLean.G6.UpperMeanCommon.taylorPrefix_difference_le' depends on axioms: [propext, Classical.choice, Quot.sound]
'UnifiedLean.G6.UpperMeanCommon.upperDenominator_pos' depends on axioms: [propext, Classical.choice, Quot.sound]
'UnifiedLean.G6.UpperMeanCommon.upperCommonMass_bounds' depends on axioms: [propext, Classical.choice, Quot.sound]
'UnifiedLean.G6.UpperMeanCommon.upperCommonMass_le_prefixMass' depends on axioms: [propext,
 Classical.choice,
 Quot.sound]
'UnifiedLean.G6.UpperMeanCommon.upperCommonMass_deficit_le' depends on axioms: [propext, Classical.choice, Quot.sound]
'UnifiedLean.G6.UpperMeanCommon.upperCommonMass_count_domination' depends on axioms: [propext,
 Classical.choice,
 Quot.sound]
