G1UnrankedTreeClusterUniqueness.lean:28:0: warning: automatically included section variable(s) unused in theorem `G1UnrankedTreeClusterUniqueness.disjoint_union_ne_left`:
  [Fintype X]
consider restructuring your `variable` declarations so that the variables are not in scope or explicitly omit them:
  omit [Fintype X] in theorem ...

Note: This linter can be disabled with `set_option linter.unusedSectionVars false`
G1UnrankedTreeClusterUniqueness.lean:41:0: warning: automatically included section variable(s) unused in theorem `G1UnrankedTreeClusterUniqueness.two_child_alignment`:
  [Fintype X]
consider restructuring your `variable` declarations so that the variables are not in scope or explicitly omit them:
  omit [Fintype X] in theorem ...

Note: This linter can be disabled with `set_option linter.unusedSectionVars false`
G1UnrankedTreeClusterUniqueness.lean:42:5: warning: Variable name `ha` is not explicitly referenced.

Hint: The binding can be removed (if unused) or named `_` (if used implicitly). Alternatively, prefix the name with `_` to silence this warning:
  [apply] _ha

Note: This linter can be disabled with `set_option linter.unusedVariables false`
G1UnrankedTreeClusterUniqueness.lean:42:23: warning: Variable name `hb` is not explicitly referenced.

Hint: The binding can be removed (if unused) or named `_` (if used implicitly). Alternatively, prefix the name with `_` to silence this warning:
  [apply] _hb

Note: This linter can be disabled with `set_option linter.unusedVariables false`
G1UnrankedTreeClusterUniqueness.lean:43:5: warning: Variable name `hab` is not explicitly referenced.

Hint: The binding can be removed (if unused) or named `_` (if used implicitly). Alternatively, prefix the name with `_` to silence this warning:
  [apply] _hab

Note: This linter can be disabled with `set_option linter.unusedVariables false`
'G1UnrankedTreeClusterUniqueness.actual_tree_clusters_determine_unranked' depends on axioms: [propext,
 Classical.choice,
 Quot.sound]
