G6NaturalCellInverseRates.lean:108:0: warning: automatically included section variable(s) unused in theorem `UnifiedLean.G6.NaturalCellInverseRates.constructed_pair_rate`:
  [Fintype E]
  [DecidableEq E]
consider restructuring your `variable` declarations so that the variables are not in scope or explicitly omit them:
  omit [Fintype E] [DecidableEq E] in theorem ...

Note: This linter can be disabled with `set_option linter.unusedSectionVars false`
G6NaturalCellInverseRates.lean:138:0: warning: automatically included section variable(s) unused in theorem `UnifiedLean.G6.NaturalCellInverseRates.all_hazard_cells_iff`:
  [Fintype V]
  [DecidableEq V]
consider restructuring your `variable` declarations so that the variables are not in scope or explicitly omit them:
  omit [Fintype V] [DecidableEq V] in theorem ...

Note: This linter can be disabled with `set_option linter.unusedSectionVars false`
'UnifiedLean.G6.NaturalCellInverseRates.interval_div_iff' depends on axioms: [propext, Classical.choice, Quot.sound]
'UnifiedLean.G6.NaturalCellInverseRates.interval_rate_iff' depends on axioms: [propext, Classical.choice, Quot.sound]
'UnifiedLean.G6.NaturalCellInverseRates.inverse_bank_pos' depends on axioms: [propext, Classical.choice, Quot.sound]
'UnifiedLean.G6.NaturalCellInverseRates.constructed_pair_rate' depends on axioms: [propext,
 Classical.choice,
 Quot.sound]
'UnifiedLean.G6.NaturalCellInverseRates.reconstructed_inverse_bank' depends on axioms: [propext,
 Classical.choice,
 Quot.sound]
'UnifiedLean.G6.NaturalCellInverseRates.all_hazard_cells_iff' depends on axioms: [propext, Classical.choice, Quot.sound]
'UnifiedLean.G6.NaturalCellInverseRates.reconstructed_bank_satisfies' depends on axioms: [propext,
 Classical.choice,
 Quot.sound]
'UnifiedLean.G6.NaturalCellInverseRates.original_cell_iff_inverse' depends on axioms: [propext,
 Classical.choice,
 Quot.sound]
