{
  "augmented_states": [
    {
      "birth_order": 0,
      "id": "r",
      "root_prefix": true,
      "stage_index": 8,
      "state": {
        "aux": {
          "A": [
            "648455573124485371310268655226449/5192296858534827628530496329220096",
            "1393816244054324213774132761751627646190979/11150372599265311570767859136324180752990208"
          ],
          "L": [
            "36893488147419099475/295147905179352825856",
            "36893488147419111463/295147905179352825856"
          ],
          "T": [
            "1729382256910270461/9223372036854775808",
            "55340232221128654887/295147905179352825856"
          ]
        },
        "moments": {
          "AA1": [
            "31622989840644945627/73786976294838206464",
            "7905747460161236407/18446744073709551616"
          ],
          "AB1": [
            "10749672933281695819/36893488147419103232",
            "21499345866563391639/73786976294838206464"
          ],
          "AB2": [
            "9355609562538138945/73786976294838206464",
            "4677804781269069473/36893488147419103232"
          ],
          "AC1": [
            "19180312890132283371/73786976294838206464",
            "4795078222533070843/18446744073709551616"
          ],
          "AC2": [
            "7403103165020602117/73786976294838206464",
            "3701551582510301059/36893488147419103232"
          ],
          "BB1": [
            "14323414896554548067/36893488147419103232",
            "28646829793109096135/73786976294838206464"
          ],
          "BC1": [
            "5427409063897672117/18446744073709551616",
            "21709636255590688469/73786976294838206464"
          ],
          "BC2": [
            "2435456864499286871/18446744073709551616",
            "9741827457997147485/73786976294838206464"
          ],
          "CC1": [
            "31622989840644945627/73786976294838206464",
            "7905747460161236407/18446744073709551616"
          ]
        },
        "physical": {
          "g": [
            "402975273204876281556483/1208925819614629174706176",
            "201487636602438221335867/604462909807314587353088"
          ],
          "h": [
            "2251799813685247/36028797018963968",
            "18446744073709555277/295147905179352825856"
          ],
          "rA": [
            "17145041401/8589934592",
            "9248558689303120277/4611686018427387904"
          ],
          "rAB": [
            "8570780649/4294967296",
            "18447393125774786661/9223372036854775808"
          ],
          "rB": [
            "536272931/268435456",
            "2309300764620501801/1152921504606846976"
          ],
          "rC": [
            "4611686018427387901/2305843009213693952",
            "9223372036854775813/4611686018427387904"
          ],
          "rR": [
            "4611686018427387901/2305843009213693952",
            "9223372036854775813/4611686018427387904"
          ],
          "u": [
            "323937019466058580122119526043217/5192296858534827628530496329220096",
            "696917956600242550086151387076435073910147/11150372599265311570767859136324180752990208"
          ],
          "v": [
            "696878618307921702118063367465268720876157/11150372599265311570767859136324180752990208",
            "325100087850794809725294662234543/5192296858534827628530496329220096"
          ]
        }
      },
      "status": "pending"
    }
  ],
  "details": {
    "authenticated_journal_bytes": 464147,
    "complete_numeric_replay": true,
    "cross_process_cache_reused": false,
    "exclusions": 0,
    "final_commit_sha256": "0a7cc25e92b06ebbfbc044caf8ba4890b21237036e9c657dda7d6ed48a6b90e9",
    "inflight_pre_state_retained": false,
    "journal_frames": 17,
    "resource_limited": false,
    "splits": 0,
    "stages_recomputed": 8,
    "stages_started": 8
  },
  "diagnostic_union_width_target_observed": true,
  "mode": "normal_validated",
  "model": "fixed-six-copy-clock-jc-nine-v1",
  "nonempty_cover": true,
  "parameter_accuracy_released": false,
  "physical_cover": [
    {
      "box": {
        "g": [
          "402975273204876281556483/1208925819614629174706176",
          "201487636602438221335867/604462909807314587353088"
        ],
        "h": [
          "2251799813685247/36028797018963968",
          "18446744073709555277/295147905179352825856"
        ],
        "rA": [
          "17145041401/8589934592",
          "9248558689303120277/4611686018427387904"
        ],
        "rAB": [
          "8570780649/4294967296",
          "18447393125774786661/9223372036854775808"
        ],
        "rB": [
          "536272931/268435456",
          "2309300764620501801/1152921504606846976"
        ],
        "rC": [
          "4611686018427387901/2305843009213693952",
          "9223372036854775813/4611686018427387904"
        ],
        "rR": [
          "4611686018427387901/2305843009213693952",
          "9223372036854775813/4611686018427387904"
        ],
        "u": [
          "323937019466058580122119526043217/5192296858534827628530496329220096",
          "696917956600242550086151387076435073910147/11150372599265311570767859136324180752990208"
        ],
        "v": [
          "696878618307921702118063367465268720876157/11150372599265311570767859136324180752990208",
          "325100087850794809725294662234543/5192296858534827628530496329220096"
        ]
      },
      "id": "r"
    }
  ],
  "ranked_histories": null,
  "raw_feature_order": [
    "AC1",
    "AC2",
    "CC1",
    "BC1",
    "BC2",
    "AB1",
    "AB2",
    "AA1",
    "BB1"
  ],
  "recommended_history": null,
  "request_sha256": "c2e23ae91322c17df3b6af219eebdce4337ae57503f73b3673b51cdf93ed7fc7",
  "schema": "global-triangular-outer-cover-v1",
  "source_feasibility_certified": false,
  "statistical_coverage_verified": false,
  "status": "CONDITIONAL_UNION_WIDTH_CERTIFIED",
  "whole_union_width_target_met": true,
  "width_certificate_is_conditional_geometry_only": true,
  "widths": {
    "g": {
      "met": true,
      "normalized_ratio": "161115251/604462909807314587353088",
      "original": "1/2",
      "pre_fixed": false,
      "tolerance": "1/40",
      "width": "161115251/1208925819614629174706176"
    },
    "h": {
      "met": true,
      "normalized_ratio": "3951/9223372036854775808",
      "original": "3/32",
      "pre_fixed": false,
      "tolerance": "3/640",
      "width": "11853/295147905179352825856"
    },
    "rA": {
      "met": true,
      "normalized_ratio": "3989516006408415/2305843009213693952",
      "original": "11/2",
      "pre_fixed": false,
      "tolerance": "11/40",
      "width": "43884676070492565/4611686018427387904"
    },
    "rAB": {
      "met": true,
      "normalized_ratio": "3798348313859919/4611686018427387904",
      "original": "11/2",
      "pre_fixed": false,
      "tolerance": "11/40",
      "width": "41781831452459109/9223372036854775808"
    },
    "rB": {
      "met": true,
      "normalized_ratio": "547824022312475/576460752303423488",
      "original": "11/2",
      "pre_fixed": false,
      "tolerance": "11/40",
      "width": "6026064245437225/1152921504606846976"
    },
    "rC": {
      "met": true,
      "normalized_ratio": "1/2305843009213693952",
      "original": "11/2",
      "pre_fixed": false,
      "tolerance": "11/40",
      "width": "11/4611686018427387904"
    },
    "rR": {
      "met": true,
      "normalized_ratio": "1/2305843009213693952",
      "original": "11/2",
      "pre_fixed": false,
      "tolerance": "11/40",
      "width": "11/4611686018427387904"
    },
    "u": {
      "met": true,
      "normalized_ratio": "422834771674686087933953932372141698177/348449143727040986586495598010130648530944",
      "original": "3/32",
      "pre_fixed": false,
      "tolerance": "3/640",
      "width": "1268504315024058263801861797116425094531/11150372599265311570767859136324180752990208"
    },
    "v": {
      "met": true,
      "normalized_ratio": "422834771674538523426097221698504125569/348449143727040986586495598010130648530944",
      "original": "3/32",
      "pre_fixed": false,
      "tolerance": "3/640",
      "width": "1268504315023615570278291665095512376707/11150372599265311570767859136324180752990208"
    }
  }
}
