{
  "certificate_issued": false,
  "checkpoint": "state-000016-0a7cc25e92b06ebbfbc044caf8ba4890b21237036e9c657dda7d6ed48a6b90e9.json",
  "requires_independent_complete_chain_replay": true,
  "schema": "global-triangular-worker-outcome-v1",
  "splits": 0,
  "stages_started": 8,
  "stop_reason": "whole_union_width_target_met",
  "whole_union_width_goal_observed": true,
  "widths": {
    "g": {
      "met": true,
      "normalized_ratio": "161115251/604462909807314587353088",
      "original": "1/2",
      "pre_fixed": false,
      "tolerance": "1/40",
      "width": "161115251/1208925819614629174706176"
    },
    "h": {
      "met": true,
      "normalized_ratio": "3951/9223372036854775808",
      "original": "3/32",
      "pre_fixed": false,
      "tolerance": "3/640",
      "width": "11853/295147905179352825856"
    },
    "rA": {
      "met": true,
      "normalized_ratio": "3989516006408415/2305843009213693952",
      "original": "11/2",
      "pre_fixed": false,
      "tolerance": "11/40",
      "width": "43884676070492565/4611686018427387904"
    },
    "rAB": {
      "met": true,
      "normalized_ratio": "3798348313859919/4611686018427387904",
      "original": "11/2",
      "pre_fixed": false,
      "tolerance": "11/40",
      "width": "41781831452459109/9223372036854775808"
    },
    "rB": {
      "met": true,
      "normalized_ratio": "547824022312475/576460752303423488",
      "original": "11/2",
      "pre_fixed": false,
      "tolerance": "11/40",
      "width": "6026064245437225/1152921504606846976"
    },
    "rC": {
      "met": true,
      "normalized_ratio": "1/2305843009213693952",
      "original": "11/2",
      "pre_fixed": false,
      "tolerance": "11/40",
      "width": "11/4611686018427387904"
    },
    "rR": {
      "met": true,
      "normalized_ratio": "1/2305843009213693952",
      "original": "11/2",
      "pre_fixed": false,
      "tolerance": "11/40",
      "width": "11/4611686018427387904"
    },
    "u": {
      "met": true,
      "normalized_ratio": "422834771674686087933953932372141698177/348449143727040986586495598010130648530944",
      "original": "3/32",
      "pre_fixed": false,
      "tolerance": "3/640",
      "width": "1268504315024058263801861797116425094531/11150372599265311570767859136324180752990208"
    },
    "v": {
      "met": true,
      "normalized_ratio": "422834771674538523426097221698504125569/348449143727040986586495598010130648530944",
      "original": "3/32",
      "pre_fixed": false,
      "tolerance": "3/640",
      "width": "1268504315023615570278291665095512376707/11150372599265311570767859136324180752990208"
    }
  }
}
