ordinary-current-targets exit 0 seconds 1.149
guard-NanuqActualBridgeQuartetResolution exit 0 seconds 1.865
guard-NanuqActualQuartetPortBranching exit 0 seconds 1.736
guard-NanuqCutWalkLocality exit 0 seconds 1.664
guard-NanuqActualPortCutFibre exit 0 seconds 1.848
guard-NanuqActualQuartetCutLocality exit 0 seconds 2.048
guard-NanuqActualQuartetCutLocalization exit 0 seconds 1.941
guard-NanuqActualFourPortInvariance exit 0 seconds 2.092
guard-NanuqActualBlobInternalPaths exit 0 seconds 1.832
guard-NanuqActualSelectedBlobGraph exit 0 seconds 1.998
guard-NanuqActualBlobSwitchingRestriction exit 0 seconds 2.248
audit-Owned exit 0 seconds 2.503
Owned 86 66
audit-Closure exit 0 seconds 2.629
Closure 675 470
audit-GuardedOwned exit 0 seconds 2.789
GuardedOwned 86 66
audit-GuardedClosure exit 0 seconds 2.849
GuardedClosure 675 470
default-current-after-guards exit 0 seconds 1.146
TEN_CERTIFICATION_TERMINAL_PASS
