ordinary-current-targets exit 0 seconds 8.666
exact-kernel-guard-reuse NanuqActualBridgeQuartetResolution
exact-kernel-guard-reuse NanuqActualQuartetPortBranching
exact-kernel-guard-reuse NanuqCutWalkLocality
exact-kernel-guard-reuse NanuqActualPortCutFibre
exact-kernel-guard-reuse NanuqActualQuartetCutLocality
exact-kernel-guard-reuse NanuqActualQuartetCutLocalization
exact-kernel-guard-reuse NanuqActualFourPortInvariance
exact-kernel-guard-reuse NanuqActualBlobInternalPaths
exact-kernel-guard-reuse NanuqActualSelectedBlobGraph
exact-kernel-guard-reuse NanuqActualBlobSwitchingRestriction
exact-kernel-guard-reuse NanuqActualPortLeafCap
exact-kernel-guard-reuse NanuqActualCappedBlobCutReadout
exact-kernel-guard-reuse NanuqActualCappedQuartetReadout
exact-kernel-guard-reuse NanuqEdgeOccurrenceReadoutEquiv
exact-kernel-guard-reuse NanuqActualLocalChoiceCapGraph
exact-kernel-guard-reuse NanuqActualLocalChoiceQuartetMean
guard-NanuqActualRootedCapBoundary exit 0 seconds 2.4
guard-NanuqActualRootedCapIncidence exit 0 seconds 2.279
guard-NanuqActualRootedCapDegrees exit 0 seconds 2.1
guard-NanuqActualRootedCapPaths exit 0 seconds 2.063
guard-NanuqActualRootedCapAdmission exit 0 seconds 2.04
audit-Owned exit 0 seconds 2.649
Owned 248 195
audit-Closure exit 0 seconds 2.757
Closure 837 599
audit-GuardedOwned exit 0 seconds 2.837
GuardedOwned 248 195
audit-GuardedClosure exit 0 seconds 2.825
GuardedClosure 837 599
default-current-after-guards exit 0 seconds 1.165
TWENTYONE_CERTIFICATION_TERMINAL_PASS
