ordinary-current-targets exit 0 seconds 1.097
guard-NanuqActualBridgeQuartetResolution exit 0 seconds 1.808
guard-NanuqActualQuartetPortBranching exit 0 seconds 1.81
guard-NanuqCutWalkLocality exit 0 seconds 1.587
guard-NanuqActualPortCutFibre exit 0 seconds 1.821
guard-NanuqActualQuartetCutLocality exit 0 seconds 2.09
guard-NanuqActualQuartetCutLocalization exit 0 seconds 1.897
guard-NanuqActualFourPortInvariance exit 0 seconds 1.926
guard-NanuqActualBlobInternalPaths exit 0 seconds 1.871
guard-NanuqActualSelectedBlobGraph exit 0 seconds 1.938
guard-NanuqActualBlobSwitchingRestriction exit 0 seconds 2.128
guard-NanuqActualPortLeafCap exit 0 seconds 1.895
guard-NanuqActualCappedBlobCutReadout exit 0 seconds 1.975
guard-NanuqActualCappedQuartetReadout exit 0 seconds 2.561
guard-NanuqEdgeOccurrenceReadoutEquiv exit 0 seconds 1.844
guard-NanuqActualLocalChoiceCapGraph exit 0 seconds 1.88
guard-NanuqActualLocalChoiceQuartetMean exit 0 seconds 1.835
audit-Owned exit 0 seconds 2.593
Owned 149 115
audit-Closure exit 0 seconds 2.821
Closure 738 519
audit-GuardedOwned exit 0 seconds 2.616
GuardedOwned 149 115
audit-GuardedClosure exit 0 seconds 2.729
GuardedClosure 738 519
default-current-after-guards exit 0 seconds 1.123
SIXTEEN_CERTIFICATION_TERMINAL_PASS
