ordinary-current-targets exit 0 seconds 1.264
guard-NanuqActualBridgeQuartetResolution exit 0 seconds 1.925
guard-NanuqActualQuartetPortBranching exit 0 seconds 1.893
guard-NanuqCutWalkLocality exit 0 seconds 1.7
guard-NanuqActualPortCutFibre exit 0 seconds 1.892
guard-NanuqActualQuartetCutLocality exit 0 seconds 2.078
guard-NanuqActualQuartetCutLocalization exit 0 seconds 2.028
guard-NanuqActualFourPortInvariance exit 0 seconds 1.97
guard-NanuqActualBlobInternalPaths exit 0 seconds 1.913
guard-NanuqActualSelectedBlobGraph exit 0 seconds 1.978
guard-NanuqActualBlobSwitchingRestriction exit 0 seconds 2.122
guard-NanuqActualPortLeafCap exit 0 seconds 1.911
guard-NanuqActualCappedBlobCutReadout exit 0 seconds 2.053
guard-NanuqActualCappedQuartetReadout exit 0 seconds 2.519
audit-Owned exit 0 seconds 2.766
Owned 113 87
audit-Closure exit 0 seconds 2.664
Closure 702 491
audit-GuardedOwned exit 0 seconds 2.638
GuardedOwned 113 87
audit-GuardedClosure exit 0 seconds 2.794
GuardedClosure 702 491
default-current-after-guards exit 0 seconds 1.12
THIRTEEN_CERTIFICATION_TERMINAL_PASS
