TARGET QuartetSemantics EXIT 0
TARGET QuartetComposition EXIT 0
TARGET QuartetCompositionDependent EXIT 0
TARGET WeightedAnchor EXIT 0
TARGET WeightedCoefficients EXIT 0
TARGET WeightedOrderedPairs EXIT 0
TARGET WeightedSource EXIT 0
TARGET SourceCompositionBridge EXIT 0
TARGET AnchorComposition EXIT 0
TARGET AnchorPortPatterns EXIT 0
TARGET AnchorPortCounts EXIT 0
TARGET AnchorPortFibers EXIT 0
TARGET SourceNetwork EXIT 0
TARGET G2LiveLineageRouting EXIT 0
TARGET GraphLeaves EXIT 0
TARGET GraphCuts EXIT 0
TARGET G5MinimalGraphInterface EXIT 0
TARGET G6BridgeCannotEnterHybrid EXIT 0
TARGET GraphBlobs EXIT 0
TARGET GraphBridgeSplits EXIT 0
TARGET GraphSwitching EXIT 0
TARGET GraphBlobOrientation EXIT 0
TARGET GraphBlobLeaves EXIT 0
TARGET GraphSwitchingDegree EXIT 0
TARGET GraphQuartetExistence EXIT 0
TARGET GraphTreePorts EXIT 0
TARGET GraphPorts EXIT 0
TARGET GraphBlobPorts EXIT 0
TARGET GraphPortConsequences EXIT 0
TARGET GraphBlobMedian EXIT 0
TARGET GraphGalls EXIT 0
TARGET GraphPortTransport EXIT 0
TARGET GraphMedianUnique EXIT 0
TARGET GraphPortFibers EXIT 0
TARGET SourceQuartetRelation EXIT 0
TARGET GraphSwitchingExistence EXIT 0
TARGET GraphSwitchingFinite EXIT 0
TARGET GraphSwitchingCuts EXIT 0
TARGET SourceResolve EXIT 0
TARGET GraphQuartetBridge EXIT 0
TARGET RawSourceAnchorLocalization EXIT 0
TARGET NanuqActualQuartetPortBranching EXIT 0
TARGET NanuqActualBridgeQuartetResolution EXIT 1
