{
  "status": "PASS",
  "receipt": "/workspace/cloud-gmp-provenance-sol/research/2026-10-08-cloud-gmp-provenance-sol-0035z/results/provenance.json",
  "error": null,
  "source_before_after_equal": true,
  "positive_taylor_truth_gate": {
    "oracle_sha256": "5d57db79b1df9bf1a29f07f05d15dd35b6ac0f5f2584c7aac63e4088c3c15ba3",
    "n": 160,
    "requested": [
      "1/64",
      "1",
      "37/8",
      "55/2"
    ],
    "found": [
      "1"
    ],
    "missing": [
      "1/64",
      "37/8",
      "55/2"
    ],
    "native_calls_added": 0,
    "status": "PENDING",
    "oracle_executed": false,
    "reason": "All four requested cases must already be in the unchanged corpus; no fixture additions"
  }
}
