{
  "all_cells_meet_requested_mesh": false,
  "all_nine_coordinates": [
    "h",
    "u",
    "v",
    "rA",
    "rB",
    "rC",
    "rAB",
    "rR",
    "g"
  ],
  "cell_mesh_sup_width": "4",
  "conditional_coverage": "Contains every x in the authenticated original box whose330 true feature means satisfy all supplied intervals. A probability guarantee requires separate source/data/interval admission.",
  "details": {
    "checkpoint_sha256": "5f476831b34b2fccc807e3005a6d7030b636e1e27e9d87fcec8c07b45539a6a0",
    "evaluations_started": 1,
    "exclusion_witnesses_recomputed": 0,
    "inflight_cell_included": false,
    "inherited_exclusions": false,
    "original_request_authenticated": true,
    "split_count": 0
  },
  "diameter_is_only_geometric": true,
  "mode": "normal_validated",
  "model": "fixed-six-copy-clock-jc-330-v1",
  "parameter_accuracy_released": false,
  "quantity": "shifted_bernoulli_character_mean",
  "ranked_histories": null,
  "recommended_history": null,
  "request_sha256": "0f4081671ad5aafb45d24e04124195734b3f3652d290c19a46c4624f9be07719",
  "retained_cover": [
    {
      "box": {
        "g": [
          "1/5",
          "4/5"
        ],
        "h": [
          "1/16",
          "1/8"
        ],
        "rA": [
          "1",
          "5"
        ],
        "rAB": [
          "1",
          "5"
        ],
        "rB": [
          "1",
          "5"
        ],
        "rC": [
          "1",
          "5"
        ],
        "rR": [
          "1",
          "5"
        ],
        "u": [
          "1/16",
          "1/8"
        ],
        "v": [
          "1/16",
          "1/8"
        ]
      },
      "id": "r",
      "status": "split_budget"
    }
  ],
  "schema": "bounded-msci-outer-cover-v1",
  "statistical_coverage_verified": false,
  "status": "UNKNOWN_OUTER_COVER",
  "union_sup_diameter": "4"
}
