{
  "schema": "unknown-size-common-intervention-certificate-v1",
  "source_contract": "positive-rooted-LSA-outer-labelled-planar-cut-child-common-product-register-v1",
  "request_sha256": "d2982ef5dd2eef785dbf651c2de93a9df39c5d6ef5a48313fc9f674cdb9c2095",
  "protected_original_site": "H0",
  "coordinate_order": [
    [
      "original-quartet",
      "01|23"
    ],
    [
      "original-quartet",
      "02|13"
    ],
    [
      "original-quartet",
      "03|12"
    ]
  ],
  "rule": "For ONE SAME0<gamma_H<1, natural=gamma_H*force0+(1-gamma_H)*force1 in EVERY profile/coordinate.",
  "graph_size_bound_used": false,
  "catalogue_enumeration_used": false,
  "exact_check": "Python Fraction arithmetic; no backend QE",
  "empirical_admission_claimed": false,
  "Lean_certification_claimed": false,
  "general_G3_stopping_claimed": false,
  "status": "GLOBAL_UNKNOWN_SIZE_UNSAT_FOR_DECLARED_COMMON_MODEL",
  "common_component_status": "GLOBAL_UNKNOWN_SIZE_UNSAT",
  "proof": {
    "kind": "NONZERO_SHARED_PARAMETER_MINOR",
    "coordinates": [
      0,
      1
    ],
    "minor_value": "1/18"
  },
  "independent_component_status": "NOT_REQUESTED"
}
