{
  "certificate_issued": false,
  "checkpoint": "state-000000-a7d42ea7f24826fa82310f78d008471c2edea2ce262cfa4e741a902d4e375281.json",
  "requires_independent_complete_chain_replay": true,
  "schema": "global-triangular-worker-outcome-v1",
  "splits": 0,
  "stages_started": 0,
  "stop_reason": "stage_budget",
  "whole_union_width_goal_observed": false,
  "widths": {
    "g": {
      "met": false,
      "normalized_ratio": "1",
      "original": "1/2",
      "pre_fixed": false,
      "tolerance": "1/40",
      "width": "1/2"
    },
    "h": {
      "met": false,
      "normalized_ratio": "1",
      "original": "3/32",
      "pre_fixed": false,
      "tolerance": "3/640",
      "width": "3/32"
    },
    "rA": {
      "met": false,
      "normalized_ratio": "1",
      "original": "11/2",
      "pre_fixed": false,
      "tolerance": "11/40",
      "width": "11/2"
    },
    "rAB": {
      "met": false,
      "normalized_ratio": "1",
      "original": "11/2",
      "pre_fixed": false,
      "tolerance": "11/40",
      "width": "11/2"
    },
    "rB": {
      "met": false,
      "normalized_ratio": "1",
      "original": "11/2",
      "pre_fixed": false,
      "tolerance": "11/40",
      "width": "11/2"
    },
    "rC": {
      "met": false,
      "normalized_ratio": "1",
      "original": "11/2",
      "pre_fixed": false,
      "tolerance": "11/40",
      "width": "11/2"
    },
    "rR": {
      "met": false,
      "normalized_ratio": "1",
      "original": "11/2",
      "pre_fixed": false,
      "tolerance": "11/40",
      "width": "11/2"
    },
    "u": {
      "met": false,
      "normalized_ratio": "1",
      "original": "3/32",
      "pre_fixed": false,
      "tolerance": "3/640",
      "width": "3/32"
    },
    "v": {
      "met": false,
      "normalized_ratio": "1",
      "original": "3/32",
      "pre_fixed": false,
      "tolerance": "3/640",
      "width": "3/32"
    }
  }
}
