UnifiedLean/Source/SourceInitializedCalendar.lean:39:0: warning: automatically included section variable(s) unused in theorem `UnifiedLean.Source.SourceInitializedCalendar.after_nodes_to_epoch`:
  [DecidableEq E]
  [Fintype Copy]
consider restructuring your `variable` declarations so that the variables are not in scope or explicitly omit them:
  omit [DecidableEq E] [Fintype Copy] in theorem ...

Note: This linter can be disabled with `set_option linter.unusedSectionVars false`
UnifiedLean/Source/SourceInitializedCalendar.lean:53:0: warning: automatically included section variable(s) unused in theorem `UnifiedLean.Source.SourceInitializedCalendar.epoch_to_next_ready`:
  [DecidableEq E]
  [Fintype Copy]
consider restructuring your `variable` declarations so that the variables are not in scope or explicitly omit them:
  omit [DecidableEq E] [Fintype Copy] in theorem ...

Note: This linter can be disabled with `set_option linter.unusedSectionVars false`
'UnifiedLean.Source.SourceInitializedCalendar.after_nodes_to_epoch' depends on axioms: [propext,
 Classical.choice,
 Quot.sound]
'UnifiedLean.Source.SourceInitializedCalendar.actual_calendar_tail_support' depends on axioms: [propext,
 Classical.choice,
 Quot.sound]
'UnifiedLean.Source.SourceInitializedCalendar.initialized_original_calendar_ancestral_support' depends on axioms: [propext,
 Classical.choice,
 Quot.sound]
