UnifiedLean/Source/SourceCalendarTiming.lean:20:0: warning: automatically included section variable(s) unused in theorem `UnifiedLean.Source.SourceCalendarTiming.original_dates_strict`:
  [DecidableEq E]
consider restructuring your `variable` declarations so that the variables are not in scope or explicitly omit them:
  omit [DecidableEq E] in theorem ...

Note: This linter can be disabled with `set_option linter.unusedSectionVars false`
UnifiedLean/Source/SourceCalendarTiming.lean:34:0: warning: automatically included section variable(s) unused in theorem `UnifiedLean.Source.SourceCalendarTiming.original_root_latest`:
  [DecidableEq E]
consider restructuring your `variable` declarations so that the variables are not in scope or explicitly omit them:
  omit [DecidableEq E] in theorem ...

Note: This linter can be disabled with `set_option linter.unusedSectionVars false`
'UnifiedLean.Source.SourceCalendarTiming.original_dates_strict' depends on axioms: [propext,
 Classical.choice,
 Quot.sound]
'UnifiedLean.Source.SourceCalendarTiming.actual_consecutive_duration' depends on axioms: [propext,
 Classical.choice,
 Quot.sound]
'UnifiedLean.Source.SourceCalendarTiming.last_original_date_is_root' depends on axioms: [propext,
 Classical.choice,
 Quot.sound]
'UnifiedLean.Source.SourceCalendarTiming.first_compiled_date_is_initial_boundary' depends on axioms: [propext,
 Classical.choice,
 Quot.sound]
