UnifiedLean/Source/UniformizedSourceStep.lean:37:0: warning: automatically included section variable(s) unused in theorem `UnifiedLean.Source.UniformizedSourceStep.originalPlace_not_node`:
  [DecidableEq E]
consider restructuring your `variable` declarations so that the variables are not in scope or explicitly omit them:
  omit [DecidableEq E] in theorem ...

Note: This linter can be disabled with `set_option linter.unusedSectionVars false`
UnifiedLean/Source/UniformizedSourceStep.lean:60:0: warning: automatically included section variable(s) unused in theorem `UnifiedLean.Source.UniformizedSourceStep.globalRateBound_positive`:
  [DecidableEq Copy]
consider restructuring your `variable` declarations so that the variables are not in scope or explicitly omit them:
  omit [DecidableEq Copy] in theorem ...

Note: This linter can be disabled with `set_option linter.unusedSectionVars false`
UnifiedLean/Source/UniformizedSourceStep.lean:67:0: warning: automatically included section variable(s) unused in theorem `UnifiedLean.Source.UniformizedSourceStep.totalRate_nonnegative`:
  [Fintype Copy]
consider restructuring your `variable` declarations so that the variables are not in scope or explicitly omit them:
  omit [Fintype Copy] in theorem ...

Note: This linter can be disabled with `set_option linter.unusedSectionVars false`
'UnifiedLean.Source.UniformizedSourceStep.totalRate_le_globalRateBound' depends on axioms: [propext,
 Classical.choice,
 Quot.sound]
'UnifiedLean.Source.UniformizedSourceStep.choiceMass_nonnegative' depends on axioms: [propext,
 Classical.choice,
 Quot.sound]
'UnifiedLean.Source.UniformizedSourceStep.choiceMass_normalized' depends on axioms: [propext,
 Classical.choice,
 Quot.sound]
'UnifiedLean.Source.UniformizedSourceStep.sourceStep' depends on axioms: [propext, Classical.choice, Quot.sound]
