UnifiedLean/Source/SourceWinningClockReset.lean:54:28: warning: `Set.setOf_and` has been deprecated: Use `Set.ofPred_and` instead
UnifiedLean/Source/SourceWinningClockReset.lean:54:42: warning: `Set.setOf_forall` has been deprecated: Use `Set.ofPred_forall` instead
UnifiedLean/Source/SourceWinningClockReset.lean:49:0: warning: automatically included section variable(s) unused in theorem `UnifiedLean.Source.SourceWinningClockReset.measurable_winningRegion`:
  [DecidableEq I]
consider restructuring your `variable` declarations so that the variables are not in scope or explicitly omit them:
  omit [DecidableEq I] in theorem ...

Note: This linter can be disabled with `set_option linter.unusedSectionVars false`
UnifiedLean/Source/SourceWinningClockReset.lean:71:30: warning: `Set.setOf_and` has been deprecated: Use `Set.ofPred_and` instead
UnifiedLean/Source/SourceWinningClockReset.lean:71:44: warning: `Set.setOf_forall` has been deprecated: Use `Set.ofPred_forall` instead
UnifiedLean/Source/SourceWinningClockReset.lean:61:0: warning: automatically included section variable(s) unused in theorem `UnifiedLean.Source.SourceWinningClockReset.measurable_split_reset`:
  [DecidableEq I]
consider restructuring your `variable` declarations so that the variables are not in scope or explicitly omit them:
  omit [DecidableEq I] in theorem ...

Note: This linter can be disabled with `set_option linter.unusedSectionVars false`
UnifiedLean/Source/SourceWinningClockReset.lean:81:2: warning: Try this: 
  letI̵

The goal is a proposition, so `let` is preferred over `letI`.
The difference between `let` and `letI` is that `letI` inlines the value.
But this is not relevant for proofs because of proof irrelevance.

Note: This linter can be disabled with `set_option linter.style.haveILetI false`
UnifiedLean/Source/SourceWinningClockReset.lean:87:59: warning: `Set.mem_setOf_eq` has been deprecated: Use `Set.mem_ofPred_eq` instead
UnifiedLean/Source/SourceWinningClockReset.lean:99:46: warning: `Set.mem_setOf_eq` has been deprecated: Use `Set.mem_ofPred_eq` instead
UnifiedLean/Source/SourceWinningClockReset.lean:104:46: warning: `Set.mem_setOf_eq` has been deprecated: Use `Set.mem_ofPred_eq` instead
UnifiedLean/Source/SourceWinningClockReset.lean:118:2: warning: Try this: 
  letI̵

The goal is a proposition, so `let` is preferred over `letI`.
The difference between `let` and `letI` is that `letI` inlines the value.
But this is not relevant for proofs because of proof irrelevance.

Note: This linter can be disabled with `set_option linter.style.haveILetI false`
UnifiedLean/Source/SourceWinningClockReset.lean:128:13: warning: `Set.mem_setOf_eq` has been deprecated: Use `Set.mem_ofPred_eq` instead
UnifiedLean/Source/SourceWinningClockReset.lean:190:2: warning: Try this: 
  letI̵

The goal is a proposition, so `let` is preferred over `letI`.
The difference between `let` and `letI` is that `letI` inlines the value.
But this is not relevant for proofs because of proof irrelevance.

Note: This linter can be disabled with `set_option linter.style.haveILetI false`
UnifiedLean/Source/SourceWinningClockReset.lean:192:2: warning: Try this: 
  letI̵

The goal is a proposition, so `let` is preferred over `letI`.
The difference between `let` and `letI` is that `letI` inlines the value.
But this is not relevant for proofs because of proof irrelevance.

Note: This linter can be disabled with `set_option linter.style.haveILetI false`
UnifiedLean/Source/SourceWinningClockReset.lean:193:2: warning: Try this: 
  letI̵

The goal is a proposition, so `let` is preferred over `letI`.
The difference between `let` and `letI` is that `letI` inlines the value.
But this is not relevant for proofs because of proof irrelevance.

Note: This linter can be disabled with `set_option linter.style.haveILetI false`
UnifiedLean/Source/SourceWinningClockReset.lean:214:0: warning: automatically included section variable(s) unused in theorem `UnifiedLean.Source.SourceWinningClockReset.original_current_winner_reset`:
  [Fintype Copy]
consider restructuring your `variable` declarations so that the variables are not in scope or explicitly omit them:
  omit [Fintype Copy] in theorem ...

Note: This linter can be disabled with `set_option linter.unusedSectionVars false`
'UnifiedLean.Source.SourceWinningClockReset.actual_reset_event_fubini' depends on axioms: [propext,
 Classical.choice,
 Quot.sound]
'UnifiedLean.Source.SourceWinningClockReset.actual_winner_residual_rectangle' depends on axioms: [propext,
 Classical.choice,
 Quot.sound]
'UnifiedLean.Source.SourceWinningClockReset.actual_winner_reset_measure' depends on axioms: [propext,
 Classical.choice,
 Quot.sound]
'UnifiedLean.Source.SourceWinningClockReset.original_current_winner_reset' depends on axioms: [propext,
 Classical.choice,
 Quot.sound]
