UnifiedLean/Source/SourceSmallCarrierGenerator.lean:29:0: warning: automatically included section variable(s) unused in theorem `UnifiedLean.Source.SourceSmallCarrierGenerator.selected_label_in_liftedBlock`:
  [DecidableEq V]
  [DecidableEq E]
  [Fintype V]
  [Fintype E]
  [Fintype Copy]
consider restructuring your `variable` declarations so that the variables are not in scope or explicitly omit them:
  omit [DecidableEq V] [DecidableEq E] [Fintype V] [Fintype E] [Fintype Copy] in theorem ...

Note: This linter can be disabled with `set_option linter.unusedSectionVars false`
UnifiedLean/Source/SourceSmallCarrierGenerator.lean:121:22: warning: This simp argument is unused:
  hab

Hint: Omit it from the simp argument list.
  [apply] simp [merge, haa, mapLabels]

Note: This linter can be disabled with `set_option linter.unusedSimpArgs false`
'UnifiedLean.Source.SourceSmallCarrierGenerator.small_population_catalogue' depends on axioms: [propext,
 Classical.choice,
 Quot.sound]
'UnifiedLean.Source.SourceSmallCarrierGenerator.small_merger_original_view' depends on axioms: [propext,
 Classical.choice,
 Quot.sound]
'UnifiedLean.Source.SourceSmallCarrierGenerator.small_original_population_generator' depends on axioms: [propext,
 Classical.choice,
 Quot.sound]
'UnifiedLean.Source.SourceSmallCarrierGenerator.small_original_source_generator' depends on axioms: [propext,
 Classical.choice,
 Quot.sound]
