UnifiedLean/Source/UnrankedGenealogyObservation.lean:52:0: warning: automatically included section variable(s) unused in theorem `UnifiedLean.Source.UnrankedGenealogyObservation.toUnranked_eq_iff`:
  [DecidableEq Copy]
consider restructuring your `variable` declarations so that the variables are not in scope or explicitly omit them:
  omit [DecidableEq Copy] in theorem ...

Note: This linter can be disabled with `set_option linter.unusedSectionVars false`
UnifiedLean/Source/UnrankedGenealogyObservation.lean:94:0: warning: automatically included section variable(s) unused in theorem `UnifiedLean.Source.UnrankedGenealogyObservation.optionEquiv_refl`:
  [DecidableEq Copy]
consider restructuring your `variable` declarations so that the variables are not in scope or explicitly omit them:
  omit [DecidableEq Copy] in theorem ...

Note: This linter can be disabled with `set_option linter.unusedSectionVars false`
UnifiedLean/Source/UnrankedGenealogyObservation.lean:99:0: warning: automatically included section variable(s) unused in theorem `UnifiedLean.Source.UnrankedGenealogyObservation.optionEquiv_symm`:
  [DecidableEq Copy]
consider restructuring your `variable` declarations so that the variables are not in scope or explicitly omit them:
  omit [DecidableEq Copy] in theorem ...

Note: This linter can be disabled with `set_option linter.unusedSectionVars false`
UnifiedLean/Source/UnrankedGenealogyObservation.lean:104:0: warning: automatically included section variable(s) unused in theorem `UnifiedLean.Source.UnrankedGenealogyObservation.optionEquiv_trans`:
  [DecidableEq Copy]
consider restructuring your `variable` declarations so that the variables are not in scope or explicitly omit them:
  omit [DecidableEq Copy] in theorem ...

Note: This linter can be disabled with `set_option linter.unusedSectionVars false`
UnifiedLean/Source/UnrankedGenealogyObservation.lean:109:0: warning: automatically included section variable(s) unused in theorem `UnifiedLean.Source.UnrankedGenealogyObservation.joinPruned_respects`:
  [DecidableEq Copy]
consider restructuring your `variable` declarations so that the variables are not in scope or explicitly omit them:
  omit [DecidableEq Copy] in theorem ...

Note: This linter can be disabled with `set_option linter.unusedSectionVars false`
UnifiedLean/Source/UnrankedGenealogyObservation.lean:116:0: warning: automatically included section variable(s) unused in theorem `UnifiedLean.Source.UnrankedGenealogyObservation.joinPruned_swap`:
  [DecidableEq Copy]
consider restructuring your `variable` declarations so that the variables are not in scope or explicitly omit them:
  omit [DecidableEq Copy] in theorem ...

Note: This linter can be disabled with `set_option linter.unusedSectionVars false`
UnifiedLean/Source/UnrankedGenealogyObservation.lean:135:0: warning: automatically included section variable(s) unused in theorem `UnifiedLean.Source.UnrankedGenealogyObservation.optionUnranked_eq`:
  [DecidableEq Copy]
consider restructuring your `variable` declarations so that the variables are not in scope or explicitly omit them:
  omit [DecidableEq Copy] in theorem ...

Note: This linter can be disabled with `set_option linter.unusedSectionVars false`
UnifiedLean/Source/UnrankedGenealogyObservation.lean:176:0: warning: automatically included section variable(s) unused in theorem `UnifiedLean.Source.UnrankedGenealogyObservation.mem_unrankedForest`:
  [DecidableEq Copy]
consider restructuring your `variable` declarations so that the variables are not in scope or explicitly omit them:
  omit [DecidableEq Copy] in theorem ...

Note: This linter can be disabled with `set_option linter.unusedSectionVars false`
'UnifiedLean.Source.UnrankedGenealogyObservation.toUnranked_eq_iff' depends on axioms: [propext, Quot.sound]
'UnifiedLean.Source.UnrankedGenealogyObservation.unordered_leaves' depends on axioms: [propext,
 Classical.choice,
 Quot.sound]
'UnifiedLean.Source.UnrankedGenealogyObservation.unordered_wellLabelled' depends on axioms: [propext,
 Classical.choice,
 Quot.sound]
'UnifiedLean.Source.UnrankedGenealogyObservation.unordered_prune' depends on axioms: [propext,
 Classical.choice,
 Quot.sound]
'UnifiedLean.Source.UnrankedGenealogyObservation.pruneTree_leaves' depends on axioms: [propext,
 Classical.choice,
 Quot.sound]
'UnifiedLean.Source.UnrankedGenealogyObservation.source_unranked_forest_wellLabelled' depends on axioms: [propext,
 Classical.choice,
 Quot.sound]
'UnifiedLean.Source.UnrankedGenealogyObservation.source_unranked_forest_covers' depends on axioms: [propext,
 Classical.choice,
 Quot.sound]
'UnifiedLean.Source.UnrankedGenealogyObservation.source_unranked_forest_disjoint' depends on axioms: [propext,
 Classical.choice,
 Quot.sound]
'UnifiedLean.Source.UnrankedGenealogyObservation.sourceUnrankedForest_of_same_selectedView' depends on axioms: [propext,
 Classical.choice,
 Quot.sound]
'UnifiedLean.Source.UnrankedGenealogyObservation.natural_calendar_unranked_forest_law' depends on axioms: [propext,
 Classical.choice,
 Quot.sound]
