UnifiedLean/Source/NativeParentRouting.lean:30:0: warning: automatically included section variable(s) unused in theorem `UnifiedLean.Source.NativeParentRouting.original_incoming_exists`:
  [DecidableEq E]
consider restructuring your `variable` declarations so that the variables are not in scope or explicitly omit them:
  omit [DecidableEq E] in theorem ...

Note: This linter can be disabled with `set_option linter.unusedSectionVars false`
UnifiedLean/Source/NativeParentRouting.lean:65:0: warning: automatically included section variable(s) unused in theorem `UnifiedLean.Source.NativeParentRouting.registry_parent_target`:
  [DecidableEq E]
consider restructuring your `variable` declarations so that the variables are not in scope or explicitly omit them:
  omit [DecidableEq E] in theorem ...

Note: This linter can be disabled with `set_option linter.unusedSectionVars false`
UnifiedLean/Source/NativeParentRouting.lean:102:4: warning: Try `simp at hm` instead of `simpa using hm`

Note: This linter can be disabled with `set_option linter.unnecessarySimpa false`
UnifiedLean/Source/NativeParentRouting.lean:87:0: warning: automatically included section variable(s) unused in theorem `UnifiedLean.Source.NativeParentRouting.olderRank_edge_decreases`:
  [DecidableEq E]
consider restructuring your `variable` declarations so that the variables are not in scope or explicitly omit them:
  omit [DecidableEq E] in theorem ...

Note: This linter can be disabled with `set_option linter.unusedSectionVars false`
UnifiedLean/Source/NativeParentRouting.lean:109:0: warning: automatically included section variable(s) unused in theorem `UnifiedLean.Source.NativeParentRouting.selector_edge_respects`:
  [DecidableEq E]
consider restructuring your `variable` declarations so that the variables are not in scope or explicitly omit them:
  omit [DecidableEq E] in theorem ...

Note: This linter can be disabled with `set_option linter.unusedSectionVars false`
'UnifiedLean.Source.NativeParentRouting.original_incoming_exists' depends on axioms: [propext,
 Classical.choice,
 Quot.sound]
'UnifiedLean.Source.NativeParentRouting.original_parent_ordering_exists' depends on axioms: [propext,
 Classical.choice,
 Quot.sound]
'UnifiedLean.Source.NativeParentRouting.registry_parent_target' depends on axioms: [propext,
 Classical.choice,
 Quot.sound]
'UnifiedLean.Source.NativeParentRouting.olderRank_edge_decreases' depends on axioms: [propext,
 Classical.choice,
 Quot.sound]
'UnifiedLean.Source.NativeParentRouting.compiled_original_parent_consistency' depends on axioms: [propext,
 Classical.choice,
 Quot.sound]
'UnifiedLean.Source.NativeParentRouting.selected_original_path_exists' depends on axioms: [propext,
 Classical.choice,
 Quot.sound]
'UnifiedLean.Source.NativeParentRouting.compiledRoute_source_spec' depends on axioms: [propext,
 Classical.choice,
 Quot.sound]
