UnifiedLean/Source/SourceForestIntrinsicGenerator.lean:30:0: warning: automatically included section variable(s) unused in theorem `UnifiedLean.Source.SourceForestIntrinsicGenerator.selected_view_block_leaves`:
  [DecidableEq V]
  [DecidableEq E]
  [Fintype V]
  [Fintype E]
consider restructuring your `variable` declarations so that the variables are not in scope or explicitly omit them:
  omit [DecidableEq V] [DecidableEq E] [Fintype V] [Fintype E] in theorem ...

Note: This linter can be disabled with `set_option linter.unusedSectionVars false`
'UnifiedLean.Source.SourceForestIntrinsicGenerator.selected_active_blocks_eq_intrinsic' depends on axioms: [propext,
 Classical.choice,
 Quot.sound]
'UnifiedLean.Source.SourceForestIntrinsicGenerator.original_population_generator_factors_through_view' depends on axioms: [propext,
 Classical.choice,
 Quot.sound]
'UnifiedLean.Source.SourceForestIntrinsicGenerator.native_source_generator_intertwining' depends on axioms: [propext,
 Classical.choice,
 Quot.sound]
'UnifiedLean.Source.SourceForestIntrinsicGenerator.original_source_valid_generator_intertwining' depends on axioms: [propext,
 Classical.choice,
 Quot.sound]
