UnifiedLean/Source/SourceCopyCarrierTransport.lean:89:0: warning: automatically included section variable(s) unused in theorem `UnifiedLean.Source.SourceCopyCarrierTransport.liftView_genealogy`:
  [DecidableEq V]
  [DecidableEq E]
  [Fintype V]
  [Fintype E]
  [Fintype Copy]
consider restructuring your `variable` declarations so that the variables are not in scope or explicitly omit them:
  omit [DecidableEq V] [DecidableEq E] [Fintype V] [Fintype E] [Fintype Copy] in theorem ...

Note: This linter can be disabled with `set_option linter.unusedSectionVars false`
UnifiedLean/Source/SourceCopyCarrierTransport.lean:94:0: warning: automatically included section variable(s) unused in theorem `UnifiedLean.Source.SourceCopyCarrierTransport.liftView_population`:
  [DecidableEq V]
  [DecidableEq E]
  [Fintype V]
  [Fintype E]
  [Fintype Copy]
consider restructuring your `variable` declarations so that the variables are not in scope or explicitly omit them:
  omit [DecidableEq V] [DecidableEq E] [Fintype V] [Fintype E] [Fintype Copy] in theorem ...

Note: This linter can be disabled with `set_option linter.unusedSectionVars false`
'UnifiedLean.Source.SourceCopyCarrierTransport.mapLabels_wellLabelled' depends on axioms: [propext,
 Classical.choice,
 Quot.sound]
'UnifiedLean.Source.SourceCopyCarrierTransport.actual_initial_copy_carrier_diagram' depends on axioms: [propext,
 Classical.choice,
 Quot.sound]
