UnifiedLean/Source/SourceForestPulseTransport.lean:94:68: warning: Variable name `hs` is not explicitly referenced.

Hint: The binding can be removed (if unused) or named `_` (if used implicitly). Alternatively, prefix the name with `_` to silence this warning:
  [apply] _hs

Note: This linter can be disabled with `set_option linter.unusedVariables false`
UnifiedLean/Source/SourceForestPulseTransport.lean:103:0: warning: automatically included section variable(s) unused in theorem `UnifiedLean.Source.SourceForestPulseTransport.original_selected_location_outside_pulse`:
  [Fintype Copy]
consider restructuring your `variable` declarations so that the variables are not in scope or explicitly omit them:
  omit [Fintype Copy] in theorem ...

Note: This linter can be disabled with `set_option linter.unusedSectionVars false`
'UnifiedLean.Source.SourceForestPulseTransport.ownerToBlock_injective' depends on axioms: [propext,
 Classical.choice,
 Quot.sound]
'UnifiedLean.Source.SourceForestPulseTransport.ownerToBlock_surjective' depends on axioms: [propext,
 Classical.choice,
 Quot.sound]
'UnifiedLean.Source.SourceForestPulseTransport.inducedBlockCoin_at_owner' depends on axioms: [propext,
 Classical.choice,
 Quot.sound]
'UnifiedLean.Source.SourceForestPulseTransport.original_pulse_selected_view' depends on axioms: [propext,
 Classical.choice,
 Quot.sound]
