UnifiedLean/Source/SourceCalendarCompatibility.lean:39:0: warning: automatically included section variable(s) unused in theorem `UnifiedLean.Source.SourceCalendarCompatibility.epoch_edge_active`:
  [DecidableEq E]
  [Fintype Copy]
consider restructuring your `variable` declarations so that the variables are not in scope or explicitly omit them:
  omit [DecidableEq E] [Fintype Copy] in theorem ...

Note: This linter can be disabled with `set_option linter.unusedSectionVars false`
UnifiedLean/Source/SourceCalendarCompatibility.lean:49:0: warning: automatically included section variable(s) unused in theorem `UnifiedLean.Source.SourceCalendarCompatibility.epoch_merge_compatible`:
  [DecidableEq E]
consider restructuring your `variable` declarations so that the variables are not in scope or explicitly omit them:
  omit [DecidableEq E] in theorem ...

Note: This linter can be disabled with `set_option linter.unusedSectionVars false`
UnifiedLean/Source/SourceCalendarCompatibility.lean:114:0: warning: automatically included section variable(s) unused in theorem `UnifiedLean.Source.SourceCalendarCompatibility.initial_calendar_compatible`:
  [DecidableEq E]
consider restructuring your `variable` declarations so that the variables are not in scope or explicitly omit them:
  omit [DecidableEq E] in theorem ...

Note: This linter can be disabled with `set_option linter.unusedSectionVars false`
UnifiedLean/Source/SourceCalendarCompatibility.lean:124:0: warning: automatically included section variable(s) unused in theorem `UnifiedLean.Source.SourceCalendarCompatibility.originalDates_nonempty`:
  [DecidableEq E]
consider restructuring your `variable` declarations so that the variables are not in scope or explicitly omit them:
  omit [DecidableEq E] in theorem ...

Note: This linter can be disabled with `set_option linter.unusedSectionVars false`
'UnifiedLean.Source.SourceCalendarCompatibility.epoch_edge_active' depends on axioms: [propext,
 Classical.choice,
 Quot.sound]
'UnifiedLean.Source.SourceCalendarCompatibility.actual_step_destination_epoch' depends on axioms: [propext,
 Classical.choice,
 Quot.sound]
'UnifiedLean.Source.SourceCalendarCompatibility.actual_source_time_epoch_support' depends on axioms: [propext,
 Classical.choice,
 Quot.sound]
'UnifiedLean.Source.SourceCalendarCompatibility.initial_calendar_compatible' depends on axioms: [propext,
 Classical.choice,
 Quot.sound]
'UnifiedLean.Source.SourceCalendarCompatibility.actual_initial_calendar_boundary' depends on axioms: [propext,
 Classical.choice,
 Quot.sound]
