UnifiedLean/Source/SourceCalendarCompiler.lean:32:0: warning: automatically included section variable(s) unused in theorem `UnifiedLean.Source.SourceCalendarCompiler.nonhybrid_nonroot_indegree_one`:
  [DecidableEq E]
consider restructuring your `variable` declarations so that the variables are not in scope or explicitly omit them:
  omit [DecidableEq E] in theorem ...

Note: This linter can be disabled with `set_option linter.unusedSectionVars false`
UnifiedLean/Source/SourceCalendarCompiler.lean:105:0: warning: automatically included section variable(s) unused in theorem `UnifiedLean.Source.SourceCalendarCompiler.original_date_scheduled`:
  [DecidableEq E]
consider restructuring your `variable` declarations so that the variables are not in scope or explicitly omit them:
  omit [DecidableEq E] in theorem ...

Note: This linter can be disabled with `set_option linter.unusedSectionVars false`
UnifiedLean/Source/SourceCalendarCompiler.lean:111:0: warning: automatically included section variable(s) unused in theorem `UnifiedLean.Source.SourceCalendarCompiler.original_dates_ordered`:
  [DecidableEq E]
consider restructuring your `variable` declarations so that the variables are not in scope or explicitly omit them:
  omit [DecidableEq E] in theorem ...

Note: This linter can be disabled with `set_option linter.unusedSectionVars false`
'UnifiedLean.Source.SourceCalendarCompiler.nonhybrid_nonroot_indegree_one' depends on axioms: [propext,
 Classical.choice,
 Quot.sound]
'UnifiedLean.Source.SourceCalendarCompiler.originalNodeOperation' depends on axioms: [propext,
 Classical.choice,
 Quot.sound]
'UnifiedLean.Source.SourceCalendarCompiler.original_date_scheduled' depends on axioms: [propext,
 Classical.choice,
 Quot.sound]
'UnifiedLean.Source.SourceCalendarCompiler.original_dates_ordered' depends on axioms: [propext,
 Classical.choice,
 Quot.sound]
'UnifiedLean.Source.SourceCalendarCompiler.compiled_original_program_projection' depends on axioms: [propext,
 Classical.choice,
 Quot.sound]
