{
  "all_nine_coordinates": [
    "h",
    "u",
    "v",
    "rA",
    "rB",
    "rC",
    "rAB",
    "rR",
    "g"
  ],
  "augmented_states": [
    {
      "id": "r",
      "state": {
        "aux": {
          "A": [
            "1/16",
            "1/4"
          ],
          "L": [
            "1/16",
            "1/4"
          ],
          "T": [
            "3/32",
            "3/8"
          ]
        },
        "moments": {
          "AA1": [
            "31622989840644945627/73786976294838206464",
            "7905747460161236407/18446744073709551616"
          ],
          "AB1": [
            "10749672933281695819/36893488147419103232",
            "21499345866563391639/73786976294838206464"
          ],
          "AB2": [
            "9355609562538138945/73786976294838206464",
            "4677804781269069473/36893488147419103232"
          ],
          "AC1": [
            "19180312890132283371/73786976294838206464",
            "4795078222533070843/18446744073709551616"
          ],
          "AC2": [
            "7403103165020602117/73786976294838206464",
            "3701551582510301059/36893488147419103232"
          ],
          "BB1": [
            "14323414896554548067/36893488147419103232",
            "28646829793109096135/73786976294838206464"
          ],
          "BC1": [
            "5427409063897672117/18446744073709551616",
            "21709636255590688469/73786976294838206464"
          ],
          "BC2": [
            "2435456864499286871/18446744073709551616",
            "9741827457997147485/73786976294838206464"
          ],
          "CC1": [
            "31622989840644945627/73786976294838206464",
            "7905747460161236407/18446744073709551616"
          ]
        },
        "physical": {
          "g": [
            "1/6",
            "2/3"
          ],
          "h": [
            "1/32",
            "1/8"
          ],
          "rA": [
            "1/2",
            "6"
          ],
          "rAB": [
            "1/2",
            "6"
          ],
          "rB": [
            "1/2",
            "6"
          ],
          "rC": [
            "1/2",
            "6"
          ],
          "rR": [
            "1/2",
            "6"
          ],
          "u": [
            "1/32",
            "1/8"
          ],
          "v": [
            "1/32",
            "1/8"
          ]
        }
      },
      "status": "pending",
      "step": 2
    }
  ],
  "details": {
    "checkpoint_sha256": "9764c67729114dd635a73ffa4d34f78edd2c4a71a7065b18851ea4539528e334",
    "exclusions": 0,
    "inflight_pre_state_retained": false,
    "operations_recomputed": 2,
    "splits": 0
  },
  "export_is_enlargement_only": true,
  "mode": "normal_validated",
  "parameter_accuracy_released": false,
  "physical_cell_mesh": "11/2",
  "physical_cover": [
    {
      "box": {
        "g": [
          "1/6",
          "2/3"
        ],
        "h": [
          "1/32",
          "1/8"
        ],
        "rA": [
          "1/2",
          "6"
        ],
        "rAB": [
          "1/2",
          "6"
        ],
        "rB": [
          "1/2",
          "6"
        ],
        "rC": [
          "1/2",
          "6"
        ],
        "rR": [
          "1/2",
          "6"
        ],
        "u": [
          "1/32",
          "1/8"
        ],
        "v": [
          "1/32",
          "1/8"
        ]
      },
      "id": "r"
    }
  ],
  "physical_union_sup_diameter": "11/2",
  "ranked_histories": null,
  "recommended_history": null,
  "request_sha256": "cbf5b23e2ea27b2abbaaf717fa2e2636623e36efbafd53a3aad43c56bc4072b2",
  "schema": "joint-interval-target-cover-v1",
  "statistical_coverage_verified": false,
  "status": "UNKNOWN_OUTER_COVER"
}
